C:/Users/sergi/Documents/GitHub 2022/STM32CubeIDE/User Library/Src/function.c:81:6:FUNCenable	160	static
C:/Users/sergi/Documents/GitHub 2022/STM32CubeIDE/User Library/Src/function.c:139:14:FUNCmayia	40	static
C:/Users/sergi/Documents/GitHub 2022/STM32CubeIDE/User Library/Src/function.c:153:6:FUNCswap	24	static
C:/Users/sergi/Documents/GitHub 2022/STM32CubeIDE/User Library/Src/function.c:162:6:FUNCcopy	24	static
C:/Users/sergi/Documents/GitHub 2022/STM32CubeIDE/User Library/Src/function.c:171:6:FUNCsqueeze	24	static
C:/Users/sergi/Documents/GitHub 2022/STM32CubeIDE/User Library/Src/function.c:182:6:FUNCshellsort	32	static
C:/Users/sergi/Documents/GitHub 2022/STM32CubeIDE/User Library/Src/function.c:195:7:FUNCi32toa	24	static
C:/Users/sergi/Documents/GitHub 2022/STM32CubeIDE/User Library/Src/function.c:213:7:FUNCi16toa	24	static
C:/Users/sergi/Documents/GitHub 2022/STM32CubeIDE/User Library/Src/function.c:231:7:FUNCui16toa	24	static
C:/Users/sergi/Documents/GitHub 2022/STM32CubeIDE/User Library/Src/function.c:241:5:FUNCtrim	24	static
C:/Users/sergi/Documents/GitHub 2022/STM32CubeIDE/User Library/Src/function.c:252:5:FUNCpmax	24	static
C:/Users/sergi/Documents/GitHub 2022/STM32CubeIDE/User Library/Src/function.c:264:5:FUNCgcd	24	static
C:/Users/sergi/Documents/GitHub 2022/STM32CubeIDE/User Library/Src/function.c:276:5:FUNCstrToInt	32	static
C:/Users/sergi/Documents/GitHub 2022/STM32CubeIDE/User Library/Src/function.c:287:9:FUNCfilter	16	static
C:/Users/sergi/Documents/GitHub 2022/STM32CubeIDE/User Library/Src/function.c:293:14:FUNCticks	24	static
C:/Users/sergi/Documents/GitHub 2022/STM32CubeIDE/User Library/Src/function.c:301:5:FUNCtwocomptoint8bit	24	static
C:/Users/sergi/Documents/GitHub 2022/STM32CubeIDE/User Library/Src/function.c:323:5:FUNCtwocomptoint10bit	24	static
C:/Users/sergi/Documents/GitHub 2022/STM32CubeIDE/User Library/Src/function.c:345:5:FUNCtwocomptointnbit	24	static
C:/Users/sergi/Documents/GitHub 2022/STM32CubeIDE/User Library/Src/function.c:361:6:FUNCdec2bcd	16	static
C:/Users/sergi/Documents/GitHub 2022/STM32CubeIDE/User Library/Src/function.c:367:6:FUNCbcd2dec	16	static
C:/Users/sergi/Documents/GitHub 2022/STM32CubeIDE/User Library/Src/function.c:372:7:FUNCresizestr	24	static
C:/Users/sergi/Documents/GitHub 2022/STM32CubeIDE/User Library/Src/function.c:387:6:FUNCtrimmer	24	static
C:/Users/sergi/Documents/GitHub 2022/STM32CubeIDE/User Library/Src/function.c:394:5:StringLength	24	static
C:/Users/sergi/Documents/GitHub 2022/STM32CubeIDE/User Library/Src/function.c:402:6:Reverse	32	static
C:/Users/sergi/Documents/GitHub 2022/STM32CubeIDE/User Library/Src/function.c:413:15:FUNCbcd2bin	16	static
C:/Users/sergi/Documents/GitHub 2022/STM32CubeIDE/User Library/Src/function.c:418:15:FUNCbin2bcd	16	static
C:/Users/sergi/Documents/GitHub 2022/STM32CubeIDE/User Library/Src/function.c:423:6:FUNCgcd1	24	static
C:/Users/sergi/Documents/GitHub 2022/STM32CubeIDE/User Library/Src/function.c:437:9:FUNCpincheck	24	static
C:/Users/sergi/Documents/GitHub 2022/STM32CubeIDE/User Library/Src/function.c:447:7:FUNCprint_binary	24	static
C:/Users/sergi/Documents/GitHub 2022/STM32CubeIDE/User Library/Src/function.c:456:9:leap_year_check	24	static
C:/Users/sergi/Documents/GitHub 2022/STM32CubeIDE/User Library/Src/function.c:469:9:bintobcd	16	static
C:/Users/sergi/Documents/GitHub 2022/STM32CubeIDE/User Library/Src/function.c:475:9:FUNCintinvstr	32	static
C:/Users/sergi/Documents/GitHub 2022/STM32CubeIDE/User Library/Src/function.c:485:7:FUNCftoa	56	static
C:/Users/sergi/Documents/GitHub 2022/STM32CubeIDE/User Library/Src/function.c:514:7:FUNCdectohex	24	static
C:/Users/sergi/Documents/GitHub 2022/STM32CubeIDE/User Library/Src/function.c:529:10:FUNCReadHLByte	16	static
C:/Users/sergi/Documents/GitHub 2022/STM32CubeIDE/User Library/Src/function.c:534:10:FUNCReadLHByte	16	static
C:/Users/sergi/Documents/GitHub 2022/STM32CubeIDE/User Library/Src/function.c:539:17:FUNCWriteHLByte	24	static
C:/Users/sergi/Documents/GitHub 2022/STM32CubeIDE/User Library/Src/function.c:545:17:FUNCWriteLHByte	24	static
C:/Users/sergi/Documents/GitHub 2022/STM32CubeIDE/User Library/Src/function.c:551:10:FUNCSwapByte	24	static
C:/Users/sergi/Documents/GitHub 2022/STM32CubeIDE/User Library/Src/function.c:559:7:FUNCprint	16	static
