C:/Users/sergi/Documents/GitHub 2022/STM32CubeIDE/User Library/Src/lcd.c:41:6:LCD0enable	592	static
C:/Users/sergi/Documents/GitHub 2022/STM32CubeIDE/User Library/Src/lcd.c:67:6:LCD0_inic	8	static
C:/Users/sergi/Documents/GitHub 2022/STM32CubeIDE/User Library/Src/lcd.c:129:6:LCD0_write	16	static
C:/Users/sergi/Documents/GitHub 2022/STM32CubeIDE/User Library/Src/lcd.c:154:6:LCD0_read	24	static
C:/Users/sergi/Documents/GitHub 2022/STM32CubeIDE/User Library/Src/lcd.c:184:6:LCD0_BF	16	static
C:/Users/sergi/Documents/GitHub 2022/STM32CubeIDE/User Library/Src/lcd.c:196:6:LCD0_getch	16	static
C:/Users/sergi/Documents/GitHub 2022/STM32CubeIDE/User Library/Src/lcd.c:203:6:LCD0_putch	16	static
C:/Users/sergi/Documents/GitHub 2022/STM32CubeIDE/User Library/Src/lcd.c:208:6:LCD0_string	24	static
C:/Users/sergi/Documents/GitHub 2022/STM32CubeIDE/User Library/Src/lcd.c:216:6:LCD0_string_size	24	static
C:/Users/sergi/Documents/GitHub 2022/STM32CubeIDE/User Library/Src/lcd.c:232:6:LCD0_hspace	16	static
C:/Users/sergi/Documents/GitHub 2022/STM32CubeIDE/User Library/Src/lcd.c:238:6:LCD0_clear	8	static
C:/Users/sergi/Documents/GitHub 2022/STM32CubeIDE/User Library/Src/lcd.c:243:6:LCD0_gotoxy	16	static
C:/Users/sergi/Documents/GitHub 2022/STM32CubeIDE/User Library/Src/lcd.c:266:6:LCD0_strobe	16	static
C:/Users/sergi/Documents/GitHub 2022/STM32CubeIDE/User Library/Src/lcd.c:272:6:LCD0_reboot	16	static
C:/Users/sergi/Documents/GitHub 2022/STM32CubeIDE/User Library/Src/lcd.c:284:6:LCD_ticks	24	static
