C:/Users/sergi/Documents/GitHub 2022/STM32CubeIDE/User Library/Src/lcd.c:37:6:LCD0enable	512	static
C:/Users/sergi/Documents/GitHub 2022/STM32CubeIDE/User Library/Src/lcd.c:63:6:LCD0_inic	16	static
C:/Users/sergi/Documents/GitHub 2022/STM32CubeIDE/User Library/Src/lcd.c:124:6:LCD0_write	16	static
C:/Users/sergi/Documents/GitHub 2022/STM32CubeIDE/User Library/Src/lcd.c:157:6:LCD0_read	24	static
C:/Users/sergi/Documents/GitHub 2022/STM32CubeIDE/User Library/Src/lcd.c:193:6:LCD0_BF	8	static
C:/Users/sergi/Documents/GitHub 2022/STM32CubeIDE/User Library/Src/lcd.c:199:6:LCD0_getch	16	static
C:/Users/sergi/Documents/GitHub 2022/STM32CubeIDE/User Library/Src/lcd.c:206:6:LCD0_putch	16	static
C:/Users/sergi/Documents/GitHub 2022/STM32CubeIDE/User Library/Src/lcd.c:211:6:LCD0_string	24	static
C:/Users/sergi/Documents/GitHub 2022/STM32CubeIDE/User Library/Src/lcd.c:219:6:LCD0_string_size	24	static
C:/Users/sergi/Documents/GitHub 2022/STM32CubeIDE/User Library/Src/lcd.c:235:6:LCD0_hspace	16	static
C:/Users/sergi/Documents/GitHub 2022/STM32CubeIDE/User Library/Src/lcd.c:241:6:LCD0_clear	8	static
C:/Users/sergi/Documents/GitHub 2022/STM32CubeIDE/User Library/Src/lcd.c:246:6:LCD0_gotoxy	16	static
C:/Users/sergi/Documents/GitHub 2022/STM32CubeIDE/User Library/Src/lcd.c:269:6:LCD0_reboot	16	static
