C:/Users/sergi/Documents/GitHub 2022/STM32CubeIDE/User Library/Src/stm32446mapping.c:207:10:STM32446enable	16	static
C:/Users/sergi/Documents/GitHub 2022/STM32CubeIDE/User Library/Src/stm32446mapping.c:388:9:STM32446PeripheralInic	24	static
C:/Users/sergi/Documents/GitHub 2022/STM32CubeIDE/User Library/Src/stm32446mapping.c:424:6:STM32446RccHEnable	24	static
C:/Users/sergi/Documents/GitHub 2022/STM32CubeIDE/User Library/Src/stm32446mapping.c:443:9:STM32446RccHSelect	16	static
C:/Users/sergi/Documents/GitHub 2022/STM32CubeIDE/User Library/Src/stm32446mapping.c:462:6:STM32446RccLEnable	24	static
C:/Users/sergi/Documents/GitHub 2022/STM32CubeIDE/User Library/Src/stm32446mapping.c:481:6:STM32446RccLSelect	16	static
C:/Users/sergi/Documents/GitHub 2022/STM32CubeIDE/User Library/Src/stm32446mapping.c:500:6:STM32446Prescaler	32	static
C:/Users/sergi/Documents/GitHub 2022/STM32CubeIDE/User Library/Src/stm32446mapping.c:593:6:STM32446PLLDivision	32	static
C:/Users/sergi/Documents/GitHub 2022/STM32CubeIDE/User Library/Src/stm32446mapping.c:649:6:STM32446RccPLLCLKEnable	4	static
C:/Users/sergi/Documents/GitHub 2022/STM32CubeIDE/User Library/Src/stm32446mapping.c:658:6:STM32446RccPLLI2SEnable	4	static
C:/Users/sergi/Documents/GitHub 2022/STM32CubeIDE/User Library/Src/stm32446mapping.c:666:6:STM32446RccPLLSAIEnable	4	static
C:/Users/sergi/Documents/GitHub 2022/STM32CubeIDE/User Library/Src/stm32446mapping.c:674:10:SystemClock	16	static
C:/Users/sergi/Documents/GitHub 2022/STM32CubeIDE/User Library/Src/stm32446mapping.c:701:6:STM32446GpioSetpins	20	static
C:/Users/sergi/Documents/GitHub 2022/STM32CubeIDE/User Library/Src/stm32446mapping.c:716:6:STM32446GpioSetpin	16	static
C:/Users/sergi/Documents/GitHub 2022/STM32CubeIDE/User Library/Src/stm32446mapping.c:721:6:STM32446GpioSet	16	static
C:/Users/sergi/Documents/GitHub 2022/STM32CubeIDE/User Library/Src/stm32446mapping.c:727:6:STM32446GpioResetpins	20	static
C:/Users/sergi/Documents/GitHub 2022/STM32CubeIDE/User Library/Src/stm32446mapping.c:742:6:STM32446GpioResetpin	16	static
C:/Users/sergi/Documents/GitHub 2022/STM32CubeIDE/User Library/Src/stm32446mapping.c:747:6:STM32446GpioReset	16	static
C:/Users/sergi/Documents/GitHub 2022/STM32CubeIDE/User Library/Src/stm32446mapping.c:753:6:STM32446Gpiosetupreg	32	static
C:/Users/sergi/Documents/GitHub 2022/STM32CubeIDE/User Library/Src/stm32446mapping.c:773:6:STM32446GpioSetup	40	static
C:/Users/sergi/Documents/GitHub 2022/STM32CubeIDE/User Library/Src/stm32446mapping.c:785:6:STM32446GpioAmoder	24	static
C:/Users/sergi/Documents/GitHub 2022/STM32CubeIDE/User Library/Src/stm32446mapping.c:794:6:STM32446GpioAospeedr	24	static
C:/Users/sergi/Documents/GitHub 2022/STM32CubeIDE/User Library/Src/stm32446mapping.c:803:6:STM32446GpioApupdr	24	static
C:/Users/sergi/Documents/GitHub 2022/STM32CubeIDE/User Library/Src/stm32446mapping.c:812:6:STM32446GpioAreset	16	static
C:/Users/sergi/Documents/GitHub 2022/STM32CubeIDE/User Library/Src/stm32446mapping.c:817:6:STM32446GpioAset	16	static
C:/Users/sergi/Documents/GitHub 2022/STM32CubeIDE/User Library/Src/stm32446mapping.c:822:6:STM32446GpioAafr	32	static
C:/Users/sergi/Documents/GitHub 2022/STM32CubeIDE/User Library/Src/stm32446mapping.c:836:6:STM32446GpioBmoder	24	static
C:/Users/sergi/Documents/GitHub 2022/STM32CubeIDE/User Library/Src/stm32446mapping.c:845:6:STM32446GpioBospeedr	24	static
C:/Users/sergi/Documents/GitHub 2022/STM32CubeIDE/User Library/Src/stm32446mapping.c:854:6:STM32446GpioBpupdr	24	static
C:/Users/sergi/Documents/GitHub 2022/STM32CubeIDE/User Library/Src/stm32446mapping.c:863:6:STM32446GpioBreset	16	static
C:/Users/sergi/Documents/GitHub 2022/STM32CubeIDE/User Library/Src/stm32446mapping.c:868:6:STM32446GpioBset	16	static
C:/Users/sergi/Documents/GitHub 2022/STM32CubeIDE/User Library/Src/stm32446mapping.c:873:6:STM32446GpioBafr	32	static
C:/Users/sergi/Documents/GitHub 2022/STM32CubeIDE/User Library/Src/stm32446mapping.c:887:6:STM32446GpioCmoder	24	static
C:/Users/sergi/Documents/GitHub 2022/STM32CubeIDE/User Library/Src/stm32446mapping.c:896:6:STM32446GpioCospeedr	24	static
C:/Users/sergi/Documents/GitHub 2022/STM32CubeIDE/User Library/Src/stm32446mapping.c:905:6:STM32446GpioCpupdr	24	static
C:/Users/sergi/Documents/GitHub 2022/STM32CubeIDE/User Library/Src/stm32446mapping.c:914:6:STM32446GpioCreset	16	static
C:/Users/sergi/Documents/GitHub 2022/STM32CubeIDE/User Library/Src/stm32446mapping.c:919:6:STM32446GpioCset	16	static
C:/Users/sergi/Documents/GitHub 2022/STM32CubeIDE/User Library/Src/stm32446mapping.c:924:6:STM32446GpioCafr	32	static
C:/Users/sergi/Documents/GitHub 2022/STM32CubeIDE/User Library/Src/stm32446mapping.c:938:6:STM32446GpioDmoder	24	static
C:/Users/sergi/Documents/GitHub 2022/STM32CubeIDE/User Library/Src/stm32446mapping.c:947:6:STM32446GpioDospeedr	24	static
C:/Users/sergi/Documents/GitHub 2022/STM32CubeIDE/User Library/Src/stm32446mapping.c:956:6:STM32446GpioDpupdr	24	static
C:/Users/sergi/Documents/GitHub 2022/STM32CubeIDE/User Library/Src/stm32446mapping.c:965:6:STM32446GpioDreset	16	static
C:/Users/sergi/Documents/GitHub 2022/STM32CubeIDE/User Library/Src/stm32446mapping.c:970:6:STM32446GpioDset	16	static
C:/Users/sergi/Documents/GitHub 2022/STM32CubeIDE/User Library/Src/stm32446mapping.c:975:6:STM32446GpioDafr	32	static
C:/Users/sergi/Documents/GitHub 2022/STM32CubeIDE/User Library/Src/stm32446mapping.c:989:6:STM32446GpioEmoder	24	static
C:/Users/sergi/Documents/GitHub 2022/STM32CubeIDE/User Library/Src/stm32446mapping.c:998:6:STM32446GpioEospeedr	24	static
C:/Users/sergi/Documents/GitHub 2022/STM32CubeIDE/User Library/Src/stm32446mapping.c:1007:6:STM32446GpioEpupdr	24	static
C:/Users/sergi/Documents/GitHub 2022/STM32CubeIDE/User Library/Src/stm32446mapping.c:1016:6:STM32446GpioEreset	16	static
C:/Users/sergi/Documents/GitHub 2022/STM32CubeIDE/User Library/Src/stm32446mapping.c:1021:6:STM32446GpioEset	16	static
C:/Users/sergi/Documents/GitHub 2022/STM32CubeIDE/User Library/Src/stm32446mapping.c:1026:6:STM32446GpioEafr	32	static
C:/Users/sergi/Documents/GitHub 2022/STM32CubeIDE/User Library/Src/stm32446mapping.c:1040:6:STM32446GpioHmoder	24	static
C:/Users/sergi/Documents/GitHub 2022/STM32CubeIDE/User Library/Src/stm32446mapping.c:1049:6:STM32446GpioHospeedr	24	static
C:/Users/sergi/Documents/GitHub 2022/STM32CubeIDE/User Library/Src/stm32446mapping.c:1058:6:STM32446GpioHpupdr	24	static
C:/Users/sergi/Documents/GitHub 2022/STM32CubeIDE/User Library/Src/stm32446mapping.c:1067:6:STM32446GpioHreset	16	static
C:/Users/sergi/Documents/GitHub 2022/STM32CubeIDE/User Library/Src/stm32446mapping.c:1072:6:STM32446GpioHset	16	static
C:/Users/sergi/Documents/GitHub 2022/STM32CubeIDE/User Library/Src/stm32446mapping.c:1077:6:STM32446GpioHafr	32	static
C:/Users/sergi/Documents/GitHub 2022/STM32CubeIDE/User Library/Src/stm32446mapping.c:1091:9:STM32446RtcInic	24	static
C:/Users/sergi/Documents/GitHub 2022/STM32CubeIDE/User Library/Src/stm32446mapping.c:1140:6:STM32446RtcHour	24	static
C:/Users/sergi/Documents/GitHub 2022/STM32CubeIDE/User Library/Src/stm32446mapping.c:1154:6:STM32446RtcMinute	24	static
C:/Users/sergi/Documents/GitHub 2022/STM32CubeIDE/User Library/Src/stm32446mapping.c:1168:6:STM32446RtcSecond	24	static
C:/Users/sergi/Documents/GitHub 2022/STM32CubeIDE/User Library/Src/stm32446mapping.c:1182:6:STM32446RtcYear	24	static
C:/Users/sergi/Documents/GitHub 2022/STM32CubeIDE/User Library/Src/stm32446mapping.c:1195:6:STM32446RtcWeekDay	24	static
C:/Users/sergi/Documents/GitHub 2022/STM32CubeIDE/User Library/Src/stm32446mapping.c:1207:6:STM32446RtcMonth	24	static
C:/Users/sergi/Documents/GitHub 2022/STM32CubeIDE/User Library/Src/stm32446mapping.c:1220:6:STM32446RtcDay	24	static
C:/Users/sergi/Documents/GitHub 2022/STM32CubeIDE/User Library/Src/stm32446mapping.c:1233:6:STM32446RtcRegWrite	16	static
C:/Users/sergi/Documents/GitHub 2022/STM32CubeIDE/User Library/Src/stm32446mapping.c:1248:6:STM32446Rtcdr2vec	32	static
C:/Users/sergi/Documents/GitHub 2022/STM32CubeIDE/User Library/Src/stm32446mapping.c:1276:6:STM32446Rtctr2vec	32	static
C:/Users/sergi/Documents/GitHub 2022/STM32CubeIDE/User Library/Src/stm32446mapping.c:1306:6:STM32446Adc1Inic	4	static
C:/Users/sergi/Documents/GitHub 2022/STM32CubeIDE/User Library/Src/stm32446mapping.c:1319:6:STM32446Adc1VBAT	4	static
C:/Users/sergi/Documents/GitHub 2022/STM32CubeIDE/User Library/Src/stm32446mapping.c:1324:6:STM32446Adc1TEMP	4	static
C:/Users/sergi/Documents/GitHub 2022/STM32CubeIDE/User Library/Src/stm32446mapping.c:1330:6:STM32446Adc1Start	4	static
C:/Users/sergi/Documents/GitHub 2022/STM32CubeIDE/User Library/Src/stm32446mapping.c:1339:8:STM32446Adc1Read	8	static
C:/Users/sergi/Documents/GitHub 2022/STM32CubeIDE/User Library/Src/stm32446mapping.c:1348:6:STM32446Adc1Restart	4	static
C:/Users/sergi/Documents/GitHub 2022/STM32CubeIDE/User Library/Src/stm32446mapping.c:1356:6:STM32446Adc1Stop	4	static
C:/Users/sergi/Documents/GitHub 2022/STM32CubeIDE/User Library/Src/stm32446mapping.c:1362:6:STM32446Usart1Inic	24	static
C:/Users/sergi/Documents/GitHub 2022/STM32CubeIDE/User Library/Src/stm32446mapping.c:1390:6:STM32446Usart1Transmit	4	static
C:/Users/sergi/Documents/GitHub 2022/STM32CubeIDE/User Library/Src/stm32446mapping.c:1411:6:STM32446Usart1Receive	4	static
C:/Users/sergi/Documents/GitHub 2022/STM32CubeIDE/User Library/Src/stm32446mapping.c:1423:6:STM32446Usart1Parameters	88	static
C:/Users/sergi/Documents/GitHub 2022/STM32CubeIDE/User Library/Src/stm32446mapping.c:1475:6:STM32446Usart1Stop	4	static
C:/Users/sergi/Documents/GitHub 2022/STM32CubeIDE/User Library/Src/stm32446mapping.c:1482:6:STM32446bcd2dec	16	static
C:/Users/sergi/Documents/GitHub 2022/STM32CubeIDE/User Library/Src/stm32446mapping.c:1488:6:STM32446dec2bcd	16	static
C:/Users/sergi/Documents/GitHub 2022/STM32CubeIDE/User Library/Src/stm32446mapping.c:1494:10:STM32446triggerA	24	static
C:/Users/sergi/Documents/GitHub 2022/STM32CubeIDE/User Library/Src/stm32446mapping.c:1523:10:STM32446triggerB	24	static
C:/Users/sergi/Documents/GitHub 2022/STM32CubeIDE/User Library/Src/stm32446mapping.c:1551:10:STM32ReadHLByte	16	static
C:/Users/sergi/Documents/GitHub 2022/STM32CubeIDE/User Library/Src/stm32446mapping.c:1556:10:STM32ReadLHByte	16	static
C:/Users/sergi/Documents/GitHub 2022/STM32CubeIDE/User Library/Src/stm32446mapping.c:1561:18:STM32WriteHLByte	24	static
C:/Users/sergi/Documents/GitHub 2022/STM32CubeIDE/User Library/Src/stm32446mapping.c:1567:18:STM32WriteLHByte	24	static
C:/Users/sergi/Documents/GitHub 2022/STM32CubeIDE/User Library/Src/stm32446mapping.c:1573:10:STM32SwapByte	24	static
C:/Users/sergi/Documents/GitHub 2022/STM32CubeIDE/User Library/Src/stm32446mapping.c:1581:7:STM32446FUNCftoa	56	static
C:/Users/sergi/Documents/GitHub 2022/STM32CubeIDE/User Library/Src/stm32446mapping.c:1610:7:STM32446FUNCprint	24	static
C:/Users/sergi/Documents/GitHub 2022/STM32CubeIDE/User Library/Src/stm32446mapping.c:1631:6:STM32446RtcSetTr	4	static
C:/Users/sergi/Documents/GitHub 2022/STM32CubeIDE/User Library/Src/stm32446mapping.c:1651:6:STM32446RtcSetDr	4	static
C:/Users/sergi/Documents/GitHub 2022/STM32CubeIDE/User Library/Src/stm32446mapping.c:1671:9:STM32446RtcAccess	24	static
C:/Users/sergi/Documents/GitHub 2022/STM32CubeIDE/User Library/Src/stm32446mapping.c:1692:6:STM32446SramAccess	4	static
C:/Users/sergi/Documents/GitHub 2022/STM32CubeIDE/User Library/Src/stm32446mapping.c:1713:6:template	4	static
C:/Users/sergi/Documents/GitHub 2022/STM32CubeIDE/User Library/Src/stm32446mapping.c:1719:5:STM32446StringLength	24	static
C:/Users/sergi/Documents/GitHub 2022/STM32CubeIDE/User Library/Src/stm32446mapping.c:1727:6:STM32446Reverse	32	static
C:/Users/sergi/Documents/GitHub 2022/STM32CubeIDE/User Library/Src/stm32446mapping.c:1739:9:STM32446FUNCintinvstr	32	static
C:/Users/sergi/Documents/GitHub 2022/STM32CubeIDE/User Library/Src/stm32446mapping.c:1752:6:SystickInic	8	static
C:/Users/sergi/Documents/GitHub 2022/STM32CubeIDE/User Library/Src/stm32446mapping.c:1758:6:STM32446delay_ms	16	static
C:/Users/sergi/Documents/GitHub 2022/STM32CubeIDE/User Library/Src/stm32446mapping.c:1769:6:STM32446delay_10us	16	static
C:/Users/sergi/Documents/GitHub 2022/STM32CubeIDE/User Library/Src/stm32446mapping.c:1781:6:STM32446delay_us	16	static
C:/Users/sergi/Documents/GitHub 2022/STM32CubeIDE/User Library/Src/stm32446mapping.c:1794:6:SysTick_Handler	4	static
