Archive member included to satisfy reference by file (symbol)

c:/programs/st/stm32cubeide_1.10.1/stm32cubeide/plugins/com.st.stm32cube.ide.mcu.externaltools.gnu-tools-for-stm32.10.3-2021.10.win32_1.0.0.202111181127/tools/bin/../lib/gcc/arm-none-eabi/10.3.1/../../../../arm-none-eabi/lib/thumb/v7e-m+fp/hard\libc_nano.a(lib_a-errno.o)
                              ./Core/Src/syscalls.o (__errno)
c:/programs/st/stm32cubeide_1.10.1/stm32cubeide/plugins/com.st.stm32cube.ide.mcu.externaltools.gnu-tools-for-stm32.10.3-2021.10.win32_1.0.0.202111181127/tools/bin/../lib/gcc/arm-none-eabi/10.3.1/../../../../arm-none-eabi/lib/thumb/v7e-m+fp/hard\libc_nano.a(lib_a-exit.o)
                              c:/programs/st/stm32cubeide_1.10.1/stm32cubeide/plugins/com.st.stm32cube.ide.mcu.externaltools.gnu-tools-for-stm32.10.3-2021.10.win32_1.0.0.202111181127/tools/bin/../lib/gcc/arm-none-eabi/10.3.1/../../../../arm-none-eabi/lib/thumb/v7e-m+fp/hard/crt0.o (exit)
c:/programs/st/stm32cubeide_1.10.1/stm32cubeide/plugins/com.st.stm32cube.ide.mcu.externaltools.gnu-tools-for-stm32.10.3-2021.10.win32_1.0.0.202111181127/tools/bin/../lib/gcc/arm-none-eabi/10.3.1/../../../../arm-none-eabi/lib/thumb/v7e-m+fp/hard\libc_nano.a(lib_a-impure.o)
                              c:/programs/st/stm32cubeide_1.10.1/stm32cubeide/plugins/com.st.stm32cube.ide.mcu.externaltools.gnu-tools-for-stm32.10.3-2021.10.win32_1.0.0.202111181127/tools/bin/../lib/gcc/arm-none-eabi/10.3.1/../../../../arm-none-eabi/lib/thumb/v7e-m+fp/hard\libc_nano.a(lib_a-exit.o) (_global_impure_ptr)
c:/programs/st/stm32cubeide_1.10.1/stm32cubeide/plugins/com.st.stm32cube.ide.mcu.externaltools.gnu-tools-for-stm32.10.3-2021.10.win32_1.0.0.202111181127/tools/bin/../lib/gcc/arm-none-eabi/10.3.1/../../../../arm-none-eabi/lib/thumb/v7e-m+fp/hard\libc_nano.a(lib_a-init.o)
                              c:/programs/st/stm32cubeide_1.10.1/stm32cubeide/plugins/com.st.stm32cube.ide.mcu.externaltools.gnu-tools-for-stm32.10.3-2021.10.win32_1.0.0.202111181127/tools/bin/../lib/gcc/arm-none-eabi/10.3.1/../../../../arm-none-eabi/lib/thumb/v7e-m+fp/hard/crt0.o (__libc_init_array)
c:/programs/st/stm32cubeide_1.10.1/stm32cubeide/plugins/com.st.stm32cube.ide.mcu.externaltools.gnu-tools-for-stm32.10.3-2021.10.win32_1.0.0.202111181127/tools/bin/../lib/gcc/arm-none-eabi/10.3.1/../../../../arm-none-eabi/lib/thumb/v7e-m+fp/hard\libc_nano.a(lib_a-memcpy-stub.o)
                              ./Core/Src/main.o (memcpy)
c:/programs/st/stm32cubeide_1.10.1/stm32cubeide/plugins/com.st.stm32cube.ide.mcu.externaltools.gnu-tools-for-stm32.10.3-2021.10.win32_1.0.0.202111181127/tools/bin/../lib/gcc/arm-none-eabi/10.3.1/../../../../arm-none-eabi/lib/thumb/v7e-m+fp/hard\libc_nano.a(lib_a-memset.o)
                              c:/programs/st/stm32cubeide_1.10.1/stm32cubeide/plugins/com.st.stm32cube.ide.mcu.externaltools.gnu-tools-for-stm32.10.3-2021.10.win32_1.0.0.202111181127/tools/bin/../lib/gcc/arm-none-eabi/10.3.1/../../../../arm-none-eabi/lib/thumb/v7e-m+fp/hard/crt0.o (memset)
c:/programs/st/stm32cubeide_1.10.1/stm32cubeide/plugins/com.st.stm32cube.ide.mcu.externaltools.gnu-tools-for-stm32.10.3-2021.10.win32_1.0.0.202111181127/tools/bin/../lib/gcc/arm-none-eabi/10.3.1/../../../../arm-none-eabi/lib/thumb/v7e-m+fp/hard\libc_nano.a(lib_a-nano-vfprintf_float.o)
                              (_printf_float)
c:/programs/st/stm32cubeide_1.10.1/stm32cubeide/plugins/com.st.stm32cube.ide.mcu.externaltools.gnu-tools-for-stm32.10.3-2021.10.win32_1.0.0.202111181127/tools/bin/../lib/gcc/arm-none-eabi/10.3.1/../../../../arm-none-eabi/lib/thumb/v7e-m+fp/hard\libc_nano.a(lib_a-nano-vfprintf_i.o)
                              c:/programs/st/stm32cubeide_1.10.1/stm32cubeide/plugins/com.st.stm32cube.ide.mcu.externaltools.gnu-tools-for-stm32.10.3-2021.10.win32_1.0.0.202111181127/tools/bin/../lib/gcc/arm-none-eabi/10.3.1/../../../../arm-none-eabi/lib/thumb/v7e-m+fp/hard\libc_nano.a(lib_a-nano-vfprintf_float.o) (_printf_common)
c:/programs/st/stm32cubeide_1.10.1/stm32cubeide/plugins/com.st.stm32cube.ide.mcu.externaltools.gnu-tools-for-stm32.10.3-2021.10.win32_1.0.0.202111181127/tools/bin/../lib/gcc/arm-none-eabi/10.3.1/../../../../arm-none-eabi/lib/thumb/v7e-m+fp/hard\libc_nano.a(lib_a-nano-vfscanf_float.o)
                              (_scanf_float)
c:/programs/st/stm32cubeide_1.10.1/stm32cubeide/plugins/com.st.stm32cube.ide.mcu.externaltools.gnu-tools-for-stm32.10.3-2021.10.win32_1.0.0.202111181127/tools/bin/../lib/gcc/arm-none-eabi/10.3.1/../../../../arm-none-eabi/lib/thumb/v7e-m+fp/hard\libc_nano.a(lib_a-s_modf.o)
                              ./User Library/Src/stm32446mapping.o (modf)
c:/programs/st/stm32cubeide_1.10.1/stm32cubeide/plugins/com.st.stm32cube.ide.mcu.externaltools.gnu-tools-for-stm32.10.3-2021.10.win32_1.0.0.202111181127/tools/bin/../lib/gcc/arm-none-eabi/10.3.1/../../../../arm-none-eabi/lib/thumb/v7e-m+fp/hard\libc_nano.a(lib_a-sf_nan.o)
[...]
Memory Configuration

Name             Origin             Length             Attributes
RAM              0x0000000020000000 0x0000000000020000 xrw
FLASH            0x0000000008000000 0x0000000000080000 xr
*default*        0x0000000000000000 0xffffffffffffffff

Linker script and memory map

LOAD c:/programs/st/stm32cubeide_1.10.1/stm32cubeide/plugins/com.st.stm32cube.ide.mcu.externaltools.gnu-tools-for-stm32.10.3-2021.10.win32_1.0.0.202111181127/tools/bin/../lib/gcc/arm-none-eabi/10.3.1/thumb/v7e-m+fp/hard/crti.o
LOAD c:/programs/st/stm32cubeide_1.10.1/stm32cubeide/plugins/com.st.stm32cube.ide.mcu.externaltools.gnu-tools-for-stm32.10.3-2021.10.win32_1.0.0.202111181127/tools/bin/../lib/gcc/arm-none-eabi/10.3.1/thumb/v7e-m+fp/hard/crtbegin.o
LOAD c:/programs/st/stm32cubeide_1.10.1/stm32cubeide/plugins/com.st.stm32cube.ide.mcu.externaltools.gnu-tools-for-stm32.10.3-2021.10.win32_1.0.0.202111181127/tools/bin/../lib/gcc/arm-none-eabi/10.3.1/../../../../arm-none-eabi/lib/thumb/v7e-m+fp/hard/crt0.o
LOAD ./Core/Src/main.o
LOAD ./Core/Src/stm32f4xx_hal_msp.o
LOAD ./Core/Src/syscalls.o
LOAD ./Core/Src/sysmem.o
LOAD ./Core/Src/system_stm32f4xx.o
LOAD ./Core/Startup/startup_stm32f446retx.o
LOAD ./Drivers/STM32F4xx_HAL_Driver/stm32f4xx_hal.o
LOAD ./Drivers/STM32F4xx_HAL_Driver/stm32f4xx_hal_cortex.o
LOAD ./Drivers/STM32F4xx_HAL_Driver/stm32f4xx_hal_dma.o
LOAD ./Drivers/STM32F4xx_HAL_Driver/stm32f4xx_hal_dma_ex.o
LOAD ./Drivers/STM32F4xx_HAL_Driver/stm32f4xx_hal_exti.o
LOAD ./Drivers/STM32F4xx_HAL_Driver/stm32f4xx_hal_flash.o
LOAD ./Drivers/STM32F4xx_HAL_Driver/stm32f4xx_hal_flash_ex.o
LOAD ./Drivers/STM32F4xx_HAL_Driver/stm32f4xx_hal_flash_ramfunc.o
LOAD ./Drivers/STM32F4xx_HAL_Driver/stm32f4xx_hal_gpio.o
LOAD ./Drivers/STM32F4xx_HAL_Driver/stm32f4xx_hal_pwr.o
LOAD ./Drivers/STM32F4xx_HAL_Driver/stm32f4xx_hal_pwr_ex.o
LOAD ./Drivers/STM32F4xx_HAL_Driver/stm32f4xx_hal_rcc.o
LOAD ./Drivers/STM32F4xx_HAL_Driver/stm32f4xx_hal_rcc_ex.o
LOAD ./User Library/Src/74hc595.o
LOAD ./User Library/Src/explode.o
LOAD ./User Library/Src/function.o
LOAD ./User Library/Src/lcd.o
LOAD ./User Library/Src/stm32446mapping.o
LOAD ./User Library/Src/test.o
START GROUP
LOAD c:/programs/st/stm32cubeide_1.10.1/stm32cubeide/plugins/com.st.stm32cube.ide.mcu.externaltools.gnu-tools-for-stm32.10.3-2021.10.win32_1.0.0.202111181127/tools/bin/../lib/gcc/arm-none-eabi/10.3.1/../../../../arm-none-eabi/lib/thumb/v7e-m+fp/hard\libc_nano.a
LOAD c:/programs/st/stm32cubeide_1.10.1/stm32cubeide/plugins/com.st.stm32cube.ide.mcu.externaltools.gnu-tools-for-stm32.10.3-2021.10.win32_1.0.0.202111181127/tools/bin/../lib/gcc/arm-none-eabi/10.3.1/../../../../arm-none-eabi/lib/thumb/v7e-m+fp/hard\libm.a
END GROUP
START GROUP
LOAD c:/programs/st/stm32cubeide_1.10.1/stm32cubeide/plugins/com.st.stm32cube.ide.mcu.externaltools.gnu-tools-for-stm32.10.3-2021.10.win32_1.0.0.202111181127/tools/bin/../lib/gcc/arm-none-eabi/10.3.1/thumb/v7e-m+fp/hard\libgcc.a
LOAD c:/programs/st/stm32cubeide_1.10.1/stm32cubeide/plugins/com.st.stm32cube.ide.mcu.externaltools.gnu-tools-for-stm32.10.3-2021.10.win32_1.0.0.202111181127/tools/bin/../lib/gcc/arm-none-eabi/10.3.1/../../../../arm-none-eabi/lib/thumb/v7e-m+fp/hard\libc_nano.a
END GROUP
START GROUP
LOAD c:/programs/st/stm32cubeide_1.10.1/stm32cubeide/plugins/com.st.stm32cube.ide.mcu.externaltools.gnu-tools-for-stm32.10.3-2021.10.win32_1.0.0.202111181127/tools/bin/../lib/gcc/arm-none-eabi/10.3.1/thumb/v7e-m+fp/hard\libgcc.a
LOAD c:/programs/st/stm32cubeide_1.10.1/stm32cubeide/plugins/com.st.stm32cube.ide.mcu.externaltools.gnu-tools-for-stm32.10.3-2021.10.win32_1.0.0.202111181127/tools/bin/../lib/gcc/arm-none-eabi/10.3.1/../../../../arm-none-eabi/lib/thumb/v7e-m+fp/hard\libc_nano.a
LOAD c:/programs/st/stm32cubeide_1.10.1/stm32cubeide/plugins/com.st.stm32cube.ide.mcu.externaltools.gnu-tools-for-stm32.10.3-2021.10.win32_1.0.0.202111181127/tools/bin/../lib/gcc/arm-none-eabi/10.3.1/../../../../arm-none-eabi/lib/thumb/v7e-m+fp/hard\libnosys.a
END GROUP
START GROUP
LOAD c:/programs/st/stm32cubeide_1.10.1/stm32cubeide/plugins/com.st.stm32cube.ide.mcu.externaltools.gnu-tools-for-stm32.10.3-2021.10.win32_1.0.0.202111181127/tools/bin/../lib/gcc/arm-none-eabi/10.3.1/thumb/v7e-m+fp/hard\libgcc.a
LOAD c:/programs/st/stm32cubeide_1.10.1/stm32cubeide/plugins/com.st.stm32cube.ide.mcu.externaltools.gnu-tools-for-stm32.10.3-2021.10.win32_1.0.0.202111181127/tools/bin/../lib/gcc/arm-none-eabi/10.3.1/../../../../arm-none-eabi/lib/thumb/v7e-m+fp/hard\libc_nano.a
LOAD c:/programs/st/stm32cubeide_1.10.1/stm32cubeide/plugins/com.st.stm32cube.ide.mcu.externaltools.gnu-tools-for-stm32.10.3-2021.10.win32_1.0.0.202111181127/tools/bin/../lib/gcc/arm-none-eabi/10.3.1/../../../../arm-none-eabi/lib/thumb/v7e-m+fp/hard\libnosys.a
END GROUP
LOAD c:/programs/st/stm32cubeide_1.10.1/stm32cubeide/plugins/com.st.stm32cube.ide.mcu.externaltools.gnu-tools-for-stm32.10.3-2021.10.win32_1.0.0.202111181127/tools/bin/../lib/gcc/arm-none-eabi/10.3.1/thumb/v7e-m+fp/hard/crtend.o
LOAD c:/programs/st/stm32cubeide_1.10.1/stm32cubeide/plugins/com.st.stm32cube.ide.mcu.externaltools.gnu-tools-for-stm32.10.3-2021.10.win32_1.0.0.202111181127/tools/bin/../lib/gcc/arm-none-eabi/10.3.1/thumb/v7e-m+fp/hard/crtn.o
                0x0000000020020000                _estack = (ORIGIN (RAM) + LENGTH (RAM))
                0x0000000000000200                _Min_Heap_Size = 0x200
                0x0000000000000400                _Min_Stack_Size = 0x400

.isr_vector     0x0000000008000000      0x1c4
                0x0000000008000000                . = ALIGN (0x4)
 *(.isr_vector)
 .isr_vector    0x0000000008000000      0x1c4 ./Core/Startup/startup_stm32f446retx.o
                0x0000000008000000                g_pfnVectors
                0x00000000080001c4                . = ALIGN (0x4)

.text           0x00000000080001d0     0xb1d4
                0x00000000080001d0                . = ALIGN (0x4)
 *(.text)
 .text          0x00000000080001d0       0x40 c:/programs/st/stm32cubeide_1.10.1/stm32cubeide/plugins/com.st.stm32cube.ide.mcu.externaltools.gnu-tools-for-stm32.10.3-2021.10.win32_1.0.0.202111181127/tools/bin/../lib/gcc/arm-none-eabi/10.3.1/thumb/v7e-m+fp/hard/crtbegin.o
 .text          0x0000000008000210       0x10 c:/programs/st/stm32cubeide_1.10.1/stm32cubeide/plugins/com.st.stm32cube.ide.mcu.externaltools.gnu-tools-for-stm32.10.3-2021.10.win32_1.0.0.202111181127/tools/bin/../lib/gcc/arm-none-eabi/10.3.1/../../../../arm-none-eabi/lib/thumb/v7e-m+fp/hard\libc_nano.a(lib_a-strlen.o)
                0x0000000008000210                strlen
 .text          0x0000000008000220       0xa0 c:/programs/st/stm32cubeide_1.10.1/stm32cubeide/plugins/com.st.stm32cube.ide.mcu.externaltools.gnu-tools-for-stm32.10.3-2021.10.win32_1.0.0.202111181127/tools/bin/../lib/gcc/arm-none-eabi/10.3.1/../../../../arm-none-eabi/lib/thumb/v7e-m+fp/hard\libc_nano.a(lib_a-memchr.o)
                0x0000000008000220                memchr
 .text          0x00000000080002c0      0x378 c:/programs/st/stm32cubeide_1.10.1/stm32cubeide/plugins/com.st.stm32cube.ide.mcu.externaltools.gnu-tools-for-stm32.10.3-2021.10.win32_1.0.0.202111181127/tools/bin/../lib/gcc/arm-none-eabi/10.3.1/thumb/v7e-m+fp/hard\libgcc.a(_arm_addsubdf3.o)
                0x00000000080002c0                __aeabi_drsub
                0x00000000080002c8                __aeabi_dsub
                0x00000000080002c8                __subdf3
                0x00000000080002cc                __aeabi_dadd
                0x00000000080002cc                __adddf3
                0x0000000008000544                __floatunsidf
                0x0000000008000544                __aeabi_ui2d
                0x0000000008000564                __floatsidf
                0x0000000008000564                __aeabi_i2d
                0x0000000008000588                __aeabi_f2d
                0x0000000008000588                __extendsfdf2
                0x00000000080005cc                __floatundidf
                0x00000000080005cc                __aeabi_ul2d
                0x00000000080005dc                __floatdidf
                0x00000000080005dc                __aeabi_l2d
 .text          0x0000000008000638      0x424 c:/programs/st/stm32cubeide_1.10.1/stm32cubeide/plugins/com.st.stm32cube.ide.mcu.externaltools.gnu-tools-for-stm32.10.3-2021.10.win32_1.0.0.202111181127/tools/bin/../lib/gcc/arm-none-eabi/10.3.1/thumb/v7e-m+fp/hard\libgcc.a(_arm_muldivdf3.o)
                0x0000000008000638                __aeabi_dmul
                0x0000000008000638                __muldf3
                0x000000000800088c                __divdf3
                0x000000000800088c                __aeabi_ddiv
 .text          0x0000000008000a5c      0x110 c:/programs/st/stm32cubeide_1.10.1/stm32cubeide/plugins/com.st.stm32cube.ide.mcu.externaltools.gnu-tools-for-stm32.10.3-2021.10.win32_1.0.0.202111181127/tools/bin/../lib/gcc/arm-none-eabi/10.3.1/thumb/v7e-m+fp/hard\libgcc.a(_arm_cmpdf2.o)
                0x0000000008000a5c                __gtdf2
                0x0000000008000a5c                __gedf2
                0x0000000008000a64                __ltdf2
                0x0000000008000a64                __ledf2
                0x0000000008000a6c                __nedf2
                0x0000000008000a6c                __eqdf2
                0x0000000008000a6c                __cmpdf2
                0x0000000008000ae8                __aeabi_cdrcmple
                0x0000000008000af8                __aeabi_cdcmpeq
                0x0000000008000af8                __aeabi_cdcmple
                0x0000000008000b08                __aeabi_dcmpeq
                0x0000000008000b1c                __aeabi_dcmplt
                0x0000000008000b30                __aeabi_dcmple
                0x0000000008000b44                __aeabi_dcmpge
                0x0000000008000b58                __aeabi_dcmpgt
 .text          0x0000000008000b6c       0x2c c:/programs/st/stm32cubeide_1.10.1/stm32cubeide/plugins/com.st.stm32cube.ide.mcu.externaltools.gnu-tools-for-stm32.10.3-2021.10.win32_1.0.0.202111181127/tools/bin/../lib/gcc/arm-none-eabi/10.3.1/thumb/v7e-m+fp/hard\libgcc.a(_arm_unorddf2.o)
                0x0000000008000b6c                __unorddf2
                0x0000000008000b6c                __aeabi_dcmpun
 .text          0x0000000008000b98       0x50 c:/programs/st/stm32cubeide_1.10.1/stm32cubeide/plugins/com.st.stm32cube.ide.mcu.externaltools.gnu-tools-for-stm32.10.3-2021.10.win32_1.0.0.202111181127/tools/bin/../lib/gcc/arm-none-eabi/10.3.1/thumb/v7e-m+fp/hard\libgcc.a(_arm_fixdfsi.o)
                0x0000000008000b98                __aeabi_d2iz
                0x0000000008000b98                __fixdfsi
 .text          0x0000000008000be8       0x40 c:/programs/st/stm32cubeide_1.10.1/stm32cubeide/plugins/com.st.stm32cube.ide.mcu.externaltools.gnu-tools-for-stm32.10.3-2021.10.win32_1.0.0.202111181127/tools/bin/../lib/gcc/arm-none-eabi/10.3.1/thumb/v7e-m+fp/hard\libgcc.a(_arm_fixunsdfsi.o)
                0x0000000008000be8                __aeabi_d2uiz
                0x0000000008000be8                __fixunsdfsi
 .text          0x0000000008000c28       0xa0 c:/programs/st/stm32cubeide_1.10.1/stm32cubeide/plugins/com.st.stm32cube.ide.mcu.externaltools.gnu-tools-for-stm32.10.3-2021.10.win32_1.0.0.202111181127/tools/bin/../lib/gcc/arm-none-eabi/10.3.1/thumb/v7e-m+fp/hard\libgcc.a(_arm_truncdfsf2.o)
                0x0000000008000c28                __truncdfsf2
                0x0000000008000c28                __aeabi_d2f
 .text          0x0000000008000cc8       0x30 c:/programs/st/stm32cubeide_1.10.1/stm32cubeide/plugins/com.st.stm32cube.ide.mcu.externaltools.gnu-tools-for-stm32.10.3-2021.10.win32_1.0.0.202111181127/tools/bin/../lib/gcc/arm-none-eabi/10.3.1/thumb/v7e-m+fp/hard\libgcc.a(_fixdfdi.o)
                0x0000000008000cc8                __fixdfdi
                0x0000000008000cc8                __aeabi_d2lz
 .text          0x0000000008000cf8       0x3c c:/programs/st/stm32cubeide_1.10.1/stm32cubeide/plugins/com.st.stm32cube.ide.mcu.externaltools.gnu-tools-for-stm32.10.3-2021.10.win32_1.0.0.202111181127/tools/bin/../lib/gcc/arm-none-eabi/10.3.1/thumb/v7e-m+fp/hard\libgcc.a(_fixunsdfdi.o)
                0x0000000008000cf8                __fixunsdfdi
                0x0000000008000cf8                __aeabi_d2ulz
 *(.text*)
 *fill*         0x0000000008000d34        0x4 
 .text.main     0x0000000008000d38      0x2e4 ./Core/Src/main.o
                0x0000000008000d38                main
 .text.portinic
                0x000000000800101c       0x44 ./Core/Src/main.o
                0x000000000800101c                portinic
 .text.tim9inic
                0x0000000008001060       0x80 ./Core/Src/main.o
                0x0000000008001060                tim9inic
 .text.calendario
                0x00000000080010e0      0x944 ./Core/Src/main.o
                0x00000000080010e0                calendario
 .text.TIM1_BRK_TIM9_IRQHandler
                0x0000000008001a24       0xf4 ./Core/Src/main.o
                0x0000000008001a24                TIM1_BRK_TIM9_IRQHandler
 .text._getpid  0x0000000008001b18       0x10 ./Core/Src/syscalls.o
                0x0000000008001b18                _getpid
 .text._kill    0x0000000008001b28       0x20 ./Core/Src/syscalls.o
                0x0000000008001b28                _kill
 .text._exit    0x0000000008001b48       0x14 ./Core/Src/syscalls.o
                0x0000000008001b48                _exit
 .text._read    0x0000000008001b5c       0x3a ./Core/Src/syscalls.o
                0x0000000008001b5c                _read
 .text._write   0x0000000008001b96       0x38 ./Core/Src/syscalls.o
                0x0000000008001b96                _write
 .text._close   0x0000000008001bce       0x18 ./Core/Src/syscalls.o
                0x0000000008001bce                _close
 .text._fstat   0x0000000008001be6       0x20 ./Core/Src/syscalls.o
                0x0000000008001be6                _fstat
 .text._isatty  0x0000000008001c06       0x16 ./Core/Src/syscalls.o
                0x0000000008001c06                _isatty
 .text._lseek   0x0000000008001c1c       0x1a ./Core/Src/syscalls.o
                0x0000000008001c1c                _lseek
 *fill*         0x0000000008001c36        0x2 
 .text._sbrk    0x0000000008001c38       0x6c ./Core/Src/sysmem.o
                0x0000000008001c38                _sbrk
 .text.SystemInit
                0x0000000008001ca4       0x24 ./Core/Src/system_stm32f4xx.o
                0x0000000008001ca4                SystemInit
 .text.Reset_Handler
                0x0000000008001cc8       0x50 ./Core/Startup/startup_stm32f446retx.o
                0x0000000008001cc8                Reset_Handler
 .text.Default_Handler
                0x0000000008001d18        0x2 ./Core/Startup/startup_stm32f446retx.o
                0x0000000008001d18                RTC_Alarm_IRQHandler
                0x0000000008001d18                EXTI2_IRQHandler
                0x0000000008001d18                TIM8_CC_IRQHandler
                0x0000000008001d18                DebugMon_Handler
                0x0000000008001d18                FMPI2C1_EV_IRQHandler
                0x0000000008001d18                SPI4_IRQHandler
                0x0000000008001d18                TIM1_CC_IRQHandler
                0x0000000008001d18                DMA2_Stream5_IRQHandler
                0x0000000008001d18                HardFault_Handler
                0x0000000008001d18                DMA1_Stream5_IRQHandler
                0x0000000008001d18                PVD_IRQHandler
                0x0000000008001d18                SDIO_IRQHandler
                0x0000000008001d18                TAMP_STAMP_IRQHandler
                0x0000000008001d18                PendSV_Handler
                0x0000000008001d18                NMI_Handler
                0x0000000008001d18                CAN2_RX1_IRQHandler
                0x0000000008001d18                EXTI3_IRQHandler
                0x0000000008001d18                TIM8_TRG_COM_TIM14_IRQHandler
                0x0000000008001d18                TIM1_UP_TIM10_IRQHandler
                0x0000000008001d18                TIM8_UP_TIM13_IRQHandler
                0x0000000008001d18                I2C3_ER_IRQHandler
                0x0000000008001d18                EXTI0_IRQHandler
                0x0000000008001d18                I2C2_EV_IRQHandler
                0x0000000008001d18                DMA1_Stream2_IRQHandler
                0x0000000008001d18                CAN1_RX0_IRQHandler
                0x0000000008001d18                FPU_IRQHandler
                0x0000000008001d18                OTG_HS_WKUP_IRQHandler
                0x0000000008001d18                UsageFault_Handler
                0x0000000008001d18                CAN2_SCE_IRQHandler
                0x0000000008001d18                DMA2_Stream2_IRQHandler
                0x0000000008001d18                SPI1_IRQHandler
                0x0000000008001d18                TIM6_DAC_IRQHandler
                0x0000000008001d18                DCMI_IRQHandler
                0x0000000008001d18                CAN2_RX0_IRQHandler
                0x0000000008001d18                DMA2_Stream3_IRQHandler
                0x0000000008001d18                SAI2_IRQHandler
                0x0000000008001d18                USART6_IRQHandler
                0x0000000008001d18                USART3_IRQHandler
                0x0000000008001d18                CAN1_RX1_IRQHandler
                0x0000000008001d18                UART5_IRQHandler
                0x0000000008001d18                DMA2_Stream0_IRQHandler
                0x0000000008001d18                TIM4_IRQHandler
                0x0000000008001d18                QUADSPI_IRQHandler
                0x0000000008001d18                I2C1_EV_IRQHandler
                0x0000000008001d18                DMA1_Stream6_IRQHandler
                0x0000000008001d18                DMA1_Stream1_IRQHandler
                0x0000000008001d18                UART4_IRQHandler
                0x0000000008001d18                TIM3_IRQHandler
                0x0000000008001d18                RCC_IRQHandler
                0x0000000008001d18                TIM8_BRK_TIM12_IRQHandler
                0x0000000008001d18                Default_Handler
                0x0000000008001d18                CEC_IRQHandler
                0x0000000008001d18                EXTI15_10_IRQHandler
                0x0000000008001d18                ADC_IRQHandler
                0x0000000008001d18                DMA1_Stream7_IRQHandler
                0x0000000008001d18                TIM7_IRQHandler
                0x0000000008001d18                CAN2_TX_IRQHandler
                0x0000000008001d18                TIM5_IRQHandler
                0x0000000008001d18                DMA2_Stream7_IRQHandler
                0x0000000008001d18                I2C3_EV_IRQHandler
                0x0000000008001d18                EXTI9_5_IRQHandler
                0x0000000008001d18                RTC_WKUP_IRQHandler
                0x0000000008001d18                SPDIF_RX_IRQHandler
                0x0000000008001d18                SPI2_IRQHandler
                0x0000000008001d18                OTG_HS_EP1_IN_IRQHandler
                0x0000000008001d18                MemManage_Handler
                0x0000000008001d18                DMA1_Stream0_IRQHandler
                0x0000000008001d18                CAN1_TX_IRQHandler
                0x0000000008001d18                SVC_Handler
                0x0000000008001d18                FMPI2C1_ER_IRQHandler
                0x0000000008001d18                EXTI4_IRQHandler
                0x0000000008001d18                OTG_HS_EP1_OUT_IRQHandler
                0x0000000008001d18                WWDG_IRQHandler
                0x0000000008001d18                TIM2_IRQHandler
                0x0000000008001d18                OTG_FS_WKUP_IRQHandler
                0x0000000008001d18                TIM1_TRG_COM_TIM11_IRQHandler
                0x0000000008001d18                OTG_HS_IRQHandler
                0x0000000008001d18                EXTI1_IRQHandler
                0x0000000008001d18                USART2_IRQHandler
                0x0000000008001d18                I2C2_ER_IRQHandler
                0x0000000008001d18                DMA2_Stream1_IRQHandler
                0x0000000008001d18                CAN1_SCE_IRQHandler
                0x0000000008001d18                FLASH_IRQHandler
                0x0000000008001d18                DMA2_Stream4_IRQHandler
                0x0000000008001d18                BusFault_Handler
                0x0000000008001d18                USART1_IRQHandler
                0x0000000008001d18                OTG_FS_IRQHandler
                0x0000000008001d18                SPI3_IRQHandler
                0x0000000008001d18                DMA1_Stream4_IRQHandler
                0x0000000008001d18                I2C1_ER_IRQHandler
                0x0000000008001d18                FMC_IRQHandler
                0x0000000008001d18                DMA2_Stream6_IRQHandler
                0x0000000008001d18                SAI1_IRQHandler
                0x0000000008001d18                DMA1_Stream3_IRQHandler
 *fill*         0x0000000008001d1a        0x2 
 .text.HC595enable
                0x0000000008001d1c      0x110 ./User Library/Src/74hc595.o
                0x0000000008001d1c                HC595enable
 .text.HC595_shift_bit
                0x0000000008001e2c       0x98 ./User Library/Src/74hc595.o
                0x0000000008001e2c                HC595_shift_bit
 .text.HC595_shift_byte
                0x0000000008001ec4       0x42 ./User Library/Src/74hc595.o
                0x0000000008001ec4                HC595_shift_byte
 *fill*         0x0000000008001f06        0x2 
 .text.HC595_shift_out
                0x0000000008001f08       0x4c ./User Library/Src/74hc595.o
                0x0000000008001f08                HC595_shift_out
 .text.EXPLODEenable
                0x0000000008001f54       0x38 ./User Library/Src/explode.o
                0x0000000008001f54                EXPLODEenable
 .text.EXPLODEupdate
                0x0000000008001f8c       0x50 ./User Library/Src/explode.o
                0x0000000008001f8c                EXPLODEupdate
 .text.EXPLODEhh
                0x0000000008001fdc       0x22 ./User Library/Src/explode.o
                0x0000000008001fdc                EXPLODEhh
 .text.EXPLODEll
                0x0000000008001ffe       0x24 ./User Library/Src/explode.o
                0x0000000008001ffe                EXPLODEll
 .text.EXPLODElh
                0x0000000008002022       0x2c ./User Library/Src/explode.o
                0x0000000008002022                EXPLODElh
 .text.EXPLODEhl
                0x000000000800204e       0x2c ./User Library/Src/explode.o
                0x000000000800204e                EXPLODEhl
 *fill*         0x000000000800207a        0x2 
 .text.FUNCenable
                0x000000000800207c       0x40 ./User Library/Src/function.o
                0x000000000800207c                FUNCenable
 .text.StringLength
                0x00000000080020bc       0x2e ./User Library/Src/function.o
                0x00000000080020bc                StringLength
 .text.Reverse  0x00000000080020ea       0x5c ./User Library/Src/function.o
                0x00000000080020ea                Reverse
 *fill*         0x0000000008002146        0x2 
 .text.FUNCintinvstr
                0x0000000008002148       0xb8 ./User Library/Src/function.o
                0x0000000008002148                FUNCintinvstr
 .text.FUNCftoa
                0x0000000008002200      0x17c ./User Library/Src/function.o
                0x0000000008002200                FUNCftoa
 .text.FUNCprint
                0x000000000800237c       0x3c ./User Library/Src/function.o
                0x000000000800237c                FUNCprint
 .text.LCD0enable
                0x00000000080023b8       0xd8 ./User Library/Src/lcd.o
                0x00000000080023b8                LCD0enable
 .text.LCD0_inic
                0x0000000008002490      0x110 ./User Library/Src/lcd.o
                0x0000000008002490                LCD0_inic
 .text.LCD0_write
                0x00000000080025a0      0x260 ./User Library/Src/lcd.o
                0x00000000080025a0                LCD0_write
 .text.LCD0_read
                0x0000000008002800      0x1f4 ./User Library/Src/lcd.o
                0x0000000008002800                LCD0_read
 .text.LCD0_BF  0x00000000080029f4       0x3a ./User Library/Src/lcd.o
                0x00000000080029f4                LCD0_BF
 .text.LCD0_getch
                0x0000000008002a2e       0x1e ./User Library/Src/lcd.o
                0x0000000008002a2e                LCD0_getch
 .text.LCD0_putch
                0x0000000008002a4c       0x20 ./User Library/Src/lcd.o
                0x0000000008002a4c                LCD0_putch
 .text.LCD0_string
                0x0000000008002a6c       0x2e ./User Library/Src/lcd.o
                0x0000000008002a6c                LCD0_string
 .text.LCD0_string_size
                0x0000000008002a9a       0x5c ./User Library/Src/lcd.o
                0x0000000008002a9a                LCD0_string_size
 .text.LCD0_hspace
                0x0000000008002af6       0x26 ./User Library/Src/lcd.o
                0x0000000008002af6                LCD0_hspace
 .text.LCD0_clear
                0x0000000008002b1c       0x20 ./User Library/Src/lcd.o
                0x0000000008002b1c                LCD0_clear
 .text.LCD0_gotoxy
                0x0000000008002b3c       0x8c ./User Library/Src/lcd.o
                0x0000000008002b3c                LCD0_gotoxy
 .text.LCD0_reboot
                0x0000000008002bc8       0x44 ./User Library/Src/lcd.o
                0x0000000008002bc8                LCD0_reboot
 .text.STM32446enable
                0x0000000008002c0c      0x45c ./User Library/Src/stm32446mapping.o
                0x0000000008002c0c                STM32446enable
 .text.STM32446PeripheralInic
                0x0000000008003068       0x7c ./User Library/Src/stm32446mapping.o
                0x0000000008003068                STM32446PeripheralInic
 .text.STM32446GpioSetpins
                0x00000000080030e4       0x5e ./User Library/Src/stm32446mapping.o
                0x00000000080030e4                STM32446GpioSetpins
 .text.STM32446GpioSetpin
                0x0000000008003142       0x24 ./User Library/Src/stm32446mapping.o
                0x0000000008003142                STM32446GpioSetpin
 .text.STM32446GpioSet
                0x0000000008003166       0x1c ./User Library/Src/stm32446mapping.o
                0x0000000008003166                STM32446GpioSet
 .text.STM32446GpioResetpins
                0x0000000008003182       0x60 ./User Library/Src/stm32446mapping.o
                0x0000000008003182                STM32446GpioResetpins
 .text.STM32446GpioResetpin
                0x00000000080031e2       0x26 ./User Library/Src/stm32446mapping.o
                0x00000000080031e2                STM32446GpioResetpin
 .text.STM32446GpioReset
                0x0000000008003208       0x20 ./User Library/Src/stm32446mapping.o
                0x0000000008003208                STM32446GpioReset
 .text.STM32446Gpiosetupreg
                0x0000000008003228       0x9c ./User Library/Src/stm32446mapping.o
                0x0000000008003228                STM32446Gpiosetupreg
 *fill*         0x00000000080032c4        0x4 
 .text.STM32446GpioAmoder
                0x00000000080032c8       0xa8 ./User Library/Src/stm32446mapping.o
                0x00000000080032c8                STM32446GpioAmoder
 .text.STM32446GpioAospeedr
                0x0000000008003370       0xa8 ./User Library/Src/stm32446mapping.o
                0x0000000008003370                STM32446GpioAospeedr
 .text.STM32446GpioApupdr
                0x0000000008003418       0xa8 ./User Library/Src/stm32446mapping.o
                0x0000000008003418                STM32446GpioApupdr
 .text.STM32446GpioAreset
                0x00000000080034c0       0x24 ./User Library/Src/stm32446mapping.o
                0x00000000080034c0                STM32446GpioAreset
 .text.STM32446GpioAset
                0x00000000080034e4       0x20 ./User Library/Src/stm32446mapping.o
                0x00000000080034e4                STM32446GpioAset
 *fill*         0x0000000008003504        0x4 
 .text.STM32446GpioAafr
                0x0000000008003508       0xf8 ./User Library/Src/stm32446mapping.o
                0x0000000008003508                STM32446GpioAafr
 .text.STM32446GpioBmoder
                0x0000000008003600       0xa8 ./User Library/Src/stm32446mapping.o
                0x0000000008003600                STM32446GpioBmoder
 .text.STM32446GpioBospeedr
                0x00000000080036a8       0xa8 ./User Library/Src/stm32446mapping.o
                0x00000000080036a8                STM32446GpioBospeedr
 .text.STM32446GpioBpupdr
                0x0000000008003750       0xa8 ./User Library/Src/stm32446mapping.o
                0x0000000008003750                STM32446GpioBpupdr
 .text.STM32446GpioBreset
                0x00000000080037f8       0x24 ./User Library/Src/stm32446mapping.o
                0x00000000080037f8                STM32446GpioBreset
 .text.STM32446GpioBset
                0x000000000800381c       0x20 ./User Library/Src/stm32446mapping.o
                0x000000000800381c                STM32446GpioBset
 *fill*         0x000000000800383c        0x4 
 .text.STM32446GpioBafr
                0x0000000008003840       0xf8 ./User Library/Src/stm32446mapping.o
                0x0000000008003840                STM32446GpioBafr
 .text.STM32446GpioCmoder
                0x0000000008003938       0xa8 ./User Library/Src/stm32446mapping.o
                0x0000000008003938                STM32446GpioCmoder
 .text.STM32446GpioCospeedr
                0x00000000080039e0       0xa8 ./User Library/Src/stm32446mapping.o
                0x00000000080039e0                STM32446GpioCospeedr
 .text.STM32446GpioCpupdr
                0x0000000008003a88       0xa8 ./User Library/Src/stm32446mapping.o
                0x0000000008003a88                STM32446GpioCpupdr
 .text.STM32446GpioCreset
                0x0000000008003b30       0x24 ./User Library/Src/stm32446mapping.o
                0x0000000008003b30                STM32446GpioCreset
 .text.STM32446GpioCset
                0x0000000008003b54       0x20 ./User Library/Src/stm32446mapping.o
                0x0000000008003b54                STM32446GpioCset
 *fill*         0x0000000008003b74        0x4 
 .text.STM32446GpioCafr
                0x0000000008003b78       0xf8 ./User Library/Src/stm32446mapping.o
                0x0000000008003b78                STM32446GpioCafr
 .text.STM32446GpioDmoder
                0x0000000008003c70       0xa8 ./User Library/Src/stm32446mapping.o
                0x0000000008003c70                STM32446GpioDmoder
 .text.STM32446GpioDospeedr
                0x0000000008003d18       0xa8 ./User Library/Src/stm32446mapping.o
                0x0000000008003d18                STM32446GpioDospeedr
 .text.STM32446GpioDpupdr
                0x0000000008003dc0       0xa8 ./User Library/Src/stm32446mapping.o
                0x0000000008003dc0                STM32446GpioDpupdr
 .text.STM32446GpioDreset
                0x0000000008003e68       0x24 ./User Library/Src/stm32446mapping.o
                0x0000000008003e68                STM32446GpioDreset
 .text.STM32446GpioDset
                0x0000000008003e8c       0x20 ./User Library/Src/stm32446mapping.o
                0x0000000008003e8c                STM32446GpioDset
 *fill*         0x0000000008003eac        0x4 
 .text.STM32446GpioDafr
                0x0000000008003eb0       0xf8 ./User Library/Src/stm32446mapping.o
                0x0000000008003eb0                STM32446GpioDafr
 .text.STM32446GpioEmoder
                0x0000000008003fa8       0xb8 ./User Library/Src/stm32446mapping.o
                0x0000000008003fa8                STM32446GpioEmoder
 .text.STM32446GpioEospeedr
                0x0000000008004060       0xb8 ./User Library/Src/stm32446mapping.o
                0x0000000008004060                STM32446GpioEospeedr
 .text.STM32446GpioEpupdr
                0x0000000008004118       0xb8 ./User Library/Src/stm32446mapping.o
                0x0000000008004118                STM32446GpioEpupdr
 .text.STM32446GpioEreset
                0x00000000080041d0       0x24 ./User Library/Src/stm32446mapping.o
                0x00000000080041d0                STM32446GpioEreset
 .text.STM32446GpioEset
                0x00000000080041f4       0x24 ./User Library/Src/stm32446mapping.o
                0x00000000080041f4                STM32446GpioEset
 .text.STM32446GpioEafr
                0x0000000008004218      0x110 ./User Library/Src/stm32446mapping.o
                0x0000000008004218                STM32446GpioEafr
 .text.STM32446GpioHmoder
                0x0000000008004328       0xb8 ./User Library/Src/stm32446mapping.o
                0x0000000008004328                STM32446GpioHmoder
 .text.STM32446GpioHospeedr
                0x00000000080043e0       0xb8 ./User Library/Src/stm32446mapping.o
                0x00000000080043e0                STM32446GpioHospeedr
 .text.STM32446GpioHpupdr
                0x0000000008004498       0xb8 ./User Library/Src/stm32446mapping.o
                0x0000000008004498                STM32446GpioHpupdr
 .text.STM32446GpioHreset
                0x0000000008004550       0x24 ./User Library/Src/stm32446mapping.o
                0x0000000008004550                STM32446GpioHreset
 .text.STM32446GpioHset
                0x0000000008004574       0x24 ./User Library/Src/stm32446mapping.o
                0x0000000008004574                STM32446GpioHset
 .text.STM32446GpioHafr
                0x0000000008004598      0x110 ./User Library/Src/stm32446mapping.o
                0x0000000008004598                STM32446GpioHafr
 .text.STM32446RtcInic
                0x00000000080046a8       0xe4 ./User Library/Src/stm32446mapping.o
                0x00000000080046a8                STM32446RtcInic
 .text.STM32446RtcHour
                0x000000000800478c       0x90 ./User Library/Src/stm32446mapping.o
                0x000000000800478c                STM32446RtcHour
 .text.STM32446RtcMinute
                0x000000000800481c       0x90 ./User Library/Src/stm32446mapping.o
                0x000000000800481c                STM32446RtcMinute
 .text.STM32446RtcSecond
                0x00000000080048ac       0x8c ./User Library/Src/stm32446mapping.o
                0x00000000080048ac                STM32446RtcSecond
 .text.STM32446RtcYear
                0x0000000008004938       0x80 ./User Library/Src/stm32446mapping.o
                0x0000000008004938                STM32446RtcYear
 .text.STM32446RtcWeekDay
                0x00000000080049b8       0x64 ./User Library/Src/stm32446mapping.o
                0x00000000080049b8                STM32446RtcWeekDay
 .text.STM32446RtcMonth
                0x0000000008004a1c       0x80 ./User Library/Src/stm32446mapping.o
                0x0000000008004a1c                STM32446RtcMonth
 .text.STM32446RtcDay
                0x0000000008004a9c       0x7c ./User Library/Src/stm32446mapping.o
                0x0000000008004a9c                STM32446RtcDay
 .text.STM32446RtcRegWrite
                0x0000000008004b18       0x68 ./User Library/Src/stm32446mapping.o
                0x0000000008004b18                STM32446RtcRegWrite
 .text.STM32446Rtcdr2vec
                0x0000000008004b80      0x12c ./User Library/Src/stm32446mapping.o
                0x0000000008004b80                STM32446Rtcdr2vec
 .text.STM32446Rtctr2vec
                0x0000000008004cac      0x12c ./User Library/Src/stm32446mapping.o
                0x0000000008004cac                STM32446Rtctr2vec
 .text.STM32446Adc1Ex1inic
                0x0000000008004dd8       0xd4 ./User Library/Src/stm32446mapping.o
                0x0000000008004dd8                STM32446Adc1Ex1inic
 .text.STM32446Adc1Read
                0x0000000008004eac       0x5c ./User Library/Src/stm32446mapping.o
                0x0000000008004eac                STM32446Adc1Read
 .text.STM32446Adc1Restart
                0x0000000008004f08       0x38 ./User Library/Src/stm32446mapping.o
                0x0000000008004f08                STM32446Adc1Restart
 .text.STM32446Adc1Stop
                0x0000000008004f40       0x28 ./User Library/Src/stm32446mapping.o
                0x0000000008004f40                STM32446Adc1Stop
 .text.STM32446usart1parameters
                0x0000000008004f68      0x374 ./User Library/Src/stm32446mapping.o
                0x0000000008004f68                STM32446usart1parameters
 .text.STM32446bcd2dec
                0x00000000080052dc       0x32 ./User Library/Src/stm32446mapping.o
                0x00000000080052dc                STM32446bcd2dec
 *fill*         0x000000000800530e        0x2 
 .text.STM32446dec2bcd
                0x0000000008005310       0x44 ./User Library/Src/stm32446mapping.o
                0x0000000008005310                STM32446dec2bcd
 .text.STM32446triggerA
                0x0000000008005354       0xac ./User Library/Src/stm32446mapping.o
                0x0000000008005354                STM32446triggerA
 .text.STM32446triggerB
                0x0000000008005400       0xac ./User Library/Src/stm32446mapping.o
                0x0000000008005400                STM32446triggerB
 .text.STM32ReadHLByte
                0x00000000080054ac       0x24 ./User Library/Src/stm32446mapping.o
                0x00000000080054ac                STM32ReadHLByte
 .text.STM32ReadLHByte
                0x00000000080054d0       0x24 ./User Library/Src/stm32446mapping.o
                0x00000000080054d0                STM32ReadLHByte
 .text.STM32WriteHLByte
                0x00000000080054f4       0x38 ./User Library/Src/stm32446mapping.o
                0x00000000080054f4                STM32WriteHLByte
 .text.STM32WriteLHByte
                0x000000000800552c       0x38 ./User Library/Src/stm32446mapping.o
                0x000000000800552c                STM32WriteLHByte
 .text.STM32SwapByte
                0x0000000008005564       0x28 ./User Library/Src/stm32446mapping.o
                0x0000000008005564                STM32SwapByte
 .text.STM32446RtcSetTr
                0x000000000800558c       0xa4 ./User Library/Src/stm32446mapping.o
                0x000000000800558c                STM32446RtcSetTr
 .text.STM32446RtcSetDr
                0x0000000008005630       0xa4 ./User Library/Src/stm32446mapping.o
                0x0000000008005630                STM32446RtcSetDr
 .text.STM32446RtcAccess
                0x00000000080056d4      0x1f0 ./User Library/Src/stm32446mapping.o
                0x00000000080056d4                STM32446RtcAccess
 .text.SystickInic
                0x00000000080058c4       0x44 ./User Library/Src/stm32446mapping.o
                0x00000000080058c4                SystickInic
 .text.STM32446delay_ms
                0x0000000008005908       0x74 ./User Library/Src/stm32446mapping.o
                0x0000000008005908                STM32446delay_ms
 .text.STM32446delay_10us
                0x000000000800597c       0x78 ./User Library/Src/stm32446mapping.o
                0x000000000800597c                STM32446delay_10us
 .text.SysTick_Handler
                0x00000000080059f4       0x1c ./User Library/Src/stm32446mapping.o
                0x00000000080059f4                SysTick_Handler
 .text.__errno  0x0000000008005a10        0xc c:/programs/st/stm32cubeide_1.10.1/stm32cubeide/plugins/com.st.stm32cube.ide.mcu.externaltools.gnu-tools-for-stm32.10.3-2021.10.win32_1.0.0.202111181127/tools/bin/../lib/gcc/arm-none-eabi/10.3.1/../../../../arm-none-eabi/lib/thumb/v7e-m+fp/hard\libc_nano.a(lib_a-errno.o)
                0x0000000008005a10                __errno
 .text.__libc_init_array
                0x0000000008005a1c       0x48 c:/programs/st/stm32cubeide_1.10.1/stm32cubeide/plugins/com.st.stm32cube.ide.mcu.externaltools.gnu-tools-for-stm32.10.3-2021.10.win32_1.0.0.202111181127/tools/bin/../lib/gcc/arm-none-eabi/10.3.1/../../../../arm-none-eabi/lib/thumb/v7e-m+fp/hard\libc_nano.a(lib_a-init.o)
                0x0000000008005a1c                __libc_init_array
 .text.memcpy   0x0000000008005a64       0x1c c:/programs/st/stm32cubeide_1.10.1/stm32cubeide/plugins/com.st.stm32cube.ide.mcu.externaltools.gnu-tools-for-stm32.10.3-2021.10.win32_1.0.0.202111181127/tools/bin/../lib/gcc/arm-none-eabi/10.3.1/../../../../arm-none-eabi/lib/thumb/v7e-m+fp/hard\libc_nano.a(lib_a-memcpy-stub.o)
                0x0000000008005a64                memcpy
 .text.memset   0x0000000008005a80       0x10 c:/programs/st/stm32cubeide_1.10.1/stm32cubeide/plugins/com.st.stm32cube.ide.mcu.externaltools.gnu-tools-for-stm32.10.3-2021.10.win32_1.0.0.202111181127/tools/bin/../lib/gcc/arm-none-eabi/10.3.1/../../../../arm-none-eabi/lib/thumb/v7e-m+fp/hard\libc_nano.a(lib_a-memset.o)
                0x0000000008005a80                memset
 .text.__cvt    0x0000000008005a90       0xc4 c:/programs/st/stm32cubeide_1.10.1/stm32cubeide/plugins/com.st.stm32cube.ide.mcu.externaltools.gnu-tools-for-stm32.10.3-2021.10.win32_1.0.0.202111181127/tools/bin/../lib/gcc/arm-none-eabi/10.3.1/../../../../arm-none-eabi/lib/thumb/v7e-m+fp/hard\libc_nano.a(lib_a-nano-vfprintf_float.o)
                0x0000000008005a90                __cvt
 .text.__exponent
                0x0000000008005b54       0x7c c:/programs/st/stm32cubeide_1.10.1/stm32cubeide/plugins/com.st.stm32cube.ide.mcu.externaltools.gnu-tools-for-stm32.10.3-2021.10.win32_1.0.0.202111181127/tools/bin/../lib/gcc/arm-none-eabi/10.3.1/../../../../arm-none-eabi/lib/thumb/v7e-m+fp/hard\libc_nano.a(lib_a-nano-vfprintf_float.o)
                0x0000000008005b54                __exponent
 .text._printf_float
                0x0000000008005bd0      0x46c c:/programs/st/stm32cubeide_1.10.1/stm32cubeide/plugins/com.st.stm32cube.ide.mcu.externaltools.gnu-tools-for-stm32.10.3-2021.10.win32_1.0.0.202111181127/tools/bin/../lib/gcc/arm-none-eabi/10.3.1/../../../../arm-none-eabi/lib/thumb/v7e-m+fp/hard\libc_nano.a(lib_a-nano-vfprintf_float.o)
                0x0000000008005bd0                _printf_float
 .text._printf_common
                0x000000000800603c       0xda c:/programs/st/stm32cubeide_1.10.1/stm32cubeide/plugins/com.st.stm32cube.ide.mcu.externaltools.gnu-tools-for-stm32.10.3-2021.10.win32_1.0.0.202111181127/tools/bin/../lib/gcc/arm-none-eabi/10.3.1/../../../../arm-none-eabi/lib/thumb/v7e-m+fp/hard\libc_nano.a(lib_a-nano-vfprintf_i.o)
                0x000000000800603c                _printf_common
 *fill*         0x0000000008006116        0x2 
 .text._printf_i
                0x0000000008006118      0x24c c:/programs/st/stm32cubeide_1.10.1/stm32cubeide/plugins/com.st.stm32cube.ide.mcu.externaltools.gnu-tools-for-stm32.10.3-2021.10.win32_1.0.0.202111181127/tools/bin/../lib/gcc/arm-none-eabi/10.3.1/../../../../arm-none-eabi/lib/thumb/v7e-m+fp/hard\libc_nano.a(lib_a-nano-vfprintf_i.o)
                0x0000000008006118                _printf_i
 .text._scanf_float
                0x0000000008006364      0x420 c:/programs/st/stm32cubeide_1.10.1/stm32cubeide/plugins/com.st.stm32cube.ide.mcu.externaltools.gnu-tools-for-stm32.10.3-2021.10.win32_1.0.0.202111181127/tools/bin/../lib/gcc/arm-none-eabi/10.3.1/../../../../arm-none-eabi/lib/thumb/v7e-m+fp/hard\libc_nano.a(lib_a-nano-vfscanf_float.o)
                0x0000000008006364                _scanf_float
 .text.modf     0x0000000008006784       0xa4 c:/programs/st/stm32cubeide_1.10.1/stm32cubeide/plugins/com.st.stm32cube.ide.mcu.externaltools.gnu-tools-for-stm32.10.3-2021.10.win32_1.0.0.202111181127/tools/bin/../lib/gcc/arm-none-eabi/10.3.1/../../../../arm-none-eabi/lib/thumb/v7e-m+fp/hard\libc_nano.a(lib_a-s_modf.o)
                0x0000000008006784                modf
 .text.nanf     0x0000000008006828        0xc c:/programs/st/stm32cubeide_1.10.1/stm32cubeide/plugins/com.st.stm32cube.ide.mcu.externaltools.gnu-tools-for-stm32.10.3-2021.10.win32_1.0.0.202111181127/tools/bin/../lib/gcc/arm-none-eabi/10.3.1/../../../../arm-none-eabi/lib/thumb/v7e-m+fp/hard\libc_nano.a(lib_a-sf_nan.o)
                0x0000000008006828                nanf
 .text.sprintf  0x0000000008006834       0x40 c:/programs/st/stm32cubeide_1.10.1/stm32cubeide/plugins/com.st.stm32cube.ide.mcu.externaltools.gnu-tools-for-stm32.10.3-2021.10.win32_1.0.0.202111181127/tools/bin/../lib/gcc/arm-none-eabi/10.3.1/../../../../arm-none-eabi/lib/thumb/v7e-m+fp/hard\libc_nano.a(lib_a-sprintf.o)
                0x0000000008006834                siprintf
                0x0000000008006834                sprintf
 .text.sulp     0x0000000008006874       0x38 c:/programs/st/stm32cubeide_1.10.1/stm32cubeide/plugins/com.st.stm32cube.ide.mcu.externaltools.gnu-tools-for-stm32.10.3-2021.10.win32_1.0.0.202111181127/tools/bin/../lib/gcc/arm-none-eabi/10.3.1/../../../../arm-none-eabi/lib/thumb/v7e-m+fp/hard\libc_nano.a(lib_a-strtod.o)
 *fill*         0x00000000080068ac        0x4 
 .text._strtod_l
                0x00000000080068b0      0xc0c c:/programs/st/stm32cubeide_1.10.1/stm32cubeide/plugins/com.st.stm32cube.ide.mcu.externaltools.gnu-tools-for-stm32.10.3-2021.10.win32_1.0.0.202111181127/tools/bin/../lib/gcc/arm-none-eabi/10.3.1/../../../../arm-none-eabi/lib/thumb/v7e-m+fp/hard\libc_nano.a(lib_a-strtod.o)
                0x00000000080068b0                _strtod_l
 .text._strtod_r
                0x00000000080074bc        0xc c:/programs/st/stm32cubeide_1.10.1/stm32cubeide/plugins/com.st.stm32cube.ide.mcu.externaltools.gnu-tools-for-stm32.10.3-2021.10.win32_1.0.0.202111181127/tools/bin/../lib/gcc/arm-none-eabi/10.3.1/../../../../arm-none-eabi/lib/thumb/v7e-m+fp/hard\libc_nano.a(lib_a-strtod.o)
                0x00000000080074bc                _strtod_r
 .text._strtol_l.constprop.0
                0x00000000080074c8      0x104 c:/programs/st/stm32cubeide_1.10.1/stm32cubeide/plugins/com.st.stm32cube.ide.mcu.externaltools.gnu-tools-for-stm32.10.3-2021.10.win32_1.0.0.202111181127/tools/bin/../lib/gcc/arm-none-eabi/10.3.1/../../../../arm-none-eabi/lib/thumb/v7e-m+fp/hard\libc_nano.a(lib_a-strtol.o)
 .text._strtol_r
                0x00000000080075cc        0x4 c:/programs/st/stm32cubeide_1.10.1/stm32cubeide/plugins/com.st.stm32cube.ide.mcu.externaltools.gnu-tools-for-stm32.10.3-2021.10.win32_1.0.0.202111181127/tools/bin/../lib/gcc/arm-none-eabi/10.3.1/../../../../arm-none-eabi/lib/thumb/v7e-m+fp/hard\libc_nano.a(lib_a-strtol.o)
                0x00000000080075cc                _strtol_r
 .text._vsnprintf_r
                0x00000000080075d0       0x56 c:/programs/st/stm32cubeide_1.10.1/stm32cubeide/plugins/com.st.stm32cube.ide.mcu.externaltools.gnu-tools-for-stm32.10.3-2021.10.win32_1.0.0.202111181127/tools/bin/../lib/gcc/arm-none-eabi/10.3.1/../../../../arm-none-eabi/lib/thumb/v7e-m+fp/hard\libc_nano.a(lib_a-vsnprintf.o)
                0x00000000080075d0                _vsniprintf_r
                0x00000000080075d0                _vsnprintf_r
 *fill*         0x0000000008007626        0x2 
 .text.vsnprintf
                0x0000000008007628       0x1c c:/programs/st/stm32cubeide_1.10.1/stm32cubeide/plugins/com.st.stm32cube.ide.mcu.externaltools.gnu-tools-for-stm32.10.3-2021.10.win32_1.0.0.202111181127/tools/bin/../lib/gcc/arm-none-eabi/10.3.1/../../../../arm-none-eabi/lib/thumb/v7e-m+fp/hard\libc_nano.a(lib_a-vsnprintf.o)
                0x0000000008007628                vsniprintf
                0x0000000008007628                vsnprintf
 .text.quorem   0x0000000008007644      0x116 c:/programs/st/stm32cubeide_1.10.1/stm32cubeide/plugins/com.st.stm32cube.ide.mcu.externaltools.gnu-tools-for-stm32.10.3-2021.10.win32_1.0.0.202111181127/tools/bin/../lib/gcc/arm-none-eabi/10.3.1/../../../../arm-none-eabi/lib/thumb/v7e-m+fp/hard\libc_nano.a(lib_a-dtoa.o)
 *fill*         0x000000000800775a        0x6 
 .text._dtoa_r  0x0000000008007760      0xbdc c:/programs/st/stm32cubeide_1.10.1/stm32cubeide/plugins/com.st.stm32cube.ide.mcu.externaltools.gnu-tools-for-stm32.10.3-2021.10.win32_1.0.0.202111181127/tools/bin/../lib/gcc/arm-none-eabi/10.3.1/../../../../arm-none-eabi/lib/thumb/v7e-m+fp/hard\libc_nano.a(lib_a-dtoa.o)
                0x0000000008007760                _dtoa_r
 .text.rshift   0x000000000800833c       0xa4 c:/programs/st/stm32cubeide_1.10.1/stm32cubeide/plugins/com.st.stm32cube.ide.mcu.externaltools.gnu-tools-for-stm32.10.3-2021.10.win32_1.0.0.202111181127/tools/bin/../lib/gcc/arm-none-eabi/10.3.1/../../../../arm-none-eabi/lib/thumb/v7e-m+fp/hard\libc_nano.a(lib_a-gdtoa-gethex.o)
 .text.__hexdig_fun
                0x00000000080083e0       0x2a c:/programs/st/stm32cubeide_1.10.1/stm32cubeide/plugins/com.st.stm32cube.ide.mcu.externaltools.gnu-tools-for-stm32.10.3-2021.10.win32_1.0.0.202111181127/tools/bin/../lib/gcc/arm-none-eabi/10.3.1/../../../../arm-none-eabi/lib/thumb/v7e-m+fp/hard\libc_nano.a(lib_a-gdtoa-gethex.o)
                0x00000000080083e0                __hexdig_fun
 *fill*         0x000000000800840a        0x2 
 .text.__gethex
                0x000000000800840c      0x48c c:/programs/st/stm32cubeide_1.10.1/stm32cubeide/plugins/com.st.stm32cube.ide.mcu.externaltools.gnu-tools-for-stm32.10.3-2021.10.win32_1.0.0.202111181127/tools/bin/../lib/gcc/arm-none-eabi/10.3.1/../../../../arm-none-eabi/lib/thumb/v7e-m+fp/hard\libc_nano.a(lib_a-gdtoa-gethex.o)
                0x000000000800840c                __gethex
 .text.L_shift  0x0000000008008898       0x24 c:/programs/st/stm32cubeide_1.10.1/stm32cubeide/plugins/com.st.stm32cube.ide.mcu.externaltools.gnu-tools-for-stm32.10.3-2021.10.win32_1.0.0.202111181127/tools/bin/../lib/gcc/arm-none-eabi/10.3.1/../../../../arm-none-eabi/lib/thumb/v7e-m+fp/hard\libc_nano.a(lib_a-gdtoa-hexnan.o)
 .text.__match  0x00000000080088bc       0x28 c:/programs/st/stm32cubeide_1.10.1/stm32cubeide/plugins/com.st.stm32cube.ide.mcu.externaltools.gnu-tools-for-stm32.10.3-2021.10.win32_1.0.0.202111181127/tools/bin/../lib/gcc/arm-none-eabi/10.3.1/../../../../arm-none-eabi/lib/thumb/v7e-m+fp/hard\libc_nano.a(lib_a-gdtoa-hexnan.o)
                0x00000000080088bc                __match
 .text.__hexnan
                0x00000000080088e4      0x138 c:/programs/st/stm32cubeide_1.10.1/stm32cubeide/plugins/com.st.stm32cube.ide.mcu.externaltools.gnu-tools-for-stm32.10.3-2021.10.win32_1.0.0.202111181127/tools/bin/../lib/gcc/arm-none-eabi/10.3.1/../../../../arm-none-eabi/lib/thumb/v7e-m+fp/hard\libc_nano.a(lib_a-gdtoa-hexnan.o)
                0x00000000080088e4                __hexnan
 .text._localeconv_r
                0x0000000008008a1c        0x8 c:/programs/st/stm32cubeide_1.10.1/stm32cubeide/plugins/com.st.stm32cube.ide.mcu.externaltools.gnu-tools-for-stm32.10.3-2021.10.win32_1.0.0.202111181127/tools/bin/../lib/gcc/arm-none-eabi/10.3.1/../../../../arm-none-eabi/lib/thumb/v7e-m+fp/hard\libc_nano.a(lib_a-localeconv.o)
                0x0000000008008a1c                _localeconv_r
 .text.malloc   0x0000000008008a24       0x10 c:/programs/st/stm32cubeide_1.10.1/stm32cubeide/plugins/com.st.stm32cube.ide.mcu.externaltools.gnu-tools-for-stm32.10.3-2021.10.win32_1.0.0.202111181127/tools/bin/../lib/gcc/arm-none-eabi/10.3.1/../../../../arm-none-eabi/lib/thumb/v7e-m+fp/hard\libc_nano.a(lib_a-malloc.o)
                0x0000000008008a24                malloc
 .text.__ascii_mbtowc
                0x0000000008008a34       0x24 c:/programs/st/stm32cubeide_1.10.1/stm32cubeide/plugins/com.st.stm32cube.ide.mcu.externaltools.gnu-tools-for-stm32.10.3-2021.10.win32_1.0.0.202111181127/tools/bin/../lib/gcc/arm-none-eabi/10.3.1/../../../../arm-none-eabi/lib/thumb/v7e-m+fp/hard\libc_nano.a(lib_a-mbtowc_r.o)
                0x0000000008008a34                __ascii_mbtowc
 .text._Balloc  0x0000000008008a58       0x80 c:/programs/st/stm32cubeide_1.10.1/stm32cubeide/plugins/com.st.stm32cube.ide.mcu.externaltools.gnu-tools-for-stm32.10.3-2021.10.win32_1.0.0.202111181127/tools/bin/../lib/gcc/arm-none-eabi/10.3.1/../../../../arm-none-eabi/lib/thumb/v7e-m+fp/hard\libc_nano.a(lib_a-mprec.o)
                0x0000000008008a58                _Balloc
 .text._Bfree   0x0000000008008ad8       0x44 c:/programs/st/stm32cubeide_1.10.1/stm32cubeide/plugins/com.st.stm32cube.ide.mcu.externaltools.gnu-tools-for-stm32.10.3-2021.10.win32_1.0.0.202111181127/tools/bin/../lib/gcc/arm-none-eabi/10.3.1/../../../../arm-none-eabi/lib/thumb/v7e-m+fp/hard\libc_nano.a(lib_a-mprec.o)
                0x0000000008008ad8                _Bfree
 .text.__multadd
                0x0000000008008b1c       0x8c c:/programs/st/stm32cubeide_1.10.1/stm32cubeide/plugins/com.st.stm32cube.ide.mcu.externaltools.gnu-tools-for-stm32.10.3-2021.10.win32_1.0.0.202111181127/tools/bin/../lib/gcc/arm-none-eabi/10.3.1/../../../../arm-none-eabi/lib/thumb/v7e-m+fp/hard\libc_nano.a(lib_a-mprec.o)
                0x0000000008008b1c                __multadd
 .text.__s2b    0x0000000008008ba8       0x94 c:/programs/st/stm32cubeide_1.10.1/stm32cubeide/plugins/com.st.stm32cube.ide.mcu.externaltools.gnu-tools-for-stm32.10.3-2021.10.win32_1.0.0.202111181127/tools/bin/../lib/gcc/arm-none-eabi/10.3.1/../../../../arm-none-eabi/lib/thumb/v7e-m+fp/hard\libc_nano.a(lib_a-mprec.o)
                0x0000000008008ba8                __s2b
 .text.__hi0bits
                0x0000000008008c3c       0x40 c:/programs/st/stm32cubeide_1.10.1/stm32cubeide/plugins/com.st.stm32cube.ide.mcu.externaltools.gnu-tools-for-stm32.10.3-2021.10.win32_1.0.0.202111181127/tools/bin/../lib/gcc/arm-none-eabi/10.3.1/../../../../arm-none-eabi/lib/thumb/v7e-m+fp/hard\libc_nano.a(lib_a-mprec.o)
                0x0000000008008c3c                __hi0bits
 .text.__lo0bits
                0x0000000008008c7c       0x5e c:/programs/st/stm32cubeide_1.10.1/stm32cubeide/plugins/com.st.stm32cube.ide.mcu.externaltools.gnu-tools-for-stm32.10.3-2021.10.win32_1.0.0.202111181127/tools/bin/../lib/gcc/arm-none-eabi/10.3.1/../../../../arm-none-eabi/lib/thumb/v7e-m+fp/hard\libc_nano.a(lib_a-mprec.o)
                0x0000000008008c7c                __lo0bits
 *fill*         0x0000000008008cda        0x2 
 .text.__i2b    0x0000000008008cdc       0x2c c:/programs/st/stm32cubeide_1.10.1/stm32cubeide/plugins/com.st.stm32cube.ide.mcu.externaltools.gnu-tools-for-stm32.10.3-2021.10.win32_1.0.0.202111181127/tools/bin/../lib/gcc/arm-none-eabi/10.3.1/../../../../arm-none-eabi/lib/thumb/v7e-m+fp/hard\libc_nano.a(lib_a-mprec.o)
                0x0000000008008cdc                __i2b
 .text.__multiply
                0x0000000008008d08      0x154 c:/programs/st/stm32cubeide_1.10.1/stm32cubeide/plugins/com.st.stm32cube.ide.mcu.externaltools.gnu-tools-for-stm32.10.3-2021.10.win32_1.0.0.202111181127/tools/bin/../lib/gcc/arm-none-eabi/10.3.1/../../../../arm-none-eabi/lib/thumb/v7e-m+fp/hard\libc_nano.a(lib_a-mprec.o)
                0x0000000008008d08                __multiply
 .text.__pow5mult
                0x0000000008008e5c       0xb4 c:/programs/st/stm32cubeide_1.10.1/stm32cubeide/plugins/com.st.stm32cube.ide.mcu.externaltools.gnu-tools-for-stm32.10.3-2021.10.win32_1.0.0.202111181127/tools/bin/../lib/gcc/arm-none-eabi/10.3.1/../../../../arm-none-eabi/lib/thumb/v7e-m+fp/hard\libc_nano.a(lib_a-mprec.o)
                0x0000000008008e5c                __pow5mult
 .text.__lshift
                0x0000000008008f10       0xe0 c:/programs/st/stm32cubeide_1.10.1/stm32cubeide/plugins/com.st.stm32cube.ide.mcu.externaltools.gnu-tools-for-stm32.10.3-2021.10.win32_1.0.0.202111181127/tools/bin/../lib/gcc/arm-none-eabi/10.3.1/../../../../arm-none-eabi/lib/thumb/v7e-m+fp/hard\libc_nano.a(lib_a-mprec.o)
                0x0000000008008f10                __lshift
 .text.__mcmp   0x0000000008008ff0       0x38 c:/programs/st/stm32cubeide_1.10.1/stm32cubeide/plugins/com.st.stm32cube.ide.mcu.externaltools.gnu-tools-for-stm32.10.3-2021.10.win32_1.0.0.202111181127/tools/bin/../lib/gcc/arm-none-eabi/10.3.1/../../../../arm-none-eabi/lib/thumb/v7e-m+fp/hard\libc_nano.a(lib_a-mprec.o)
                0x0000000008008ff0                __mcmp
 .text.__mdiff  0x0000000008009028      0x114 c:/programs/st/stm32cubeide_1.10.1/stm32cubeide/plugins/com.st.stm32cube.ide.mcu.externaltools.gnu-tools-for-stm32.10.3-2021.10.win32_1.0.0.202111181127/tools/bin/../lib/gcc/arm-none-eabi/10.3.1/../../../../arm-none-eabi/lib/thumb/v7e-m+fp/hard\libc_nano.a(lib_a-mprec.o)
                0x0000000008009028                __mdiff
 .text.__ulp    0x000000000800913c       0x58 c:/programs/st/stm32cubeide_1.10.1/stm32cubeide/plugins/com.st.stm32cube.ide.mcu.externaltools.gnu-tools-for-stm32.10.3-2021.10.win32_1.0.0.202111181127/tools/bin/../lib/gcc/arm-none-eabi/10.3.1/../../../../arm-none-eabi/lib/thumb/v7e-m+fp/hard\libc_nano.a(lib_a-mprec.o)
                0x000000000800913c                __ulp
 .text.__b2d    0x0000000008009194       0xa0 c:/programs/st/stm32cubeide_1.10.1/stm32cubeide/plugins/com.st.stm32cube.ide.mcu.externaltools.gnu-tools-for-stm32.10.3-2021.10.win32_1.0.0.202111181127/tools/bin/../lib/gcc/arm-none-eabi/10.3.1/../../../../arm-none-eabi/lib/thumb/v7e-m+fp/hard\libc_nano.a(lib_a-mprec.o)
                0x0000000008009194                __b2d
 .text.__d2b    0x0000000008009234       0xb8 c:/programs/st/stm32cubeide_1.10.1/stm32cubeide/plugins/com.st.stm32cube.ide.mcu.externaltools.gnu-tools-for-stm32.10.3-2021.10.win32_1.0.0.202111181127/tools/bin/../lib/gcc/arm-none-eabi/10.3.1/../../../../arm-none-eabi/lib/thumb/v7e-m+fp/hard\libc_nano.a(lib_a-mprec.o)
                0x0000000008009234                __d2b
 .text.__ratio  0x00000000080092ec       0x66 c:/programs/st/stm32cubeide_1.10.1/stm32cubeide/plugins/com.st.stm32cube.ide.mcu.externaltools.gnu-tools-for-stm32.10.3-2021.10.win32_1.0.0.202111181127/tools/bin/../lib/gcc/arm-none-eabi/10.3.1/../../../../arm-none-eabi/lib/thumb/v7e-m+fp/hard\libc_nano.a(lib_a-mprec.o)
                0x00000000080092ec                __ratio
 .text.__copybits
                0x0000000008009352       0x46 c:/programs/st/stm32cubeide_1.10.1/stm32cubeide/plugins/com.st.stm32cube.ide.mcu.externaltools.gnu-tools-for-stm32.10.3-2021.10.win32_1.0.0.202111181127/tools/bin/../lib/gcc/arm-none-eabi/10.3.1/../../../../arm-none-eabi/lib/thumb/v7e-m+fp/hard\libc_nano.a(lib_a-mprec.o)
                0x0000000008009352                __copybits
 .text.__any_on
                0x0000000008009398       0x42 c:/programs/st/stm32cubeide_1.10.1/stm32cubeide/plugins/com.st.stm32cube.ide.mcu.externaltools.gnu-tools-for-stm32.10.3-2021.10.win32_1.0.0.202111181127/tools/bin/../lib/gcc/arm-none-eabi/10.3.1/../../../../arm-none-eabi/lib/thumb/v7e-m+fp/hard\libc_nano.a(lib_a-mprec.o)
                0x0000000008009398                __any_on
 .text._calloc_r
                0x00000000080093da       0x2c c:/programs/st/stm32cubeide_1.10.1/stm32cubeide/plugins/com.st.stm32cube.ide.mcu.externaltools.gnu-tools-for-stm32.10.3-2021.10.win32_1.0.0.202111181127/tools/bin/../lib/gcc/arm-none-eabi/10.3.1/../../../../arm-none-eabi/lib/thumb/v7e-m+fp/hard\libc_nano.a(lib_a-nano-callocr.o)
                0x00000000080093da                _calloc_r
 *fill*         0x0000000008009406        0x2 
 .text._free_r  0x0000000008009408       0x98 c:/programs/st/stm32cubeide_1.10.1/stm32cubeide/plugins/com.st.stm32cube.ide.mcu.externaltools.gnu-tools-for-stm32.10.3-2021.10.win32_1.0.0.202111181127/tools/bin/../lib/gcc/arm-none-eabi/10.3.1/../../../../arm-none-eabi/lib/thumb/v7e-m+fp/hard\libc_nano.a(lib_a-nano-freer.o)
                0x0000000008009408                _free_r
 .text.sbrk_aligned
                0x00000000080094a0       0x40 c:/programs/st/stm32cubeide_1.10.1/stm32cubeide/plugins/com.st.stm32cube.ide.mcu.externaltools.gnu-tools-for-stm32.10.3-2021.10.win32_1.0.0.202111181127/tools/bin/../lib/gcc/arm-none-eabi/10.3.1/../../../../arm-none-eabi/lib/thumb/v7e-m+fp/hard\libc_nano.a(lib_a-nano-mallocr.o)
 .text._malloc_r
                0x00000000080094e0       0xe8 c:/programs/st/stm32cubeide_1.10.1/stm32cubeide/plugins/com.st.stm32cube.ide.mcu.externaltools.gnu-tools-for-stm32.10.3-2021.10.win32_1.0.0.202111181127/tools/bin/../lib/gcc/arm-none-eabi/10.3.1/../../../../arm-none-eabi/lib/thumb/v7e-m+fp/hard\libc_nano.a(lib_a-nano-mallocr.o)
                0x00000000080094e0                _malloc_r
 .text.__ssputs_r
                0x00000000080095c8       0xb6 c:/programs/st/stm32cubeide_1.10.1/stm32cubeide/plugins/com.st.stm32cube.ide.mcu.externaltools.gnu-tools-for-stm32.10.3-2021.10.win32_1.0.0.202111181127/tools/bin/../lib/gcc/arm-none-eabi/10.3.1/../../../../arm-none-eabi/lib/thumb/v7e-m+fp/hard\libc_nano.a(lib_a-nano-svfprintf.o)
                0x00000000080095c8                __ssputs_r
 *fill*         0x000000000800967e        0x2 
 .text._svfprintf_r
                0x0000000008009680      0x200 c:/programs/st/stm32cubeide_1.10.1/stm32cubeide/plugins/com.st.stm32cube.ide.mcu.externaltools.gnu-tools-for-stm32.10.3-2021.10.win32_1.0.0.202111181127/tools/bin/../lib/gcc/arm-none-eabi/10.3.1/../../../../arm-none-eabi/lib/thumb/v7e-m+fp/hard\libc_nano.a(lib_a-nano-svfprintf.o)
                0x0000000008009680                _svfiprintf_r
                0x0000000008009680                _svfprintf_r
 .text.__fpclassifyd
                0x0000000008009880       0x54 c:/programs/st/stm32cubeide_1.10.1/stm32cubeide/plugins/com.st.stm32cube.ide.mcu.externaltools.gnu-tools-for-stm32.10.3-2021.10.win32_1.0.0.202111181127/tools/bin/../lib/gcc/arm-none-eabi/10.3.1/../../../../arm-none-eabi/lib/thumb/v7e-m+fp/hard\libc_nano.a(lib_a-s_fpclassify.o)
                0x0000000008009880                __fpclassifyd
 *fill*         0x00000000080098d4        0x4 
 .text.nan      0x00000000080098d8       0x10 c:/programs/st/stm32cubeide_1.10.1/stm32cubeide/plugins/com.st.stm32cube.ide.mcu.externaltools.gnu-tools-for-stm32.10.3-2021.10.win32_1.0.0.202111181127/tools/bin/../lib/gcc/arm-none-eabi/10.3.1/../../../../arm-none-eabi/lib/thumb/v7e-m+fp/hard\libc_nano.a(lib_a-s_nan.o)
                0x00000000080098d8                nan
 .text._sbrk_r  0x00000000080098e8       0x20 c:/programs/st/stm32cubeide_1.10.1/stm32cubeide/plugins/com.st.stm32cube.ide.mcu.externaltools.gnu-tools-for-stm32.10.3-2021.10.win32_1.0.0.202111181127/tools/bin/../lib/gcc/arm-none-eabi/10.3.1/../../../../arm-none-eabi/lib/thumb/v7e-m+fp/hard\libc_nano.a(lib_a-sbrkr.o)
                0x00000000080098e8                _sbrk_r
 .text.strncmp  0x0000000008009908       0x28 c:/programs/st/stm32cubeide_1.10.1/stm32cubeide/plugins/com.st.stm32cube.ide.mcu.externaltools.gnu-tools-for-stm32.10.3-2021.10.win32_1.0.0.202111181127/tools/bin/../lib/gcc/arm-none-eabi/10.3.1/../../../../arm-none-eabi/lib/thumb/v7e-m+fp/hard\libc_nano.a(lib_a-strncmp.o)
                0x0000000008009908                strncmp
 .text.__ascii_wctomb
                0x0000000008009930       0x1a c:/programs/st/stm32cubeide_1.10.1/stm32cubeide/plugins/com.st.stm32cube.ide.mcu.externaltools.gnu-tools-for-stm32.10.3-2021.10.win32_1.0.0.202111181127/tools/bin/../lib/gcc/arm-none-eabi/10.3.1/../../../../arm-none-eabi/lib/thumb/v7e-m+fp/hard\libc_nano.a(lib_a-wctomb_r.o)
                0x0000000008009930                __ascii_wctomb
 *fill*         0x000000000800994a        0x2 
 .text.__assert_func
                0x000000000800994c       0x3c c:/programs/st/stm32cubeide_1.10.1/stm32cubeide/plugins/com.st.stm32cube.ide.mcu.externaltools.gnu-tools-for-stm32.10.3-2021.10.win32_1.0.0.202111181127/tools/bin/../lib/gcc/arm-none-eabi/10.3.1/../../../../arm-none-eabi/lib/thumb/v7e-m+fp/hard\libc_nano.a(lib_a-assert.o)
                0x000000000800994c                __assert_func
 .text.fprintf  0x0000000008009988       0x24 c:/programs/st/stm32cubeide_1.10.1/stm32cubeide/plugins/com.st.stm32cube.ide.mcu.externaltools.gnu-tools-for-stm32.10.3-2021.10.win32_1.0.0.202111181127/tools/bin/../lib/gcc/arm-none-eabi/10.3.1/../../../../arm-none-eabi/lib/thumb/v7e-m+fp/hard\libc_nano.a(lib_a-fprintf.o)
                0x0000000008009988                fiprintf
                0x0000000008009988                fprintf
 .text.memmove  0x00000000080099ac       0x34 c:/programs/st/stm32cubeide_1.10.1/stm32cubeide/plugins/com.st.stm32cube.ide.mcu.externaltools.gnu-tools-for-stm32.10.3-2021.10.win32_1.0.0.202111181127/tools/bin/../lib/gcc/arm-none-eabi/10.3.1/../../../../arm-none-eabi/lib/thumb/v7e-m+fp/hard\libc_nano.a(lib_a-memmove.o)
                0x00000000080099ac                memmove
 .text.__malloc_lock
                0x00000000080099e0        0xc c:/programs/st/stm32cubeide_1.10.1/stm32cubeide/plugins/com.st.stm32cube.ide.mcu.externaltools.gnu-tools-for-stm32.10.3-2021.10.win32_1.0.0.202111181127/tools/bin/../lib/gcc/arm-none-eabi/10.3.1/../../../../arm-none-eabi/lib/thumb/v7e-m+fp/hard\libc_nano.a(lib_a-mlock.o)
                0x00000000080099e0                __malloc_lock
 .text.__malloc_unlock
                0x00000000080099ec        0xc c:/programs/st/stm32cubeide_1.10.1/stm32cubeide/plugins/com.st.stm32cube.ide.mcu.externaltools.gnu-tools-for-stm32.10.3-2021.10.win32_1.0.0.202111181127/tools/bin/../lib/gcc/arm-none-eabi/10.3.1/../../../../arm-none-eabi/lib/thumb/v7e-m+fp/hard\libc_nano.a(lib_a-mlock.o)
                0x00000000080099ec                __malloc_unlock
 .text._realloc_r
                0x00000000080099f8       0x5e c:/programs/st/stm32cubeide_1.10.1/stm32cubeide/plugins/com.st.stm32cube.ide.mcu.externaltools.gnu-tools-for-stm32.10.3-2021.10.win32_1.0.0.202111181127/tools/bin/../lib/gcc/arm-none-eabi/10.3.1/../../../../arm-none-eabi/lib/thumb/v7e-m+fp/hard\libc_nano.a(lib_a-nano-reallocr.o)
                0x00000000080099f8                _realloc_r
 .text.__sfputc_r
                0x0000000008009a56       0x2e c:/programs/st/stm32cubeide_1.10.1/stm32cubeide/plugins/com.st.stm32cube.ide.mcu.externaltools.gnu-tools-for-stm32.10.3-2021.10.win32_1.0.0.202111181127/tools/bin/../lib/gcc/arm-none-eabi/10.3.1/../../../../arm-none-eabi/lib/thumb/v7e-m+fp/hard\libc_nano.a(lib_a-nano-vfprintf.o)
 .text.__sfputs_r
                0x0000000008009a84       0x24 c:/programs/st/stm32cubeide_1.10.1/stm32cubeide/plugins/com.st.stm32cube.ide.mcu.externaltools.gnu-tools-for-stm32.10.3-2021.10.win32_1.0.0.202111181127/tools/bin/../lib/gcc/arm-none-eabi/10.3.1/../../../../arm-none-eabi/lib/thumb/v7e-m+fp/hard\libc_nano.a(lib_a-nano-vfprintf.o)
                0x0000000008009a84                __sfputs_r
 .text._vfprintf_r
                0x0000000008009aa8      0x260 c:/programs/st/stm32cubeide_1.10.1/stm32cubeide/plugins/com.st.stm32cube.ide.mcu.externaltools.gnu-tools-for-stm32.10.3-2021.10.win32_1.0.0.202111181127/tools/bin/../lib/gcc/arm-none-eabi/10.3.1/../../../../arm-none-eabi/lib/thumb/v7e-m+fp/hard\libc_nano.a(lib_a-nano-vfprintf.o)
                0x0000000008009aa8                _vfprintf_r
                0x0000000008009aa8                _vfiprintf_r
 .text.__swbuf_r
                0x0000000008009d08       0xa4 c:/programs/st/stm32cubeide_1.10.1/stm32cubeide/plugins/com.st.stm32cube.ide.mcu.externaltools.gnu-tools-for-stm32.10.3-2021.10.win32_1.0.0.202111181127/tools/bin/../lib/gcc/arm-none-eabi/10.3.1/../../../../arm-none-eabi/lib/thumb/v7e-m+fp/hard\libc_nano.a(lib_a-wbuf.o)
                0x0000000008009d08                __swbuf_r
 .text.__swsetup_r
                0x0000000008009dac       0xdc c:/programs/st/stm32cubeide_1.10.1/stm32cubeide/plugins/com.st.stm32cube.ide.mcu.externaltools.gnu-tools-for-stm32.10.3-2021.10.win32_1.0.0.202111181127/tools/bin/../lib/gcc/arm-none-eabi/10.3.1/../../../../arm-none-eabi/lib/thumb/v7e-m+fp/hard\libc_nano.a(lib_a-wsetup.o)
                0x0000000008009dac                __swsetup_r
 .text.abort    0x0000000008009e88        0xe c:/programs/st/stm32cubeide_1.10.1/stm32cubeide/plugins/com.st.stm32cube.ide.mcu.externaltools.gnu-tools-for-stm32.10.3-2021.10.win32_1.0.0.202111181127/tools/bin/../lib/gcc/arm-none-eabi/10.3.1/../../../../arm-none-eabi/lib/thumb/v7e-m+fp/hard\libc_nano.a(lib_a-abort.o)
                0x0000000008009e88                abort
 *fill*         0x0000000008009e96        0x2 
 .text.__sflush_r
                0x0000000008009e98      0x10c c:/programs/st/stm32cubeide_1.10.1/stm32cubeide/plugins/com.st.stm32cube.ide.mcu.externaltools.gnu-tools-for-stm32.10.3-2021.10.win32_1.0.0.202111181127/tools/bin/../lib/gcc/arm-none-eabi/10.3.1/../../../../arm-none-eabi/lib/thumb/v7e-m+fp/hard\libc_nano.a(lib_a-fflush.o)
                0x0000000008009e98                __sflush_r
 .text._fflush_r
                0x0000000008009fa4       0x78 c:/programs/st/stm32cubeide_1.10.1/stm32cubeide/plugins/com.st.stm32cube.ide.mcu.externaltools.gnu-tools-for-stm32.10.3-2021.10.win32_1.0.0.202111181127/tools/bin/../lib/gcc/arm-none-eabi/10.3.1/../../../../arm-none-eabi/lib/thumb/v7e-m+fp/hard\libc_nano.a(lib_a-fflush.o)
                0x0000000008009fa4                _fflush_r
 .text.std      0x000000000800a01c       0x48 c:/programs/st/stm32cubeide_1.10.1/stm32cubeide/plugins/com.st.stm32cube.ide.mcu.externaltools.gnu-tools-for-stm32.10.3-2021.10.win32_1.0.0.202111181127/tools/bin/../lib/gcc/arm-none-eabi/10.3.1/../../../../arm-none-eabi/lib/thumb/v7e-m+fp/hard\libc_nano.a(lib_a-findfp.o)
 .text._cleanup_r
                0x000000000800a064        0xc c:/programs/st/stm32cubeide_1.10.1/stm32cubeide/plugins/com.st.stm32cube.ide.mcu.externaltools.gnu-tools-for-stm32.10.3-2021.10.win32_1.0.0.202111181127/tools/bin/../lib/gcc/arm-none-eabi/10.3.1/../../../../arm-none-eabi/lib/thumb/v7e-m+fp/hard\libc_nano.a(lib_a-findfp.o)
                0x000000000800a064                _cleanup_r
 .text.__sfmoreglue
                0x000000000800a070       0x2c c:/programs/st/stm32cubeide_1.10.1/stm32cubeide/plugins/com.st.stm32cube.ide.mcu.externaltools.gnu-tools-for-stm32.10.3-2021.10.win32_1.0.0.202111181127/tools/bin/../lib/gcc/arm-none-eabi/10.3.1/../../../../arm-none-eabi/lib/thumb/v7e-m+fp/hard\libc_nano.a(lib_a-findfp.o)
                0x000000000800a070                __sfmoreglue
 .text.__sfp_lock_acquire
                0x000000000800a09c        0xc c:/programs/st/stm32cubeide_1.10.1/stm32cubeide/plugins/com.st.stm32cube.ide.mcu.externaltools.gnu-tools-for-stm32.10.3-2021.10.win32_1.0.0.202111181127/tools/bin/../lib/gcc/arm-none-eabi/10.3.1/../../../../arm-none-eabi/lib/thumb/v7e-m+fp/hard\libc_nano.a(lib_a-findfp.o)
                0x000000000800a09c                __sfp_lock_acquire
 .text.__sfp_lock_release
                0x000000000800a0a8        0xc c:/programs/st/stm32cubeide_1.10.1/stm32cubeide/plugins/com.st.stm32cube.ide.mcu.externaltools.gnu-tools-for-stm32.10.3-2021.10.win32_1.0.0.202111181127/tools/bin/../lib/gcc/arm-none-eabi/10.3.1/../../../../arm-none-eabi/lib/thumb/v7e-m+fp/hard\libc_nano.a(lib_a-findfp.o)
                0x000000000800a0a8                __sfp_lock_release
 .text.__sinit_lock_acquire
                0x000000000800a0b4        0xc c:/programs/st/stm32cubeide_1.10.1/stm32cubeide/plugins/com.st.stm32cube.ide.mcu.externaltools.gnu-tools-for-stm32.10.3-2021.10.win32_1.0.0.202111181127/tools/bin/../lib/gcc/arm-none-eabi/10.3.1/../../../../arm-none-eabi/lib/thumb/v7e-m+fp/hard\libc_nano.a(lib_a-findfp.o)
                0x000000000800a0b4                __sinit_lock_acquire
 .text.__sinit_lock_release
                0x000000000800a0c0        0xc c:/programs/st/stm32cubeide_1.10.1/stm32cubeide/plugins/com.st.stm32cube.ide.mcu.externaltools.gnu-tools-for-stm32.10.3-2021.10.win32_1.0.0.202111181127/tools/bin/../lib/gcc/arm-none-eabi/10.3.1/../../../../arm-none-eabi/lib/thumb/v7e-m+fp/hard\libc_nano.a(lib_a-findfp.o)
                0x000000000800a0c0                __sinit_lock_release
 .text.__sinit  0x000000000800a0cc       0x70 c:/programs/st/stm32cubeide_1.10.1/stm32cubeide/plugins/com.st.stm32cube.ide.mcu.externaltools.gnu-tools-for-stm32.10.3-2021.10.win32_1.0.0.202111181127/tools/bin/../lib/gcc/arm-none-eabi/10.3.1/../../../../arm-none-eabi/lib/thumb/v7e-m+fp/hard\libc_nano.a(lib_a-findfp.o)
                0x000000000800a0cc                __sinit
 .text.__sfp    0x000000000800a13c       0x8c c:/programs/st/stm32cubeide_1.10.1/stm32cubeide/plugins/com.st.stm32cube.ide.mcu.externaltools.gnu-tools-for-stm32.10.3-2021.10.win32_1.0.0.202111181127/tools/bin/../lib/gcc/arm-none-eabi/10.3.1/../../../../arm-none-eabi/lib/thumb/v7e-m+fp/hard\libc_nano.a(lib_a-findfp.o)
                0x000000000800a13c                __sfp
 .text._fwalk_reent
                0x000000000800a1c8       0x3e c:/programs/st/stm32cubeide_1.10.1/stm32cubeide/plugins/com.st.stm32cube.ide.mcu.externaltools.gnu-tools-for-stm32.10.3-2021.10.win32_1.0.0.202111181127/tools/bin/../lib/gcc/arm-none-eabi/10.3.1/../../../../arm-none-eabi/lib/thumb/v7e-m+fp/hard\libc_nano.a(lib_a-fwalk.o)
                0x000000000800a1c8                _fwalk_reent
 .text.__retarget_lock_init_recursive
                0x000000000800a206        0x2 c:/programs/st/stm32cubeide_1.10.1/stm32cubeide/plugins/com.st.stm32cube.ide.mcu.externaltools.gnu-tools-for-stm32.10.3-2021.10.win32_1.0.0.202111181127/tools/bin/../lib/gcc/arm-none-eabi/10.3.1/../../../../arm-none-eabi/lib/thumb/v7e-m+fp/hard\libc_nano.a(lib_a-lock.o)
                0x000000000800a206                __retarget_lock_init_recursive
 .text.__retarget_lock_acquire_recursive
                0x000000000800a208        0x2 c:/programs/st/stm32cubeide_1.10.1/stm32cubeide/plugins/com.st.stm32cube.ide.mcu.externaltools.gnu-tools-for-stm32.10.3-2021.10.win32_1.0.0.202111181127/tools/bin/../lib/gcc/arm-none-eabi/10.3.1/../../../../arm-none-eabi/lib/thumb/v7e-m+fp/hard\libc_nano.a(lib_a-lock.o)
                0x000000000800a208                __retarget_lock_acquire_recursive
 .text.__retarget_lock_release_recursive
                0x000000000800a20a        0x2 c:/programs/st/stm32cubeide_1.10.1/stm32cubeide/plugins/com.st.stm32cube.ide.mcu.externaltools.gnu-tools-for-stm32.10.3-2021.10.win32_1.0.0.202111181127/tools/bin/../lib/gcc/arm-none-eabi/10.3.1/../../../../arm-none-eabi/lib/thumb/v7e-m+fp/hard\libc_nano.a(lib_a-lock.o)
                0x000000000800a20a                __retarget_lock_release_recursive
 .text.__swhatbuf_r
                0x000000000800a20c       0x4a c:/programs/st/stm32cubeide_1.10.1/stm32cubeide/plugins/com.st.stm32cube.ide.mcu.externaltools.gnu-tools-for-stm32.10.3-2021.10.win32_1.0.0.202111181127/tools/bin/../lib/gcc/arm-none-eabi/10.3.1/../../../../arm-none-eabi/lib/thumb/v7e-m+fp/hard\libc_nano.a(lib_a-makebuf.o)
                0x000000000800a20c                __swhatbuf_r
 *fill*         0x000000000800a256        0x2 
 .text.__smakebuf_r
                0x000000000800a258       0x80 c:/programs/st/stm32cubeide_1.10.1/stm32cubeide/plugins/com.st.stm32cube.ide.mcu.externaltools.gnu-tools-for-stm32.10.3-2021.10.win32_1.0.0.202111181127/tools/bin/../lib/gcc/arm-none-eabi/10.3.1/../../../../arm-none-eabi/lib/thumb/v7e-m+fp/hard\libc_nano.a(lib_a-makebuf.o)
                0x000000000800a258                __smakebuf_r
 .text._malloc_usable_size_r
                0x000000000800a2d8       0x10 c:/programs/st/stm32cubeide_1.10.1/stm32cubeide/plugins/com.st.stm32cube.ide.mcu.externaltools.gnu-tools-for-stm32.10.3-2021.10.win32_1.0.0.202111181127/tools/bin/../lib/gcc/arm-none-eabi/10.3.1/../../../../arm-none-eabi/lib/thumb/v7e-m+fp/hard\libc_nano.a(lib_a-nano-msizer.o)
                0x000000000800a2d8                _malloc_usable_size_r
 .text._raise_r
                0x000000000800a2e8       0x50 c:/programs/st/stm32cubeide_1.10.1/stm32cubeide/plugins/com.st.stm32cube.ide.mcu.externaltools.gnu-tools-for-stm32.10.3-2021.10.win32_1.0.0.202111181127/tools/bin/../lib/gcc/arm-none-eabi/10.3.1/../../../../arm-none-eabi/lib/thumb/v7e-m+fp/hard\libc_nano.a(lib_a-signal.o)
                0x000000000800a2e8                _raise_r
 .text.raise    0x000000000800a338       0x10 c:/programs/st/stm32cubeide_1.10.1/stm32cubeide/plugins/com.st.stm32cube.ide.mcu.externaltools.gnu-tools-for-stm32.10.3-2021.10.win32_1.0.0.202111181127/tools/bin/../lib/gcc/arm-none-eabi/10.3.1/../../../../arm-none-eabi/lib/thumb/v7e-m+fp/hard\libc_nano.a(lib_a-signal.o)
                0x000000000800a338                raise
 .text._kill_r  0x000000000800a348       0x24 c:/programs/st/stm32cubeide_1.10.1/stm32cubeide/plugins/com.st.stm32cube.ide.mcu.externaltools.gnu-tools-for-stm32.10.3-2021.10.win32_1.0.0.202111181127/tools/bin/../lib/gcc/arm-none-eabi/10.3.1/../../../../arm-none-eabi/lib/thumb/v7e-m+fp/hard\libc_nano.a(lib_a-signalr.o)
                0x000000000800a348                _kill_r
 .text._getpid_r
                0x000000000800a36c        0x4 c:/programs/st/stm32cubeide_1.10.1/stm32cubeide/plugins/com.st.stm32cube.ide.mcu.externaltools.gnu-tools-for-stm32.10.3-2021.10.win32_1.0.0.202111181127/tools/bin/../lib/gcc/arm-none-eabi/10.3.1/../../../../arm-none-eabi/lib/thumb/v7e-m+fp/hard\libc_nano.a(lib_a-signalr.o)
                0x000000000800a36c                _getpid_r
 .text.__sread  0x000000000800a370       0x22 c:/programs/st/stm32cubeide_1.10.1/stm32cubeide/plugins/com.st.stm32cube.ide.mcu.externaltools.gnu-tools-for-stm32.10.3-2021.10.win32_1.0.0.202111181127/tools/bin/../lib/gcc/arm-none-eabi/10.3.1/../../../../arm-none-eabi/lib/thumb/v7e-m+fp/hard\libc_nano.a(lib_a-stdio.o)
                0x000000000800a370                __sread
 .text.__swrite
                0x000000000800a392       0x38 c:/programs/st/stm32cubeide_1.10.1/stm32cubeide/plugins/com.st.stm32cube.ide.mcu.externaltools.gnu-tools-for-stm32.10.3-2021.10.win32_1.0.0.202111181127/tools/bin/../lib/gcc/arm-none-eabi/10.3.1/../../../../arm-none-eabi/lib/thumb/v7e-m+fp/hard\libc_nano.a(lib_a-stdio.o)
                0x000000000800a392                __swrite
 .text.__sseek  0x000000000800a3ca       0x24 c:/programs/st/stm32cubeide_1.10.1/stm32cubeide/plugins/com.st.stm32cube.ide.mcu.externaltools.gnu-tools-for-stm32.10.3-2021.10.win32_1.0.0.202111181127/tools/bin/../lib/gcc/arm-none-eabi/10.3.1/../../../../arm-none-eabi/lib/thumb/v7e-m+fp/hard\libc_nano.a(lib_a-stdio.o)
                0x000000000800a3ca                __sseek
 .text.__sclose
                0x000000000800a3ee        0x8 c:/programs/st/stm32cubeide_1.10.1/stm32cubeide/plugins/com.st.stm32cube.ide.mcu.externaltools.gnu-tools-for-stm32.10.3-2021.10.win32_1.0.0.202111181127/tools/bin/../lib/gcc/arm-none-eabi/10.3.1/../../../../arm-none-eabi/lib/thumb/v7e-m+fp/hard\libc_nano.a(lib_a-stdio.o)
                0x000000000800a3ee                __sclose
 *fill*         0x000000000800a3f6        0x2 
 .text._write_r
                0x000000000800a3f8       0x24 c:/programs/st/stm32cubeide_1.10.1/stm32cubeide/plugins/com.st.stm32cube.ide.mcu.externaltools.gnu-tools-for-stm32.10.3-2021.10.win32_1.0.0.202111181127/tools/bin/../lib/gcc/arm-none-eabi/10.3.1/../../../../arm-none-eabi/lib/thumb/v7e-m+fp/hard\libc_nano.a(lib_a-writer.o)
                0x000000000800a3f8                _write_r
 .text._close_r
                0x000000000800a41c       0x20 c:/programs/st/stm32cubeide_1.10.1/stm32cubeide/plugins/com.st.stm32cube.ide.mcu.externaltools.gnu-tools-for-stm32.10.3-2021.10.win32_1.0.0.202111181127/tools/bin/../lib/gcc/arm-none-eabi/10.3.1/../../../../arm-none-eabi/lib/thumb/v7e-m+fp/hard\libc_nano.a(lib_a-closer.o)
                0x000000000800a41c                _close_r
 .text._fstat_r
                0x000000000800a43c       0x24 c:/programs/st/stm32cubeide_1.10.1/stm32cubeide/plugins/com.st.stm32cube.ide.mcu.externaltools.gnu-tools-for-stm32.10.3-2021.10.win32_1.0.0.202111181127/tools/bin/../lib/gcc/arm-none-eabi/10.3.1/../../../../arm-none-eabi/lib/thumb/v7e-m+fp/hard\libc_nano.a(lib_a-fstatr.o)
                0x000000000800a43c                _fstat_r
 .text._isatty_r
                0x000000000800a460       0x20 c:/programs/st/stm32cubeide_1.10.1/stm32cubeide/plugins/com.st.stm32cube.ide.mcu.externaltools.gnu-tools-for-stm32.10.3-2021.10.win32_1.0.0.202111181127/tools/bin/../lib/gcc/arm-none-eabi/10.3.1/../../../../arm-none-eabi/lib/thumb/v7e-m+fp/hard\libc_nano.a(lib_a-isattyr.o)
                0x000000000800a460                _isatty_r
 .text._lseek_r
                0x000000000800a480       0x24 c:/programs/st/stm32cubeide_1.10.1/stm32cubeide/plugins/com.st.stm32cube.ide.mcu.externaltools.gnu-tools-for-stm32.10.3-2021.10.win32_1.0.0.202111181127/tools/bin/../lib/gcc/arm-none-eabi/10.3.1/../../../../arm-none-eabi/lib/thumb/v7e-m+fp/hard\libc_nano.a(lib_a-lseekr.o)
                0x000000000800a480                _lseek_r
 .text._read_r  0x000000000800a4a4       0x24 c:/programs/st/stm32cubeide_1.10.1/stm32cubeide/plugins/com.st.stm32cube.ide.mcu.externaltools.gnu-tools-for-stm32.10.3-2021.10.win32_1.0.0.202111181127/tools/bin/../lib/gcc/arm-none-eabi/10.3.1/../../../../arm-none-eabi/lib/thumb/v7e-m+fp/hard\libc_nano.a(lib_a-readr.o)
                0x000000000800a4a4                _read_r
 .text.round    0x000000000800a4c8       0x8c c:/programs/st/stm32cubeide_1.10.1/stm32cubeide/plugins/com.st.stm32cube.ide.mcu.externaltools.gnu-tools-for-stm32.10.3-2021.10.win32_1.0.0.202111181127/tools/bin/../lib/gcc/arm-none-eabi/10.3.1/../../../../arm-none-eabi/lib/thumb/v7e-m+fp/hard\libm.a(lib_a-s_round.o)
                0x000000000800a4c8                round
 .text.pow      0x000000000800a554       0xe0 c:/programs/st/stm32cubeide_1.10.1/stm32cubeide/plugins/com.st.stm32cube.ide.mcu.externaltools.gnu-tools-for-stm32.10.3-2021.10.win32_1.0.0.202111181127/tools/bin/../lib/gcc/arm-none-eabi/10.3.1/../../../../arm-none-eabi/lib/thumb/v7e-m+fp/hard\libm.a(lib_a-w_pow.o)
                0x000000000800a554                pow
 *fill*         0x000000000800a634        0x4 
 .text.__ieee754_pow
                0x000000000800a638      0xa5c c:/programs/st/stm32cubeide_1.10.1/stm32cubeide/plugins/com.st.stm32cube.ide.mcu.externaltools.gnu-tools-for-stm32.10.3-2021.10.win32_1.0.0.202111181127/tools/bin/../lib/gcc/arm-none-eabi/10.3.1/../../../../arm-none-eabi/lib/thumb/v7e-m+fp/hard\libm.a(lib_a-e_pow.o)
                0x000000000800a638                __ieee754_pow
 .text.__ieee754_sqrt
                0x000000000800b094      0x164 c:/programs/st/stm32cubeide_1.10.1/stm32cubeide/plugins/com.st.stm32cube.ide.mcu.externaltools.gnu-tools-for-stm32.10.3-2021.10.win32_1.0.0.202111181127/tools/bin/../lib/gcc/arm-none-eabi/10.3.1/../../../../arm-none-eabi/lib/thumb/v7e-m+fp/hard\libm.a(lib_a-e_sqrt.o)
                0x000000000800b094                __ieee754_sqrt
 .text.with_errno
                0x000000000800b1f8       0x14 c:/programs/st/stm32cubeide_1.10.1/stm32cubeide/plugins/com.st.stm32cube.ide.mcu.externaltools.gnu-tools-for-stm32.10.3-2021.10.win32_1.0.0.202111181127/tools/bin/../lib/gcc/arm-none-eabi/10.3.1/../../../../arm-none-eabi/lib/thumb/v7e-m+fp/hard\libm.a(lib_a-math_err.o)
 .text.xflow    0x000000000800b20c       0x28 c:/programs/st/stm32cubeide_1.10.1/stm32cubeide/plugins/com.st.stm32cube.ide.mcu.externaltools.gnu-tools-for-stm32.10.3-2021.10.win32_1.0.0.202111181127/tools/bin/../lib/gcc/arm-none-eabi/10.3.1/../../../../arm-none-eabi/lib/thumb/v7e-m+fp/hard\libm.a(lib_a-math_err.o)
 .text.__math_uflow
                0x000000000800b234       0x12 c:/programs/st/stm32cubeide_1.10.1/stm32cubeide/plugins/com.st.stm32cube.ide.mcu.externaltools.gnu-tools-for-stm32.10.3-2021.10.win32_1.0.0.202111181127/tools/bin/../lib/gcc/arm-none-eabi/10.3.1/../../../../arm-none-eabi/lib/thumb/v7e-m+fp/hard\libm.a(lib_a-math_err.o)
                0x000000000800b234                __math_uflow
 .text.__math_oflow
                0x000000000800b246       0x12 c:/programs/st/stm32cubeide_1.10.1/stm32cubeide/plugins/com.st.stm32cube.ide.mcu.externaltools.gnu-tools-for-stm32.10.3-2021.10.win32_1.0.0.202111181127/tools/bin/../lib/gcc/arm-none-eabi/10.3.1/../../../../arm-none-eabi/lib/thumb/v7e-m+fp/hard\libm.a(lib_a-math_err.o)
                0x000000000800b246                __math_oflow
 .text.fabs     0x000000000800b258       0x12 c:/programs/st/stm32cubeide_1.10.1/stm32cubeide/plugins/com.st.stm32cube.ide.mcu.externaltools.gnu-tools-for-stm32.10.3-2021.10.win32_1.0.0.202111181127/tools/bin/../lib/gcc/arm-none-eabi/10.3.1/../../../../arm-none-eabi/lib/thumb/v7e-m+fp/hard\libm.a(lib_a-s_fabs.o)
                0x000000000800b258                fabs
 .text.finite   0x000000000800b26a       0x16 c:/programs/st/stm32cubeide_1.10.1/stm32cubeide/plugins/com.st.stm32cube.ide.mcu.externaltools.gnu-tools-for-stm32.10.3-2021.10.win32_1.0.0.202111181127/tools/bin/../lib/gcc/arm-none-eabi/10.3.1/../../../../arm-none-eabi/lib/thumb/v7e-m+fp/hard\libm.a(lib_a-s_finite.o)
                0x000000000800b26a                finite
 .text.scalbn   0x000000000800b280      0x10c c:/programs/st/stm32cubeide_1.10.1/stm32cubeide/plugins/com.st.stm32cube.ide.mcu.externaltools.gnu-tools-for-stm32.10.3-2021.10.win32_1.0.0.202111181127/tools/bin/../lib/gcc/arm-none-eabi/10.3.1/../../../../arm-none-eabi/lib/thumb/v7e-m+fp/hard\libm.a(lib_a-s_scalbn.o)
                0x000000000800b280                scalbn
 *(.glue_7)
 .glue_7        0x000000000800b38c        0x0 linker stubs
 *(.glue_7t)
 .glue_7t       0x000000000800b38c        0x0 linker stubs
 *(.eh_frame)
 .eh_frame      0x000000000800b38c        0x0 c:/programs/st/stm32cubeide_1.10.1/stm32cubeide/plugins/com.st.stm32cube.ide.mcu.externaltools.gnu-tools-for-stm32.10.3-2021.10.win32_1.0.0.202111181127/tools/bin/../lib/gcc/arm-none-eabi/10.3.1/thumb/v7e-m+fp/hard/crtbegin.o
 *(.init)
 .init          0x000000000800b38c        0x4 c:/programs/st/stm32cubeide_1.10.1/stm32cubeide/plugins/com.st.stm32cube.ide.mcu.externaltools.gnu-tools-for-stm32.10.3-2021.10.win32_1.0.0.202111181127/tools/bin/../lib/gcc/arm-none-eabi/10.3.1/thumb/v7e-m+fp/hard/crti.o
                0x000000000800b38c                _init
 .init          0x000000000800b390        0x8 c:/programs/st/stm32cubeide_1.10.1/stm32cubeide/plugins/com.st.stm32cube.ide.mcu.externaltools.gnu-tools-for-stm32.10.3-2021.10.win32_1.0.0.202111181127/tools/bin/../lib/gcc/arm-none-eabi/10.3.1/thumb/v7e-m+fp/hard/crtn.o
 *(.fini)
 .fini          0x000000000800b398        0x4 c:/programs/st/stm32cubeide_1.10.1/stm32cubeide/plugins/com.st.stm32cube.ide.mcu.externaltools.gnu-tools-for-stm32.10.3-2021.10.win32_1.0.0.202111181127/tools/bin/../lib/gcc/arm-none-eabi/10.3.1/thumb/v7e-m+fp/hard/crti.o
                0x000000000800b398                _fini
 .fini          0x000000000800b39c        0x8 c:/programs/st/stm32cubeide_1.10.1/stm32cubeide/plugins/com.st.stm32cube.ide.mcu.externaltools.gnu-tools-for-stm32.10.3-2021.10.win32_1.0.0.202111181127/tools/bin/../lib/gcc/arm-none-eabi/10.3.1/thumb/v7e-m+fp/hard/crtn.o
                0x000000000800b3a4                . = ALIGN (0x4)
                0x000000000800b3a4                _etext = .

.vfp11_veneer   0x000000000800b3a4        0x0
 .vfp11_veneer  0x000000000800b3a4        0x0 linker stubs

.v4_bx          0x000000000800b3a4        0x0
 .v4_bx         0x000000000800b3a4        0x0 linker stubs

.iplt           0x000000000800b3a4        0x0
 .iplt          0x000000000800b3a4        0x0 c:/programs/st/stm32cubeide_1.10.1/stm32cubeide/plugins/com.st.stm32cube.ide.mcu.externaltools.gnu-tools-for-stm32.10.3-2021.10.win32_1.0.0.202111181127/tools/bin/../lib/gcc/arm-none-eabi/10.3.1/thumb/v7e-m+fp/hard/crtbegin.o

.rodata         0x000000000800b3a8      0x5c8
                0x000000000800b3a8                . = ALIGN (0x4)
 *(.rodata)
 .rodata        0x000000000800b3a8       0xf0 ./Core/Src/main.o
 *(.rodata*)
 .rodata._global_impure_ptr
                0x000000000800b498        0x4 c:/programs/st/stm32cubeide_1.10.1/stm32cubeide/plugins/com.st.stm32cube.ide.mcu.externaltools.gnu-tools-for-stm32.10.3-2021.10.win32_1.0.0.202111181127/tools/bin/../lib/gcc/arm-none-eabi/10.3.1/../../../../arm-none-eabi/lib/thumb/v7e-m+fp/hard\libc_nano.a(lib_a-impure.o)
                0x000000000800b498                _global_impure_ptr
 .rodata._printf_float.str1.1
                0x000000000800b49c       0x12 c:/programs/st/stm32cubeide_1.10.1/stm32cubeide/plugins/com.st.stm32cube.ide.mcu.externaltools.gnu-tools-for-stm32.10.3-2021.10.win32_1.0.0.202111181127/tools/bin/../lib/gcc/arm-none-eabi/10.3.1/../../../../arm-none-eabi/lib/thumb/v7e-m+fp/hard\libc_nano.a(lib_a-nano-vfprintf_float.o)
 .rodata._printf_i.str1.1
                0x000000000800b4ae       0x22 c:/programs/st/stm32cubeide_1.10.1/stm32cubeide/plugins/com.st.stm32cube.ide.mcu.externaltools.gnu-tools-for-stm32.10.3-2021.10.win32_1.0.0.202111181127/tools/bin/../lib/gcc/arm-none-eabi/10.3.1/../../../../arm-none-eabi/lib/thumb/v7e-m+fp/hard\libc_nano.a(lib_a-nano-vfprintf_i.o)
 .rodata._scanf_float.str1.1
                0x000000000800b4d0        0x5 c:/programs/st/stm32cubeide_1.10.1/stm32cubeide/plugins/com.st.stm32cube.ide.mcu.externaltools.gnu-tools-for-stm32.10.3-2021.10.win32_1.0.0.202111181127/tools/bin/../lib/gcc/arm-none-eabi/10.3.1/../../../../arm-none-eabi/lib/thumb/v7e-m+fp/hard\libc_nano.a(lib_a-nano-vfscanf_float.o)
                                          0x6 (size before relaxing)
 .rodata._strtod_l.str1.1
                0x000000000800b4d5        0x5 c:/programs/st/stm32cubeide_1.10.1/stm32cubeide/plugins/com.st.stm32cube.ide.mcu.externaltools.gnu-tools-for-stm32.10.3-2021.10.win32_1.0.0.202111181127/tools/bin/../lib/gcc/arm-none-eabi/10.3.1/../../../../arm-none-eabi/lib/thumb/v7e-m+fp/hard\libc_nano.a(lib_a-strtod.o)
                                          0xd (size before relaxing)
 *fill*         0x000000000800b4d5        0x3 
 .rodata.fpi.1  0x000000000800b4d8       0x14 c:/programs/st/stm32cubeide_1.10.1/stm32cubeide/plugins/com.st.stm32cube.ide.mcu.externaltools.gnu-tools-for-stm32.10.3-2021.10.win32_1.0.0.202111181127/tools/bin/../lib/gcc/arm-none-eabi/10.3.1/../../../../arm-none-eabi/lib/thumb/v7e-m+fp/hard\libc_nano.a(lib_a-strtod.o)
 .rodata.fpinan.0
                0x000000000800b4ec       0x14 c:/programs/st/stm32cubeide_1.10.1/stm32cubeide/plugins/com.st.stm32cube.ide.mcu.externaltools.gnu-tools-for-stm32.10.3-2021.10.win32_1.0.0.202111181127/tools/bin/../lib/gcc/arm-none-eabi/10.3.1/../../../../arm-none-eabi/lib/thumb/v7e-m+fp/hard\libc_nano.a(lib_a-strtod.o)
 .rodata.tinytens
                0x000000000800b500       0x28 c:/programs/st/stm32cubeide_1.10.1/stm32cubeide/plugins/com.st.stm32cube.ide.mcu.externaltools.gnu-tools-for-stm32.10.3-2021.10.win32_1.0.0.202111181127/tools/bin/../lib/gcc/arm-none-eabi/10.3.1/../../../../arm-none-eabi/lib/thumb/v7e-m+fp/hard\libc_nano.a(lib_a-strtod.o)
 .rodata._ctype_
                0x000000000800b528      0x101 c:/programs/st/stm32cubeide_1.10.1/stm32cubeide/plugins/com.st.stm32cube.ide.mcu.externaltools.gnu-tools-for-stm32.10.3-2021.10.win32_1.0.0.202111181127/tools/bin/../lib/gcc/arm-none-eabi/10.3.1/../../../../arm-none-eabi/lib/thumb/v7e-m+fp/hard\libc_nano.a(lib_a-ctype_.o)
                0x000000000800b528                _ctype_
 .rodata._dtoa_r.str1.1
                0x000000000800b629       0x90 c:/programs/st/stm32cubeide_1.10.1/stm32cubeide/plugins/com.st.stm32cube.ide.mcu.externaltools.gnu-tools-for-stm32.10.3-2021.10.win32_1.0.0.202111181127/tools/bin/../lib/gcc/arm-none-eabi/10.3.1/../../../../arm-none-eabi/lib/thumb/v7e-m+fp/hard\libc_nano.a(lib_a-dtoa.o)
                                         0x92 (size before relaxing)
 .rodata.__gethex.str1.1
                0x000000000800b6b9       0x63 c:/programs/st/stm32cubeide_1.10.1/stm32cubeide/plugins/com.st.stm32cube.ide.mcu.externaltools.gnu-tools-for-stm32.10.3-2021.10.win32_1.0.0.202111181127/tools/bin/../lib/gcc/arm-none-eabi/10.3.1/../../../../arm-none-eabi/lib/thumb/v7e-m+fp/hard\libc_nano.a(lib_a-gdtoa-gethex.o)
                                         0x74 (size before relaxing)
 .rodata.str1.1
                0x000000000800b71c        0x2 c:/programs/st/stm32cubeide_1.10.1/stm32cubeide/plugins/com.st.stm32cube.ide.mcu.externaltools.gnu-tools-for-stm32.10.3-2021.10.win32_1.0.0.202111181127/tools/bin/../lib/gcc/arm-none-eabi/10.3.1/../../../../arm-none-eabi/lib/thumb/v7e-m+fp/hard\libc_nano.a(lib_a-lnumeric.o)
                                          0x3 (size before relaxing)
 *fill*         0x000000000800b71e        0x2 
 .rodata._C_numeric_locale
                0x000000000800b720        0xc c:/programs/st/stm32cubeide_1.10.1/stm32cubeide/plugins/com.st.stm32cube.ide.mcu.externaltools.gnu-tools-for-stm32.10.3-2021.10.win32_1.0.0.202111181127/tools/bin/../lib/gcc/arm-none-eabi/10.3.1/../../../../arm-none-eabi/lib/thumb/v7e-m+fp/hard\libc_nano.a(lib_a-lnumeric.o)
                0x000000000800b720                _C_numeric_locale
 .rodata._setlocale_r.str1.1
                0x000000000800b72c        0x8 c:/programs/st/stm32cubeide_1.10.1/stm32cubeide/plugins/com.st.stm32cube.ide.mcu.externaltools.gnu-tools-for-stm32.10.3-2021.10.win32_1.0.0.202111181127/tools/bin/../lib/gcc/arm-none-eabi/10.3.1/../../../../arm-none-eabi/lib/thumb/v7e-m+fp/hard\libc_nano.a(lib_a-locale.o)
                                          0x9 (size before relaxing)
 .rodata.str1.1
                0x000000000800b734        0x2 c:/programs/st/stm32cubeide_1.10.1/stm32cubeide/plugins/com.st.stm32cube.ide.mcu.externaltools.gnu-tools-for-stm32.10.3-2021.10.win32_1.0.0.202111181127/tools/bin/../lib/gcc/arm-none-eabi/10.3.1/../../../../arm-none-eabi/lib/thumb/v7e-m+fp/hard\libc_nano.a(lib_a-locale.o)
 .rodata._Balloc.str1.1
                0x000000000800b734       0x5c c:/programs/st/stm32cubeide_1.10.1/stm32cubeide/plugins/com.st.stm32cube.ide.mcu.externaltools.gnu-tools-for-stm32.10.3-2021.10.win32_1.0.0.202111181127/tools/bin/../lib/gcc/arm-none-eabi/10.3.1/../../../../arm-none-eabi/lib/thumb/v7e-m+fp/hard\libc_nano.a(lib_a-mprec.o)
                                         0x73 (size before relaxing)
 .rodata.__multadd.str1.1
                0x000000000800b790       0x11 c:/programs/st/stm32cubeide_1.10.1/stm32cubeide/plugins/com.st.stm32cube.ide.mcu.externaltools.gnu-tools-for-stm32.10.3-2021.10.win32_1.0.0.202111181127/tools/bin/../lib/gcc/arm-none-eabi/10.3.1/../../../../arm-none-eabi/lib/thumb/v7e-m+fp/hard\libc_nano.a(lib_a-mprec.o)
 .rodata.__mprec_bigtens
                0x000000000800b790       0x28 c:/programs/st/stm32cubeide_1.10.1/stm32cubeide/plugins/com.st.stm32cube.ide.mcu.externaltools.gnu-tools-for-stm32.10.3-2021.10.win32_1.0.0.202111181127/tools/bin/../lib/gcc/arm-none-eabi/10.3.1/../../../../arm-none-eabi/lib/thumb/v7e-m+fp/hard\libc_nano.a(lib_a-mprec.o)