22:02:54 **** Clean-only build of configuration Debug for project uvisionexport ****
make -j4 clean 
rm -rf ./Src/74hc595.d ./Src/74hc595.o ./Src/74hc595.su ./Src/explode.d ./Src/explode.o ./Src/explode.su ./Src/function.d ./Src/function.o ./Src/function.su ./Src/lcd.d ./Src/lcd.o ./Src/lcd.su ./Src/stm32446mapping.d ./Src/stm32446mapping.o ./Src/stm32446mapping.su ./Src/test.d ./Src/test.o ./Src/test.su
rm -rf ./Drivers/STM32F4xx_HAL_Driver/stm32f4xx_hal.d ./Drivers/STM32F4xx_HAL_Driver/stm32f4xx_hal.o ./Drivers/STM32F4xx_HAL_Driver/stm32f4xx_hal.su ./Drivers/STM32F4xx_HAL_Driver/stm32f4xx_hal_cortex.d ./Drivers/STM32F4xx_HAL_Driver/stm32f4xx_hal_cortex.o ./Drivers/STM32F4xx_HAL_Driver/stm32f4xx_hal_cortex.su ./Drivers/STM32F4xx_HAL_Driver/stm32f4xx_hal_dma.d ./Drivers/STM32F4xx_HAL_Driver/stm32f4xx_hal_dma.o ./Drivers/STM32F4xx_HAL_Driver/stm32f4xx_hal_dma.su ./Drivers/STM32F4xx_HAL_Driver/stm32f4xx_hal_dma_ex.d ./Drivers/STM32F4xx_HAL_Driver/stm32f4xx_hal_dma_ex.o ./Drivers/STM32F4xx_HAL_Driver/stm32f4xx_hal_dma_ex.su ./Drivers/STM32F4xx_HAL_Driver/stm32f4xx_hal_exti.d ./Drivers/STM32F4xx_HAL_Driver/stm32f4xx_hal_exti.o ./Drivers/STM32F4xx_HAL_Driver/stm32f4xx_hal_exti.su ./Drivers/STM32F4xx_HAL_Driver/stm32f4xx_hal_flash.d ./Drivers/STM32F4xx_HAL_Driver/stm32f4xx_hal_flash.o ./Drivers/STM32F4xx_HAL_Driver/stm32f4xx_hal_flash.su ./Drivers/STM32F4xx_HAL_Driver/stm32f4xx_hal_flash_ex.d ./Drivers/STM32F4xx_HAL_Driver/stm32f4xx_hal_flash_ex.o ./Drivers/STM32F4xx_HAL_Driver/stm32f4xx_hal_flash_ex.su ./Drivers/STM32F4xx_HAL_Driver/stm32f4xx_hal_flash_ramfunc.d ./Drivers/STM32F4xx_HAL_Driver/stm32f4xx_hal_flash_ramfunc.o ./Drivers/STM32F4xx_HAL_Driver/stm32f4xx_hal_flash_ramfunc.su ./Drivers/STM32F4xx_HAL_Driver/stm32f4xx_hal_gpio.d ./Drivers/STM32F4xx_HAL_Driver/stm32f4xx_hal_gpio.o ./Drivers/STM32F4xx_HAL_Driver/stm32f4xx_hal_gpio.su ./Drivers/STM32F4xx_HAL_Driver/stm32f4xx_hal_pwr.d ./Drivers/STM32F4xx_HAL_Driver/stm32f4xx_hal_pwr.o ./Drivers/STM32F4xx_HAL_Driver/stm32f4xx_hal_pwr.su ./Drivers/STM32F4xx_HAL_Driver/stm32f4xx_hal_pwr_ex.d ./Drivers/STM32F4xx_HAL_Driver/stm32f4xx_hal_pwr_ex.o ./Drivers/STM32F4xx_HAL_Driver/stm32f4xx_hal_pwr_ex.su ./Drivers/STM32F4xx_HAL_Driver/stm32f4xx_hal_rcc.d ./Drivers/STM32F4xx_HAL_Driver/stm32f4xx_hal_rcc.o ./Drivers/STM32F4xx_HAL_Driver/stm32f4xx_hal_rcc.su ./Drivers/STM32F4xx_HAL_Driver/stm32f4xx_hal_rcc_ex.d ./Drivers/STM32F4xx_HAL_Driver/stm32f4xx_hal_rcc_ex.o ./Drivers/STM32F4xx_HAL_Driver/stm32f4xx_hal_rcc_ex.su
rm -rf ./Core/Startup/startup_stm32f446retx.d ./Core/Startup/startup_stm32f446retx.o
rm -rf ./Core/Src/main.d ./Core/Src/main.o ./Core/Src/main.su ./Core/Src/stm32f4xx_hal_msp.d ./Core/Src/stm32f4xx_hal_msp.o ./Core/Src/stm32f4xx_hal_msp.su ./Core/Src/syscalls.d ./Core/Src/syscalls.o ./Core/Src/syscalls.su ./Core/Src/sysmem.d ./Core/Src/sysmem.o ./Core/Src/sysmem.su ./Core/Src/system_stm32f4xx.d ./Core/Src/system_stm32f4xx.o ./Core/Src/system_stm32f4xx.su
rm -rf default.size.stdout uvisionexport.elf uvisionexport.list uvisionexport.map
 
22:02:55 **** Build of configuration Debug for project uvisionexport ****
make -j4 all 
arm-none-eabi-gcc "C:/Users/sergi/Documents/STM32CubeIDE/workspace_1.10.1/uvisionexport/User Library/Src/74hc595.c" -mcpu=cortex-m4 -std=gnu11 -g3 -DDEBUG -DUSE_HAL_DRIVER -DSTM32F446xx -c -I../Core/Inc -IC:/Users/sergi/STM32Cube/Repository/STM32Cube_FW_F4_V1.27.1/Drivers/STM32F4xx_HAL_Driver/Inc -IC:/Users/sergi/STM32Cube/Repository/STM32Cube_FW_F4_V1.27.1/Drivers/STM32F4xx_HAL_Driver/Inc/Legacy -IC:/Users/sergi/STM32Cube/Repository/STM32Cube_FW_F4_V1.27.1/Drivers/CMSIS/Device/ST/STM32F4xx/Include -IC:/Users/sergi/STM32Cube/Repository/STM32Cube_FW_F4_V1.27.1/Drivers/CMSIS/Include -I"C:/Users/sergi/Documents/STM32CubeIDE/workspace_1.10.1/uvisionexport/User Library/Inc" -O0 -ffunction-sections -fdata-sections -Wall -fstack-usage -MMD -MP -MF"Src/74hc595.d" -MT"Src/74hc595.o" --specs=nano.specs -mfpu=fpv4-sp-d16 -mfloat-abi=hard -mthumb -o "Src/74hc595.o"
arm-none-eabi-gcc "C:/Users/sergi/Documents/STM32CubeIDE/workspace_1.10.1/uvisionexport/User Library/Src/explode.c" -mcpu=cortex-m4 -std=gnu11 -g3 -DDEBUG -DUSE_HAL_DRIVER -DSTM32F446xx -c -I../Core/Inc -IC:/Users/sergi/STM32Cube/Repository/STM32Cube_FW_F4_V1.27.1/Drivers/STM32F4xx_HAL_Driver/Inc -IC:/Users/sergi/STM32Cube/Repository/STM32Cube_FW_F4_V1.27.1/Drivers/STM32F4xx_HAL_Driver/Inc/Legacy -IC:/Users/sergi/STM32Cube/Repository/STM32Cube_FW_F4_V1.27.1/Drivers/CMSIS/Device/ST/STM32F4xx/Include -IC:/Users/sergi/STM32Cube/Repository/STM32Cube_FW_F4_V1.27.1/Drivers/CMSIS/Include -I"C:/Users/sergi/Documents/STM32CubeIDE/workspace_1.10.1/uvisionexport/User Library/Inc" -O0 -ffunction-sections -fdata-sections -Wall -fstack-usage -MMD -MP -MF"Src/explode.d" -MT"Src/explode.o" --specs=nano.specs -mfpu=fpv4-sp-d16 -mfloat-abi=hard -mthumb -o "Src/explode.o"
arm-none-eabi-gcc "C:/Users/sergi/Documents/STM32CubeIDE/workspace_1.10.1/uvisionexport/User Library/Src/function.c" -mcpu=cortex-m4 -std=gnu11 -g3 -DDEBUG -DUSE_HAL_DRIVER -DSTM32F446xx -c -I../Core/Inc -IC:/Users/sergi/STM32Cube/Repository/STM32Cube_FW_F4_V1.27.1/Drivers/STM32F4xx_HAL_Driver/Inc -IC:/Users/sergi/STM32Cube/Repository/STM32Cube_FW_F4_V1.27.1/Drivers/STM32F4xx_HAL_Driver/Inc/Legacy -IC:/Users/sergi/STM32Cube/Repository/STM32Cube_FW_F4_V1.27.1/Drivers/CMSIS/Device/ST/STM32F4xx/Include -IC:/Users/sergi/STM32Cube/Repository/STM32Cube_FW_F4_V1.27.1/Drivers/CMSIS/Include -I"C:/Users/sergi/Documents/STM32CubeIDE/workspace_1.10.1/uvisionexport/User Library/Inc" -O0 -ffunction-sections -fdata-sections -Wall -fstack-usage -MMD -MP -MF"Src/function.d" -MT"Src/function.o" --specs=nano.specs -mfpu=fpv4-sp-d16 -mfloat-abi=hard -mthumb -o "Src/function.o"
arm-none-eabi-gcc "C:/Users/sergi/Documents/STM32CubeIDE/workspace_1.10.1/uvisionexport/User Library/Src/lcd.c" -mcpu=cortex-m4 -std=gnu11 -g3 -DDEBUG -DUSE_HAL_DRIVER -DSTM32F446xx -c -I../Core/Inc -IC:/Users/sergi/STM32Cube/Repository/STM32Cube_FW_F4_V1.27.1/Drivers/STM32F4xx_HAL_Driver/Inc -IC:/Users/sergi/STM32Cube/Repository/STM32Cube_FW_F4_V1.27.1/Drivers/STM32F4xx_HAL_Driver/Inc/Legacy -IC:/Users/sergi/STM32Cube/Repository/STM32Cube_FW_F4_V1.27.1/Drivers/CMSIS/Device/ST/STM32F4xx/Include -IC:/Users/sergi/STM32Cube/Repository/STM32Cube_FW_F4_V1.27.1/Drivers/CMSIS/Include -I"C:/Users/sergi/Documents/STM32CubeIDE/workspace_1.10.1/uvisionexport/User Library/Inc" -O0 -ffunction-sections -fdata-sections -Wall -fstack-usage -MMD -MP -MF"Src/lcd.d" -MT"Src/lcd.o" --specs=nano.specs -mfpu=fpv4-sp-d16 -mfloat-abi=hard -mthumb -o "Src/lcd.o"
arm-none-eabi-gcc "C:/Users/sergi/Documents/STM32CubeIDE/workspace_1.10.1/uvisionexport/User Library/Src/stm32446mapping.c" -mcpu=cortex-m4 -std=gnu11 -g3 -DDEBUG -DUSE_HAL_DRIVER -DSTM32F446xx -c -I../Core/Inc -IC:/Users/sergi/STM32Cube/Repository/STM32Cube_FW_F4_V1.27.1/Drivers/STM32F4xx_HAL_Driver/Inc -IC:/Users/sergi/STM32Cube/Repository/STM32Cube_FW_F4_V1.27.1/Drivers/STM32F4xx_HAL_Driver/Inc/Legacy -IC:/Users/sergi/STM32Cube/Repository/STM32Cube_FW_F4_V1.27.1/Drivers/CMSIS/Device/ST/STM32F4xx/Include -IC:/Users/sergi/STM32Cube/Repository/STM32Cube_FW_F4_V1.27.1/Drivers/CMSIS/Include -I"C:/Users/sergi/Documents/STM32CubeIDE/workspace_1.10.1/uvisionexport/User Library/Inc" -O0 -ffunction-sections -fdata-sections -Wall -fstack-usage -MMD -MP -MF"Src/stm32446mapping.d" -MT"Src/stm32446mapping.o" --specs=nano.specs -mfpu=fpv4-sp-d16 -mfloat-abi=hard -mthumb -o "Src/stm32446mapping.o"
arm-none-eabi-gcc "C:/Users/sergi/Documents/STM32CubeIDE/workspace_1.10.1/uvisionexport/User Library/Src/test.c" -mcpu=cortex-m4 -std=gnu11 -g3 -DDEBUG -DUSE_HAL_DRIVER -DSTM32F446xx -c -I../Core/Inc -IC:/Users/sergi/STM32Cube/Repository/STM32Cube_FW_F4_V1.27.1/Drivers/STM32F4xx_HAL_Driver/Inc -IC:/Users/sergi/STM32Cube/Repository/STM32Cube_FW_F4_V1.27.1/Drivers/STM32F4xx_HAL_Driver/Inc/Legacy -IC:/Users/sergi/STM32Cube/Repository/STM32Cube_FW_F4_V1.27.1/Drivers/CMSIS/Device/ST/STM32F4xx/Include -IC:/Users/sergi/STM32Cube/Repository/STM32Cube_FW_F4_V1.27.1/Drivers/CMSIS/Include -I"C:/Users/sergi/Documents/STM32CubeIDE/workspace_1.10.1/uvisionexport/User Library/Inc" -O0 -ffunction-sections -fdata-sections -Wall -fstack-usage -MMD -MP -MF"Src/test.d" -MT"Src/test.o" --specs=nano.specs -mfpu=fpv4-sp-d16 -mfloat-abi=hard -mthumb -o "Src/test.o"
arm-none-eabi-gcc "C:/Users/sergi/STM32Cube/Repository/STM32Cube_FW_F4_V1.27.1/Drivers/STM32F4xx_HAL_Driver/Src/stm32f4xx_hal.c" -mcpu=cortex-m4 -std=gnu11 -g3 -DDEBUG -DUSE_HAL_DRIVER -DSTM32F446xx -c -I../Core/Inc -IC:/Users/sergi/STM32Cube/Repository/STM32Cube_FW_F4_V1.27.1/Drivers/STM32F4xx_HAL_Driver/Inc -IC:/Users/sergi/STM32Cube/Repository/STM32Cube_FW_F4_V1.27.1/Drivers/STM32F4xx_HAL_Driver/Inc/Legacy -IC:/Users/sergi/STM32Cube/Repository/STM32Cube_FW_F4_V1.27.1/Drivers/CMSIS/Device/ST/STM32F4xx/Include -IC:/Users/sergi/STM32Cube/Repository/STM32Cube_FW_F4_V1.27.1/Drivers/CMSIS/Include -I"C:/Users/sergi/Documents/STM32CubeIDE/workspace_1.10.1/uvisionexport/User Library/Inc" -O0 -ffunction-sections -fdata-sections -Wall -fstack-usage -MMD -MP -MF"Drivers/STM32F4xx_HAL_Driver/stm32f4xx_hal.d" -MT"Drivers/STM32F4xx_HAL_Driver/stm32f4xx_hal.o" --specs=nano.specs -mfpu=fpv4-sp-d16 -mfloat-abi=hard -mthumb -o "Drivers/STM32F4xx_HAL_Driver/stm32f4xx_hal.o"
arm-none-eabi-gcc "C:/Users/sergi/STM32Cube/Repository/STM32Cube_FW_F4_V1.27.1/Drivers/STM32F4xx_HAL_Driver/Src/stm32f4xx_hal_cortex.c" -mcpu=cortex-m4 -std=gnu11 -g3 -DDEBUG -DUSE_HAL_DRIVER -DSTM32F446xx -c -I../Core/Inc -IC:/Users/sergi/STM32Cube/Repository/STM32Cube_FW_F4_V1.27.1/Drivers/STM32F4xx_HAL_Driver/Inc -IC:/Users/sergi/STM32Cube/Repository/STM32Cube_FW_F4_V1.27.1/Drivers/STM32F4xx_HAL_Driver/Inc/Legacy -IC:/Users/sergi/STM32Cube/Repository/STM32Cube_FW_F4_V1.27.1/Drivers/CMSIS/Device/ST/STM32F4xx/Include -IC:/Users/sergi/STM32Cube/Repository/STM32Cube_FW_F4_V1.27.1/Drivers/CMSIS/Include -I"C:/Users/sergi/Documents/STM32CubeIDE/workspace_1.10.1/uvisionexport/User Library/Inc" -O0 -ffunction-sections -fdata-sections -Wall -fstack-usage -MMD -MP -MF"Drivers/STM32F4xx_HAL_Driver/stm32f4xx_hal_cortex.d" -MT"Drivers/STM32F4xx_HAL_Driver/stm32f4xx_hal_cortex.o" --specs=nano.specs -mfpu=fpv4-sp-d16 -mfloat-abi=hard -mthumb -o "Drivers/STM32F4xx_HAL_Driver/stm32f4xx_hal_cortex.o"
arm-none-eabi-gcc "C:/Users/sergi/STM32Cube/Repository/STM32Cube_FW_F4_V1.27.1/Drivers/STM32F4xx_HAL_Driver/Src/stm32f4xx_hal_dma.c" -mcpu=cortex-m4 -std=gnu11 -g3 -DDEBUG -DUSE_HAL_DRIVER -DSTM32F446xx -c -I../Core/Inc -IC:/Users/sergi/STM32Cube/Repository/STM32Cube_FW_F4_V1.27.1/Drivers/STM32F4xx_HAL_Driver/Inc -IC:/Users/sergi/STM32Cube/Repository/STM32Cube_FW_F4_V1.27.1/Drivers/STM32F4xx_HAL_Driver/Inc/Legacy -IC:/Users/sergi/STM32Cube/Repository/STM32Cube_FW_F4_V1.27.1/Drivers/CMSIS/Device/ST/STM32F4xx/Include -IC:/Users/sergi/STM32Cube/Repository/STM32Cube_FW_F4_V1.27.1/Drivers/CMSIS/Include -I"C:/Users/sergi/Documents/STM32CubeIDE/workspace_1.10.1/uvisionexport/User Library/Inc" -O0 -ffunction-sections -fdata-sections -Wall -fstack-usage -MMD -MP -MF"Drivers/STM32F4xx_HAL_Driver/stm32f4xx_hal_dma.d" -MT"Drivers/STM32F4xx_HAL_Driver/stm32f4xx_hal_dma.o" --specs=nano.specs -mfpu=fpv4-sp-d16 -mfloat-abi=hard -mthumb -o "Drivers/STM32F4xx_HAL_Driver/stm32f4xx_hal_dma.o"
arm-none-eabi-gcc "C:/Users/sergi/STM32Cube/Repository/STM32Cube_FW_F4_V1.27.1/Drivers/STM32F4xx_HAL_Driver/Src/stm32f4xx_hal_dma_ex.c" -mcpu=cortex-m4 -std=gnu11 -g3 -DDEBUG -DUSE_HAL_DRIVER -DSTM32F446xx -c -I../Core/Inc -IC:/Users/sergi/STM32Cube/Repository/STM32Cube_FW_F4_V1.27.1/Drivers/STM32F4xx_HAL_Driver/Inc -IC:/Users/sergi/STM32Cube/Repository/STM32Cube_FW_F4_V1.27.1/Drivers/STM32F4xx_HAL_Driver/Inc/Legacy -IC:/Users/sergi/STM32Cube/Repository/STM32Cube_FW_F4_V1.27.1/Drivers/CMSIS/Device/ST/STM32F4xx/Include -IC:/Users/sergi/STM32Cube/Repository/STM32Cube_FW_F4_V1.27.1/Drivers/CMSIS/Include -I"C:/Users/sergi/Documents/STM32CubeIDE/workspace_1.10.1/uvisionexport/User Library/Inc" -O0 -ffunction-sections -fdata-sections -Wall -fstack-usage -MMD -MP -MF"Drivers/STM32F4xx_HAL_Driver/stm32f4xx_hal_dma_ex.d" -MT"Drivers/STM32F4xx_HAL_Driver/stm32f4xx_hal_dma_ex.o" --specs=nano.specs -mfpu=fpv4-sp-d16 -mfloat-abi=hard -mthumb -o "Drivers/STM32F4xx_HAL_Driver/stm32f4xx_hal_dma_ex.o"
arm-none-eabi-gcc "C:/Users/sergi/STM32Cube/Repository/STM32Cube_FW_F4_V1.27.1/Drivers/STM32F4xx_HAL_Driver/Src/stm32f4xx_hal_exti.c" -mcpu=cortex-m4 -std=gnu11 -g3 -DDEBUG -DUSE_HAL_DRIVER -DSTM32F446xx -c -I../Core/Inc -IC:/Users/sergi/STM32Cube/Repository/STM32Cube_FW_F4_V1.27.1/Drivers/STM32F4xx_HAL_Driver/Inc -IC:/Users/sergi/STM32Cube/Repository/STM32Cube_FW_F4_V1.27.1/Drivers/STM32F4xx_HAL_Driver/Inc/Legacy -IC:/Users/sergi/STM32Cube/Repository/STM32Cube_FW_F4_V1.27.1/Drivers/CMSIS/Device/ST/STM32F4xx/Include -IC:/Users/sergi/STM32Cube/Repository/STM32Cube_FW_F4_V1.27.1/Drivers/CMSIS/Include -I"C:/Users/sergi/Documents/STM32CubeIDE/workspace_1.10.1/uvisionexport/User Library/Inc" -O0 -ffunction-sections -fdata-sections -Wall -fstack-usage -MMD -MP -MF"Drivers/STM32F4xx_HAL_Driver/stm32f4xx_hal_exti.d" -MT"Drivers/STM32F4xx_HAL_Driver/stm32f4xx_hal_exti.o" --specs=nano.specs -mfpu=fpv4-sp-d16 -mfloat-abi=hard -mthumb -o "Drivers/STM32F4xx_HAL_Driver/stm32f4xx_hal_exti.o"
arm-none-eabi-gcc "C:/Users/sergi/STM32Cube/Repository/STM32Cube_FW_F4_V1.27.1/Drivers/STM32F4xx_HAL_Driver/Src/stm32f4xx_hal_flash.c" -mcpu=cortex-m4 -std=gnu11 -g3 -DDEBUG -DUSE_HAL_DRIVER -DSTM32F446xx -c -I../Core/Inc -IC:/Users/sergi/STM32Cube/Repository/STM32Cube_FW_F4_V1.27.1/Drivers/STM32F4xx_HAL_Driver/Inc -IC:/Users/sergi/STM32Cube/Repository/STM32Cube_FW_F4_V1.27.1/Drivers/STM32F4xx_HAL_Driver/Inc/Legacy -IC:/Users/sergi/STM32Cube/Repository/STM32Cube_FW_F4_V1.27.1/Drivers/CMSIS/Device/ST/STM32F4xx/Include -IC:/Users/sergi/STM32Cube/Repository/STM32Cube_FW_F4_V1.27.1/Drivers/CMSIS/Include -I"C:/Users/sergi/Documents/STM32CubeIDE/workspace_1.10.1/uvisionexport/User Library/Inc" -O0 -ffunction-sections -fdata-sections -Wall -fstack-usage -MMD -MP -MF"Drivers/STM32F4xx_HAL_Driver/stm32f4xx_hal_flash.d" -MT"Drivers/STM32F4xx_HAL_Driver/stm32f4xx_hal_flash.o" --specs=nano.specs -mfpu=fpv4-sp-d16 -mfloat-abi=hard -mthumb -o "Drivers/STM32F4xx_HAL_Driver/stm32f4xx_hal_flash.o"
arm-none-eabi-gcc "C:/Users/sergi/STM32Cube/Repository/STM32Cube_FW_F4_V1.27.1/Drivers/STM32F4xx_HAL_Driver/Src/stm32f4xx_hal_flash_ex.c" -mcpu=cortex-m4 -std=gnu11 -g3 -DDEBUG -DUSE_HAL_DRIVER -DSTM32F446xx -c -I../Core/Inc -IC:/Users/sergi/STM32Cube/Repository/STM32Cube_FW_F4_V1.27.1/Drivers/STM32F4xx_HAL_Driver/Inc -IC:/Users/sergi/STM32Cube/Repository/STM32Cube_FW_F4_V1.27.1/Drivers/STM32F4xx_HAL_Driver/Inc/Legacy -IC:/Users/sergi/STM32Cube/Repository/STM32Cube_FW_F4_V1.27.1/Drivers/CMSIS/Device/ST/STM32F4xx/Include -IC:/Users/sergi/STM32Cube/Repository/STM32Cube_FW_F4_V1.27.1/Drivers/CMSIS/Include -I"C:/Users/sergi/Documents/STM32CubeIDE/workspace_1.10.1/uvisionexport/User Library/Inc" -O0 -ffunction-sections -fdata-sections -Wall -fstack-usage -MMD -MP -MF"Drivers/STM32F4xx_HAL_Driver/stm32f4xx_hal_flash_ex.d" -MT"Drivers/STM32F4xx_HAL_Driver/stm32f4xx_hal_flash_ex.o" --specs=nano.specs -mfpu=fpv4-sp-d16 -mfloat-abi=hard -mthumb -o "Drivers/STM32F4xx_HAL_Driver/stm32f4xx_hal_flash_ex.o"
arm-none-eabi-gcc "C:/Users/sergi/STM32Cube/Repository/STM32Cube_FW_F4_V1.27.1/Drivers/STM32F4xx_HAL_Driver/Src/stm32f4xx_hal_flash_ramfunc.c" -mcpu=cortex-m4 -std=gnu11 -g3 -DDEBUG -DUSE_HAL_DRIVER -DSTM32F446xx -c -I../Core/Inc -IC:/Users/sergi/STM32Cube/Repository/STM32Cube_FW_F4_V1.27.1/Drivers/STM32F4xx_HAL_Driver/Inc -IC:/Users/sergi/STM32Cube/Repository/STM32Cube_FW_F4_V1.27.1/Drivers/STM32F4xx_HAL_Driver/Inc/Legacy -IC:/Users/sergi/STM32Cube/Repository/STM32Cube_FW_F4_V1.27.1/Drivers/CMSIS/Device/ST/STM32F4xx/Include -IC:/Users/sergi/STM32Cube/Repository/STM32Cube_FW_F4_V1.27.1/Drivers/CMSIS/Include -I"C:/Users/sergi/Documents/STM32CubeIDE/workspace_1.10.1/uvisionexport/User Library/Inc" -O0 -ffunction-sections -fdata-sections -Wall -fstack-usage -MMD -MP -MF"Drivers/STM32F4xx_HAL_Driver/stm32f4xx_hal_flash_ramfunc.d" -MT"Drivers/STM32F4xx_HAL_Driver/stm32f4xx_hal_flash_ramfunc.o" --specs=nano.specs -mfpu=fpv4-sp-d16 -mfloat-abi=hard -mthumb -o "Drivers/STM32F4xx_HAL_Driver/stm32f4xx_hal_flash_ramfunc.o"
arm-none-eabi-gcc "C:/Users/sergi/STM32Cube/Repository/STM32Cube_FW_F4_V1.27.1/Drivers/STM32F4xx_HAL_Driver/Src/stm32f4xx_hal_gpio.c" -mcpu=cortex-m4 -std=gnu11 -g3 -DDEBUG -DUSE_HAL_DRIVER -DSTM32F446xx -c -I../Core/Inc -IC:/Users/sergi/STM32Cube/Repository/STM32Cube_FW_F4_V1.27.1/Drivers/STM32F4xx_HAL_Driver/Inc -IC:/Users/sergi/STM32Cube/Repository/STM32Cube_FW_F4_V1.27.1/Drivers/STM32F4xx_HAL_Driver/Inc/Legacy -IC:/Users/sergi/STM32Cube/Repository/STM32Cube_FW_F4_V1.27.1/Drivers/CMSIS/Device/ST/STM32F4xx/Include -IC:/Users/sergi/STM32Cube/Repository/STM32Cube_FW_F4_V1.27.1/Drivers/CMSIS/Include -I"C:/Users/sergi/Documents/STM32CubeIDE/workspace_1.10.1/uvisionexport/User Library/Inc" -O0 -ffunction-sections -fdata-sections -Wall -fstack-usage -MMD -MP -MF"Drivers/STM32F4xx_HAL_Driver/stm32f4xx_hal_gpio.d" -MT"Drivers/STM32F4xx_HAL_Driver/stm32f4xx_hal_gpio.o" --specs=nano.specs -mfpu=fpv4-sp-d16 -mfloat-abi=hard -mthumb -o "Drivers/STM32F4xx_HAL_Driver/stm32f4xx_hal_gpio.o"
arm-none-eabi-gcc "C:/Users/sergi/STM32Cube/Repository/STM32Cube_FW_F4_V1.27.1/Drivers/STM32F4xx_HAL_Driver/Src/stm32f4xx_hal_pwr.c" -mcpu=cortex-m4 -std=gnu11 -g3 -DDEBUG -DUSE_HAL_DRIVER -DSTM32F446xx -c -I../Core/Inc -IC:/Users/sergi/STM32Cube/Repository/STM32Cube_FW_F4_V1.27.1/Drivers/STM32F4xx_HAL_Driver/Inc -IC:/Users/sergi/STM32Cube/Repository/STM32Cube_FW_F4_V1.27.1/Drivers/STM32F4xx_HAL_Driver/Inc/Legacy -IC:/Users/sergi/STM32Cube/Repository/STM32Cube_FW_F4_V1.27.1/Drivers/CMSIS/Device/ST/STM32F4xx/Include -IC:/Users/sergi/STM32Cube/Repository/STM32Cube_FW_F4_V1.27.1/Drivers/CMSIS/Include -I"C:/Users/sergi/Documents/STM32CubeIDE/workspace_1.10.1/uvisionexport/User Library/Inc" -O0 -ffunction-sections -fdata-sections -Wall -fstack-usage -MMD -MP -MF"Drivers/STM32F4xx_HAL_Driver/stm32f4xx_hal_pwr.d" -MT"Drivers/STM32F4xx_HAL_Driver/stm32f4xx_hal_pwr.o" --specs=nano.specs -mfpu=fpv4-sp-d16 -mfloat-abi=hard -mthumb -o "Drivers/STM32F4xx_HAL_Driver/stm32f4xx_hal_pwr.o"
arm-none-eabi-gcc "C:/Users/sergi/STM32Cube/Repository/STM32Cube_FW_F4_V1.27.1/Drivers/STM32F4xx_HAL_Driver/Src/stm32f4xx_hal_pwr_ex.c" -mcpu=cortex-m4 -std=gnu11 -g3 -DDEBUG -DUSE_HAL_DRIVER -DSTM32F446xx -c -I../Core/Inc -IC:/Users/sergi/STM32Cube/Repository/STM32Cube_FW_F4_V1.27.1/Drivers/STM32F4xx_HAL_Driver/Inc -IC:/Users/sergi/STM32Cube/Repository/STM32Cube_FW_F4_V1.27.1/Drivers/STM32F4xx_HAL_Driver/Inc/Legacy -IC:/Users/sergi/STM32Cube/Repository/STM32Cube_FW_F4_V1.27.1/Drivers/CMSIS/Device/ST/STM32F4xx/Include -IC:/Users/sergi/STM32Cube/Repository/STM32Cube_FW_F4_V1.27.1/Drivers/CMSIS/Include -I"C:/Users/sergi/Documents/STM32CubeIDE/workspace_1.10.1/uvisionexport/User Library/Inc" -O0 -ffunction-sections -fdata-sections -Wall -fstack-usage -MMD -MP -MF"Drivers/STM32F4xx_HAL_Driver/stm32f4xx_hal_pwr_ex.d" -MT"Drivers/STM32F4xx_HAL_Driver/stm32f4xx_hal_pwr_ex.o" --specs=nano.specs -mfpu=fpv4-sp-d16 -mfloat-abi=hard -mthumb -o "Drivers/STM32F4xx_HAL_Driver/stm32f4xx_hal_pwr_ex.o"
arm-none-eabi-gcc "C:/Users/sergi/STM32Cube/Repository/STM32Cube_FW_F4_V1.27.1/Drivers/STM32F4xx_HAL_Driver/Src/stm32f4xx_hal_rcc.c" -mcpu=cortex-m4 -std=gnu11 -g3 -DDEBUG -DUSE_HAL_DRIVER -DSTM32F446xx -c -I../Core/Inc -IC:/Users/sergi/STM32Cube/Repository/STM32Cube_FW_F4_V1.27.1/Drivers/STM32F4xx_HAL_Driver/Inc -IC:/Users/sergi/STM32Cube/Repository/STM32Cube_FW_F4_V1.27.1/Drivers/STM32F4xx_HAL_Driver/Inc/Legacy -IC:/Users/sergi/STM32Cube/Repository/STM32Cube_FW_F4_V1.27.1/Drivers/CMSIS/Device/ST/STM32F4xx/Include -IC:/Users/sergi/STM32Cube/Repository/STM32Cube_FW_F4_V1.27.1/Drivers/CMSIS/Include -I"C:/Users/sergi/Documents/STM32CubeIDE/workspace_1.10.1/uvisionexport/User Library/Inc" -O0 -ffunction-sections -fdata-sections -Wall -fstack-usage -MMD -MP -MF"Drivers/STM32F4xx_HAL_Driver/stm32f4xx_hal_rcc.d" -MT"Drivers/STM32F4xx_HAL_Driver/stm32f4xx_hal_rcc.o" --specs=nano.specs -mfpu=fpv4-sp-d16 -mfloat-abi=hard -mthumb -o "Drivers/STM32F4xx_HAL_Driver/stm32f4xx_hal_rcc.o"
arm-none-eabi-gcc "C:/Users/sergi/STM32Cube/Repository/STM32Cube_FW_F4_V1.27.1/Drivers/STM32F4xx_HAL_Driver/Src/stm32f4xx_hal_rcc_ex.c" -mcpu=cortex-m4 -std=gnu11 -g3 -DDEBUG -DUSE_HAL_DRIVER -DSTM32F446xx -c -I../Core/Inc -IC:/Users/sergi/STM32Cube/Repository/STM32Cube_FW_F4_V1.27.1/Drivers/STM32F4xx_HAL_Driver/Inc -IC:/Users/sergi/STM32Cube/Repository/STM32Cube_FW_F4_V1.27.1/Drivers/STM32F4xx_HAL_Driver/Inc/Legacy -IC:/Users/sergi/STM32Cube/Repository/STM32Cube_FW_F4_V1.27.1/Drivers/CMSIS/Device/ST/STM32F4xx/Include -IC:/Users/sergi/STM32Cube/Repository/STM32Cube_FW_F4_V1.27.1/Drivers/CMSIS/Include -I"C:/Users/sergi/Documents/STM32CubeIDE/workspace_1.10.1/uvisionexport/User Library/Inc" -O0 -ffunction-sections -fdata-sections -Wall -fstack-usage -MMD -MP -MF"Drivers/STM32F4xx_HAL_Driver/stm32f4xx_hal_rcc_ex.d" -MT"Drivers/STM32F4xx_HAL_Driver/stm32f4xx_hal_rcc_ex.o" --specs=nano.specs -mfpu=fpv4-sp-d16 -mfloat-abi=hard -mthumb -o "Drivers/STM32F4xx_HAL_Driver/stm32f4xx_hal_rcc_ex.o"
arm-none-eabi-gcc -mcpu=cortex-m4 -g3 -DDEBUG -c -x assembler-with-cpp -MMD -MP -MF"Core/Startup/startup_stm32f446retx.d" -MT"Core/Startup/startup_stm32f446retx.o" --specs=nano.specs -mfpu=fpv4-sp-d16 -mfloat-abi=hard -mthumb -o "Core/Startup/startup_stm32f446retx.o" "../Core/Startup/startup_stm32f446retx.s"
arm-none-eabi-gcc "../Core/Src/main.c" -mcpu=cortex-m4 -std=gnu11 -g3 -DDEBUG -DUSE_HAL_DRIVER -DSTM32F446xx -c -I../Core/Inc -IC:/Users/sergi/STM32Cube/Repository/STM32Cube_FW_F4_V1.27.1/Drivers/STM32F4xx_HAL_Driver/Inc -IC:/Users/sergi/STM32Cube/Repository/STM32Cube_FW_F4_V1.27.1/Drivers/STM32F4xx_HAL_Driver/Inc/Legacy -IC:/Users/sergi/STM32Cube/Repository/STM32Cube_FW_F4_V1.27.1/Drivers/CMSIS/Device/ST/STM32F4xx/Include -IC:/Users/sergi/STM32Cube/Repository/STM32Cube_FW_F4_V1.27.1/Drivers/CMSIS/Include -I"C:/Users/sergi/Documents/STM32CubeIDE/workspace_1.10.1/uvisionexport/User Library/Inc" -O0 -ffunction-sections -fdata-sections -Wall -fstack-usage -MMD -MP -MF"Core/Src/main.d" -MT"Core/Src/main.o" --specs=nano.specs -mfpu=fpv4-sp-d16 -mfloat-abi=hard -mthumb -o "Core/Src/main.o"
arm-none-eabi-gcc "../Core/Src/stm32f4xx_hal_msp.c" -mcpu=cortex-m4 -std=gnu11 -g3 -DDEBUG -DUSE_HAL_DRIVER -DSTM32F446xx -c -I../Core/Inc -IC:/Users/sergi/STM32Cube/Repository/STM32Cube_FW_F4_V1.27.1/Drivers/STM32F4xx_HAL_Driver/Inc -IC:/Users/sergi/STM32Cube/Repository/STM32Cube_FW_F4_V1.27.1/Drivers/STM32F4xx_HAL_Driver/Inc/Legacy -IC:/Users/sergi/STM32Cube/Repository/STM32Cube_FW_F4_V1.27.1/Drivers/CMSIS/Device/ST/STM32F4xx/Include -IC:/Users/sergi/STM32Cube/Repository/STM32Cube_FW_F4_V1.27.1/Drivers/CMSIS/Include -I"C:/Users/sergi/Documents/STM32CubeIDE/workspace_1.10.1/uvisionexport/User Library/Inc" -O0 -ffunction-sections -fdata-sections -Wall -fstack-usage -MMD -MP -MF"Core/Src/stm32f4xx_hal_msp.d" -MT"Core/Src/stm32f4xx_hal_msp.o" --specs=nano.specs -mfpu=fpv4-sp-d16 -mfloat-abi=hard -mthumb -o "Core/Src/stm32f4xx_hal_msp.o"
arm-none-eabi-gcc "../Core/Src/syscalls.c" -mcpu=cortex-m4 -std=gnu11 -g3 -DDEBUG -DUSE_HAL_DRIVER -DSTM32F446xx -c -I../Core/Inc -IC:/Users/sergi/STM32Cube/Repository/STM32Cube_FW_F4_V1.27.1/Drivers/STM32F4xx_HAL_Driver/Inc -IC:/Users/sergi/STM32Cube/Repository/STM32Cube_FW_F4_V1.27.1/Drivers/STM32F4xx_HAL_Driver/Inc/Legacy -IC:/Users/sergi/STM32Cube/Repository/STM32Cube_FW_F4_V1.27.1/Drivers/CMSIS/Device/ST/STM32F4xx/Include -IC:/Users/sergi/STM32Cube/Repository/STM32Cube_FW_F4_V1.27.1/Drivers/CMSIS/Include -I"C:/Users/sergi/Documents/STM32CubeIDE/workspace_1.10.1/uvisionexport/User Library/Inc" -O0 -ffunction-sections -fdata-sections -Wall -fstack-usage -MMD -MP -MF"Core/Src/syscalls.d" -MT"Core/Src/syscalls.o" --specs=nano.specs -mfpu=fpv4-sp-d16 -mfloat-abi=hard -mthumb -o "Core/Src/syscalls.o"
../Core/Src/main.c: In function 'main':
../Core/Src/main.c:136:3: warning: implicit declaration of function 'SystemClock_Config'; did you mean 'SysTick_Config'? [-Wimplicit-function-declaration]
  136 |   SystemClock_Config();
      |   ^~~~~~~~~~~~~~~~~~
      |   SysTick_Config
../Core/Src/main.c: At top level:
../Core/Src/main.c:191:6: warning: conflicting types for 'SystemClock_Config'
  191 | void SystemClock_Config(void)
      |      ^~~~~~~~~~~~~~~~~~
../Core/Src/main.c:136:3: note: previous implicit declaration of 'SystemClock_Config' was here
  136 |   SystemClock_Config();
      |   ^~~~~~~~~~~~~~~~~~
../Core/Src/main.c: In function 'portinic':
../Core/Src/main.c:236:23: warning: passing argument 2 of 'stm.func.setupreg' from incompatible pointer type [-Wincompatible-pointer-types]
  236 |  stm.func.setupreg(2, &stm.gpioa.reg->MODER, 1, 5);
      |                       ^~~~~~~~~~~~~~~~~~~~~
      |                       |
      |                       volatile uint32_t * {aka volatile long unsigned int *}
../Core/Src/main.c:236:23: note: expected 'volatile unsigned int *' but argument is of type 'volatile uint32_t *' {aka 'volatile long unsigned int *'}
../Core/Src/main.c:237:23: warning: passing argument 2 of 'stm.func.setupreg' from incompatible pointer type [-Wincompatible-pointer-types]
  237 |  stm.func.setupreg(2, &stm.gpioa.reg->PUPDR, 0, 5);
      |                       ^~~~~~~~~~~~~~~~~~~~~
      |                       |
      |                       volatile uint32_t * {aka volatile long unsigned int *}
../Core/Src/main.c:237:23: note: expected 'volatile unsigned int *' but argument is of type 'volatile uint32_t *' {aka 'volatile long unsigned int *'}
../Core/Src/main.c:241:23: warning: passing argument 2 of 'stm.func.setupreg' from incompatible pointer type [-Wincompatible-pointer-types]
  241 |  stm.func.setupreg(2, &stm.gpioc.reg->MODER, 0, 13);
      |                       ^~~~~~~~~~~~~~~~~~~~~
      |                       |
      |                       volatile uint32_t * {aka volatile long unsigned int *}
../Core/Src/main.c:241:23: note: expected 'volatile unsigned int *' but argument is of type 'volatile uint32_t *' {aka 'volatile long unsigned int *'}
../Core/Src/main.c:242:23: warning: passing argument 2 of 'stm.func.setupreg' from incompatible pointer type [-Wincompatible-pointer-types]
  242 |  stm.func.setupreg(2, &stm.gpioc.reg->PUPDR, 1, 13);
      |                       ^~~~~~~~~~~~~~~~~~~~~
      |                       |
      |                       volatile uint32_t * {aka volatile long unsigned int *}
../Core/Src/main.c:242:23: note: expected 'volatile unsigned int *' but argument is of type 'volatile uint32_t *' {aka 'volatile long unsigned int *'}
../Core/Src/main.c:245:23: warning: passing argument 2 of 'stm.func.setupreg' from incompatible pointer type [-Wincompatible-pointer-types]
  245 |  stm.func.setupreg(2, &stm.gpioc.reg->MODER, 1, 0);
      |                       ^~~~~~~~~~~~~~~~~~~~~
      |                       |
      |                       volatile uint32_t * {aka volatile long unsigned int *}
../Core/Src/main.c:245:23: note: expected 'volatile unsigned int *' but argument is of type 'volatile uint32_t *' {aka 'volatile long unsigned int *'}
../Core/Src/main.c:246:23: warning: passing argument 2 of 'stm.func.setupreg' from incompatible pointer type [-Wincompatible-pointer-types]
  246 |  stm.func.setupreg(2, &stm.gpioc.reg->MODER, 1, 1);
      |                       ^~~~~~~~~~~~~~~~~~~~~
      |                       |
      |                       volatile uint32_t * {aka volatile long unsigned int *}
../Core/Src/main.c:246:23: note: expected 'volatile unsigned int *' but argument is of type 'volatile uint32_t *' {aka 'volatile long unsigned int *'}
../Core/Src/main.c:247:23: warning: passing argument 2 of 'stm.func.setupreg' from incompatible pointer type [-Wincompatible-pointer-types]
  247 |  stm.func.setupreg(2, &stm.gpioc.reg->MODER, 1, 2);
      |                       ^~~~~~~~~~~~~~~~~~~~~
      |                       |
      |                       volatile uint32_t * {aka volatile long unsigned int *}
../Core/Src/main.c:247:23: note: expected 'volatile unsigned int *' but argument is of type 'volatile uint32_t *' {aka 'volatile long unsigned int *'}
../Core/Src/main.c:248:23: warning: passing argument 2 of 'stm.func.setupreg' from incompatible pointer type [-Wincompatible-pointer-types]
  248 |  stm.func.setupreg(2, &stm.gpioc.reg->PUPDR, 0, 0);
      |                       ^~~~~~~~~~~~~~~~~~~~~
      |                       |
      |                       volatile uint32_t * {aka volatile long unsigned int *}
../Core/Src/main.c:248:23: note: expected 'volatile unsigned int *' but argument is of type 'volatile uint32_t *' {aka 'volatile long unsigned int *'}
../Core/Src/main.c:249:23: warning: passing argument 2 of 'stm.func.setupreg' from incompatible pointer type [-Wincompatible-pointer-types]
  249 |  stm.func.setupreg(2, &stm.gpioc.reg->PUPDR, 0, 1);
      |                       ^~~~~~~~~~~~~~~~~~~~~
      |                       |
      |                       volatile uint32_t * {aka volatile long unsigned int *}
../Core/Src/main.c:249:23: note: expected 'volatile unsigned int *' but argument is of type 'volatile uint32_t *' {aka 'volatile long unsigned int *'}
../Core/Src/main.c:250:23: warning: passing argument 2 of 'stm.func.setupreg' from incompatible pointer type [-Wincompatible-pointer-types]
  250 |  stm.func.setupreg(2, &stm.gpioc.reg->PUPDR, 0, 2);
      |                       ^~~~~~~~~~~~~~~~~~~~~
      |                       |
      |                       volatile uint32_t * {aka volatile long unsigned int *}
../Core/Src/main.c:250:23: note: expected 'volatile unsigned int *' but argument is of type 'volatile uint32_t *' {aka 'volatile long unsigned int *'}
arm-none-eabi-gcc "../Core/Src/sysmem.c" -mcpu=cortex-m4 -std=gnu11 -g3 -DDEBUG -DUSE_HAL_DRIVER -DSTM32F446xx -c -I../Core/Inc -IC:/Users/sergi/STM32Cube/Repository/STM32Cube_FW_F4_V1.27.1/Drivers/STM32F4xx_HAL_Driver/Inc -IC:/Users/sergi/STM32Cube/Repository/STM32Cube_FW_F4_V1.27.1/Drivers/STM32F4xx_HAL_Driver/Inc/Legacy -IC:/Users/sergi/STM32Cube/Repository/STM32Cube_FW_F4_V1.27.1/Drivers/CMSIS/Device/ST/STM32F4xx/Include -IC:/Users/sergi/STM32Cube/Repository/STM32Cube_FW_F4_V1.27.1/Drivers/CMSIS/Include -I"C:/Users/sergi/Documents/STM32CubeIDE/workspace_1.10.1/uvisionexport/User Library/Inc" -O0 -ffunction-sections -fdata-sections -Wall -fstack-usage -MMD -MP -MF"Core/Src/sysmem.d" -MT"Core/Src/sysmem.o" --specs=nano.specs -mfpu=fpv4-sp-d16 -mfloat-abi=hard -mthumb -o "Core/Src/sysmem.o"
arm-none-eabi-gcc "../Core/Src/system_stm32f4xx.c" -mcpu=cortex-m4 -std=gnu11 -g3 -DDEBUG -DUSE_HAL_DRIVER -DSTM32F446xx -c -I../Core/Inc -IC:/Users/sergi/STM32Cube/Repository/STM32Cube_FW_F4_V1.27.1/Drivers/STM32F4xx_HAL_Driver/Inc -IC:/Users/sergi/STM32Cube/Repository/STM32Cube_FW_F4_V1.27.1/Drivers/STM32F4xx_HAL_Driver/Inc/Legacy -IC:/Users/sergi/STM32Cube/Repository/STM32Cube_FW_F4_V1.27.1/Drivers/CMSIS/Device/ST/STM32F4xx/Include -IC:/Users/sergi/STM32Cube/Repository/STM32Cube_FW_F4_V1.27.1/Drivers/CMSIS/Include -I"C:/Users/sergi/Documents/STM32CubeIDE/workspace_1.10.1/uvisionexport/User Library/Inc" -O0 -ffunction-sections -fdata-sections -Wall -fstack-usage -MMD -MP -MF"Core/Src/system_stm32f4xx.d" -MT"Core/Src/system_stm32f4xx.o" --specs=nano.specs -mfpu=fpv4-sp-d16 -mfloat-abi=hard -mthumb -o "Core/Src/system_stm32f4xx.o"
arm-none-eabi-gcc -o "uvisionexport.elf" @"objects.list"   -mcpu=cortex-m4 -T"C:\Users\sergi\Documents\STM32CubeIDE\workspace_1.10.1\uvisionexport\STM32F446RETX_FLASH.ld" --specs=nosys.specs -Wl,-Map="uvisionexport.map" -Wl,--gc-sections -static -L"C:\Users\sergi\Documents\STM32CubeIDE\workspace_1.10.1\uvisionexport\User Library\Inc" --specs=nano.specs -mfpu=fpv4-sp-d16 -mfloat-abi=hard -mthumb -Wl,--start-group -lc -lm -Wl,--end-group
Finished building target: uvisionexport.elf
 
arm-none-eabi-size   uvisionexport.elf 
arm-none-eabi-objdump -h -S  uvisionexport.elf  > "uvisionexport.list"
   text	   data	    bss	    dec	    hex	filename
  28528	    124	   2936	  31588	   7b64	uvisionexport.elf
Finished building: default.size.stdout
 
Finished building: uvisionexport.list
 
22:05:14 **** Incremental Build of configuration Debug for project uvisionexport ****
make -j4 all 
arm-none-eabi-size   uvisionexport.elf 
   text	   data	    bss	    dec	    hex	filename
  28528	    124	   2936	  31588	   7b64	uvisionexport.elf
Finished building: default.size.stdout
 
22:06:04 **** Incremental Build of configuration Debug for project uvisionexport ****
make -j4 all 
arm-none-eabi-gcc "../Core/Src/main.c" -mcpu=cortex-m4 -std=gnu11 -g3 -DDEBUG -DUSE_HAL_DRIVER -DSTM32F446xx -c -I../Core/Inc -IC:/Users/sergi/STM32Cube/Repository/STM32Cube_FW_F4_V1.27.1/Drivers/STM32F4xx_HAL_Driver/Inc -IC:/Users/sergi/STM32Cube/Repository/STM32Cube_FW_F4_V1.27.1/Drivers/STM32F4xx_HAL_Driver/Inc/Legacy -IC:/Users/sergi/STM32Cube/Repository/STM32Cube_FW_F4_V1.27.1/Drivers/CMSIS/Device/ST/STM32F4xx/Include -IC:/Users/sergi/STM32Cube/Repository/STM32Cube_FW_F4_V1.27.1/Drivers/CMSIS/Include -I"C:/Users/sergi/Documents/STM32CubeIDE/workspace_1.10.1/uvisionexport/User Library/Inc" -O0 -ffunction-sections -fdata-sections -Wall -fstack-usage -MMD -MP -MF"Core/Src/main.d" -MT"Core/Src/main.o" --specs=nano.specs -mfpu=fpv4-sp-d16 -mfloat-abi=hard -mthumb -o "Core/Src/main.o"
../Core/Src/main.c: In function 'main':
../Core/Src/main.c:87:3: warning: implicit declaration of function 'SystemClock_Config'; did you mean 'SysTick_Config'? [-Wimplicit-function-declaration]
   87 |   SystemClock_Config();
      |   ^~~~~~~~~~~~~~~~~~
      |   SysTick_Config
../Core/Src/main.c: In function 'portinic':
../Core/Src/main.c:135:23: warning: passing argument 2 of 'stm.func.setupreg' from incompatible pointer type [-Wincompatible-pointer-types]
  135 |  stm.func.setupreg(2, &stm.gpioa.reg->MODER, 1, 5);
      |                       ^~~~~~~~~~~~~~~~~~~~~
      |                       |
      |                       volatile uint32_t * {aka volatile long unsigned int *}
../Core/Src/main.c:135:23: note: expected 'volatile unsigned int *' but argument is of type 'volatile uint32_t *' {aka 'volatile long unsigned int *'}
../Core/Src/main.c:136:23: warning: passing argument 2 of 'stm.func.setupreg' from incompatible pointer type [-Wincompatible-pointer-types]
  136 |  stm.func.setupreg(2, &stm.gpioa.reg->PUPDR, 0, 5);
      |                       ^~~~~~~~~~~~~~~~~~~~~
      |                       |
      |                       volatile uint32_t * {aka volatile long unsigned int *}
../Core/Src/main.c:136:23: note: expected 'volatile unsigned int *' but argument is of type 'volatile uint32_t *' {aka 'volatile long unsigned int *'}
../Core/Src/main.c:140:23: warning: passing argument 2 of 'stm.func.setupreg' from incompatible pointer type [-Wincompatible-pointer-types]
  140 |  stm.func.setupreg(2, &stm.gpioc.reg->MODER, 0, 13);
      |                       ^~~~~~~~~~~~~~~~~~~~~
      |                       |
      |                       volatile uint32_t * {aka volatile long unsigned int *}
../Core/Src/main.c:140:23: note: expected 'volatile unsigned int *' but argument is of type 'volatile uint32_t *' {aka 'volatile long unsigned int *'}
../Core/Src/main.c:141:23: warning: passing argument 2 of 'stm.func.setupreg' from incompatible pointer type [-Wincompatible-pointer-types]
  141 |  stm.func.setupreg(2, &stm.gpioc.reg->PUPDR, 1, 13);
      |                       ^~~~~~~~~~~~~~~~~~~~~
      |                       |
      |                       volatile uint32_t * {aka volatile long unsigned int *}
../Core/Src/main.c:141:23: note: expected 'volatile unsigned int *' but argument is of type 'volatile uint32_t *' {aka 'volatile long unsigned int *'}
../Core/Src/main.c:144:23: warning: passing argument 2 of 'stm.func.setupreg' from incompatible pointer type [-Wincompatible-pointer-types]
  144 |  stm.func.setupreg(2, &stm.gpioc.reg->MODER, 1, 0);
      |                       ^~~~~~~~~~~~~~~~~~~~~
      |                       |
      |                       volatile uint32_t * {aka volatile long unsigned int *}
../Core/Src/main.c:144:23: note: expected 'volatile unsigned int *' but argument is of type 'volatile uint32_t *' {aka 'volatile long unsigned int *'}
../Core/Src/main.c:145:23: warning: passing argument 2 of 'stm.func.setupreg' from incompatible pointer type [-Wincompatible-pointer-types]
  145 |  stm.func.setupreg(2, &stm.gpioc.reg->MODER, 1, 1);
      |                       ^~~~~~~~~~~~~~~~~~~~~
      |                       |
      |                       volatile uint32_t * {aka volatile long unsigned int *}
../Core/Src/main.c:145:23: note: expected 'volatile unsigned int *' but argument is of type 'volatile uint32_t *' {aka 'volatile long unsigned int *'}
../Core/Src/main.c:146:23: warning: passing argument 2 of 'stm.func.setupreg' from incompatible pointer type [-Wincompatible-pointer-types]
  146 |  stm.func.setupreg(2, &stm.gpioc.reg->MODER, 1, 2);
      |                       ^~~~~~~~~~~~~~~~~~~~~
      |                       |
      |                       volatile uint32_t * {aka volatile long unsigned int *}
../Core/Src/main.c:146:23: note: expected 'volatile unsigned int *' but argument is of type 'volatile uint32_t *' {aka 'volatile long unsigned int *'}
../Core/Src/main.c:147:23: warning: passing argument 2 of 'stm.func.setupreg' from incompatible pointer type [-Wincompatible-pointer-types]
  147 |  stm.func.setupreg(2, &stm.gpioc.reg->PUPDR, 0, 0);
      |                       ^~~~~~~~~~~~~~~~~~~~~
      |                       |
      |                       volatile uint32_t * {aka volatile long unsigned int *}
../Core/Src/main.c:147:23: note: expected 'volatile unsigned int *' but argument is of type 'volatile uint32_t *' {aka 'volatile long unsigned int *'}
../Core/Src/main.c:148:23: warning: passing argument 2 of 'stm.func.setupreg' from incompatible pointer type [-Wincompatible-pointer-types]
  148 |  stm.func.setupreg(2, &stm.gpioc.reg->PUPDR, 0, 1);
      |                       ^~~~~~~~~~~~~~~~~~~~~
      |                       |
      |                       volatile uint32_t * {aka volatile long unsigned int *}
../Core/Src/main.c:148:23: note: expected 'volatile unsigned int *' but argument is of type 'volatile uint32_t *' {aka 'volatile long unsigned int *'}
../Core/Src/main.c:149:23: warning: passing argument 2 of 'stm.func.setupreg' from incompatible pointer type [-Wincompatible-pointer-types]
  149 |  stm.func.setupreg(2, &stm.gpioc.reg->PUPDR, 0, 2);
      |                       ^~~~~~~~~~~~~~~~~~~~~
      |                       |
      |                       volatile uint32_t * {aka volatile long unsigned int *}
../Core/Src/main.c:149:23: note: expected 'volatile unsigned int *' but argument is of type 'volatile uint32_t *' {aka 'volatile long unsigned int *'}
arm-none-eabi-gcc -o "uvisionexport.elf" @"objects.list"   -mcpu=cortex-m4 -T"C:\Users\sergi\Documents\STM32CubeIDE\workspace_1.10.1\uvisionexport\STM32F446RETX_FLASH.ld" --specs=nosys.specs -Wl,-Map="uvisionexport.map" -Wl,--gc-sections -static -L"C:\Users\sergi\Documents\STM32CubeIDE\workspace_1.10.1\uvisionexport\User Library\Inc" --specs=nano.specs -mfpu=fpv4-sp-d16 -mfloat-abi=hard -mthumb -Wl,--start-group -lc -lm -Wl,--end-group
c:\programs\st\stm32cubeide_1.10.1\stm32cubeide\plugins\com.st.stm32cube.ide.mcu.externaltools.gnu-tools-for-stm32.10.3-2021.10.win32_1.0.0.202111181127\tools\arm-none-eabi\bin\ld.exe: ./Core/Src/main.o: in function `main':
C:/Users/sergi/Documents/STM32CubeIDE/workspace_1.10.1/uvisionexport/Debug/../Core/Src/main.c:87: undefined reference to `SystemClock_Config'
collect2.exe: error: ld returned 1 exit status
make: *** [makefile:65: uvisionexport.elf] Error 1
"make -j4 all" terminated with exit code 2. Build might be incomplete.
22:06:39 **** Incremental Build of configuration Debug for project uvisionexport ****
make -j4 all 
arm-none-eabi-gcc "../Core/Src/main.c" -mcpu=cortex-m4 -std=gnu11 -g3 -DDEBUG -DUSE_HAL_DRIVER -DSTM32F446xx -c -I../Core/Inc -IC:/Users/sergi/STM32Cube/Repository/STM32Cube_FW_F4_V1.27.1/Drivers/STM32F4xx_HAL_Driver/Inc -IC:/Users/sergi/STM32Cube/Repository/STM32Cube_FW_F4_V1.27.1/Drivers/STM32F4xx_HAL_Driver/Inc/Legacy -IC:/Users/sergi/STM32Cube/Repository/STM32Cube_FW_F4_V1.27.1/Drivers/CMSIS/Device/ST/STM32F4xx/Include -IC:/Users/sergi/STM32Cube/Repository/STM32Cube_FW_F4_V1.27.1/Drivers/CMSIS/Include -I"C:/Users/sergi/Documents/STM32CubeIDE/workspace_1.10.1/uvisionexport/User Library/Inc" -O0 -ffunction-sections -fdata-sections -Wall -fstack-usage -MMD -MP -MF"Core/Src/main.d" -MT"Core/Src/main.o" --specs=nano.specs -mfpu=fpv4-sp-d16 -mfloat-abi=hard -mthumb -o "Core/Src/main.o"
../Core/Src/main.c: In function 'main':
../Core/Src/main.c:136:3: warning: implicit declaration of function 'SystemClock_Config'; did you mean 'SysTick_Config'? [-Wimplicit-function-declaration]
  136 |   SystemClock_Config();
      |   ^~~~~~~~~~~~~~~~~~
      |   SysTick_Config
../Core/Src/main.c: At top level:
../Core/Src/main.c:191:6: warning: conflicting types for 'SystemClock_Config'
  191 | void SystemClock_Config(void)
      |      ^~~~~~~~~~~~~~~~~~
../Core/Src/main.c:136:3: note: previous implicit declaration of 'SystemClock_Config' was here
  136 |   SystemClock_Config();
      |   ^~~~~~~~~~~~~~~~~~
../Core/Src/main.c: In function 'portinic':
../Core/Src/main.c:236:23: warning: passing argument 2 of 'stm.func.setupreg' from incompatible pointer type [-Wincompatible-pointer-types]
  236 |  stm.func.setupreg(2, &stm.gpioa.reg->MODER, 1, 5);
      |                       ^~~~~~~~~~~~~~~~~~~~~
      |                       |
      |                       volatile uint32_t * {aka volatile long unsigned int *}
../Core/Src/main.c:236:23: note: expected 'volatile unsigned int *' but argument is of type 'volatile uint32_t *' {aka 'volatile long unsigned int *'}
../Core/Src/main.c:237:23: warning: passing argument 2 of 'stm.func.setupreg' from incompatible pointer type [-Wincompatible-pointer-types]
  237 |  stm.func.setupreg(2, &stm.gpioa.reg->PUPDR, 0, 5);
      |                       ^~~~~~~~~~~~~~~~~~~~~
      |                       |
      |                       volatile uint32_t * {aka volatile long unsigned int *}
../Core/Src/main.c:237:23: note: expected 'volatile unsigned int *' but argument is of type 'volatile uint32_t *' {aka 'volatile long unsigned int *'}
../Core/Src/main.c:241:23: warning: passing argument 2 of 'stm.func.setupreg' from incompatible pointer type [-Wincompatible-pointer-types]
  241 |  stm.func.setupreg(2, &stm.gpioc.reg->MODER, 0, 13);
      |                       ^~~~~~~~~~~~~~~~~~~~~
      |                       |
      |                       volatile uint32_t * {aka volatile long unsigned int *}
../Core/Src/main.c:241:23: note: expected 'volatile unsigned int *' but argument is of type 'volatile uint32_t *' {aka 'volatile long unsigned int *'}
../Core/Src/main.c:242:23: warning: passing argument 2 of 'stm.func.setupreg' from incompatible pointer type [-Wincompatible-pointer-types]
  242 |  stm.func.setupreg(2, &stm.gpioc.reg->PUPDR, 1, 13);
      |                       ^~~~~~~~~~~~~~~~~~~~~
      |                       |
      |                       volatile uint32_t * {aka volatile long unsigned int *}
../Core/Src/main.c:242:23: note: expected 'volatile unsigned int *' but argument is of type 'volatile uint32_t *' {aka 'volatile long unsigned int *'}
../Core/Src/main.c:245:23: warning: passing argument 2 of 'stm.func.setupreg' from incompatible pointer type [-Wincompatible-pointer-types]
  245 |  stm.func.setupreg(2, &stm.gpioc.reg->MODER, 1, 0);
      |                       ^~~~~~~~~~~~~~~~~~~~~
      |                       |
      |                       volatile uint32_t * {aka volatile long unsigned int *}
../Core/Src/main.c:245:23: note: expected 'volatile unsigned int *' but argument is of type 'volatile uint32_t *' {aka 'volatile long unsigned int *'}
../Core/Src/main.c:246:23: warning: passing argument 2 of 'stm.func.setupreg' from incompatible pointer type [-Wincompatible-pointer-types]
  246 |  stm.func.setupreg(2, &stm.gpioc.reg->MODER, 1, 1);
      |                       ^~~~~~~~~~~~~~~~~~~~~
      |                       |
      |                       volatile uint32_t * {aka volatile long unsigned int *}
../Core/Src/main.c:246:23: note: expected 'volatile unsigned int *' but argument is of type 'volatile uint32_t *' {aka 'volatile long unsigned int *'}
../Core/Src/main.c:247:23: warning: passing argument 2 of 'stm.func.setupreg' from incompatible pointer type [-Wincompatible-pointer-types]
  247 |  stm.func.setupreg(2, &stm.gpioc.reg->MODER, 1, 2);
      |                       ^~~~~~~~~~~~~~~~~~~~~
      |                       |
      |                       volatile uint32_t * {aka volatile long unsigned int *}
../Core/Src/main.c:247:23: note: expected 'volatile unsigned int *' but argument is of type 'volatile uint32_t *' {aka 'volatile long unsigned int *'}
../Core/Src/main.c:248:23: warning: passing argument 2 of 'stm.func.setupreg' from incompatible pointer type [-Wincompatible-pointer-types]
  248 |  stm.func.setupreg(2, &stm.gpioc.reg->PUPDR, 0, 0);
      |                       ^~~~~~~~~~~~~~~~~~~~~
      |                       |
      |                       volatile uint32_t * {aka volatile long unsigned int *}
../Core/Src/main.c:248:23: note: expected 'volatile unsigned int *' but argument is of type 'volatile uint32_t *' {aka 'volatile long unsigned int *'}
../Core/Src/main.c:249:23: warning: passing argument 2 of 'stm.func.setupreg' from incompatible pointer type [-Wincompatible-pointer-types]
  249 |  stm.func.setupreg(2, &stm.gpioc.reg->PUPDR, 0, 1);
      |                       ^~~~~~~~~~~~~~~~~~~~~
      |                       |
      |                       volatile uint32_t * {aka volatile long unsigned int *}
../Core/Src/main.c:249:23: note: expected 'volatile unsigned int *' but argument is of type 'volatile uint32_t *' {aka 'volatile long unsigned int *'}
../Core/Src/main.c:250:23: warning: passing argument 2 of 'stm.func.setupreg' from incompatible pointer type [-Wincompatible-pointer-types]
  250 |  stm.func.setupreg(2, &stm.gpioc.reg->PUPDR, 0, 2);
      |                       ^~~~~~~~~~~~~~~~~~~~~
      |                       |
      |                       volatile uint32_t * {aka volatile long unsigned int *}
../Core/Src/main.c:250:23: note: expected 'volatile unsigned int *' but argument is of type 'volatile uint32_t *' {aka 'volatile long unsigned int *'}
arm-none-eabi-gcc -o "uvisionexport.elf" @"objects.list"   -mcpu=cortex-m4 -T"C:\Users\sergi\Documents\STM32CubeIDE\workspace_1.10.1\uvisionexport\STM32F446RETX_FLASH.ld" --specs=nosys.specs -Wl,-Map="uvisionexport.map" -Wl,--gc-sections -static -L"C:\Users\sergi\Documents\STM32CubeIDE\workspace_1.10.1\uvisionexport\User Library\Inc" --specs=nano.specs -mfpu=fpv4-sp-d16 -mfloat-abi=hard -mthumb -Wl,--start-group -lc -lm -Wl,--end-group
Finished building target: uvisionexport.elf
 
arm-none-eabi-size   uvisionexport.elf 
arm-none-eabi-objdump -h -S  uvisionexport.elf  > "uvisionexport.list"
   text	   data	    bss	    dec	    hex	filename
  28528	    124	   2936	  31588	   7b64	uvisionexport.elf
Finished building: default.size.stdout
 
Finished building: uvisionexport.list
 
22:07:44 **** Incremental Build of configuration Debug for project uvisionexport ****
make -j4 all 
arm-none-eabi-gcc "../Core/Src/main.c" -mcpu=cortex-m4 -std=gnu11 -g3 -DDEBUG -DUSE_HAL_DRIVER -DSTM32F446xx -c -I../Core/Inc -IC:/Users/sergi/STM32Cube/Repository/STM32Cube_FW_F4_V1.27.1/Drivers/STM32F4xx_HAL_Driver/Inc -IC:/Users/sergi/STM32Cube/Repository/STM32Cube_FW_F4_V1.27.1/Drivers/STM32F4xx_HAL_Driver/Inc/Legacy -IC:/Users/sergi/STM32Cube/Repository/STM32Cube_FW_F4_V1.27.1/Drivers/CMSIS/Device/ST/STM32F4xx/Include -IC:/Users/sergi/STM32Cube/Repository/STM32Cube_FW_F4_V1.27.1/Drivers/CMSIS/Include -I"C:/Users/sergi/Documents/STM32CubeIDE/workspace_1.10.1/uvisionexport/User Library/Inc" -O0 -ffunction-sections -fdata-sections -Wall -fstack-usage -MMD -MP -MF"Core/Src/main.d" -MT"Core/Src/main.o" --specs=nano.specs -mfpu=fpv4-sp-d16 -mfloat-abi=hard -mthumb -o "Core/Src/main.o"
../Core/Src/main.c: In function 'main':
../Core/Src/main.c:134:3: warning: implicit declaration of function 'SystemClock_Config'; did you mean 'SysTick_Config'? [-Wimplicit-function-declaration]
  134 |   SystemClock_Config();
      |   ^~~~~~~~~~~~~~~~~~
      |   SysTick_Config
../Core/Src/main.c: At top level:
../Core/Src/main.c:189:6: warning: conflicting types for 'SystemClock_Config'
  189 | void SystemClock_Config(void)
      |      ^~~~~~~~~~~~~~~~~~
../Core/Src/main.c:134:3: note: previous implicit declaration of 'SystemClock_Config' was here
  134 |   SystemClock_Config();
      |   ^~~~~~~~~~~~~~~~~~
../Core/Src/main.c: In function 'portinic':
../Core/Src/main.c:234:23: warning: passing argument 2 of 'stm.func.setupreg' from incompatible pointer type [-Wincompatible-pointer-types]
  234 |  stm.func.setupreg(2, &stm.gpioa.reg->MODER, 1, 5);
      |                       ^~~~~~~~~~~~~~~~~~~~~
      |                       |
      |                       volatile uint32_t * {aka volatile long unsigned int *}
../Core/Src/main.c:234:23: note: expected 'volatile unsigned int *' but argument is of type 'volatile uint32_t *' {aka 'volatile long unsigned int *'}
../Core/Src/main.c:235:23: warning: passing argument 2 of 'stm.func.setupreg' from incompatible pointer type [-Wincompatible-pointer-types]
  235 |  stm.func.setupreg(2, &stm.gpioa.reg->PUPDR, 0, 5);
      |                       ^~~~~~~~~~~~~~~~~~~~~
      |                       |
      |                       volatile uint32_t * {aka volatile long unsigned int *}
../Core/Src/main.c:235:23: note: expected 'volatile unsigned int *' but argument is of type 'volatile uint32_t *' {aka 'volatile long unsigned int *'}
../Core/Src/main.c:239:23: warning: passing argument 2 of 'stm.func.setupreg' from incompatible pointer type [-Wincompatible-pointer-types]
  239 |  stm.func.setupreg(2, &stm.gpioc.reg->MODER, 0, 13);
      |                       ^~~~~~~~~~~~~~~~~~~~~
      |                       |
      |                       volatile uint32_t * {aka volatile long unsigned int *}
../Core/Src/main.c:239:23: note: expected 'volatile unsigned int *' but argument is of type 'volatile uint32_t *' {aka 'volatile long unsigned int *'}
../Core/Src/main.c:240:23: warning: passing argument 2 of 'stm.func.setupreg' from incompatible pointer type [-Wincompatible-pointer-types]
  240 |  stm.func.setupreg(2, &stm.gpioc.reg->PUPDR, 1, 13);
      |                       ^~~~~~~~~~~~~~~~~~~~~
      |                       |
      |                       volatile uint32_t * {aka volatile long unsigned int *}
../Core/Src/main.c:240:23: note: expected 'volatile unsigned int *' but argument is of type 'volatile uint32_t *' {aka 'volatile long unsigned int *'}
../Core/Src/main.c:243:23: warning: passing argument 2 of 'stm.func.setupreg' from incompatible pointer type [-Wincompatible-pointer-types]
  243 |  stm.func.setupreg(2, &stm.gpioc.reg->MODER, 1, 0);
      |                       ^~~~~~~~~~~~~~~~~~~~~
      |                       |
      |                       volatile uint32_t * {aka volatile long unsigned int *}
../Core/Src/main.c:243:23: note: expected 'volatile unsigned int *' but argument is of type 'volatile uint32_t *' {aka 'volatile long unsigned int *'}
../Core/Src/main.c:244:23: warning: passing argument 2 of 'stm.func.setupreg' from incompatible pointer type [-Wincompatible-pointer-types]
  244 |  stm.func.setupreg(2, &stm.gpioc.reg->MODER, 1, 1);
      |                       ^~~~~~~~~~~~~~~~~~~~~
      |                       |
      |                       volatile uint32_t * {aka volatile long unsigned int *}
../Core/Src/main.c:244:23: note: expected 'volatile unsigned int *' but argument is of type 'volatile uint32_t *' {aka 'volatile long unsigned int *'}
../Core/Src/main.c:245:23: warning: passing argument 2 of 'stm.func.setupreg' from incompatible pointer type [-Wincompatible-pointer-types]
  245 |  stm.func.setupreg(2, &stm.gpioc.reg->MODER, 1, 2);
      |                       ^~~~~~~~~~~~~~~~~~~~~
      |                       |
      |                       volatile uint32_t * {aka volatile long unsigned int *}
../Core/Src/main.c:245:23: note: expected 'volatile unsigned int *' but argument is of type 'volatile uint32_t *' {aka 'volatile long unsigned int *'}
../Core/Src/main.c:246:23: warning: passing argument 2 of 'stm.func.setupreg' from incompatible pointer type [-Wincompatible-pointer-types]
  246 |  stm.func.setupreg(2, &stm.gpioc.reg->PUPDR, 0, 0);
      |                       ^~~~~~~~~~~~~~~~~~~~~
      |                       |
      |                       volatile uint32_t * {aka volatile long unsigned int *}
../Core/Src/main.c:246:23: note: expected 'volatile unsigned int *' but argument is of type 'volatile uint32_t *' {aka 'volatile long unsigned int *'}
../Core/Src/main.c:247:23: warning: passing argument 2 of 'stm.func.setupreg' from incompatible pointer type [-Wincompatible-pointer-types]
  247 |  stm.func.setupreg(2, &stm.gpioc.reg->PUPDR, 0, 1);
      |                       ^~~~~~~~~~~~~~~~~~~~~
      |                       |
      |                       volatile uint32_t * {aka volatile long unsigned int *}
../Core/Src/main.c:247:23: note: expected 'volatile unsigned int *' but argument is of type 'volatile uint32_t *' {aka 'volatile long unsigned int *'}
../Core/Src/main.c:248:23: warning: passing argument 2 of 'stm.func.setupreg' from incompatible pointer type [-Wincompatible-pointer-types]
  248 |  stm.func.setupreg(2, &stm.gpioc.reg->PUPDR, 0, 2);
      |                       ^~~~~~~~~~~~~~~~~~~~~
      |                       |
      |                       volatile uint32_t * {aka volatile long unsigned int *}
../Core/Src/main.c:248:23: note: expected 'volatile unsigned int *' but argument is of type 'volatile uint32_t *' {aka 'volatile long unsigned int *'}
arm-none-eabi-gcc -o "uvisionexport.elf" @"objects.list"   -mcpu=cortex-m4 -T"C:\Users\sergi\Documents\STM32CubeIDE\workspace_1.10.1\uvisionexport\STM32F446RETX_FLASH.ld" --specs=nosys.specs -Wl,-Map="uvisionexport.map" -Wl,--gc-sections -static -L"C:\Users\sergi\Documents\STM32CubeIDE\workspace_1.10.1\uvisionexport\User Library\Inc" --specs=nano.specs -mfpu=fpv4-sp-d16 -mfloat-abi=hard -mthumb -Wl,--start-group -lc -lm -Wl,--end-group
Finished building target: uvisionexport.elf
 
arm-none-eabi-size   uvisionexport.elf 
arm-none-eabi-objdump -h -S  uvisionexport.elf  > "uvisionexport.list"
   text	   data	    bss	    dec	    hex	filename
  28528	    124	   2936	  31588	   7b64	uvisionexport.elf
Finished building: default.size.stdout
 
Finished building: uvisionexport.list
 
22:08:55 **** Incremental Build of configuration Debug for project uvisionexport ****
make -j4 all 
arm-none-eabi-gcc "../Core/Src/main.c" -mcpu=cortex-m4 -std=gnu11 -g3 -DDEBUG -DUSE_HAL_DRIVER -DSTM32F446xx -c -I../Core/Inc -IC:/Users/sergi/STM32Cube/Repository/STM32Cube_FW_F4_V1.27.1/Drivers/STM32F4xx_HAL_Driver/Inc -IC:/Users/sergi/STM32Cube/Repository/STM32Cube_FW_F4_V1.27.1/Drivers/STM32F4xx_HAL_Driver/Inc/Legacy -IC:/Users/sergi/STM32Cube/Repository/STM32Cube_FW_F4_V1.27.1/Drivers/CMSIS/Device/ST/STM32F4xx/Include -IC:/Users/sergi/STM32Cube/Repository/STM32Cube_FW_F4_V1.27.1/Drivers/CMSIS/Include -I"C:/Users/sergi/Documents/STM32CubeIDE/workspace_1.10.1/uvisionexport/User Library/Inc" -O0 -ffunction-sections -fdata-sections -Wall -fstack-usage -MMD -MP -MF"Core/Src/main.d" -MT"Core/Src/main.o" --specs=nano.specs -mfpu=fpv4-sp-d16 -mfloat-abi=hard -mthumb -o "Core/Src/main.o"
../Core/Src/main.c: In function 'main':
../Core/Src/main.c:134:3: warning: implicit declaration of function 'SystemClock_Config'; did you mean 'SysTick_Config'? [-Wimplicit-function-declaration]
  134 |   SystemClock_Config();
      |   ^~~~~~~~~~~~~~~~~~
      |   SysTick_Config
../Core/Src/main.c: At top level:
../Core/Src/main.c:189:6: warning: conflicting types for 'SystemClock_Config'
  189 | void SystemClock_Config(void)
      |      ^~~~~~~~~~~~~~~~~~
../Core/Src/main.c:134:3: note: previous implicit declaration of 'SystemClock_Config' was here
  134 |   SystemClock_Config();
      |   ^~~~~~~~~~~~~~~~~~
../Core/Src/main.c: In function 'portinic':
../Core/Src/main.c:234:23: warning: passing argument 2 of 'stm.func.setupreg' from incompatible pointer type [-Wincompatible-pointer-types]
  234 |  stm.func.setupreg(2, &stm.gpioa.reg->MODER, 1, 5);
      |                       ^~~~~~~~~~~~~~~~~~~~~
      |                       |
      |                       volatile uint32_t * {aka volatile long unsigned int *}
../Core/Src/main.c:234:23: note: expected 'volatile unsigned int *' but argument is of type 'volatile uint32_t *' {aka 'volatile long unsigned int *'}
../Core/Src/main.c:235:23: warning: passing argument 2 of 'stm.func.setupreg' from incompatible pointer type [-Wincompatible-pointer-types]
  235 |  stm.func.setupreg(2, &stm.gpioa.reg->PUPDR, 0, 5);
      |                       ^~~~~~~~~~~~~~~~~~~~~
      |                       |
      |                       volatile uint32_t * {aka volatile long unsigned int *}
../Core/Src/main.c:235:23: note: expected 'volatile unsigned int *' but argument is of type 'volatile uint32_t *' {aka 'volatile long unsigned int *'}
../Core/Src/main.c:239:23: warning: passing argument 2 of 'stm.func.setupreg' from incompatible pointer type [-Wincompatible-pointer-types]
  239 |  stm.func.setupreg(2, &stm.gpioc.reg->MODER, 0, 13);
      |                       ^~~~~~~~~~~~~~~~~~~~~
      |                       |
      |                       volatile uint32_t * {aka volatile long unsigned int *}
../Core/Src/main.c:239:23: note: expected 'volatile unsigned int *' but argument is of type 'volatile uint32_t *' {aka 'volatile long unsigned int *'}
../Core/Src/main.c:240:23: warning: passing argument 2 of 'stm.func.setupreg' from incompatible pointer type [-Wincompatible-pointer-types]
  240 |  stm.func.setupreg(2, &stm.gpioc.reg->PUPDR, 1, 13);
      |                       ^~~~~~~~~~~~~~~~~~~~~
      |                       |
      |                       volatile uint32_t * {aka volatile long unsigned int *}
../Core/Src/main.c:240:23: note: expected 'volatile unsigned int *' but argument is of type 'volatile uint32_t *' {aka 'volatile long unsigned int *'}
../Core/Src/main.c:243:23: warning: passing argument 2 of 'stm.func.setupreg' from incompatible pointer type [-Wincompatible-pointer-types]
  243 |  stm.func.setupreg(2, &stm.gpioc.reg->MODER, 1, 0);
      |                       ^~~~~~~~~~~~~~~~~~~~~
      |                       |
      |                       volatile uint32_t * {aka volatile long unsigned int *}
../Core/Src/main.c:243:23: note: expected 'volatile unsigned int *' but argument is of type 'volatile uint32_t *' {aka 'volatile long unsigned int *'}
../Core/Src/main.c:244:23: warning: passing argument 2 of 'stm.func.setupreg' from incompatible pointer type [-Wincompatible-pointer-types]
  244 |  stm.func.setupreg(2, &stm.gpioc.reg->MODER, 1, 1);
      |                       ^~~~~~~~~~~~~~~~~~~~~
      |                       |
      |                       volatile uint32_t * {aka volatile long unsigned int *}
../Core/Src/main.c:244:23: note: expected 'volatile unsigned int *' but argument is of type 'volatile uint32_t *' {aka 'volatile long unsigned int *'}
../Core/Src/main.c:245:23: warning: passing argument 2 of 'stm.func.setupreg' from incompatible pointer type [-Wincompatible-pointer-types]
  245 |  stm.func.setupreg(2, &stm.gpioc.reg->MODER, 1, 2);
      |                       ^~~~~~~~~~~~~~~~~~~~~
      |                       |
      |                       volatile uint32_t * {aka volatile long unsigned int *}
../Core/Src/main.c:245:23: note: expected 'volatile unsigned int *' but argument is of type 'volatile uint32_t *' {aka 'volatile long unsigned int *'}
../Core/Src/main.c:246:23: warning: passing argument 2 of 'stm.func.setupreg' from incompatible pointer type [-Wincompatible-pointer-types]
  246 |  stm.func.setupreg(2, &stm.gpioc.reg->PUPDR, 0, 0);
      |                       ^~~~~~~~~~~~~~~~~~~~~
      |                       |
      |                       volatile uint32_t * {aka volatile long unsigned int *}
../Core/Src/main.c:246:23: note: expected 'volatile unsigned int *' but argument is of type 'volatile uint32_t *' {aka 'volatile long unsigned int *'}
../Core/Src/main.c:247:23: warning: passing argument 2 of 'stm.func.setupreg' from incompatible pointer type [-Wincompatible-pointer-types]
  247 |  stm.func.setupreg(2, &stm.gpioc.reg->PUPDR, 0, 1);
      |                       ^~~~~~~~~~~~~~~~~~~~~
      |                       |
      |                       volatile uint32_t * {aka volatile long unsigned int *}
../Core/Src/main.c:247:23: note: expected 'volatile unsigned int *' but argument is of type 'volatile uint32_t *' {aka 'volatile long unsigned int *'}
../Core/Src/main.c:248:23: warning: passing argument 2 of 'stm.func.setupreg' from incompatible pointer type [-Wincompatible-pointer-types]
  248 |  stm.func.setupreg(2, &stm.gpioc.reg->PUPDR, 0, 2);
      |                       ^~~~~~~~~~~~~~~~~~~~~
      |                       |
      |                       volatile uint32_t * {aka volatile long unsigned int *}
../Core/Src/main.c:248:23: note: expected 'volatile unsigned int *' but argument is of type 'volatile uint32_t *' {aka 'volatile long unsigned int *'}
arm-none-eabi-gcc -o "uvisionexport.elf" @"objects.list"   -mcpu=cortex-m4 -T"C:\Users\sergi\Documents\STM32CubeIDE\workspace_1.10.1\uvisionexport\STM32F446RETX_FLASH.ld" --specs=nosys.specs -Wl,-Map="uvisionexport.map" -Wl,--gc-sections -static -L"C:\Users\sergi\Documents\STM32CubeIDE\workspace_1.10.1\uvisionexport\User Library\Inc" --specs=nano.specs -mfpu=fpv4-sp-d16 -mfloat-abi=hard -mthumb -Wl,--start-group -lc -lm -Wl,--end-group
Finished building target: uvisionexport.elf
 
arm-none-eabi-size   uvisionexport.elf 
arm-none-eabi-objdump -h -S  uvisionexport.elf  > "uvisionexport.list"
   text	   data	    bss	    dec	    hex	filename
  28528	    124	   2936	  31588	   7b64	uvisionexport.elf
Finished building: default.size.stdout
 
Finished building: uvisionexport.list
 
22:09:24 **** Incremental Build of configuration Debug for project uvisionexport ****
make -j4 all 
arm-none-eabi-gcc "../Core/Src/main.c" -mcpu=cortex-m4 -std=gnu11 -g3 -DDEBUG -DUSE_HAL_DRIVER -DSTM32F446xx -c -I../Core/Inc -IC:/Users/sergi/STM32Cube/Repository/STM32Cube_FW_F4_V1.27.1/Drivers/STM32F4xx_HAL_Driver/Inc -IC:/Users/sergi/STM32Cube/Repository/STM32Cube_FW_F4_V1.27.1/Drivers/STM32F4xx_HAL_Driver/Inc/Legacy -IC:/Users/sergi/STM32Cube/Repository/STM32Cube_FW_F4_V1.27.1/Drivers/CMSIS/Device/ST/STM32F4xx/Include -IC:/Users/sergi/STM32Cube/Repository/STM32Cube_FW_F4_V1.27.1/Drivers/CMSIS/Include -I"C:/Users/sergi/Documents/STM32CubeIDE/workspace_1.10.1/uvisionexport/User Library/Inc" -O0 -ffunction-sections -fdata-sections -Wall -fstack-usage -MMD -MP -MF"Core/Src/main.d" -MT"Core/Src/main.o" --specs=nano.specs -mfpu=fpv4-sp-d16 -mfloat-abi=hard -mthumb -o "Core/Src/main.o"
../Core/Src/main.c: In function 'main':
../Core/Src/main.c:133:3: warning: implicit declaration of function 'SystemClock_Config'; did you mean 'SysTick_Config'? [-Wimplicit-function-declaration]
  133 |   SystemClock_Config();
      |   ^~~~~~~~~~~~~~~~~~
      |   SysTick_Config
../Core/Src/main.c: At top level:
../Core/Src/main.c:188:6: warning: conflicting types for 'SystemClock_Config'
  188 | void SystemClock_Config(void)
      |      ^~~~~~~~~~~~~~~~~~
../Core/Src/main.c:133:3: note: previous implicit declaration of 'SystemClock_Config' was here
  133 |   SystemClock_Config();
      |   ^~~~~~~~~~~~~~~~~~
../Core/Src/main.c: In function 'portinic':
../Core/Src/main.c:233:23: warning: passing argument 2 of 'stm.func.setupreg' from incompatible pointer type [-Wincompatible-pointer-types]
  233 |  stm.func.setupreg(2, &stm.gpioa.reg->MODER, 1, 5);
      |                       ^~~~~~~~~~~~~~~~~~~~~
      |                       |
      |                       volatile uint32_t * {aka volatile long unsigned int *}
../Core/Src/main.c:233:23: note: expected 'volatile unsigned int *' but argument is of type 'volatile uint32_t *' {aka 'volatile long unsigned int *'}
../Core/Src/main.c:234:23: warning: passing argument 2 of 'stm.func.setupreg' from incompatible pointer type [-Wincompatible-pointer-types]
  234 |  stm.func.setupreg(2, &stm.gpioa.reg->PUPDR, 0, 5);
      |                       ^~~~~~~~~~~~~~~~~~~~~
      |                       |
      |                       volatile uint32_t * {aka volatile long unsigned int *}
../Core/Src/main.c:234:23: note: expected 'volatile unsigned int *' but argument is of type 'volatile uint32_t *' {aka 'volatile long unsigned int *'}
../Core/Src/main.c:238:23: warning: passing argument 2 of 'stm.func.setupreg' from incompatible pointer type [-Wincompatible-pointer-types]
  238 |  stm.func.setupreg(2, &stm.gpioc.reg->MODER, 0, 13);
      |                       ^~~~~~~~~~~~~~~~~~~~~
      |                       |
      |                       volatile uint32_t * {aka volatile long unsigned int *}
../Core/Src/main.c:238:23: note: expected 'volatile unsigned int *' but argument is of type 'volatile uint32_t *' {aka 'volatile long unsigned int *'}
../Core/Src/main.c:239:23: warning: passing argument 2 of 'stm.func.setupreg' from incompatible pointer type [-Wincompatible-pointer-types]
  239 |  stm.func.setupreg(2, &stm.gpioc.reg->PUPDR, 1, 13);
      |                       ^~~~~~~~~~~~~~~~~~~~~
      |                       |
      |                       volatile uint32_t * {aka volatile long unsigned int *}
../Core/Src/main.c:239:23: note: expected 'volatile unsigned int *' but argument is of type 'volatile uint32_t *' {aka 'volatile long unsigned int *'}
../Core/Src/main.c:242:23: warning: passing argument 2 of 'stm.func.setupreg' from incompatible pointer type [-Wincompatible-pointer-types]
  242 |  stm.func.setupreg(2, &stm.gpioc.reg->MODER, 1, 0);
      |                       ^~~~~~~~~~~~~~~~~~~~~
      |                       |
      |                       volatile uint32_t * {aka volatile long unsigned int *}
../Core/Src/main.c:242:23: note: expected 'volatile unsigned int *' but argument is of type 'volatile uint32_t *' {aka 'volatile long unsigned int *'}
../Core/Src/main.c:243:23: warning: passing argument 2 of 'stm.func.setupreg' from incompatible pointer type [-Wincompatible-pointer-types]
  243 |  stm.func.setupreg(2, &stm.gpioc.reg->MODER, 1, 1);
      |                       ^~~~~~~~~~~~~~~~~~~~~
      |                       |
      |                       volatile uint32_t * {aka volatile long unsigned int *}
../Core/Src/main.c:243:23: note: expected 'volatile unsigned int *' but argument is of type 'volatile uint32_t *' {aka 'volatile long unsigned int *'}
../Core/Src/main.c:244:23: warning: passing argument 2 of 'stm.func.setupreg' from incompatible pointer type [-Wincompatible-pointer-types]
  244 |  stm.func.setupreg(2, &stm.gpioc.reg->MODER, 1, 2);
      |                       ^~~~~~~~~~~~~~~~~~~~~
      |                       |
      |                       volatile uint32_t * {aka volatile long unsigned int *}
../Core/Src/main.c:244:23: note: expected 'volatile unsigned int *' but argument is of type 'volatile uint32_t *' {aka 'volatile long unsigned int *'}
../Core/Src/main.c:245:23: warning: passing argument 2 of 'stm.func.setupreg' from incompatible pointer type [-Wincompatible-pointer-types]
  245 |  stm.func.setupreg(2, &stm.gpioc.reg->PUPDR, 0, 0);
      |                       ^~~~~~~~~~~~~~~~~~~~~
      |                       |
      |                       volatile uint32_t * {aka volatile long unsigned int *}
../Core/Src/main.c:245:23: note: expected 'volatile unsigned int *' but argument is of type 'volatile uint32_t *' {aka 'volatile long unsigned int *'}
../Core/Src/main.c:246:23: warning: passing argument 2 of 'stm.func.setupreg' from incompatible pointer type [-Wincompatible-pointer-types]
  246 |  stm.func.setupreg(2, &stm.gpioc.reg->PUPDR, 0, 1);
      |                       ^~~~~~~~~~~~~~~~~~~~~
      |                       |
      |                       volatile uint32_t * {aka volatile long unsigned int *}
../Core/Src/main.c:246:23: note: expected 'volatile unsigned int *' but argument is of type 'volatile uint32_t *' {aka 'volatile long unsigned int *'}
../Core/Src/main.c:247:23: warning: passing argument 2 of 'stm.func.setupreg' from incompatible pointer type [-Wincompatible-pointer-types]
  247 |  stm.func.setupreg(2, &stm.gpioc.reg->PUPDR, 0, 2);
      |                       ^~~~~~~~~~~~~~~~~~~~~
      |                       |
      |                       volatile uint32_t * {aka volatile long unsigned int *}
../Core/Src/main.c:247:23: note: expected 'volatile unsigned int *' but argument is of type 'volatile uint32_t *' {aka 'volatile long unsigned int *'}
arm-none-eabi-gcc -o "uvisionexport.elf" @"objects.list"   -mcpu=cortex-m4 -T"C:\Users\sergi\Documents\STM32CubeIDE\workspace_1.10.1\uvisionexport\STM32F446RETX_FLASH.ld" --specs=nosys.specs -Wl,-Map="uvisionexport.map" -Wl,--gc-sections -static -L"C:\Users\sergi\Documents\STM32CubeIDE\workspace_1.10.1\uvisionexport\User Library\Inc" --specs=nano.specs -mfpu=fpv4-sp-d16 -mfloat-abi=hard -mthumb -Wl,--start-group -lc -lm -Wl,--end-group
Finished building target: uvisionexport.elf
 
arm-none-eabi-size   uvisionexport.elf 
arm-none-eabi-objdump -h -S  uvisionexport.elf  > "uvisionexport.list"
   text	   data	    bss	    dec	    hex	filename
  28528	    124	   2936	  31588	   7b64	uvisionexport.elf
Finished building: default.size.stdout
 
Finished building: uvisionexport.list
 
22:10:15 **** Incremental Build of configuration Debug for project uvisionexport ****
make -j4 all 
arm-none-eabi-gcc "../Core/Src/main.c" -mcpu=cortex-m4 -std=gnu11 -g3 -DDEBUG -DUSE_HAL_DRIVER -DSTM32F446xx -c -I../Core/Inc -IC:/Users/sergi/STM32Cube/Repository/STM32Cube_FW_F4_V1.27.1/Drivers/STM32F4xx_HAL_Driver/Inc -IC:/Users/sergi/STM32Cube/Repository/STM32Cube_FW_F4_V1.27.1/Drivers/STM32F4xx_HAL_Driver/Inc/Legacy -IC:/Users/sergi/STM32Cube/Repository/STM32Cube_FW_F4_V1.27.1/Drivers/CMSIS/Device/ST/STM32F4xx/Include -IC:/Users/sergi/STM32Cube/Repository/STM32Cube_FW_F4_V1.27.1/Drivers/CMSIS/Include -I"C:/Users/sergi/Documents/STM32CubeIDE/workspace_1.10.1/uvisionexport/User Library/Inc" -O0 -ffunction-sections -fdata-sections -Wall -fstack-usage -MMD -MP -MF"Core/Src/main.d" -MT"Core/Src/main.o" --specs=nano.specs -mfpu=fpv4-sp-d16 -mfloat-abi=hard -mthumb -o "Core/Src/main.o"
../Core/Src/main.c: In function 'main':
../Core/Src/main.c:115:3: warning: implicit declaration of function 'SystemClock_Config'; did you mean 'SysTick_Config'? [-Wimplicit-function-declaration]
  115 |   SystemClock_Config();
      |   ^~~~~~~~~~~~~~~~~~
      |   SysTick_Config
../Core/Src/main.c: At top level:
../Core/Src/main.c:170:6: warning: conflicting types for 'SystemClock_Config'
  170 | void SystemClock_Config(void)
      |      ^~~~~~~~~~~~~~~~~~
../Core/Src/main.c:115:3: note: previous implicit declaration of 'SystemClock_Config' was here
  115 |   SystemClock_Config();
      |   ^~~~~~~~~~~~~~~~~~
../Core/Src/main.c: In function 'portinic':
../Core/Src/main.c:215:23: warning: passing argument 2 of 'stm.func.setupreg' from incompatible pointer type [-Wincompatible-pointer-types]
  215 |  stm.func.setupreg(2, &stm.gpioa.reg->MODER, 1, 5);
      |                       ^~~~~~~~~~~~~~~~~~~~~
      |                       |
      |                       volatile uint32_t * {aka volatile long unsigned int *}
../Core/Src/main.c:215:23: note: expected 'volatile unsigned int *' but argument is of type 'volatile uint32_t *' {aka 'volatile long unsigned int *'}
../Core/Src/main.c:216:23: warning: passing argument 2 of 'stm.func.setupreg' from incompatible pointer type [-Wincompatible-pointer-types]
  216 |  stm.func.setupreg(2, &stm.gpioa.reg->PUPDR, 0, 5);
      |                       ^~~~~~~~~~~~~~~~~~~~~
      |                       |
      |                       volatile uint32_t * {aka volatile long unsigned int *}
../Core/Src/main.c:216:23: note: expected 'volatile unsigned int *' but argument is of type 'volatile uint32_t *' {aka 'volatile long unsigned int *'}
../Core/Src/main.c:220:23: warning: passing argument 2 of 'stm.func.setupreg' from incompatible pointer type [-Wincompatible-pointer-types]
  220 |  stm.func.setupreg(2, &stm.gpioc.reg->MODER, 0, 13);
      |                       ^~~~~~~~~~~~~~~~~~~~~
      |                       |
      |                       volatile uint32_t * {aka volatile long unsigned int *}
../Core/Src/main.c:220:23: note: expected 'volatile unsigned int *' but argument is of type 'volatile uint32_t *' {aka 'volatile long unsigned int *'}
../Core/Src/main.c:221:23: warning: passing argument 2 of 'stm.func.setupreg' from incompatible pointer type [-Wincompatible-pointer-types]
  221 |  stm.func.setupreg(2, &stm.gpioc.reg->PUPDR, 1, 13);
      |                       ^~~~~~~~~~~~~~~~~~~~~
      |                       |
      |                       volatile uint32_t * {aka volatile long unsigned int *}
../Core/Src/main.c:221:23: note: expected 'volatile unsigned int *' but argument is of type 'volatile uint32_t *' {aka 'volatile long unsigned int *'}
../Core/Src/main.c:224:23: warning: passing argument 2 of 'stm.func.setupreg' from incompatible pointer type [-Wincompatible-pointer-types]
  224 |  stm.func.setupreg(2, &stm.gpioc.reg->MODER, 1, 0);
      |                       ^~~~~~~~~~~~~~~~~~~~~
      |                       |
      |                       volatile uint32_t * {aka volatile long unsigned int *}
../Core/Src/main.c:224:23: note: expected 'volatile unsigned int *' but argument is of type 'volatile uint32_t *' {aka 'volatile long unsigned int *'}
../Core/Src/main.c:225:23: warning: passing argument 2 of 'stm.func.setupreg' from incompatible pointer type [-Wincompatible-pointer-types]
  225 |  stm.func.setupreg(2, &stm.gpioc.reg->MODER, 1, 1);
      |                       ^~~~~~~~~~~~~~~~~~~~~
      |                       |
      |                       volatile uint32_t * {aka volatile long unsigned int *}
../Core/Src/main.c:225:23: note: expected 'volatile unsigned int *' but argument is of type 'volatile uint32_t *' {aka 'volatile long unsigned int *'}
../Core/Src/main.c:226:23: warning: passing argument 2 of 'stm.func.setupreg' from incompatible pointer type [-Wincompatible-pointer-types]
  226 |  stm.func.setupreg(2, &stm.gpioc.reg->MODER, 1, 2);
      |                       ^~~~~~~~~~~~~~~~~~~~~
      |                       |
      |                       volatile uint32_t * {aka volatile long unsigned int *}
../Core/Src/main.c:226:23: note: expected 'volatile unsigned int *' but argument is of type 'volatile uint32_t *' {aka 'volatile long unsigned int *'}
../Core/Src/main.c:227:23: warning: passing argument 2 of 'stm.func.setupreg' from incompatible pointer type [-Wincompatible-pointer-types]
  227 |  stm.func.setupreg(2, &stm.gpioc.reg->PUPDR, 0, 0);
      |                       ^~~~~~~~~~~~~~~~~~~~~
      |                       |
      |                       volatile uint32_t * {aka volatile long unsigned int *}
../Core/Src/main.c:227:23: note: expected 'volatile unsigned int *' but argument is of type 'volatile uint32_t *' {aka 'volatile long unsigned int *'}
../Core/Src/main.c:228:23: warning: passing argument 2 of 'stm.func.setupreg' from incompatible pointer type [-Wincompatible-pointer-types]
  228 |  stm.func.setupreg(2, &stm.gpioc.reg->PUPDR, 0, 1);
      |                       ^~~~~~~~~~~~~~~~~~~~~
      |                       |
      |                       volatile uint32_t * {aka volatile long unsigned int *}
../Core/Src/main.c:228:23: note: expected 'volatile unsigned int *' but argument is of type 'volatile uint32_t *' {aka 'volatile long unsigned int *'}
../Core/Src/main.c:229:23: warning: passing argument 2 of 'stm.func.setupreg' from incompatible pointer type [-Wincompatible-pointer-types]
  229 |  stm.func.setupreg(2, &stm.gpioc.reg->PUPDR, 0, 2);
      |                       ^~~~~~~~~~~~~~~~~~~~~
      |                       |
      |                       volatile uint32_t * {aka volatile long unsigned int *}
../Core/Src/main.c:229:23: note: expected 'volatile unsigned int *' but argument is of type 'volatile uint32_t *' {aka 'volatile long unsigned int *'}
arm-none-eabi-gcc -o "uvisionexport.elf" @"objects.list"   -mcpu=cortex-m4 -T"C:\Users\sergi\Documents\STM32CubeIDE\workspace_1.10.1\uvisionexport\STM32F446RETX_FLASH.ld" --specs=nosys.specs -Wl,-Map="uvisionexport.map" -Wl,--gc-sections -static -L"C:\Users\sergi\Documents\STM32CubeIDE\workspace_1.10.1\uvisionexport\User Library\Inc" --specs=nano.specs -mfpu=fpv4-sp-d16 -mfloat-abi=hard -mthumb -Wl,--start-group -lc -lm -Wl,--end-group
Finished building target: uvisionexport.elf
 
arm-none-eabi-size   uvisionexport.elf 
arm-none-eabi-objdump -h -S  uvisionexport.elf  > "uvisionexport.list"
   text	   data	    bss	    dec	    hex	filename
  28528	    124	   2936	  31588	   7b64	uvisionexport.elf
Finished building: default.size.stdout
 
Finished building: uvisionexport.list
 
22:10:40 **** Incremental Build of configuration Debug for project uvisionexport ****
make -j4 all 
arm-none-eabi-gcc "../Core/Src/main.c" -mcpu=cortex-m4 -std=gnu11 -g3 -DDEBUG -DUSE_HAL_DRIVER -DSTM32F446xx -c -I../Core/Inc -IC:/Users/sergi/STM32Cube/Repository/STM32Cube_FW_F4_V1.27.1/Drivers/STM32F4xx_HAL_Driver/Inc -IC:/Users/sergi/STM32Cube/Repository/STM32Cube_FW_F4_V1.27.1/Drivers/STM32F4xx_HAL_Driver/Inc/Legacy -IC:/Users/sergi/STM32Cube/Repository/STM32Cube_FW_F4_V1.27.1/Drivers/CMSIS/Device/ST/STM32F4xx/Include -IC:/Users/sergi/STM32Cube/Repository/STM32Cube_FW_F4_V1.27.1/Drivers/CMSIS/Include -I"C:/Users/sergi/Documents/STM32CubeIDE/workspace_1.10.1/uvisionexport/User Library/Inc" -O0 -ffunction-sections -fdata-sections -Wall -fstack-usage -MMD -MP -MF"Core/Src/main.d" -MT"Core/Src/main.o" --specs=nano.specs -mfpu=fpv4-sp-d16 -mfloat-abi=hard -mthumb -o "Core/Src/main.o"
../Core/Src/main.c: In function 'main':
../Core/Src/main.c:110:3: warning: implicit declaration of function 'SystemClock_Config'; did you mean 'SysTick_Config'? [-Wimplicit-function-declaration]
  110 |   SystemClock_Config();
      |   ^~~~~~~~~~~~~~~~~~
      |   SysTick_Config
../Core/Src/main.c: At top level:
../Core/Src/main.c:165:6: warning: conflicting types for 'SystemClock_Config'
  165 | void SystemClock_Config(void)
      |      ^~~~~~~~~~~~~~~~~~
../Core/Src/main.c:110:3: note: previous implicit declaration of 'SystemClock_Config' was here
  110 |   SystemClock_Config();
      |   ^~~~~~~~~~~~~~~~~~
../Core/Src/main.c: In function 'portinic':
../Core/Src/main.c:210:23: warning: passing argument 2 of 'stm.func.setupreg' from incompatible pointer type [-Wincompatible-pointer-types]
  210 |  stm.func.setupreg(2, &stm.gpioa.reg->MODER, 1, 5);
      |                       ^~~~~~~~~~~~~~~~~~~~~
      |                       |
      |                       volatile uint32_t * {aka volatile long unsigned int *}
../Core/Src/main.c:210:23: note: expected 'volatile unsigned int *' but argument is of type 'volatile uint32_t *' {aka 'volatile long unsigned int *'}
../Core/Src/main.c:211:23: warning: passing argument 2 of 'stm.func.setupreg' from incompatible pointer type [-Wincompatible-pointer-types]
[...]
      |                       |
      |                       volatile uint32_t * {aka volatile long unsigned int *}
../Core/Src/main.c:132:23: note: expected 'volatile unsigned int *' but argument is of type 'volatile uint32_t *' {aka 'volatile long unsigned int *'}
../Core/Src/main.c:133:23: warning: passing argument 2 of 'stm.func.setupreg' from incompatible pointer type [-Wincompatible-pointer-types]
  133 |  stm.func.setupreg(2, &stm.gpioc.reg->PUPDR, 1, 13);
      |                       ^~~~~~~~~~~~~~~~~~~~~
      |                       |
      |                       volatile uint32_t * {aka volatile long unsigned int *}
../Core/Src/main.c:133:23: note: expected 'volatile unsigned int *' but argument is of type 'volatile uint32_t *' {aka 'volatile long unsigned int *'}
../Core/Src/main.c:136:23: warning: passing argument 2 of 'stm.func.setupreg' from incompatible pointer type [-Wincompatible-pointer-types]
  136 |  stm.func.setupreg(2, &stm.gpioc.reg->MODER, 1, 0);
      |                       ^~~~~~~~~~~~~~~~~~~~~
      |                       |
      |                       volatile uint32_t * {aka volatile long unsigned int *}
../Core/Src/main.c:136:23: note: expected 'volatile unsigned int *' but argument is of type 'volatile uint32_t *' {aka 'volatile long unsigned int *'}
../Core/Src/main.c:137:23: warning: passing argument 2 of 'stm.func.setupreg' from incompatible pointer type [-Wincompatible-pointer-types]
  137 |  stm.func.setupreg(2, &stm.gpioc.reg->MODER, 1, 1);
      |                       ^~~~~~~~~~~~~~~~~~~~~
      |                       |
      |                       volatile uint32_t * {aka volatile long unsigned int *}
../Core/Src/main.c:137:23: note: expected 'volatile unsigned int *' but argument is of type 'volatile uint32_t *' {aka 'volatile long unsigned int *'}
../Core/Src/main.c:138:23: warning: passing argument 2 of 'stm.func.setupreg' from incompatible pointer type [-Wincompatible-pointer-types]
  138 |  stm.func.setupreg(2, &stm.gpioc.reg->MODER, 1, 2);
      |                       ^~~~~~~~~~~~~~~~~~~~~
      |                       |
      |                       volatile uint32_t * {aka volatile long unsigned int *}
../Core/Src/main.c:138:23: note: expected 'volatile unsigned int *' but argument is of type 'volatile uint32_t *' {aka 'volatile long unsigned int *'}
../Core/Src/main.c:139:23: warning: passing argument 2 of 'stm.func.setupreg' from incompatible pointer type [-Wincompatible-pointer-types]
  139 |  stm.func.setupreg(2, &stm.gpioc.reg->PUPDR, 0, 0);
      |                       ^~~~~~~~~~~~~~~~~~~~~
      |                       |
      |                       volatile uint32_t * {aka volatile long unsigned int *}
../Core/Src/main.c:139:23: note: expected 'volatile unsigned int *' but argument is of type 'volatile uint32_t *' {aka 'volatile long unsigned int *'}
../Core/Src/main.c:140:23: warning: passing argument 2 of 'stm.func.setupreg' from incompatible pointer type [-Wincompatible-pointer-types]
  140 |  stm.func.setupreg(2, &stm.gpioc.reg->PUPDR, 0, 1);
      |                       ^~~~~~~~~~~~~~~~~~~~~
      |                       |
      |                       volatile uint32_t * {aka volatile long unsigned int *}
../Core/Src/main.c:140:23: note: expected 'volatile unsigned int *' but argument is of type 'volatile uint32_t *' {aka 'volatile long unsigned int *'}
../Core/Src/main.c:141:23: warning: passing argument 2 of 'stm.func.setupreg' from incompatible pointer type [-Wincompatible-pointer-types]
  141 |  stm.func.setupreg(2, &stm.gpioc.reg->PUPDR, 0, 2);
      |                       ^~~~~~~~~~~~~~~~~~~~~
      |                       |
      |                       volatile uint32_t * {aka volatile long unsigned int *}
../Core/Src/main.c:141:23: note: expected 'volatile unsigned int *' but argument is of type 'volatile uint32_t *' {aka 'volatile long unsigned int *'}
arm-none-eabi-gcc -o "uvisionexport.elf" @"objects.list"   -mcpu=cortex-m4 -T"C:\Users\sergi\Documents\STM32CubeIDE\workspace_1.10.1\uvisionexport\STM32F446RETX_FLASH.ld" --specs=nosys.specs -Wl,-Map="uvisionexport.map" -Wl,--gc-sections -static -L"C:\Users\sergi\Documents\STM32CubeIDE\workspace_1.10.1\uvisionexport\User Library\Inc" --specs=nano.specs -mfpu=fpv4-sp-d16 -mfloat-abi=hard -mthumb -Wl,--start-group -lc -lm -Wl,--end-group
Finished building target: uvisionexport.elf
 
arm-none-eabi-size   uvisionexport.elf 
arm-none-eabi-objdump -h -S  uvisionexport.elf  > "uvisionexport.list"
   text	   data	    bss	    dec	    hex	filename
  24368	    116	   2936	  27420	   6b1c	uvisionexport.elf
Finished building: default.size.stdout
 
Finished building: uvisionexport.list
 
22:18:43 **** Incremental Build of configuration Debug for project uvisionexport ****
make -j4 all 
arm-none-eabi-size   uvisionexport.elf 
   text	   data	    bss	    dec	    hex	filename
  24368	    116	   2936	  27420	   6b1c	uvisionexport.elf
Finished building: default.size.stdout
 
22:19:04 **** Incremental Build of configuration Debug for project uvisionexport ****
make -j4 all 
arm-none-eabi-gcc "../Core/Src/main.c" -mcpu=cortex-m4 -std=gnu11 -g3 -DDEBUG -DUSE_HAL_DRIVER -DSTM32F446xx -c -I../Core/Inc -IC:/Users/sergi/STM32Cube/Repository/STM32Cube_FW_F4_V1.27.1/Drivers/STM32F4xx_HAL_Driver/Inc -IC:/Users/sergi/STM32Cube/Repository/STM32Cube_FW_F4_V1.27.1/Drivers/STM32F4xx_HAL_Driver/Inc/Legacy -IC:/Users/sergi/STM32Cube/Repository/STM32Cube_FW_F4_V1.27.1/Drivers/CMSIS/Device/ST/STM32F4xx/Include -IC:/Users/sergi/STM32Cube/Repository/STM32Cube_FW_F4_V1.27.1/Drivers/CMSIS/Include -I"C:/Users/sergi/Documents/STM32CubeIDE/workspace_1.10.1/uvisionexport/User Library/Inc" -O0 -ffunction-sections -fdata-sections -Wall -fstack-usage -MMD -MP -MF"Core/Src/main.d" -MT"Core/Src/main.o" --specs=nano.specs -mfpu=fpv4-sp-d16 -mfloat-abi=hard -mthumb -o "Core/Src/main.o"
../Core/Src/main.c: In function 'portinic':
../Core/Src/main.c:127:23: warning: passing argument 2 of 'stm.func.setupreg' from incompatible pointer type [-Wincompatible-pointer-types]
  127 |  stm.func.setupreg(2, &stm.gpioa.reg->MODER, 1, 5);
      |                       ^~~~~~~~~~~~~~~~~~~~~
      |                       |
      |                       volatile uint32_t * {aka volatile long unsigned int *}
../Core/Src/main.c:127:23: note: expected 'volatile unsigned int *' but argument is of type 'volatile uint32_t *' {aka 'volatile long unsigned int *'}
../Core/Src/main.c:128:23: warning: passing argument 2 of 'stm.func.setupreg' from incompatible pointer type [-Wincompatible-pointer-types]
  128 |  stm.func.setupreg(2, &stm.gpioa.reg->PUPDR, 0, 5);
      |                       ^~~~~~~~~~~~~~~~~~~~~
      |                       |
      |                       volatile uint32_t * {aka volatile long unsigned int *}
../Core/Src/main.c:128:23: note: expected 'volatile unsigned int *' but argument is of type 'volatile uint32_t *' {aka 'volatile long unsigned int *'}
../Core/Src/main.c:132:23: warning: passing argument 2 of 'stm.func.setupreg' from incompatible pointer type [-Wincompatible-pointer-types]
  132 |  stm.func.setupreg(2, &stm.gpioc.reg->MODER, 0, 13);
      |                       ^~~~~~~~~~~~~~~~~~~~~
      |                       |
      |                       volatile uint32_t * {aka volatile long unsigned int *}
../Core/Src/main.c:132:23: note: expected 'volatile unsigned int *' but argument is of type 'volatile uint32_t *' {aka 'volatile long unsigned int *'}
../Core/Src/main.c:133:23: warning: passing argument 2 of 'stm.func.setupreg' from incompatible pointer type [-Wincompatible-pointer-types]
  133 |  stm.func.setupreg(2, &stm.gpioc.reg->PUPDR, 1, 13);
      |                       ^~~~~~~~~~~~~~~~~~~~~
      |                       |
      |                       volatile uint32_t * {aka volatile long unsigned int *}
../Core/Src/main.c:133:23: note: expected 'volatile unsigned int *' but argument is of type 'volatile uint32_t *' {aka 'volatile long unsigned int *'}
../Core/Src/main.c:136:23: warning: passing argument 2 of 'stm.func.setupreg' from incompatible pointer type [-Wincompatible-pointer-types]
  136 |  stm.func.setupreg(2, &stm.gpioc.reg->MODER, 1, 0);
      |                       ^~~~~~~~~~~~~~~~~~~~~
      |                       |
      |                       volatile uint32_t * {aka volatile long unsigned int *}
../Core/Src/main.c:136:23: note: expected 'volatile unsigned int *' but argument is of type 'volatile uint32_t *' {aka 'volatile long unsigned int *'}
../Core/Src/main.c:137:23: warning: passing argument 2 of 'stm.func.setupreg' from incompatible pointer type [-Wincompatible-pointer-types]
  137 |  stm.func.setupreg(2, &stm.gpioc.reg->MODER, 1, 1);
      |                       ^~~~~~~~~~~~~~~~~~~~~
      |                       |
      |                       volatile uint32_t * {aka volatile long unsigned int *}
../Core/Src/main.c:137:23: note: expected 'volatile unsigned int *' but argument is of type 'volatile uint32_t *' {aka 'volatile long unsigned int *'}
../Core/Src/main.c:138:23: warning: passing argument 2 of 'stm.func.setupreg' from incompatible pointer type [-Wincompatible-pointer-types]
  138 |  stm.func.setupreg(2, &stm.gpioc.reg->MODER, 1, 2);
      |                       ^~~~~~~~~~~~~~~~~~~~~
      |                       |
      |                       volatile uint32_t * {aka volatile long unsigned int *}
../Core/Src/main.c:138:23: note: expected 'volatile unsigned int *' but argument is of type 'volatile uint32_t *' {aka 'volatile long unsigned int *'}
../Core/Src/main.c:139:23: warning: passing argument 2 of 'stm.func.setupreg' from incompatible pointer type [-Wincompatible-pointer-types]
  139 |  stm.func.setupreg(2, &stm.gpioc.reg->PUPDR, 0, 0);
      |                       ^~~~~~~~~~~~~~~~~~~~~
      |                       |
      |                       volatile uint32_t * {aka volatile long unsigned int *}
../Core/Src/main.c:139:23: note: expected 'volatile unsigned int *' but argument is of type 'volatile uint32_t *' {aka 'volatile long unsigned int *'}
../Core/Src/main.c:140:23: warning: passing argument 2 of 'stm.func.setupreg' from incompatible pointer type [-Wincompatible-pointer-types]
  140 |  stm.func.setupreg(2, &stm.gpioc.reg->PUPDR, 0, 1);
      |                       ^~~~~~~~~~~~~~~~~~~~~
      |                       |
      |                       volatile uint32_t * {aka volatile long unsigned int *}
../Core/Src/main.c:140:23: note: expected 'volatile unsigned int *' but argument is of type 'volatile uint32_t *' {aka 'volatile long unsigned int *'}
../Core/Src/main.c:141:23: warning: passing argument 2 of 'stm.func.setupreg' from incompatible pointer type [-Wincompatible-pointer-types]
  141 |  stm.func.setupreg(2, &stm.gpioc.reg->PUPDR, 0, 2);
      |                       ^~~~~~~~~~~~~~~~~~~~~
      |                       |
      |                       volatile uint32_t * {aka volatile long unsigned int *}
../Core/Src/main.c:141:23: note: expected 'volatile unsigned int *' but argument is of type 'volatile uint32_t *' {aka 'volatile long unsigned int *'}
arm-none-eabi-gcc -o "uvisionexport.elf" @"objects.list"   -mcpu=cortex-m4 -T"C:\Users\sergi\Documents\STM32CubeIDE\workspace_1.10.1\uvisionexport\STM32F446RETX_FLASH.ld" --specs=nosys.specs -Wl,-Map="uvisionexport.map" -Wl,--gc-sections -static -L"C:\Users\sergi\Documents\STM32CubeIDE\workspace_1.10.1\uvisionexport\User Library\Inc" --specs=nano.specs -mfpu=fpv4-sp-d16 -mfloat-abi=hard -mthumb -Wl,--start-group -lc -lm -Wl,--end-group
Finished building target: uvisionexport.elf
 
arm-none-eabi-size   uvisionexport.elf 
arm-none-eabi-objdump -h -S  uvisionexport.elf  > "uvisionexport.list"
   text	   data	    bss	    dec	    hex	filename
  24368	    116	   2936	  27420	   6b1c	uvisionexport.elf
Finished building: default.size.stdout
 
Finished building: uvisionexport.list
 
22:19:08 **** Incremental Build of configuration Debug for project uvisionexport ****
make -j4 all 
arm-none-eabi-size   uvisionexport.elf 
   text	   data	    bss	    dec	    hex	filename
  24368	    116	   2936	  27420	   6b1c	uvisionexport.elf
Finished building: default.size.stdout
 
22:19:10 **** Incremental Build of configuration Debug for project uvisionexport ****
make -j4 all 
arm-none-eabi-size   uvisionexport.elf 
   text	   data	    bss	    dec	    hex	filename
  24368	    116	   2936	  27420	   6b1c	uvisionexport.elf
Finished building: default.size.stdout
 
22:19:30 **** Incremental Build of configuration Debug for project uvisionexport ****
make -j4 all 
arm-none-eabi-gcc "../Core/Src/main.c" -mcpu=cortex-m4 -std=gnu11 -g3 -DDEBUG -DUSE_HAL_DRIVER -DSTM32F446xx -c -I../Core/Inc -IC:/Users/sergi/STM32Cube/Repository/STM32Cube_FW_F4_V1.27.1/Drivers/STM32F4xx_HAL_Driver/Inc -IC:/Users/sergi/STM32Cube/Repository/STM32Cube_FW_F4_V1.27.1/Drivers/STM32F4xx_HAL_Driver/Inc/Legacy -IC:/Users/sergi/STM32Cube/Repository/STM32Cube_FW_F4_V1.27.1/Drivers/CMSIS/Device/ST/STM32F4xx/Include -IC:/Users/sergi/STM32Cube/Repository/STM32Cube_FW_F4_V1.27.1/Drivers/CMSIS/Include -I"C:/Users/sergi/Documents/STM32CubeIDE/workspace_1.10.1/uvisionexport/User Library/Inc" -O0 -ffunction-sections -fdata-sections -Wall -fstack-usage -MMD -MP -MF"Core/Src/main.d" -MT"Core/Src/main.o" --specs=nano.specs -mfpu=fpv4-sp-d16 -mfloat-abi=hard -mthumb -o "Core/Src/main.o"
../Core/Src/main.c: In function 'portinic':
../Core/Src/main.c:127:23: warning: passing argument 2 of 'stm.func.setupreg' from incompatible pointer type [-Wincompatible-pointer-types]
  127 |  stm.func.setupreg(2, &stm.gpioa.reg->MODER, 1, 5);
      |                       ^~~~~~~~~~~~~~~~~~~~~
      |                       |
      |                       volatile uint32_t * {aka volatile long unsigned int *}
../Core/Src/main.c:127:23: note: expected 'volatile unsigned int *' but argument is of type 'volatile uint32_t *' {aka 'volatile long unsigned int *'}
../Core/Src/main.c:128:23: warning: passing argument 2 of 'stm.func.setupreg' from incompatible pointer type [-Wincompatible-pointer-types]
  128 |  stm.func.setupreg(2, &stm.gpioa.reg->PUPDR, 0, 5);
      |                       ^~~~~~~~~~~~~~~~~~~~~
      |                       |
      |                       volatile uint32_t * {aka volatile long unsigned int *}
../Core/Src/main.c:128:23: note: expected 'volatile unsigned int *' but argument is of type 'volatile uint32_t *' {aka 'volatile long unsigned int *'}
../Core/Src/main.c:132:23: warning: passing argument 2 of 'stm.func.setupreg' from incompatible pointer type [-Wincompatible-pointer-types]
  132 |  stm.func.setupreg(2, &stm.gpioc.reg->MODER, 0, 13);
      |                       ^~~~~~~~~~~~~~~~~~~~~
      |                       |
      |                       volatile uint32_t * {aka volatile long unsigned int *}
../Core/Src/main.c:132:23: note: expected 'volatile unsigned int *' but argument is of type 'volatile uint32_t *' {aka 'volatile long unsigned int *'}
../Core/Src/main.c:133:23: warning: passing argument 2 of 'stm.func.setupreg' from incompatible pointer type [-Wincompatible-pointer-types]
  133 |  stm.func.setupreg(2, &stm.gpioc.reg->PUPDR, 1, 13);
      |                       ^~~~~~~~~~~~~~~~~~~~~
      |                       |
      |                       volatile uint32_t * {aka volatile long unsigned int *}
../Core/Src/main.c:133:23: note: expected 'volatile unsigned int *' but argument is of type 'volatile uint32_t *' {aka 'volatile long unsigned int *'}
../Core/Src/main.c:136:23: warning: passing argument 2 of 'stm.func.setupreg' from incompatible pointer type [-Wincompatible-pointer-types]
  136 |  stm.func.setupreg(2, &stm.gpioc.reg->MODER, 1, 0);
      |                       ^~~~~~~~~~~~~~~~~~~~~
      |                       |
      |                       volatile uint32_t * {aka volatile long unsigned int *}
../Core/Src/main.c:136:23: note: expected 'volatile unsigned int *' but argument is of type 'volatile uint32_t *' {aka 'volatile long unsigned int *'}
../Core/Src/main.c:137:23: warning: passing argument 2 of 'stm.func.setupreg' from incompatible pointer type [-Wincompatible-pointer-types]
  137 |  stm.func.setupreg(2, &stm.gpioc.reg->MODER, 1, 1);
      |                       ^~~~~~~~~~~~~~~~~~~~~
      |                       |
      |                       volatile uint32_t * {aka volatile long unsigned int *}
../Core/Src/main.c:137:23: note: expected 'volatile unsigned int *' but argument is of type 'volatile uint32_t *' {aka 'volatile long unsigned int *'}
../Core/Src/main.c:138:23: warning: passing argument 2 of 'stm.func.setupreg' from incompatible pointer type [-Wincompatible-pointer-types]
  138 |  stm.func.setupreg(2, &stm.gpioc.reg->MODER, 1, 2);
      |                       ^~~~~~~~~~~~~~~~~~~~~
      |                       |
      |                       volatile uint32_t * {aka volatile long unsigned int *}
../Core/Src/main.c:138:23: note: expected 'volatile unsigned int *' but argument is of type 'volatile uint32_t *' {aka 'volatile long unsigned int *'}
../Core/Src/main.c:139:23: warning: passing argument 2 of 'stm.func.setupreg' from incompatible pointer type [-Wincompatible-pointer-types]
  139 |  stm.func.setupreg(2, &stm.gpioc.reg->PUPDR, 0, 0);
      |                       ^~~~~~~~~~~~~~~~~~~~~
      |                       |
      |                       volatile uint32_t * {aka volatile long unsigned int *}
../Core/Src/main.c:139:23: note: expected 'volatile unsigned int *' but argument is of type 'volatile uint32_t *' {aka 'volatile long unsigned int *'}
../Core/Src/main.c:140:23: warning: passing argument 2 of 'stm.func.setupreg' from incompatible pointer type [-Wincompatible-pointer-types]
  140 |  stm.func.setupreg(2, &stm.gpioc.reg->PUPDR, 0, 1);
      |                       ^~~~~~~~~~~~~~~~~~~~~
      |                       |
      |                       volatile uint32_t * {aka volatile long unsigned int *}
../Core/Src/main.c:140:23: note: expected 'volatile unsigned int *' but argument is of type 'volatile uint32_t *' {aka 'volatile long unsigned int *'}
../Core/Src/main.c:141:23: warning: passing argument 2 of 'stm.func.setupreg' from incompatible pointer type [-Wincompatible-pointer-types]
  141 |  stm.func.setupreg(2, &stm.gpioc.reg->PUPDR, 0, 2);
      |                       ^~~~~~~~~~~~~~~~~~~~~
      |                       |
      |                       volatile uint32_t * {aka volatile long unsigned int *}
../Core/Src/main.c:141:23: note: expected 'volatile unsigned int *' but argument is of type 'volatile uint32_t *' {aka 'volatile long unsigned int *'}
arm-none-eabi-gcc -o "uvisionexport.elf" @"objects.list"   -mcpu=cortex-m4 -T"C:\Users\sergi\Documents\STM32CubeIDE\workspace_1.10.1\uvisionexport\STM32F446RETX_FLASH.ld" --specs=nosys.specs -Wl,-Map="uvisionexport.map" -Wl,--gc-sections -static -L"C:\Users\sergi\Documents\STM32CubeIDE\workspace_1.10.1\uvisionexport\User Library\Inc" --specs=nano.specs -mfpu=fpv4-sp-d16 -mfloat-abi=hard -mthumb -Wl,--start-group -lc -lm -Wl,--end-group
Finished building target: uvisionexport.elf
 
arm-none-eabi-size   uvisionexport.elf 
arm-none-eabi-objdump -h -S  uvisionexport.elf  > "uvisionexport.list"
   text	   data	    bss	    dec	    hex	filename
  24368	    116	   2936	  27420	   6b1c	uvisionexport.elf
Finished building: default.size.stdout
 
Finished building: uvisionexport.list
 
22:19:35 **** Incremental Build of configuration Debug for project uvisionexport ****
make -j4 all 
arm-none-eabi-size   uvisionexport.elf 
   text	   data	    bss	    dec	    hex	filename
  24368	    116	   2936	  27420	   6b1c	uvisionexport.elf
Finished building: default.size.stdout
 
22:21:40 **** Incremental Build of configuration Debug for project uvisionexport ****
make -j4 all 
arm-none-eabi-size   uvisionexport.elf 
   text	   data	    bss	    dec	    hex	filename
  24368	    116	   2936	  27420	   6b1c	uvisionexport.elf
Finished building: default.size.stdout
 
