Archive member included to satisfy reference by file (symbol)

c:/programs/st/stm32cubeide_1.10.1/stm32cubeide/plugins/com.st.stm32cube.ide.mcu.externaltools.gnu-tools-for-stm32.10.3-2021.10.win32_1.0.0.202111181127/tools/bin/../lib/gcc/arm-none-eabi/10.3.1/../../../../arm-none-eabi/lib/thumb/v7e-m+fp/hard\libc_nano.a(lib_a-errno.o)
                              ./Core/Src/syscalls.o (__errno)
c:/programs/st/stm32cubeide_1.10.1/stm32cubeide/plugins/com.st.stm32cube.ide.mcu.externaltools.gnu-tools-for-stm32.10.3-2021.10.win32_1.0.0.202111181127/tools/bin/../lib/gcc/arm-none-eabi/10.3.1/../../../../arm-none-eabi/lib/thumb/v7e-m+fp/hard\libc_nano.a(lib_a-exit.o)
                              c:/programs/st/stm32cubeide_1.10.1/stm32cubeide/plugins/com.st.stm32cube.ide.mcu.externaltools.gnu-tools-for-stm32.10.3-2021.10.win32_1.0.0.202111181127/tools/bin/../lib/gcc/arm-none-eabi/10.3.1/../../../../arm-none-eabi/lib/thumb/v7e-m+fp/hard/crt0.o (exit)
c:/programs/st/stm32cubeide_1.10.1/stm32cubeide/plugins/com.st.stm32cube.ide.mcu.externaltools.gnu-tools-for-stm32.10.3-2021.10.win32_1.0.0.202111181127/tools/bin/../lib/gcc/arm-none-eabi/10.3.1/../../../../arm-none-eabi/lib/thumb/v7e-m+fp/hard\libc_nano.a(lib_a-impure.o)
                              c:/programs/st/stm32cubeide_1.10.1/stm32cubeide/plugins/com.st.stm32cube.ide.mcu.externaltools.gnu-tools-for-stm32.10.3-2021.10.win32_1.0.0.202111181127/tools/bin/../lib/gcc/arm-none-eabi/10.3.1/../../../../arm-none-eabi/lib/thumb/v7e-m+fp/hard\libc_nano.a(lib_a-exit.o) (_global_impure_ptr)
c:/programs/st/stm32cubeide_1.10.1/stm32cubeide/plugins/com.st.stm32cube.ide.mcu.externaltools.gnu-tools-for-stm32.10.3-2021.10.win32_1.0.0.202111181127/tools/bin/../lib/gcc/arm-none-eabi/10.3.1/../../../../arm-none-eabi/lib/thumb/v7e-m+fp/hard\libc_nano.a(lib_a-init.o)
                              c:/programs/st/stm32cubeide_1.10.1/stm32cubeide/plugins/com.st.stm32cube.ide.mcu.externaltools.gnu-tools-for-stm32.10.3-2021.10.win32_1.0.0.202111181127/tools/bin/../lib/gcc/arm-none-eabi/10.3.1/../../../../arm-none-eabi/lib/thumb/v7e-m+fp/hard/crt0.o (__libc_init_array)
c:/programs/st/stm32cubeide_1.10.1/stm32cubeide/plugins/com.st.stm32cube.ide.mcu.externaltools.gnu-tools-for-stm32.10.3-2021.10.win32_1.0.0.202111181127/tools/bin/../lib/gcc/arm-none-eabi/10.3.1/../../../../arm-none-eabi/lib/thumb/v7e-m+fp/hard\libc_nano.a(lib_a-memcpy-stub.o)
                              ./Core/Src/main.o (memcpy)
c:/programs/st/stm32cubeide_1.10.1/stm32cubeide/plugins/com.st.stm32cube.ide.mcu.externaltools.gnu-tools-for-stm32.10.3-2021.10.win32_1.0.0.202111181127/tools/bin/../lib/gcc/arm-none-eabi/10.3.1/../../../../arm-none-eabi/lib/thumb/v7e-m+fp/hard\libc_nano.a(lib_a-memset.o)
                              c:/programs/st/stm32cubeide_1.10.1/stm32cubeide/plugins/com.st.stm32cube.ide.mcu.externaltools.gnu-tools-for-stm32.10.3-2021.10.win32_1.0.0.202111181127/tools/bin/../lib/gcc/arm-none-eabi/10.3.1/../../../../arm-none-eabi/lib/thumb/v7e-m+fp/hard/crt0.o (memset)
c:/programs/st/stm32cubeide_1.10.1/stm32cubeide/plugins/com.st.stm32cube.ide.mcu.externaltools.gnu-tools-for-stm32.10.3-2021.10.win32_1.0.0.202111181127/tools/bin/../lib/gcc/arm-none-eabi/10.3.1/../../../../arm-none-eabi/lib/thumb/v7e-m+fp/hard\libc_nano.a(lib_a-perror.o)
                              ./Core/Src/main.o (perror)
c:/programs/st/stm32cubeide_1.10.1/stm32cubeide/plugins/com.st.stm32cube.ide.mcu.externaltools.gnu-tools-for-stm32.10.3-2021.10.win32_1.0.0.202111181127/tools/bin/../lib/gcc/arm-none-eabi/10.3.1/../../../../arm-none-eabi/lib/thumb/v7e-m+fp/hard\libc_nano.a(lib_a-s_modf.o)
                              ./Src/stm32446mapping.o (modf)
c:/programs/st/stm32cubeide_1.10.1/stm32cubeide/plugins/com.st.stm32cube.ide.mcu.externaltools.gnu-tools-for-stm32.10.3-2021.10.win32_1.0.0.202111181127/tools/bin/../lib/gcc/arm-none-eabi/10.3.1/../../../../arm-none-eabi/lib/thumb/v7e-m+fp/hard\libc_nano.a(lib_a-strerror.o)
                              c:/programs/st/stm32cubeide_1.10.1/stm32cubeide/plugins/com.st.stm32cube.ide.mcu.externaltools.gnu-tools-for-stm32.10.3-2021.10.win32_1.0.0.202111181127/tools/bin/../lib/gcc/arm-none-eabi/10.3.1/../../../../arm-none-eabi/lib/thumb/v7e-m+fp/hard\libc_nano.a(lib_a-perror.o) (_strerror_r)
c:/programs/st/stm32cubeide_1.10.1/stm32cubeide/plugins/com.st.stm32cube.ide.mcu.externaltools.gnu-tools-for-stm32.10.3-2021.10.win32_1.0.0.202111181127/tools/bin/../lib/gcc/arm-none-eabi/10.3.1/../../../../arm-none-eabi/lib/thumb/v7e-m+fp/hard\libc_nano.a(lib_a-strlen.o)
                              ./Core/Src/main.o (strlen)
c:/programs/st/stm32cubeide_1.10.1/stm32cubeide/plugins/com.st.stm32cube.ide.mcu.externaltools.gnu-tools-for-stm32.10.3-2021.10.win32_1.0.0.202111181127/tools/bin/../lib/gcc/arm-none-eabi/10.3.1/../../../../arm-none-eabi/lib/thumb/v7e-m+fp/hard\libc_nano.a(lib_a-u_strerr.o)
[...]
Memory Configuration

Name             Origin             Length             Attributes
RAM              0x0000000020000000 0x0000000000020000 xrw
FLASH            0x0000000008000000 0x0000000000080000 xr
*default*        0x0000000000000000 0xffffffffffffffff

Linker script and memory map

LOAD c:/programs/st/stm32cubeide_1.10.1/stm32cubeide/plugins/com.st.stm32cube.ide.mcu.externaltools.gnu-tools-for-stm32.10.3-2021.10.win32_1.0.0.202111181127/tools/bin/../lib/gcc/arm-none-eabi/10.3.1/thumb/v7e-m+fp/hard/crti.o
LOAD c:/programs/st/stm32cubeide_1.10.1/stm32cubeide/plugins/com.st.stm32cube.ide.mcu.externaltools.gnu-tools-for-stm32.10.3-2021.10.win32_1.0.0.202111181127/tools/bin/../lib/gcc/arm-none-eabi/10.3.1/thumb/v7e-m+fp/hard/crtbegin.o
LOAD c:/programs/st/stm32cubeide_1.10.1/stm32cubeide/plugins/com.st.stm32cube.ide.mcu.externaltools.gnu-tools-for-stm32.10.3-2021.10.win32_1.0.0.202111181127/tools/bin/../lib/gcc/arm-none-eabi/10.3.1/../../../../arm-none-eabi/lib/thumb/v7e-m+fp/hard/crt0.o
LOAD ./Core/Src/main.o
LOAD ./Core/Src/stm32f4xx_hal_msp.o
LOAD ./Core/Src/syscalls.o
LOAD ./Core/Src/sysmem.o
LOAD ./Core/Src/system_stm32f4xx.o
LOAD ./Core/Startup/startup_stm32f446retx.o
LOAD ./Drivers/STM32F4xx_HAL_Driver/stm32f4xx_hal.o
LOAD ./Drivers/STM32F4xx_HAL_Driver/stm32f4xx_hal_cortex.o
LOAD ./Drivers/STM32F4xx_HAL_Driver/stm32f4xx_hal_dma.o
LOAD ./Drivers/STM32F4xx_HAL_Driver/stm32f4xx_hal_dma_ex.o
LOAD ./Drivers/STM32F4xx_HAL_Driver/stm32f4xx_hal_exti.o
LOAD ./Drivers/STM32F4xx_HAL_Driver/stm32f4xx_hal_flash.o
LOAD ./Drivers/STM32F4xx_HAL_Driver/stm32f4xx_hal_flash_ex.o
LOAD ./Drivers/STM32F4xx_HAL_Driver/stm32f4xx_hal_flash_ramfunc.o
LOAD ./Drivers/STM32F4xx_HAL_Driver/stm32f4xx_hal_gpio.o
LOAD ./Drivers/STM32F4xx_HAL_Driver/stm32f4xx_hal_pwr.o
LOAD ./Drivers/STM32F4xx_HAL_Driver/stm32f4xx_hal_pwr_ex.o
LOAD ./Drivers/STM32F4xx_HAL_Driver/stm32f4xx_hal_rcc.o
LOAD ./Drivers/STM32F4xx_HAL_Driver/stm32f4xx_hal_rcc_ex.o
LOAD ./Src/74hc595.o
LOAD ./Src/circbuffer.o
LOAD ./Src/explode.o
LOAD ./Src/function.o
LOAD ./Src/lcd.o
LOAD ./Src/stm32446mapping.o
LOAD ./Src/test.o
START GROUP
LOAD c:/programs/st/stm32cubeide_1.10.1/stm32cubeide/plugins/com.st.stm32cube.ide.mcu.externaltools.gnu-tools-for-stm32.10.3-2021.10.win32_1.0.0.202111181127/tools/bin/../lib/gcc/arm-none-eabi/10.3.1/../../../../arm-none-eabi/lib/thumb/v7e-m+fp/hard\libc_nano.a
LOAD c:/programs/st/stm32cubeide_1.10.1/stm32cubeide/plugins/com.st.stm32cube.ide.mcu.externaltools.gnu-tools-for-stm32.10.3-2021.10.win32_1.0.0.202111181127/tools/bin/../lib/gcc/arm-none-eabi/10.3.1/../../../../arm-none-eabi/lib/thumb/v7e-m+fp/hard\libm.a
END GROUP
START GROUP
LOAD c:/programs/st/stm32cubeide_1.10.1/stm32cubeide/plugins/com.st.stm32cube.ide.mcu.externaltools.gnu-tools-for-stm32.10.3-2021.10.win32_1.0.0.202111181127/tools/bin/../lib/gcc/arm-none-eabi/10.3.1/thumb/v7e-m+fp/hard\libgcc.a
LOAD c:/programs/st/stm32cubeide_1.10.1/stm32cubeide/plugins/com.st.stm32cube.ide.mcu.externaltools.gnu-tools-for-stm32.10.3-2021.10.win32_1.0.0.202111181127/tools/bin/../lib/gcc/arm-none-eabi/10.3.1/../../../../arm-none-eabi/lib/thumb/v7e-m+fp/hard\libc_nano.a
END GROUP
START GROUP
LOAD c:/programs/st/stm32cubeide_1.10.1/stm32cubeide/plugins/com.st.stm32cube.ide.mcu.externaltools.gnu-tools-for-stm32.10.3-2021.10.win32_1.0.0.202111181127/tools/bin/../lib/gcc/arm-none-eabi/10.3.1/thumb/v7e-m+fp/hard\libgcc.a
LOAD c:/programs/st/stm32cubeide_1.10.1/stm32cubeide/plugins/com.st.stm32cube.ide.mcu.externaltools.gnu-tools-for-stm32.10.3-2021.10.win32_1.0.0.202111181127/tools/bin/../lib/gcc/arm-none-eabi/10.3.1/../../../../arm-none-eabi/lib/thumb/v7e-m+fp/hard\libc_nano.a
LOAD c:/programs/st/stm32cubeide_1.10.1/stm32cubeide/plugins/com.st.stm32cube.ide.mcu.externaltools.gnu-tools-for-stm32.10.3-2021.10.win32_1.0.0.202111181127/tools/bin/../lib/gcc/arm-none-eabi/10.3.1/../../../../arm-none-eabi/lib/thumb/v7e-m+fp/hard\libnosys.a
END GROUP
START GROUP
LOAD c:/programs/st/stm32cubeide_1.10.1/stm32cubeide/plugins/com.st.stm32cube.ide.mcu.externaltools.gnu-tools-for-stm32.10.3-2021.10.win32_1.0.0.202111181127/tools/bin/../lib/gcc/arm-none-eabi/10.3.1/thumb/v7e-m+fp/hard\libgcc.a
LOAD c:/programs/st/stm32cubeide_1.10.1/stm32cubeide/plugins/com.st.stm32cube.ide.mcu.externaltools.gnu-tools-for-stm32.10.3-2021.10.win32_1.0.0.202111181127/tools/bin/../lib/gcc/arm-none-eabi/10.3.1/../../../../arm-none-eabi/lib/thumb/v7e-m+fp/hard\libc_nano.a
LOAD c:/programs/st/stm32cubeide_1.10.1/stm32cubeide/plugins/com.st.stm32cube.ide.mcu.externaltools.gnu-tools-for-stm32.10.3-2021.10.win32_1.0.0.202111181127/tools/bin/../lib/gcc/arm-none-eabi/10.3.1/../../../../arm-none-eabi/lib/thumb/v7e-m+fp/hard\libnosys.a
END GROUP
LOAD c:/programs/st/stm32cubeide_1.10.1/stm32cubeide/plugins/com.st.stm32cube.ide.mcu.externaltools.gnu-tools-for-stm32.10.3-2021.10.win32_1.0.0.202111181127/tools/bin/../lib/gcc/arm-none-eabi/10.3.1/thumb/v7e-m+fp/hard/crtend.o
LOAD c:/programs/st/stm32cubeide_1.10.1/stm32cubeide/plugins/com.st.stm32cube.ide.mcu.externaltools.gnu-tools-for-stm32.10.3-2021.10.win32_1.0.0.202111181127/tools/bin/../lib/gcc/arm-none-eabi/10.3.1/thumb/v7e-m+fp/hard/crtn.o
                0x0000000020020000                _estack = (ORIGIN (RAM) + LENGTH (RAM))
                0x0000000000000200                _Min_Heap_Size = 0x200
                0x0000000000000400                _Min_Stack_Size = 0x400

.isr_vector     0x0000000008000000      0x1c4
                0x0000000008000000                . = ALIGN (0x4)
 *(.isr_vector)
 .isr_vector    0x0000000008000000      0x1c4 ./Core/Startup/startup_stm32f446retx.o
                0x0000000008000000                g_pfnVectors
                0x00000000080001c4                . = ALIGN (0x4)

.text           0x00000000080001d0     0x8124
                0x00000000080001d0                . = ALIGN (0x4)
 *(.text)
 .text          0x00000000080001d0       0x40 c:/programs/st/stm32cubeide_1.10.1/stm32cubeide/plugins/com.st.stm32cube.ide.mcu.externaltools.gnu-tools-for-stm32.10.3-2021.10.win32_1.0.0.202111181127/tools/bin/../lib/gcc/arm-none-eabi/10.3.1/thumb/v7e-m+fp/hard/crtbegin.o
 .text          0x0000000008000210       0x10 c:/programs/st/stm32cubeide_1.10.1/stm32cubeide/plugins/com.st.stm32cube.ide.mcu.externaltools.gnu-tools-for-stm32.10.3-2021.10.win32_1.0.0.202111181127/tools/bin/../lib/gcc/arm-none-eabi/10.3.1/../../../../arm-none-eabi/lib/thumb/v7e-m+fp/hard\libc_nano.a(lib_a-strlen.o)
                0x0000000008000210                strlen
 .text          0x0000000008000220       0xa0 c:/programs/st/stm32cubeide_1.10.1/stm32cubeide/plugins/com.st.stm32cube.ide.mcu.externaltools.gnu-tools-for-stm32.10.3-2021.10.win32_1.0.0.202111181127/tools/bin/../lib/gcc/arm-none-eabi/10.3.1/../../../../arm-none-eabi/lib/thumb/v7e-m+fp/hard\libc_nano.a(lib_a-memchr.o)
                0x0000000008000220                memchr
 .text          0x00000000080002c0      0x378 c:/programs/st/stm32cubeide_1.10.1/stm32cubeide/plugins/com.st.stm32cube.ide.mcu.externaltools.gnu-tools-for-stm32.10.3-2021.10.win32_1.0.0.202111181127/tools/bin/../lib/gcc/arm-none-eabi/10.3.1/thumb/v7e-m+fp/hard\libgcc.a(_arm_addsubdf3.o)
                0x00000000080002c0                __aeabi_drsub
                0x00000000080002c8                __aeabi_dsub
                0x00000000080002c8                __subdf3
                0x00000000080002cc                __aeabi_dadd
                0x00000000080002cc                __adddf3
                0x0000000008000544                __floatunsidf
                0x0000000008000544                __aeabi_ui2d
                0x0000000008000564                __floatsidf
                0x0000000008000564                __aeabi_i2d
                0x0000000008000588                __aeabi_f2d
                0x0000000008000588                __extendsfdf2
                0x00000000080005cc                __floatundidf
                0x00000000080005cc                __aeabi_ul2d
                0x00000000080005dc                __floatdidf
                0x00000000080005dc                __aeabi_l2d
 .text          0x0000000008000638      0x424 c:/programs/st/stm32cubeide_1.10.1/stm32cubeide/plugins/com.st.stm32cube.ide.mcu.externaltools.gnu-tools-for-stm32.10.3-2021.10.win32_1.0.0.202111181127/tools/bin/../lib/gcc/arm-none-eabi/10.3.1/thumb/v7e-m+fp/hard\libgcc.a(_arm_muldivdf3.o)
                0x0000000008000638                __aeabi_dmul
                0x0000000008000638                __muldf3
                0x000000000800088c                __divdf3
                0x000000000800088c                __aeabi_ddiv
 .text          0x0000000008000a5c      0x110 c:/programs/st/stm32cubeide_1.10.1/stm32cubeide/plugins/com.st.stm32cube.ide.mcu.externaltools.gnu-tools-for-stm32.10.3-2021.10.win32_1.0.0.202111181127/tools/bin/../lib/gcc/arm-none-eabi/10.3.1/thumb/v7e-m+fp/hard\libgcc.a(_arm_cmpdf2.o)
                0x0000000008000a5c                __gtdf2
                0x0000000008000a5c                __gedf2
                0x0000000008000a64                __ltdf2
                0x0000000008000a64                __ledf2
                0x0000000008000a6c                __nedf2
                0x0000000008000a6c                __eqdf2
                0x0000000008000a6c                __cmpdf2
                0x0000000008000ae8                __aeabi_cdrcmple
                0x0000000008000af8                __aeabi_cdcmpeq
                0x0000000008000af8                __aeabi_cdcmple
                0x0000000008000b08                __aeabi_dcmpeq
                0x0000000008000b1c                __aeabi_dcmplt
                0x0000000008000b30                __aeabi_dcmple
                0x0000000008000b44                __aeabi_dcmpge
                0x0000000008000b58                __aeabi_dcmpgt
 .text          0x0000000008000b6c       0x2c c:/programs/st/stm32cubeide_1.10.1/stm32cubeide/plugins/com.st.stm32cube.ide.mcu.externaltools.gnu-tools-for-stm32.10.3-2021.10.win32_1.0.0.202111181127/tools/bin/../lib/gcc/arm-none-eabi/10.3.1/thumb/v7e-m+fp/hard\libgcc.a(_arm_unorddf2.o)
                0x0000000008000b6c                __unorddf2
                0x0000000008000b6c                __aeabi_dcmpun
 .text          0x0000000008000b98       0x50 c:/programs/st/stm32cubeide_1.10.1/stm32cubeide/plugins/com.st.stm32cube.ide.mcu.externaltools.gnu-tools-for-stm32.10.3-2021.10.win32_1.0.0.202111181127/tools/bin/../lib/gcc/arm-none-eabi/10.3.1/thumb/v7e-m+fp/hard\libgcc.a(_arm_fixdfsi.o)
                0x0000000008000b98                __aeabi_d2iz
                0x0000000008000b98                __fixdfsi
 .text          0x0000000008000be8       0x40 c:/programs/st/stm32cubeide_1.10.1/stm32cubeide/plugins/com.st.stm32cube.ide.mcu.externaltools.gnu-tools-for-stm32.10.3-2021.10.win32_1.0.0.202111181127/tools/bin/../lib/gcc/arm-none-eabi/10.3.1/thumb/v7e-m+fp/hard\libgcc.a(_arm_fixunsdfsi.o)
                0x0000000008000be8                __aeabi_d2uiz
                0x0000000008000be8                __fixunsdfsi
 *(.text*)
 .text.main     0x0000000008000c28      0x4d4 ./Core/Src/main.o
                0x0000000008000c28                main
 .text.portinic
                0x00000000080010fc       0x44 ./Core/Src/main.o
                0x00000000080010fc                portinic
 .text.tim9inic
                0x0000000008001140       0x80 ./Core/Src/main.o
                0x0000000008001140                tim9inic
 .text.TIM1_BRK_TIM9_IRQHandler
                0x00000000080011c0       0xf4 ./Core/Src/main.o
                0x00000000080011c0                TIM1_BRK_TIM9_IRQHandler
 .text._sbrk    0x00000000080012b4       0x6c ./Core/Src/sysmem.o
                0x00000000080012b4                _sbrk
 .text.SystemInit
                0x0000000008001320       0x24 ./Core/Src/system_stm32f4xx.o
                0x0000000008001320                SystemInit
 .text.Reset_Handler
                0x0000000008001344       0x50 ./Core/Startup/startup_stm32f446retx.o
                0x0000000008001344                Reset_Handler
 .text.Default_Handler
                0x0000000008001394        0x2 ./Core/Startup/startup_stm32f446retx.o
                0x0000000008001394                RTC_Alarm_IRQHandler
                0x0000000008001394                EXTI2_IRQHandler
                0x0000000008001394                TIM8_CC_IRQHandler
                0x0000000008001394                DebugMon_Handler
                0x0000000008001394                FMPI2C1_EV_IRQHandler
                0x0000000008001394                SPI4_IRQHandler
                0x0000000008001394                TIM1_CC_IRQHandler
                0x0000000008001394                DMA2_Stream5_IRQHandler
                0x0000000008001394                HardFault_Handler
                0x0000000008001394                DMA1_Stream5_IRQHandler
                0x0000000008001394                PVD_IRQHandler
                0x0000000008001394                SDIO_IRQHandler
                0x0000000008001394                TAMP_STAMP_IRQHandler
                0x0000000008001394                PendSV_Handler
                0x0000000008001394                NMI_Handler
                0x0000000008001394                CAN2_RX1_IRQHandler
                0x0000000008001394                EXTI3_IRQHandler
                0x0000000008001394                TIM8_TRG_COM_TIM14_IRQHandler
                0x0000000008001394                TIM1_UP_TIM10_IRQHandler
                0x0000000008001394                TIM8_UP_TIM13_IRQHandler
                0x0000000008001394                I2C3_ER_IRQHandler
                0x0000000008001394                EXTI0_IRQHandler
                0x0000000008001394                I2C2_EV_IRQHandler
                0x0000000008001394                DMA1_Stream2_IRQHandler
                0x0000000008001394                CAN1_RX0_IRQHandler
                0x0000000008001394                FPU_IRQHandler
                0x0000000008001394                OTG_HS_WKUP_IRQHandler
                0x0000000008001394                UsageFault_Handler
                0x0000000008001394                CAN2_SCE_IRQHandler
                0x0000000008001394                DMA2_Stream2_IRQHandler
                0x0000000008001394                SPI1_IRQHandler
                0x0000000008001394                TIM6_DAC_IRQHandler
                0x0000000008001394                DCMI_IRQHandler
                0x0000000008001394                CAN2_RX0_IRQHandler
                0x0000000008001394                DMA2_Stream3_IRQHandler
                0x0000000008001394                SAI2_IRQHandler
                0x0000000008001394                USART6_IRQHandler
                0x0000000008001394                USART3_IRQHandler
                0x0000000008001394                CAN1_RX1_IRQHandler
                0x0000000008001394                UART5_IRQHandler
                0x0000000008001394                DMA2_Stream0_IRQHandler
                0x0000000008001394                TIM4_IRQHandler
                0x0000000008001394                QUADSPI_IRQHandler
                0x0000000008001394                I2C1_EV_IRQHandler
                0x0000000008001394                DMA1_Stream6_IRQHandler
                0x0000000008001394                DMA1_Stream1_IRQHandler
                0x0000000008001394                UART4_IRQHandler
                0x0000000008001394                TIM3_IRQHandler
                0x0000000008001394                RCC_IRQHandler
                0x0000000008001394                TIM8_BRK_TIM12_IRQHandler
                0x0000000008001394                Default_Handler
                0x0000000008001394                CEC_IRQHandler
                0x0000000008001394                EXTI15_10_IRQHandler
                0x0000000008001394                ADC_IRQHandler
                0x0000000008001394                DMA1_Stream7_IRQHandler
                0x0000000008001394                TIM7_IRQHandler
                0x0000000008001394                CAN2_TX_IRQHandler
                0x0000000008001394                TIM5_IRQHandler
                0x0000000008001394                DMA2_Stream7_IRQHandler
                0x0000000008001394                I2C3_EV_IRQHandler
                0x0000000008001394                EXTI9_5_IRQHandler
                0x0000000008001394                RTC_WKUP_IRQHandler
                0x0000000008001394                SPDIF_RX_IRQHandler
                0x0000000008001394                SPI2_IRQHandler
                0x0000000008001394                OTG_HS_EP1_IN_IRQHandler
                0x0000000008001394                MemManage_Handler
                0x0000000008001394                DMA1_Stream0_IRQHandler
                0x0000000008001394                CAN1_TX_IRQHandler
                0x0000000008001394                SVC_Handler
                0x0000000008001394                FMPI2C1_ER_IRQHandler
                0x0000000008001394                EXTI4_IRQHandler
                0x0000000008001394                OTG_HS_EP1_OUT_IRQHandler
                0x0000000008001394                WWDG_IRQHandler
                0x0000000008001394                TIM2_IRQHandler
                0x0000000008001394                OTG_FS_WKUP_IRQHandler
                0x0000000008001394                TIM1_TRG_COM_TIM11_IRQHandler
                0x0000000008001394                OTG_HS_IRQHandler
                0x0000000008001394                EXTI1_IRQHandler
                0x0000000008001394                USART2_IRQHandler
                0x0000000008001394                I2C2_ER_IRQHandler
                0x0000000008001394                DMA2_Stream1_IRQHandler
                0x0000000008001394                CAN1_SCE_IRQHandler
                0x0000000008001394                FLASH_IRQHandler
                0x0000000008001394                DMA2_Stream4_IRQHandler
                0x0000000008001394                BusFault_Handler
                0x0000000008001394                USART1_IRQHandler
                0x0000000008001394                OTG_FS_IRQHandler
                0x0000000008001394                SPI3_IRQHandler
                0x0000000008001394                DMA1_Stream4_IRQHandler
                0x0000000008001394                I2C1_ER_IRQHandler
                0x0000000008001394                FMC_IRQHandler
                0x0000000008001394                DMA2_Stream6_IRQHandler
                0x0000000008001394                SAI1_IRQHandler
                0x0000000008001394                DMA1_Stream3_IRQHandler
 *fill*         0x0000000008001396        0x2 
 .text.HC595enable
                0x0000000008001398      0x110 ./Src/74hc595.o
                0x0000000008001398                HC595enable
 .text.HC595_shift_bit
                0x00000000080014a8       0x98 ./Src/74hc595.o
                0x00000000080014a8                HC595_shift_bit
 .text.HC595_shift_byte
                0x0000000008001540       0x42 ./Src/74hc595.o
                0x0000000008001540                HC595_shift_byte
 *fill*         0x0000000008001582        0x2 
 .text.HC595_shift_out
                0x0000000008001584       0x4c ./Src/74hc595.o
                0x0000000008001584                HC595_shift_out
 .text.CIRCBUFFenable
                0x00000000080015d0       0x70 ./Src/circbuffer.o
                0x00000000080015d0                CIRCBUFFenable
 .text.CIRC_get
                0x0000000008001640       0x52 ./Src/circbuffer.o
                0x0000000008001640                CIRC_get
 .text.CIRC_put
                0x0000000008001692       0x4c ./Src/circbuffer.o
                0x0000000008001692                CIRC_put
 .text.CIRC_putstr
                0x00000000080016de       0x40 ./Src/circbuffer.o
                0x00000000080016de                CIRC_putstr
 .text.CIRC_getstr
                0x000000000800171e       0x36 ./Src/circbuffer.o
                0x000000000800171e                CIRC_getstr
 .text.EXPLODEenable
                0x0000000008001754       0x38 ./Src/explode.o
                0x0000000008001754                EXPLODEenable
 .text.EXPLODEupdate
                0x000000000800178c       0x50 ./Src/explode.o
                0x000000000800178c                EXPLODEupdate
 .text.EXPLODEhh
                0x00000000080017dc       0x22 ./Src/explode.o
                0x00000000080017dc                EXPLODEhh
 .text.EXPLODEll
                0x00000000080017fe       0x24 ./Src/explode.o
                0x00000000080017fe                EXPLODEll
 .text.EXPLODElh
                0x0000000008001822       0x2c ./Src/explode.o
                0x0000000008001822                EXPLODElh
 .text.EXPLODEhl
                0x000000000800184e       0x2c ./Src/explode.o
                0x000000000800184e                EXPLODEhl
 *fill*         0x000000000800187a        0x2 
 .text.FUNCenable
                0x000000000800187c      0x158 ./Src/function.o
                0x000000000800187c                FUNCenable
 *fill*         0x00000000080019d4        0x4 
 .text.FUNCmayia
                0x00000000080019d8       0x84 ./Src/function.o
                0x00000000080019d8                FUNCmayia
 .text.FUNCswap
                0x0000000008001a5c       0x2a ./Src/function.o
                0x0000000008001a5c                FUNCswap
 .text.FUNCcopy
                0x0000000008001a86       0x3a ./Src/function.o
                0x0000000008001a86                FUNCcopy
 .text.FUNCsqueeze
                0x0000000008001ac0       0x62 ./Src/function.o
                0x0000000008001ac0                FUNCsqueeze
 .text.FUNCshellsort
                0x0000000008001b22       0xb0 ./Src/function.o
                0x0000000008001b22                FUNCshellsort
 *fill*         0x0000000008001bd2        0x2 
 .text.FUNCi32toa
                0x0000000008001bd4       0x94 ./Src/function.o
                0x0000000008001bd4                FUNCi32toa
 .text.FUNCi16toa
                0x0000000008001c68       0xa4 ./Src/function.o
                0x0000000008001c68                FUNCi16toa
 .text.FUNCui16toa
                0x0000000008001d0c       0x98 ./Src/function.o
                0x0000000008001d0c                FUNCui16toa
 .text.FUNCtrim
                0x0000000008001da4       0x60 ./Src/function.o
                0x0000000008001da4                FUNCtrim
 .text.FUNCpmax
                0x0000000008001e04       0x2a ./Src/function.o
                0x0000000008001e04                FUNCpmax
 .text.FUNCgcd  0x0000000008001e2e       0x3a ./Src/function.o
                0x0000000008001e2e                FUNCgcd
 .text.FUNCstrToInt
                0x0000000008001e68       0x5c ./Src/function.o
                0x0000000008001e68                FUNCstrToInt
 .text.FUNCfilter
                0x0000000008001ec4       0x24 ./Src/function.o
                0x0000000008001ec4                FUNCfilter
 .text.FUNCticks
                0x0000000008001ee8       0x2a ./Src/function.o
                0x0000000008001ee8                FUNCticks
 .text.FUNCtwocomptoint8bit
                0x0000000008001f12       0x42 ./Src/function.o
                0x0000000008001f12                FUNCtwocomptoint8bit
 .text.FUNCtwocomptoint10bit
                0x0000000008001f54       0x44 ./Src/function.o
                0x0000000008001f54                FUNCtwocomptoint10bit
 .text.FUNCtwocomptointnbit
                0x0000000008001f98       0x50 ./Src/function.o
                0x0000000008001f98                FUNCtwocomptointnbit
 .text.FUNCdec2bcd
                0x0000000008001fe8       0x44 ./Src/function.o
                0x0000000008001fe8                FUNCdec2bcd
 .text.FUNCbcd2dec
                0x000000000800202c       0x32 ./Src/function.o
                0x000000000800202c                FUNCbcd2dec
 *fill*         0x000000000800205e        0x2 
 .text.FUNCresizestr
                0x0000000008002060       0x74 ./Src/function.o
                0x0000000008002060                FUNCresizestr
 .text.FUNCtrimmer
                0x00000000080020d4       0x38 ./Src/function.o
                0x00000000080020d4                FUNCtrimmer
 .text.StringLength
                0x000000000800210c       0x2e ./Src/function.o
                0x000000000800210c                StringLength
 .text.Reverse  0x000000000800213a       0x5c ./Src/function.o
                0x000000000800213a                Reverse
 .text.FUNCbcd2bin
                0x0000000008002196       0x32 ./Src/function.o
                0x0000000008002196                FUNCbcd2bin
 .text.FUNCbin2bcd
                0x00000000080021c8       0x44 ./Src/function.o
                0x00000000080021c8                FUNCbin2bcd
 .text.FUNCgcd1
                0x000000000800220c       0x4e ./Src/function.o
                0x000000000800220c                FUNCgcd1
 .text.FUNCpincheck
                0x000000000800225a       0x38 ./Src/function.o
                0x000000000800225a                FUNCpincheck
 *fill*         0x0000000008002292        0x2 
 .text.FUNCprint_binary
                0x0000000008002294       0x6c ./Src/function.o
                0x0000000008002294                FUNCprint_binary
 .text.FUNCintinvstr
                0x0000000008002300       0xb8 ./Src/function.o
                0x0000000008002300                FUNCintinvstr
 .text.FUNCftoa
                0x00000000080023b8      0x17c ./Src/function.o
                0x00000000080023b8                FUNCftoa
 .text.FUNCdectohex
                0x0000000008002534       0x8c ./Src/function.o
                0x0000000008002534                FUNCdectohex
 .text.FUNCReadHLByte
                0x00000000080025c0       0x24 ./Src/function.o
                0x00000000080025c0                FUNCReadHLByte
 .text.FUNCReadLHByte
                0x00000000080025e4       0x24 ./Src/function.o
                0x00000000080025e4                FUNCReadLHByte
 .text.FUNCWriteHLByte
                0x0000000008002608       0x38 ./Src/function.o
                0x0000000008002608                FUNCWriteHLByte
 .text.FUNCWriteLHByte
                0x0000000008002640       0x38 ./Src/function.o
                0x0000000008002640                FUNCWriteLHByte
 .text.FUNCSwapByte
                0x0000000008002678       0x28 ./Src/function.o
                0x0000000008002678                FUNCSwapByte
 .text.FUNCprint
                0x00000000080026a0       0x3c ./Src/function.o
                0x00000000080026a0                FUNCprint
 .text.LCD0enable
                0x00000000080026dc       0xd8 ./Src/lcd.o
                0x00000000080026dc                LCD0enable
 .text.LCD0_inic
                0x00000000080027b4      0x188 ./Src/lcd.o
                0x00000000080027b4                LCD0_inic
 .text.LCD0_write
                0x000000000800293c      0x250 ./Src/lcd.o
                0x000000000800293c                LCD0_write
 .text.LCD0_read
                0x0000000008002b8c      0x1d4 ./Src/lcd.o
                0x0000000008002b8c                LCD0_read
 .text.LCD0_BF  0x0000000008002d60       0x3a ./Src/lcd.o
                0x0000000008002d60                LCD0_BF
 .text.LCD0_getch
                0x0000000008002d9a       0x1e ./Src/lcd.o
                0x0000000008002d9a                LCD0_getch
 .text.LCD0_putch
                0x0000000008002db8       0x20 ./Src/lcd.o
                0x0000000008002db8                LCD0_putch
 .text.LCD0_string
                0x0000000008002dd8       0x2e ./Src/lcd.o
                0x0000000008002dd8                LCD0_string
 .text.LCD0_string_size
                0x0000000008002e06       0x5c ./Src/lcd.o
                0x0000000008002e06                LCD0_string_size
 .text.LCD0_hspace
                0x0000000008002e62       0x26 ./Src/lcd.o
                0x0000000008002e62                LCD0_hspace
 .text.LCD0_clear
                0x0000000008002e88       0x20 ./Src/lcd.o
                0x0000000008002e88                LCD0_clear
 .text.LCD0_gotoxy
                0x0000000008002ea8       0x8c ./Src/lcd.o
                0x0000000008002ea8                LCD0_gotoxy
 .text.LCD0_reboot
                0x0000000008002f34       0x44 ./Src/lcd.o
                0x0000000008002f34                LCD0_reboot
 .text.STM32446enable
                0x0000000008002f78      0x57c ./Src/stm32446mapping.o
                0x0000000008002f78                STM32446enable
 .text.STM32446PeripheralInic
                0x00000000080034f4       0x48 ./Src/stm32446mapping.o
                0x00000000080034f4                STM32446PeripheralInic
 .text.STM32446RccHEnable
                0x000000000800353c       0xbc ./Src/stm32446mapping.o
                0x000000000800353c                STM32446RccHEnable
 .text.STM32446RccHSelect
                0x00000000080035f8       0x88 ./Src/stm32446mapping.o
                0x00000000080035f8                STM32446RccHSelect
 .text.STM32446RccLEnable
                0x0000000008003680       0xbc ./Src/stm32446mapping.o
                0x0000000008003680                STM32446RccLEnable
 .text.STM32446RccLSelect
                0x000000000800373c       0x84 ./Src/stm32446mapping.o
                0x000000000800373c                STM32446RccLSelect
 .text.STM32446Prescaler
                0x00000000080037c0      0x32c ./Src/stm32446mapping.o
                0x00000000080037c0                STM32446Prescaler
 .text.STM32446PLLDivision
                0x0000000008003aec      0x19c ./Src/stm32446mapping.o
                0x0000000008003aec                STM32446PLLDivision
 .text.STM32446RccPLLCLKEnable
                0x0000000008003c88       0x34 ./Src/stm32446mapping.o
                0x0000000008003c88                STM32446RccPLLCLKEnable
 .text.STM32446RccPLLI2SEnable
                0x0000000008003cbc       0x34 ./Src/stm32446mapping.o
                0x0000000008003cbc                STM32446RccPLLI2SEnable
 .text.STM32446RccPLLSAIEnable
                0x0000000008003cf0       0x34 ./Src/stm32446mapping.o
                0x0000000008003cf0                STM32446RccPLLSAIEnable
 .text.SystemClock
                0x0000000008003d24       0xa8 ./Src/stm32446mapping.o
                0x0000000008003d24                SystemClock
 .text.STM32446GpioSetpins
                0x0000000008003dcc       0x52 ./Src/stm32446mapping.o
                0x0000000008003dcc                STM32446GpioSetpins
 .text.STM32446GpioSetpin
                0x0000000008003e1e       0x24 ./Src/stm32446mapping.o
                0x0000000008003e1e                STM32446GpioSetpin
 .text.STM32446GpioSet
                0x0000000008003e42       0x1c ./Src/stm32446mapping.o
                0x0000000008003e42                STM32446GpioSet
 .text.STM32446GpioResetpins
                0x0000000008003e5e       0x54 ./Src/stm32446mapping.o
                0x0000000008003e5e                STM32446GpioResetpins
 .text.STM32446GpioResetpin
                0x0000000008003eb2       0x26 ./Src/stm32446mapping.o
                0x0000000008003eb2                STM32446GpioResetpin
 .text.STM32446GpioReset
                0x0000000008003ed8       0x20 ./Src/stm32446mapping.o
                0x0000000008003ed8                STM32446GpioReset
 .text.STM32446Gpiosetupreg
                0x0000000008003ef8       0x94 ./Src/stm32446mapping.o
                0x0000000008003ef8                STM32446Gpiosetupreg
 *fill*         0x0000000008003f8c        0x4 
 .text.STM32446GpioSetup
                0x0000000008003f90       0xd4 ./Src/stm32446mapping.o
                0x0000000008003f90                STM32446GpioSetup
 *fill*         0x0000000008004064        0x4 
 .text.STM32446GpioAmoder
                0x0000000008004068       0xa0 ./Src/stm32446mapping.o
                0x0000000008004068                STM32446GpioAmoder
 .text.STM32446GpioAospeedr
                0x0000000008004108       0xa0 ./Src/stm32446mapping.o
                0x0000000008004108                STM32446GpioAospeedr
 .text.STM32446GpioApupdr
                0x00000000080041a8       0xa0 ./Src/stm32446mapping.o
                0x00000000080041a8                STM32446GpioApupdr
 .text.STM32446GpioAreset
                0x0000000008004248       0x24 ./Src/stm32446mapping.o
                0x0000000008004248                STM32446GpioAreset
 .text.STM32446GpioAset
                0x000000000800426c       0x20 ./Src/stm32446mapping.o
                0x000000000800426c                STM32446GpioAset
 *fill*         0x000000000800428c        0x4 
 .text.STM32446GpioAafr
                0x0000000008004290       0xe0 ./Src/stm32446mapping.o
                0x0000000008004290                STM32446GpioAafr
 .text.STM32446GpioBmoder
                0x0000000008004370       0xa0 ./Src/stm32446mapping.o
                0x0000000008004370                STM32446GpioBmoder
 .text.STM32446GpioBospeedr
                0x0000000008004410       0xa0 ./Src/stm32446mapping.o
                0x0000000008004410                STM32446GpioBospeedr
 .text.STM32446GpioBpupdr
                0x00000000080044b0       0xa0 ./Src/stm32446mapping.o
                0x00000000080044b0                STM32446GpioBpupdr
 .text.STM32446GpioBreset
                0x0000000008004550       0x24 ./Src/stm32446mapping.o
                0x0000000008004550                STM32446GpioBreset
 .text.STM32446GpioBset
                0x0000000008004574       0x20 ./Src/stm32446mapping.o
                0x0000000008004574                STM32446GpioBset
 *fill*         0x0000000008004594        0x4 
 .text.STM32446GpioBafr
                0x0000000008004598       0xe0 ./Src/stm32446mapping.o
                0x0000000008004598                STM32446GpioBafr
 .text.STM32446GpioCmoder
                0x0000000008004678       0xa0 ./Src/stm32446mapping.o
                0x0000000008004678                STM32446GpioCmoder
 .text.STM32446GpioCospeedr
                0x0000000008004718       0xa0 ./Src/stm32446mapping.o
                0x0000000008004718                STM32446GpioCospeedr
 .text.STM32446GpioCpupdr
                0x00000000080047b8       0xa0 ./Src/stm32446mapping.o
                0x00000000080047b8                STM32446GpioCpupdr
 .text.STM32446GpioCreset
                0x0000000008004858       0x24 ./Src/stm32446mapping.o
                0x0000000008004858                STM32446GpioCreset
 .text.STM32446GpioCset
                0x000000000800487c       0x20 ./Src/stm32446mapping.o
                0x000000000800487c                STM32446GpioCset
 *fill*         0x000000000800489c        0x4 
 .text.STM32446GpioCafr
                0x00000000080048a0       0xe0 ./Src/stm32446mapping.o
                0x00000000080048a0                STM32446GpioCafr
 .text.STM32446GpioDmoder
                0x0000000008004980       0xa8 ./Src/stm32446mapping.o
                0x0000000008004980                STM32446GpioDmoder
 .text.STM32446GpioDospeedr
                0x0000000008004a28       0xa8 ./Src/stm32446mapping.o
                0x0000000008004a28                STM32446GpioDospeedr
 .text.STM32446GpioDpupdr
                0x0000000008004ad0       0xa8 ./Src/stm32446mapping.o
                0x0000000008004ad0                STM32446GpioDpupdr
 .text.STM32446GpioDreset
                0x0000000008004b78       0x24 ./Src/stm32446mapping.o
                0x0000000008004b78                STM32446GpioDreset
 .text.STM32446GpioDset
                0x0000000008004b9c       0x24 ./Src/stm32446mapping.o
                0x0000000008004b9c                STM32446GpioDset
 .text.STM32446GpioDafr
                0x0000000008004bc0       0xe8 ./Src/stm32446mapping.o
                0x0000000008004bc0                STM32446GpioDafr
 .text.STM32446GpioEmoder
                0x0000000008004ca8       0xa8 ./Src/stm32446mapping.o
                0x0000000008004ca8                STM32446GpioEmoder
 .text.STM32446GpioEospeedr
                0x0000000008004d50       0xa8 ./Src/stm32446mapping.o
                0x0000000008004d50                STM32446GpioEospeedr
 .text.STM32446GpioEpupdr
                0x0000000008004df8       0xa8 ./Src/stm32446mapping.o
                0x0000000008004df8                STM32446GpioEpupdr
 .text.STM32446GpioEreset
                0x0000000008004ea0       0x24 ./Src/stm32446mapping.o
                0x0000000008004ea0                STM32446GpioEreset
 .text.STM32446GpioEset
                0x0000000008004ec4       0x24 ./Src/stm32446mapping.o
                0x0000000008004ec4                STM32446GpioEset
 .text.STM32446GpioEafr
                0x0000000008004ee8       0xe8 ./Src/stm32446mapping.o
                0x0000000008004ee8                STM32446GpioEafr
 .text.STM32446GpioHmoder
                0x0000000008004fd0       0xa8 ./Src/stm32446mapping.o
                0x0000000008004fd0                STM32446GpioHmoder
 .text.STM32446GpioHospeedr
                0x0000000008005078       0xa8 ./Src/stm32446mapping.o
                0x0000000008005078                STM32446GpioHospeedr
 .text.STM32446GpioHpupdr
                0x0000000008005120       0xa8 ./Src/stm32446mapping.o
                0x0000000008005120                STM32446GpioHpupdr
 .text.STM32446GpioHreset
                0x00000000080051c8       0x24 ./Src/stm32446mapping.o
                0x00000000080051c8                STM32446GpioHreset
 .text.STM32446GpioHset
                0x00000000080051ec       0x24 ./Src/stm32446mapping.o
                0x00000000080051ec                STM32446GpioHset
 .text.STM32446GpioHafr
                0x0000000008005210       0xe8 ./Src/stm32446mapping.o
                0x0000000008005210                STM32446GpioHafr
 .text.STM32446RtcInic
                0x00000000080052f8       0xe4 ./Src/stm32446mapping.o
                0x00000000080052f8                STM32446RtcInic
 .text.STM32446RtcHour
                0x00000000080053dc       0x90 ./Src/stm32446mapping.o
                0x00000000080053dc                STM32446RtcHour
 .text.STM32446RtcMinute
                0x000000000800546c       0x90 ./Src/stm32446mapping.o
                0x000000000800546c                STM32446RtcMinute
 .text.STM32446RtcSecond
                0x00000000080054fc       0x8c ./Src/stm32446mapping.o
                0x00000000080054fc                STM32446RtcSecond
 .text.STM32446RtcYear
                0x0000000008005588       0x80 ./Src/stm32446mapping.o
                0x0000000008005588                STM32446RtcYear
 .text.STM32446RtcWeekDay
                0x0000000008005608       0x64 ./Src/stm32446mapping.o
                0x0000000008005608                STM32446RtcWeekDay
 .text.STM32446RtcMonth
                0x000000000800566c       0x80 ./Src/stm32446mapping.o
                0x000000000800566c                STM32446RtcMonth
 .text.STM32446RtcDay
                0x00000000080056ec       0x7c ./Src/stm32446mapping.o
                0x00000000080056ec                STM32446RtcDay
 .text.STM32446RtcRegWrite
                0x0000000008005768       0x68 ./Src/stm32446mapping.o
                0x0000000008005768                STM32446RtcRegWrite
 .text.STM32446Rtcdr2vec
                0x00000000080057d0      0x12c ./Src/stm32446mapping.o
                0x00000000080057d0                STM32446Rtcdr2vec
 .text.STM32446Rtctr2vec
                0x00000000080058fc      0x12c ./Src/stm32446mapping.o
                0x00000000080058fc                STM32446Rtctr2vec
 .text.STM32446Adc1Inic
                0x0000000008005a28       0x88 ./Src/stm32446mapping.o
                0x0000000008005a28                STM32446Adc1Inic
 .text.STM32446Adc1VBAT
                0x0000000008005ab0       0x28 ./Src/stm32446mapping.o
                0x0000000008005ab0                STM32446Adc1VBAT
 .text.STM32446Adc1TEMP
                0x0000000008005ad8       0x28 ./Src/stm32446mapping.o
                0x0000000008005ad8                STM32446Adc1TEMP
 .text.STM32446Adc1Start
                0x0000000008005b00       0x3c ./Src/stm32446mapping.o
                0x0000000008005b00                STM32446Adc1Start
 .text.STM32446Adc1Read
                0x0000000008005b3c       0x5c ./Src/stm32446mapping.o
                0x0000000008005b3c                STM32446Adc1Read
 .text.STM32446Adc1Restart
                0x0000000008005b98       0x38 ./Src/stm32446mapping.o
                0x0000000008005b98                STM32446Adc1Restart
 .text.STM32446Adc1Stop
                0x0000000008005bd0       0x28 ./Src/stm32446mapping.o
                0x0000000008005bd0                STM32446Adc1Stop
 .text.STM32446Usart1Inic
                0x0000000008005bf8       0x7c ./Src/stm32446mapping.o
                0x0000000008005bf8                STM32446Usart1Inic
 .text.STM32446Usart1Transmit
                0x0000000008005c74       0x50 ./Src/stm32446mapping.o
                0x0000000008005c74                STM32446Usart1Transmit
 .text.STM32446Usart1Receive
                0x0000000008005cc4       0x50 ./Src/stm32446mapping.o
                0x0000000008005cc4                STM32446Usart1Receive
 *fill*         0x0000000008005d14        0x4 
 .text.STM32446Usart1Parameters
                0x0000000008005d18      0x384 ./Src/stm32446mapping.o
                0x0000000008005d18                STM32446Usart1Parameters
 .text.STM32446Usart1Stop
                0x000000000800609c       0x28 ./Src/stm32446mapping.o
                0x000000000800609c                STM32446Usart1Stop
 .text.STM32446bcd2dec
                0x00000000080060c4       0x32 ./Src/stm32446mapping.o
                0x00000000080060c4                STM32446bcd2dec
 *fill*         0x00000000080060f6        0x2 
 .text.STM32446dec2bcd
                0x00000000080060f8       0x44 ./Src/stm32446mapping.o
                0x00000000080060f8                STM32446dec2bcd
 .text.STM32446triggerA
                0x000000000800613c       0xac ./Src/stm32446mapping.o
                0x000000000800613c                STM32446triggerA
 .text.STM32446triggerB
                0x00000000080061e8       0xac ./Src/stm32446mapping.o
                0x00000000080061e8                STM32446triggerB
 .text.STM32ReadHLByte
                0x0000000008006294       0x24 ./Src/stm32446mapping.o
                0x0000000008006294                STM32ReadHLByte
 .text.STM32ReadLHByte
                0x00000000080062b8       0x24 ./Src/stm32446mapping.o
                0x00000000080062b8                STM32ReadLHByte
 .text.STM32WriteHLByte
                0x00000000080062dc       0x38 ./Src/stm32446mapping.o
                0x00000000080062dc                STM32WriteHLByte
 .text.STM32WriteLHByte
                0x0000000008006314       0x38 ./Src/stm32446mapping.o
                0x0000000008006314                STM32WriteLHByte
 .text.STM32SwapByte
                0x000000000800634c       0x28 ./Src/stm32446mapping.o
                0x000000000800634c                STM32SwapByte
 *fill*         0x0000000008006374        0x4 
 .text.STM32446FUNCftoa
                0x0000000008006378      0x17c ./Src/stm32446mapping.o
                0x0000000008006378                STM32446FUNCftoa
 .text.STM32446FUNCprint
                0x00000000080064f4       0x3c ./Src/stm32446mapping.o
                0x00000000080064f4                STM32446FUNCprint
 .text.STM32446RtcSetTr
                0x0000000008006530       0xa4 ./Src/stm32446mapping.o
                0x0000000008006530                STM32446RtcSetTr
 .text.STM32446RtcSetDr
                0x00000000080065d4       0xa4 ./Src/stm32446mapping.o
                0x00000000080065d4                STM32446RtcSetDr
 .text.STM32446RtcAccess
                0x0000000008006678       0x50 ./Src/stm32446mapping.o
                0x0000000008006678                STM32446RtcAccess
 .text.template
                0x00000000080066c8        0xe ./Src/stm32446mapping.o
                0x00000000080066c8                template
 .text.STM32446StringLength
                0x00000000080066d6       0x2e ./Src/stm32446mapping.o
                0x00000000080066d6                STM32446StringLength
 .text.STM32446Reverse
                0x0000000008006704       0x5c ./Src/stm32446mapping.o
                0x0000000008006704                STM32446Reverse
 .text.STM32446FUNCintinvstr
                0x0000000008006760       0xb8 ./Src/stm32446mapping.o
                0x0000000008006760                STM32446FUNCintinvstr
 .text.SystickInic
                0x0000000008006818       0x3c ./Src/stm32446mapping.o
                0x0000000008006818                SystickInic
 .text.STM32446delay_ms
                0x0000000008006854       0x70 ./Src/stm32446mapping.o
                0x0000000008006854                STM32446delay_ms
 .text.STM32446delay_10us
                0x00000000080068c4       0x70 ./Src/stm32446mapping.o
                0x00000000080068c4                STM32446delay_10us
 .text.STM32446delay_us
                0x0000000008006934       0x70 ./Src/stm32446mapping.o
                0x0000000008006934                STM32446delay_us
 .text.SysTick_Handler
                0x00000000080069a4       0x1c ./Src/stm32446mapping.o
                0x00000000080069a4                SysTick_Handler
 .text.__errno  0x00000000080069c0        0xc c:/programs/st/stm32cubeide_1.10.1/stm32cubeide/plugins/com.st.stm32cube.ide.mcu.externaltools.gnu-tools-for-stm32.10.3-2021.10.win32_1.0.0.202111181127/tools/bin/../lib/gcc/arm-none-eabi/10.3.1/../../../../arm-none-eabi/lib/thumb/v7e-m+fp/hard\libc_nano.a(lib_a-errno.o)
                0x00000000080069c0                __errno
 .text.__libc_init_array
                0x00000000080069cc       0x48 c:/programs/st/stm32cubeide_1.10.1/stm32cubeide/plugins/com.st.stm32cube.ide.mcu.externaltools.gnu-tools-for-stm32.10.3-2021.10.win32_1.0.0.202111181127/tools/bin/../lib/gcc/arm-none-eabi/10.3.1/../../../../arm-none-eabi/lib/thumb/v7e-m+fp/hard\libc_nano.a(lib_a-init.o)
                0x00000000080069cc                __libc_init_array
 .text.memcpy   0x0000000008006a14       0x1c c:/programs/st/stm32cubeide_1.10.1/stm32cubeide/plugins/com.st.stm32cube.ide.mcu.externaltools.gnu-tools-for-stm32.10.3-2021.10.win32_1.0.0.202111181127/tools/bin/../lib/gcc/arm-none-eabi/10.3.1/../../../../arm-none-eabi/lib/thumb/v7e-m+fp/hard\libc_nano.a(lib_a-memcpy-stub.o)
                0x0000000008006a14                memcpy
 .text.modf     0x0000000008006a30       0xa4 c:/programs/st/stm32cubeide_1.10.1/stm32cubeide/plugins/com.st.stm32cube.ide.mcu.externaltools.gnu-tools-for-stm32.10.3-2021.10.win32_1.0.0.202111181127/tools/bin/../lib/gcc/arm-none-eabi/10.3.1/../../../../arm-none-eabi/lib/thumb/v7e-m+fp/hard\libc_nano.a(lib_a-s_modf.o)
                0x0000000008006a30                modf
 .text._vsnprintf_r
                0x0000000008006ad4       0x56 c:/programs/st/stm32cubeide_1.10.1/stm32cubeide/plugins/com.st.stm32cube.ide.mcu.externaltools.gnu-tools-for-stm32.10.3-2021.10.win32_1.0.0.202111181127/tools/bin/../lib/gcc/arm-none-eabi/10.3.1/../../../../arm-none-eabi/lib/thumb/v7e-m+fp/hard\libc_nano.a(lib_a-vsnprintf.o)
                0x0000000008006ad4                _vsniprintf_r
                0x0000000008006ad4                _vsnprintf_r
 *fill*         0x0000000008006b2a        0x2 
 .text.vsnprintf
                0x0000000008006b2c       0x1c c:/programs/st/stm32cubeide_1.10.1/stm32cubeide/plugins/com.st.stm32cube.ide.mcu.externaltools.gnu-tools-for-stm32.10.3-2021.10.win32_1.0.0.202111181127/tools/bin/../lib/gcc/arm-none-eabi/10.3.1/../../../../arm-none-eabi/lib/thumb/v7e-m+fp/hard\libc_nano.a(lib_a-vsnprintf.o)
                0x0000000008006b2c                vsniprintf
                0x0000000008006b2c                vsnprintf
 .text.__retarget_lock_acquire_recursive
                0x0000000008006b48        0x2 c:/programs/st/stm32cubeide_1.10.1/stm32cubeide/plugins/com.st.stm32cube.ide.mcu.externaltools.gnu-tools-for-stm32.10.3-2021.10.win32_1.0.0.202111181127/tools/bin/../lib/gcc/arm-none-eabi/10.3.1/../../../../arm-none-eabi/lib/thumb/v7e-m+fp/hard\libc_nano.a(lib_a-lock.o)
                0x0000000008006b48                __retarget_lock_acquire_recursive
 .text.__retarget_lock_release_recursive
                0x0000000008006b4a        0x2 c:/programs/st/stm32cubeide_1.10.1/stm32cubeide/plugins/com.st.stm32cube.ide.mcu.externaltools.gnu-tools-for-stm32.10.3-2021.10.win32_1.0.0.202111181127/tools/bin/../lib/gcc/arm-none-eabi/10.3.1/../../../../arm-none-eabi/lib/thumb/v7e-m+fp/hard\libc_nano.a(lib_a-lock.o)
                0x0000000008006b4a                __retarget_lock_release_recursive
 .text._free_r  0x0000000008006b4c       0x98 c:/programs/st/stm32cubeide_1.10.1/stm32cubeide/plugins/com.st.stm32cube.ide.mcu.externaltools.gnu-tools-for-stm32.10.3-2021.10.win32_1.0.0.202111181127/tools/bin/../lib/gcc/arm-none-eabi/10.3.1/../../../../arm-none-eabi/lib/thumb/v7e-m+fp/hard\libc_nano.a(lib_a-nano-freer.o)
                0x0000000008006b4c                _free_r
 .text.sbrk_aligned
                0x0000000008006be4       0x40 c:/programs/st/stm32cubeide_1.10.1/stm32cubeide/plugins/com.st.stm32cube.ide.mcu.externaltools.gnu-tools-for-stm32.10.3-2021.10.win32_1.0.0.202111181127/tools/bin/../lib/gcc/arm-none-eabi/10.3.1/../../../../arm-none-eabi/lib/thumb/v7e-m+fp/hard\libc_nano.a(lib_a-nano-mallocr.o)
 .text._malloc_r
                0x0000000008006c24       0xe8 c:/programs/st/stm32cubeide_1.10.1/stm32cubeide/plugins/com.st.stm32cube.ide.mcu.externaltools.gnu-tools-for-stm32.10.3-2021.10.win32_1.0.0.202111181127/tools/bin/../lib/gcc/arm-none-eabi/10.3.1/../../../../arm-none-eabi/lib/thumb/v7e-m+fp/hard\libc_nano.a(lib_a-nano-mallocr.o)
                0x0000000008006c24                _malloc_r
 .text.__ssputs_r
                0x0000000008006d0c       0xb6 c:/programs/st/stm32cubeide_1.10.1/stm32cubeide/plugins/com.st.stm32cube.ide.mcu.externaltools.gnu-tools-for-stm32.10.3-2021.10.win32_1.0.0.202111181127/tools/bin/../lib/gcc/arm-none-eabi/10.3.1/../../../../arm-none-eabi/lib/thumb/v7e-m+fp/hard\libc_nano.a(lib_a-nano-svfprintf.o)
                0x0000000008006d0c                __ssputs_r
 *fill*         0x0000000008006dc2        0x2 
 .text._svfprintf_r
                0x0000000008006dc4      0x200 c:/programs/st/stm32cubeide_1.10.1/stm32cubeide/plugins/com.st.stm32cube.ide.mcu.externaltools.gnu-tools-for-stm32.10.3-2021.10.win32_1.0.0.202111181127/tools/bin/../lib/gcc/arm-none-eabi/10.3.1/../../../../arm-none-eabi/lib/thumb/v7e-m+fp/hard\libc_nano.a(lib_a-nano-svfprintf.o)
                0x0000000008006dc4                _svfiprintf_r
                0x0000000008006dc4                _svfprintf_r
 .text._printf_common
                0x0000000008006fc4       0xda c:/programs/st/stm32cubeide_1.10.1/stm32cubeide/plugins/com.st.stm32cube.ide.mcu.externaltools.gnu-tools-for-stm32.10.3-2021.10.win32_1.0.0.202111181127/tools/bin/../lib/gcc/arm-none-eabi/10.3.1/../../../../arm-none-eabi/lib/thumb/v7e-m+fp/hard\libc_nano.a(lib_a-nano-vfprintf_i.o)
                0x0000000008006fc4                _printf_common
 *fill*         0x000000000800709e        0x2 
 .text._printf_i
                0x00000000080070a0      0x24c c:/programs/st/stm32cubeide_1.10.1/stm32cubeide/plugins/com.st.stm32cube.ide.mcu.externaltools.gnu-tools-for-stm32.10.3-2021.10.win32_1.0.0.202111181127/tools/bin/../lib/gcc/arm-none-eabi/10.3.1/../../../../arm-none-eabi/lib/thumb/v7e-m+fp/hard\libc_nano.a(lib_a-nano-vfprintf_i.o)
                0x00000000080070a0                _printf_i
 .text.__fpclassifyd
                0x00000000080072ec       0x54 c:/programs/st/stm32cubeide_1.10.1/stm32cubeide/plugins/com.st.stm32cube.ide.mcu.externaltools.gnu-tools-for-stm32.10.3-2021.10.win32_1.0.0.202111181127/tools/bin/../lib/gcc/arm-none-eabi/10.3.1/../../../../arm-none-eabi/lib/thumb/v7e-m+fp/hard\libc_nano.a(lib_a-s_fpclassify.o)
                0x00000000080072ec                __fpclassifyd
 .text._sbrk_r  0x0000000008007340       0x20 c:/programs/st/stm32cubeide_1.10.1/stm32cubeide/plugins/com.st.stm32cube.ide.mcu.externaltools.gnu-tools-for-stm32.10.3-2021.10.win32_1.0.0.202111181127/tools/bin/../lib/gcc/arm-none-eabi/10.3.1/../../../../arm-none-eabi/lib/thumb/v7e-m+fp/hard\libc_nano.a(lib_a-sbrkr.o)
                0x0000000008007340                _sbrk_r
 .text.memmove  0x0000000008007360       0x34 c:/programs/st/stm32cubeide_1.10.1/stm32cubeide/plugins/com.st.stm32cube.ide.mcu.externaltools.gnu-tools-for-stm32.10.3-2021.10.win32_1.0.0.202111181127/tools/bin/../lib/gcc/arm-none-eabi/10.3.1/../../../../arm-none-eabi/lib/thumb/v7e-m+fp/hard\libc_nano.a(lib_a-memmove.o)
                0x0000000008007360                memmove
 .text.__malloc_lock
                0x0000000008007394        0xc c:/programs/st/stm32cubeide_1.10.1/stm32cubeide/plugins/com.st.stm32cube.ide.mcu.externaltools.gnu-tools-for-stm32.10.3-2021.10.win32_1.0.0.202111181127/tools/bin/../lib/gcc/arm-none-eabi/10.3.1/../../../../arm-none-eabi/lib/thumb/v7e-m+fp/hard\libc_nano.a(lib_a-mlock.o)
                0x0000000008007394                __malloc_lock
 .text.__malloc_unlock
                0x00000000080073a0        0xc c:/programs/st/stm32cubeide_1.10.1/stm32cubeide/plugins/com.st.stm32cube.ide.mcu.externaltools.gnu-tools-for-stm32.10.3-2021.10.win32_1.0.0.202111181127/tools/bin/../lib/gcc/arm-none-eabi/10.3.1/../../../../arm-none-eabi/lib/thumb/v7e-m+fp/hard\libc_nano.a(lib_a-mlock.o)
                0x00000000080073a0                __malloc_unlock
 .text._realloc_r
                0x00000000080073ac       0x5e c:/programs/st/stm32cubeide_1.10.1/stm32cubeide/plugins/com.st.stm32cube.ide.mcu.externaltools.gnu-tools-for-stm32.10.3-2021.10.win32_1.0.0.202111181127/tools/bin/../lib/gcc/arm-none-eabi/10.3.1/../../../../arm-none-eabi/lib/thumb/v7e-m+fp/hard\libc_nano.a(lib_a-nano-reallocr.o)
                0x00000000080073ac                _realloc_r
 .text._malloc_usable_size_r
                0x000000000800740a       0x10 c:/programs/st/stm32cubeide_1.10.1/stm32cubeide/plugins/com.st.stm32cube.ide.mcu.externaltools.gnu-tools-for-stm32.10.3-2021.10.win32_1.0.0.202111181127/tools/bin/../lib/gcc/arm-none-eabi/10.3.1/../../../../arm-none-eabi/lib/thumb/v7e-m+fp/hard\libc_nano.a(lib_a-nano-msizer.o)
                0x000000000800740a                _malloc_usable_size_r
 *fill*         0x000000000800741a        0x2 
 .text.round    0x000000000800741c       0x8c c:/programs/st/stm32cubeide_1.10.1/stm32cubeide/plugins/com.st.stm32cube.ide.mcu.externaltools.gnu-tools-for-stm32.10.3-2021.10.win32_1.0.0.202111181127/tools/bin/../lib/gcc/arm-none-eabi/10.3.1/../../../../arm-none-eabi/lib/thumb/v7e-m+fp/hard\libm.a(lib_a-s_round.o)
                0x000000000800741c                round
 .text.pow      0x00000000080074a8       0xe0 c:/programs/st/stm32cubeide_1.10.1/stm32cubeide/plugins/com.st.stm32cube.ide.mcu.externaltools.gnu-tools-for-stm32.10.3-2021.10.win32_1.0.0.202111181127/tools/bin/../lib/gcc/arm-none-eabi/10.3.1/../../../../arm-none-eabi/lib/thumb/v7e-m+fp/hard\libm.a(lib_a-w_pow.o)
                0x00000000080074a8                pow
 .text.__ieee754_pow
                0x0000000008007588      0xa5c c:/programs/st/stm32cubeide_1.10.1/stm32cubeide/plugins/com.st.stm32cube.ide.mcu.externaltools.gnu-tools-for-stm32.10.3-2021.10.win32_1.0.0.202111181127/tools/bin/../lib/gcc/arm-none-eabi/10.3.1/../../../../arm-none-eabi/lib/thumb/v7e-m+fp/hard\libm.a(lib_a-e_pow.o)
                0x0000000008007588                __ieee754_pow
 .text.__ieee754_sqrt
                0x0000000008007fe4      0x164 c:/programs/st/stm32cubeide_1.10.1/stm32cubeide/plugins/com.st.stm32cube.ide.mcu.externaltools.gnu-tools-for-stm32.10.3-2021.10.win32_1.0.0.202111181127/tools/bin/../lib/gcc/arm-none-eabi/10.3.1/../../../../arm-none-eabi/lib/thumb/v7e-m+fp/hard\libm.a(lib_a-e_sqrt.o)
                0x0000000008007fe4                __ieee754_sqrt
 .text.with_errno
                0x0000000008008148       0x14 c:/programs/st/stm32cubeide_1.10.1/stm32cubeide/plugins/com.st.stm32cube.ide.mcu.externaltools.gnu-tools-for-stm32.10.3-2021.10.win32_1.0.0.202111181127/tools/bin/../lib/gcc/arm-none-eabi/10.3.1/../../../../arm-none-eabi/lib/thumb/v7e-m+fp/hard\libm.a(lib_a-math_err.o)
 .text.xflow    0x000000000800815c       0x28 c:/programs/st/stm32cubeide_1.10.1/stm32cubeide/plugins/com.st.stm32cube.ide.mcu.externaltools.gnu-tools-for-stm32.10.3-2021.10.win32_1.0.0.202111181127/tools/bin/../lib/gcc/arm-none-eabi/10.3.1/../../../../arm-none-eabi/lib/thumb/v7e-m+fp/hard\libm.a(lib_a-math_err.o)
 .text.__math_uflow
                0x0000000008008184       0x12 c:/programs/st/stm32cubeide_1.10.1/stm32cubeide/plugins/com.st.stm32cube.ide.mcu.externaltools.gnu-tools-for-stm32.10.3-2021.10.win32_1.0.0.202111181127/tools/bin/../lib/gcc/arm-none-eabi/10.3.1/../../../../arm-none-eabi/lib/thumb/v7e-m+fp/hard\libm.a(lib_a-math_err.o)
                0x0000000008008184                __math_uflow
 .text.__math_oflow
                0x0000000008008196       0x12 c:/programs/st/stm32cubeide_1.10.1/stm32cubeide/plugins/com.st.stm32cube.ide.mcu.externaltools.gnu-tools-for-stm32.10.3-2021.10.win32_1.0.0.202111181127/tools/bin/../lib/gcc/arm-none-eabi/10.3.1/../../../../arm-none-eabi/lib/thumb/v7e-m+fp/hard\libm.a(lib_a-math_err.o)
                0x0000000008008196                __math_oflow
 .text.fabs     0x00000000080081a8       0x12 c:/programs/st/stm32cubeide_1.10.1/stm32cubeide/plugins/com.st.stm32cube.ide.mcu.externaltools.gnu-tools-for-stm32.10.3-2021.10.win32_1.0.0.202111181127/tools/bin/../lib/gcc/arm-none-eabi/10.3.1/../../../../arm-none-eabi/lib/thumb/v7e-m+fp/hard\libm.a(lib_a-s_fabs.o)
                0x00000000080081a8                fabs
 .text.finite   0x00000000080081ba       0x16 c:/programs/st/stm32cubeide_1.10.1/stm32cubeide/plugins/com.st.stm32cube.ide.mcu.externaltools.gnu-tools-for-stm32.10.3-2021.10.win32_1.0.0.202111181127/tools/bin/../lib/gcc/arm-none-eabi/10.3.1/../../../../arm-none-eabi/lib/thumb/v7e-m+fp/hard\libm.a(lib_a-s_finite.o)
                0x00000000080081ba                finite
 .text.scalbn   0x00000000080081d0      0x10c c:/programs/st/stm32cubeide_1.10.1/stm32cubeide/plugins/com.st.stm32cube.ide.mcu.externaltools.gnu-tools-for-stm32.10.3-2021.10.win32_1.0.0.202111181127/tools/bin/../lib/gcc/arm-none-eabi/10.3.1/../../../../arm-none-eabi/lib/thumb/v7e-m+fp/hard\libm.a(lib_a-s_scalbn.o)
                0x00000000080081d0                scalbn
 *(.glue_7)
 .glue_7        0x00000000080082dc        0x0 linker stubs
 *(.glue_7t)
 .glue_7t       0x00000000080082dc        0x0 linker stubs
 *(.eh_frame)
 .eh_frame      0x00000000080082dc        0x0 c:/programs/st/stm32cubeide_1.10.1/stm32cubeide/plugins/com.st.stm32cube.ide.mcu.externaltools.gnu-tools-for-stm32.10.3-2021.10.win32_1.0.0.202111181127/tools/bin/../lib/gcc/arm-none-eabi/10.3.1/thumb/v7e-m+fp/hard/crtbegin.o
 *(.init)
 .init          0x00000000080082dc        0x4 c:/programs/st/stm32cubeide_1.10.1/stm32cubeide/plugins/com.st.stm32cube.ide.mcu.externaltools.gnu-tools-for-stm32.10.3-2021.10.win32_1.0.0.202111181127/tools/bin/../lib/gcc/arm-none-eabi/10.3.1/thumb/v7e-m+fp/hard/crti.o
                0x00000000080082dc                _init
 .init          0x00000000080082e0        0x8 c:/programs/st/stm32cubeide_1.10.1/stm32cubeide/plugins/com.st.stm32cube.ide.mcu.externaltools.gnu-tools-for-stm32.10.3-2021.10.win32_1.0.0.202111181127/tools/bin/../lib/gcc/arm-none-eabi/10.3.1/thumb/v7e-m+fp/hard/crtn.o
 *(.fini)
 .fini          0x00000000080082e8        0x4 c:/programs/st/stm32cubeide_1.10.1/stm32cubeide/plugins/com.st.stm32cube.ide.mcu.externaltools.gnu-tools-for-stm32.10.3-2021.10.win32_1.0.0.202111181127/tools/bin/../lib/gcc/arm-none-eabi/10.3.1/thumb/v7e-m+fp/hard/crti.o
                0x00000000080082e8                _fini
 .fini          0x00000000080082ec        0x8 c:/programs/st/stm32cubeide_1.10.1/stm32cubeide/plugins/com.st.stm32cube.ide.mcu.externaltools.gnu-tools-for-stm32.10.3-2021.10.win32_1.0.0.202111181127/tools/bin/../lib/gcc/arm-none-eabi/10.3.1/thumb/v7e-m+fp/hard/crtn.o
                0x00000000080082f4                . = ALIGN (0x4)
                0x00000000080082f4                _etext = .

.vfp11_veneer   0x00000000080082f4        0x0
 .vfp11_veneer  0x00000000080082f4        0x0 linker stubs

.v4_bx          0x00000000080082f4        0x0
 .v4_bx         0x00000000080082f4        0x0 linker stubs

.iplt           0x00000000080082f4        0x0
 .iplt          0x00000000080082f4        0x0 c:/programs/st/stm32cubeide_1.10.1/stm32cubeide/plugins/com.st.stm32cube.ide.mcu.externaltools.gnu-tools-for-stm32.10.3-2021.10.win32_1.0.0.202111181127/tools/bin/../lib/gcc/arm-none-eabi/10.3.1/thumb/v7e-m+fp/hard/crtbegin.o

.rodata         0x00000000080082f8      0x120
                0x00000000080082f8                . = ALIGN (0x4)
 *(.rodata)
 .rodata        0x00000000080082f8       0x5b ./Core/Src/main.o
 *(.rodata*)
 *fill*         0x0000000008008353        0x1 
 .rodata.__sf_fake_stderr
                0x0000000008008354       0x20 c:/programs/st/stm32cubeide_1.10.1/stm32cubeide/plugins/com.st.stm32cube.ide.mcu.externaltools.gnu-tools-for-stm32.10.3-2021.10.win32_1.0.0.202111181127/tools/bin/../lib/gcc/arm-none-eabi/10.3.1/../../../../arm-none-eabi/lib/thumb/v7e-m+fp/hard\libc_nano.a(lib_a-findfp.o)
                0x0000000008008354                __sf_fake_stderr
 .rodata.__sf_fake_stdin
                0x0000000008008374       0x20 c:/programs/st/stm32cubeide_1.10.1/stm32cubeide/plugins/com.st.stm32cube.ide.mcu.externaltools.gnu-tools-for-stm32.10.3-2021.10.win32_1.0.0.202111181127/tools/bin/../lib/gcc/arm-none-eabi/10.3.1/../../../../arm-none-eabi/lib/thumb/v7e-m+fp/hard\libc_nano.a(lib_a-findfp.o)
                0x0000000008008374                __sf_fake_stdin
 .rodata.__sf_fake_stdout
                0x0000000008008394       0x20 c:/programs/st/stm32cubeide_1.10.1/stm32cubeide/plugins/com.st.stm32cube.ide.mcu.externaltools.gnu-tools-for-stm32.10.3-2021.10.win32_1.0.0.202111181127/tools/bin/../lib/gcc/arm-none-eabi/10.3.1/../../../../arm-none-eabi/lib/thumb/v7e-m+fp/hard\libc_nano.a(lib_a-findfp.o)
                0x0000000008008394                __sf_fake_stdout
 .rodata._svfprintf_r.str1.1
                0x00000000080083b4       0x11 c:/programs/st/stm32cubeide_1.10.1/stm32cubeide/plugins/com.st.stm32cube.ide.mcu.externaltools.gnu-tools-for-stm32.10.3-2021.10.win32_1.0.0.202111181127/tools/bin/../lib/gcc/arm-none-eabi/10.3.1/../../../../arm-none-eabi/lib/thumb/v7e-m+fp/hard\libc_nano.a(lib_a-nano-svfprintf.o)
 .rodata._printf_i.str1.1
                0x00000000080083c5       0x22 c:/programs/st/stm32cubeide_1.10.1/stm32cubeide/plugins/com.st.stm32cube.ide.mcu.externaltools.gnu-tools-for-stm32.10.3-2021.10.win32_1.0.0.202111181127/tools/bin/../lib/gcc/arm-none-eabi/10.3.1/../../../../arm-none-eabi/lib/thumb/v7e-m+fp/hard\libc_nano.a(lib_a-nano-vfprintf_i.o)
 *fill*         0x00000000080083e7        0x1 
 .rodata.bp     0x00000000080083e8       0x10 c:/programs/st/stm32cubeide_1.10.1/stm32cubeide/plugins/com.st.stm32cube.ide.mcu.externaltools.gnu-tools-for-stm32.10.3-2021.10.win32_1.0.0.202111181127/tools/bin/../lib/gcc/arm-none-eabi/10.3.1/../../../../arm-none-eabi/lib/thumb/v7e-m+fp/hard\libm.a(lib_a-e_pow.o)
 .rodata.dp_h   0x00000000080083f8       0x10 c:/programs/st/stm32cubeide_1.10.1/stm32cubeide/plugins/com.st.stm32cube.ide.mcu.externaltools.gnu-tools-for-stm32.10.3-2021.10.win32_1.0.0.202111181127/tools/bin/../lib/gcc/arm-none-eabi/10.3.1/../../../../arm-none-eabi/lib/thumb/v7e-m+fp/hard\libm.a(lib_a-e_pow.o)
 .rodata.dp_l   0x0000000008008408       0x10 c:/programs/st/stm32cubeide_1.10.1/stm32cubeide/plugins/com.st.stm32cube.ide.mcu.externaltools.gnu-tools-for-stm32.10.3-2021.10.win32_1.0.0.202111181127/tools/bin/../lib/gcc/arm-none-eabi/10.3.1/../../../../arm-none-eabi/lib/thumb/v7e-m+fp/hard\libm.a(lib_a-e_pow.o)
                0x0000000008008418                . = ALIGN (0x4)

.rel.dyn        0x0000000008008418        0x0
 .rel.iplt      0x0000000008008418        0x0 c:/programs/st/stm32cubeide_1.10.1/stm32cubeide/plugins/com.st.stm32cube.ide.mcu.externaltools.gnu-tools-for-stm32.10.3-2021.10.win32_1.0.0.202111181127/tools/bin/../lib/gcc/arm-none-eabi/10.3.1/thumb/v7e-m+fp/hard/crtbegin.o

.ARM.extab      0x0000000008008418        0x0
                0x0000000008008418                . = ALIGN (0x4)
 *(.ARM.extab* .gnu.linkonce.armextab.*)
                0x0000000008008418                . = ALIGN (0x4)

.ARM            0x0000000008008418        0x0
                0x0000000008008418                . = ALIGN (0x4)
                0x0000000008008418                __exidx_start = .
 *(.ARM.exidx*)
                0x0000000008008418                __exidx_end = .
                0x0000000008008418                . = ALIGN (0x4)

.preinit_array  0x0000000008008418        0x0
                0x0000000008008418                . = ALIGN (0x4)
                0x0000000008008418                PROVIDE (__preinit_array_start = .)
 *(.preinit_array*)
                0x0000000008008418                PROVIDE (__preinit_array_end = .)
                0x0000000008008418                . = ALIGN (0x4)

.init_array     0x0000000008008418        0x4
                0x0000000008008418                . = ALIGN (0x4)
                0x0000000008008418                PROVIDE (__init_array_start = .)
 *(SORT_BY_NAME(.init_array.*))
 *(.init_array*)
 .init_array    0x0000000008008418        0x4 c:/programs/st/stm32cubeide_1.10.1/stm32cubeide/plugins/com.st.stm32cube.ide.mcu.externaltools.gnu-tools-for-stm32.10.3-2021.10.win32_1.0.0.202111181127/tools/bin/../lib/gcc/arm-none-eabi/10.3.1/thumb/v7e-m+fp/hard/crtbegin.o
                0x000000000800841c                PROVIDE (__init_array_end = .)
                0x000000000800841c                . = ALIGN (0x4)

.fini_array     0x000000000800841c        0x4
                0x000000000800841c                . = ALIGN (0x4)
                [!provide]                        PROVIDE (__fini_array_start = .)
 *(SORT_BY_NAME(.fini_array.*))
 *(.fini_array*)
 .fini_array    0x000000000800841c        0x4 c:/programs/st/stm32cubeide_1.10.1/stm32cubeide/plugins/com.st.stm32cube.ide.mcu.externaltools.gnu-tools-for-stm32.10.3-2021.10.win32_1.0.0.202111181127/tools/bin/../lib/gcc/arm-none-eabi/10.3.1/thumb/v7e-m+fp/hard/crtbegin.o
                [!provide]                        PROVIDE (__fini_array_end = .)
                0x0000000008008420                . = ALIGN (0x4)
                0x0000000008008420                _sidata = LOADADDR (.data)

.data           0x0000000020000000       0x64 load address 0x0000000008008420
                0x0000000020000000                . = ALIGN (0x4)
                0x0000000020000000                _sdata = .
 *(.data)
 *(.data*)
 .data._impure_ptr
                0x0000000020000000        0x4 c:/programs/st/stm32cubeide_1.10.1/stm32cubeide/plugins/com.st.stm32cube.ide.mcu.externaltools.gnu-tools-for-stm32.10.3-2021.10.win32_1.0.0.202111181127/tools/bin/../lib/gcc/arm-none-eabi/10.3.1/../../../../arm-none-eabi/lib/thumb/v7e-m+fp/hard\libc_nano.a(lib_a-impure.o)
                0x0000000020000000                _impure_ptr
 .data.impure_data
                0x0000000020000004       0x60 c:/programs/st/stm32cubeide_1.10.1/stm32cubeide/plugins/com.st.stm32cube.ide.mcu.externaltools.gnu-tools-for-stm32.10.3-2021.10.win32_1.0.0.202111181127/tools/bin/../lib/gcc/arm-none-eabi/10.3.1/../../../../arm-none-eabi/lib/thumb/v7e-m+fp/hard\libc_nano.a(lib_a-impure.o)
 *(.RamFunc)
 *(.RamFunc*)
                0x0000000020000064                . = ALIGN (0x4)
                0x0000000020000064                _edata = .

.igot.plt       0x0000000020000064        0x0 load address 0x0000000008008484
 .igot.plt      0x0000000020000064        0x0 c:/programs/st/stm32cubeide_1.10.1/stm32cubeide/plugins/com.st.stm32cube.ide.mcu.externaltools.gnu-tools-for-stm32.10.3-2021.10.win32_1.0.0.202111181127/tools/bin/../lib/gcc/arm-none-eabi/10.3.1/thumb/v7e-m+fp/hard/crtbegin.o
                0x0000000020000064                . = ALIGN (0x4)

.bss            0x0000000020000068      0x860 load address 0x0000000008008484
                0x0000000020000068                _sbss = .
                0x0000000020000068                __bss_start__ = _sbss
 *(.bss)
 .bss           0x0000000020000068       0x1c c:/programs/st/stm32cubeide_1.10.1/stm32cubeide/plugins/com.st.stm32cube.ide.mcu.externaltools.gnu-tools-for-stm32.10.3-2021.10.win32_1.0.0.202111181127/tools/bin/../lib/gcc/arm-none-eabi/10.3.1/thumb/v7e-m+fp/hard/crtbegin.o
 *(.bss*)
 .bss.stm       0x0000000020000084      0x204 ./Core/Src/main.o
 .bss.func      0x0000000020000288       0x90 ./Core/Src/main.o
 .bss.PINA      0x0000000020000318       0x1c ./Core/Src/main.o
 .bss.PINB      0x0000000020000334       0x1c ./Core/Src/main.o
 .bss.PINC      0x0000000020000350       0x1c ./Core/Src/main.o
 .bss.hc        0x000000002000036c        0xc ./Core/Src/main.o
 .bss.lcd       0x0000000020000378       0x2c ./Core/Src/main.o
 .bss.circ      0x00000000200003a4       0x24 ./Core/Src/main.o
 .bss.circ2     0x00000000200003c8       0x24 ./Core/Src/main.o
 .bss.count1    0x00000000200003ec        0x1 ./Core/Src/main.o
 *fill*         0x00000000200003ed        0x1 
 .bss.count2    0x00000000200003ee        0x2 ./Core/Src/main.o
 .bss.dir       0x00000000200003f0        0x1 ./Core/Src/main.o
 *fill*         0x00000000200003f1        0x3 
 .bss.__sbrk_heap_end
                0x00000000200003f4        0x4 ./Core/Src/sysmem.o
 .bss.hc595_DDR
                0x00000000200003f8        0x4 ./Src/74hc595.o
 .bss.hc595_PORT
                0x00000000200003fc        0x4 ./Src/74hc595.o
 .bss.HC595_datapin
                0x0000000020000400        0x1 ./Src/74hc595.o
 .bss.HC595_clkpin
                0x0000000020000401        0x1 ./Src/74hc595.o
 .bss.HC595_outpin
                0x0000000020000402        0x1 ./Src/74hc595.o
 .bss.CIRCi     0x0000000020000403        0x1 ./Src/circbuffer.o
 .bss.FUNCstr   0x0000000020000404       0x60 ./Src/function.o
 .bss.stm       0x0000000020000464      0x204 ./Src/lcd.o
 .bss.ireg      0x0000000020000668        0x4 ./Src/lcd.o
 .bss.lcd0_detect
                0x000000002000066c        0x4 ./Src/lcd.o
 .bss.ret       0x0000000020000670      0x204 ./Src/stm32446mapping.o
 .bss.DelayCounter
                0x0000000020000874        0x4 ./Src/stm32446mapping.o
 .bss.STM32446TimeTr
                0x0000000020000878        0x4 ./Src/stm32446mapping.o
 .bss.STM32446DateDr
                0x000000002000087c        0x4 ./Src/stm32446mapping.o
 .bss.mem       0x0000000020000880       0x10 ./Src/stm32446mapping.o
 .bss.nen       0x0000000020000890       0x10 ./Src/stm32446mapping.o
 .bss.STM32446temperature
                0x00000000200008a0        0x8 ./Src/stm32446mapping.o
 .bss.CLOCK_prescaler
                0x00000000200008a8        0x4 ./Src/stm32446mapping.o
 .bss.PLL_parameter
                0x00000000200008ac        0xc ./Src/stm32446mapping.o
 .bss.__lock___malloc_recursive_mutex
                0x00000000200008b8        0x1 c:/programs/st/stm32cubeide_1.10.1/stm32cubeide/plugins/com.st.stm32cube.ide.mcu.externaltools.gnu-tools-for-stm32.10.3-2021.10.win32_1.0.0.202111181127/tools/bin/../lib/gcc/arm-none-eabi/10.3.1/../../../../arm-none-eabi/lib/thumb/v7e-m+fp/hard\libc_nano.a(lib_a-lock.o)
                0x00000000200008b8                __lock___malloc_recursive_mutex
 *fill*         0x00000000200008b9        0x3 
 .bss.__malloc_free_list
                0x00000000200008bc        0x4 c:/programs/st/stm32cubeide_1.10.1/stm32cubeide/plugins/com.st.stm32cube.ide.mcu.externaltools.gnu-tools-for-stm32.10.3-2021.10.win32_1.0.0.202111181127/tools/bin/../lib/gcc/arm-none-eabi/10.3.1/../../../../arm-none-eabi/lib/thumb/v7e-m+fp/hard\libc_nano.a(lib_a-nano-mallocr.o)
                0x00000000200008bc                __malloc_free_list
 .bss.__malloc_sbrk_start
                0x00000000200008c0        0x4 c:/programs/st/stm32cubeide_1.10.1/stm32cubeide/plugins/com.st.stm32cube.ide.mcu.externaltools.gnu-tools-for-stm32.10.3-2021.10.win32_1.0.0.202111181127/tools/bin/../lib/gcc/arm-none-eabi/10.3.1/../../../../arm-none-eabi/lib/thumb/v7e-m+fp/hard\libc_nano.a(lib_a-nano-mallocr.o)
                0x00000000200008c0                __malloc_sbrk_start
 .bss.errno     0x00000000200008c4        0x4 c:/programs/st/stm32cubeide_1.10.1/stm32cubeide/plugins/com.st.stm32cube.ide.mcu.externaltools.gnu-tools-for-stm32.10.3-2021.10.win32_1.0.0.202111181127/tools/bin/../lib/gcc/arm-none-eabi/10.3.1/../../../../arm-none-eabi/lib/thumb/v7e-m+fp/hard\libc_nano.a(lib_a-reent.o)
                0x00000000200008c4                errno
 *(COMMON)
                0x00000000200008c8                . = ALIGN (0x4)
                0x00000000200008c8                _ebss = .
                0x00000000200008c8                __bss_end__ = _ebss

._user_heap_stack
                0x00000000200008c8      0x600 load address 0x0000000008008484
                0x00000000200008c8                . = ALIGN (0x8)
                [!provide]                        PROVIDE (end = .)
                0x00000000200008c8                PROVIDE (_end = .)
                0x0000000020000ac8                . = (. + _Min_Heap_Size)
 *fill*         0x00000000200008c8      0x200 
                0x0000000020000ec8                . = (. + _Min_Stack_Size)
 *fill*         0x0000000020000ac8      0x400 
                0x0000000020000ec8                . = ALIGN (0x8)

/DISCARD/
 libc.a(*)
 libm.a(*)
 libgcc.a(*)

.ARM.attributes
                0x0000000000000000       0x30
 *(.ARM.attributes)
 .ARM.attributes
                0x0000000000000000       0x1e c:/programs/st/stm32cubeide_1.10.1/stm32cubeide/plugins/com.st.stm32cube.ide.mcu.externaltools.gnu-tools-for-stm32.10.3-2021.10.win32_1.0.0.202111181127/tools/bin/../lib/gcc/arm-none-eabi/10.3.1/thumb/v7e-m+fp/hard/crti.o
 .ARM.attributes
                0x000000000000001e       0x34 c:/programs/st/stm32cubeide_1.10.1/stm32cubeide/plugins/com.st.stm32cube.ide.mcu.externaltools.gnu-tools-for-stm32.10.3-2021.10.win32_1.0.0.202111181127/tools/bin/../lib/gcc/arm-none-eabi/10.3.1/thumb/v7e-m+fp/hard/crtbegin.o
 .ARM.attributes
                0x0000000000000052       0x34 ./Core/Src/main.o
 .ARM.attributes
                0x0000000000000086       0x34 ./Core/Src/sysmem.o
 .ARM.attributes
                0x00000000000000ba       0x34 ./Core/Src/system_stm32f4xx.o
 .ARM.attributes
                0x00000000000000ee       0x21 ./Core/Startup/startup_stm32f446retx.o
 .ARM.attributes
                0x000000000000010f       0x34 ./Src/74hc595.o
 .ARM.attributes
                0x0000000000000143       0x34 ./Src/circbuffer.o
 .ARM.attributes
                0x0000000000000177       0x34 ./Src/explode.o
 .ARM.attributes
                0x00000000000001ab       0x34 ./Src/function.o
 .ARM.attributes
                0x00000000000001df       0x34 ./Src/lcd.o
 .ARM.attributes
                0x0000000000000213       0x34 ./Src/stm32446mapping.o
 .ARM.attributes
                0x0000000000000247       0x34 c:/programs/st/stm32cubeide_1.10.1/stm32cubeide/plugins/com.st.stm32cube.ide.mcu.externaltools.gnu-tools-for-stm32.10.3-2021.10.win32_1.0.0.202111181127/tools/bin/../lib/gcc/arm-none-eabi/10.3.1/../../../../arm-none-eabi/lib/thumb/v7e-m+fp/hard\libc_nano.a(lib_a-errno.o)
 .ARM.attributes
                0x000000000000027b       0x34 c:/programs/st/stm32cubeide_1.10.1/stm32cubeide/plugins/com.st.stm32cube.ide.mcu.externaltools.gnu-tools-for-stm32.10.3-2021.10.win32_1.0.0.202111181127/tools/bin/../lib/gcc/arm-none-eabi/10.3.1/../../../../arm-none-eabi/lib/thumb/v7e-m+fp/hard\libc_nano.a(lib_a-impure.o)
 .ARM.attributes
                0x00000000000002af       0x34 c:/programs/st/stm32cubeide_1.10.1/stm32cubeide/plugins/com.st.stm32cube.ide.mcu.externaltools.gnu-tools-for-stm32.10.3-2021.10.win32_1.0.0.202111181127/tools/bin/../lib/gcc/arm-none-eabi/10.3.1/../../../../arm-none-eabi/lib/thumb/v7e-m+fp/hard\libc_nano.a(lib_a-init.o)
 .ARM.attributes
                0x00000000000002e3       0x34 c:/programs/st/stm32cubeide_1.10.1/stm32cubeide/plugins/com.st.stm32cube.ide.mcu.externaltools.gnu-tools-for-stm32.10.3-2021.10.win32_1.0.0.202111181127/tools/bin/../lib/gcc/arm-none-eabi/10.3.1/../../../../arm-none-eabi/lib/thumb/v7e-m+fp/hard\libc_nano.a(lib_a-memcpy-stub.o)
 .ARM.attributes
                0x0000000000000317       0x34 c:/programs/st/stm32cubeide_1.10.1/stm32cubeide/plugins/com.st.stm32cube.ide.mcu.externaltools.gnu-tools-for-stm32.10.3-2021.10.win32_1.0.0.202111181127/tools/bin/../lib/gcc/arm-none-eabi/10.3.1/../../../../arm-none-eabi/lib/thumb/v7e-m+fp/hard\libc_nano.a(lib_a-s_modf.o)
 .ARM.attributes
                0x000000000000034b       0x17 c:/programs/st/stm32cubeide_1.10.1/stm32cubeide/plugins/com.st.stm32cube.ide.mcu.externaltools.gnu-tools-for-stm32.10.3-2021.10.win32_1.0.0.202111181127/tools/bin/../lib/gcc/arm-none-eabi/10.3.1/../../../../arm-none-eabi/lib/thumb/v7e-m+fp/hard\libc_nano.a(lib_a-strlen.o)
 .ARM.attributes
                0x0000000000000362       0x34 c:/programs/st/stm32cubeide_1.10.1/stm32cubeide/plugins/com.st.stm32cube.ide.mcu.externaltools.gnu-tools-for-stm32.10.3-2021.10.win32_1.0.0.202111181127/tools/bin/../lib/gcc/arm-none-eabi/10.3.1/../../../../arm-none-eabi/lib/thumb/v7e-m+fp/hard\libc_nano.a(lib_a-vsnprintf.o)
 .ARM.attributes
                0x0000000000000396       0x34 c:/programs/st/stm32cubeide_1.10.1/stm32cubeide/plugins/com.st.stm32cube.ide.mcu.externaltools.gnu-tools-for-stm32.10.3-2021.10.win32_1.0.0.202111181127/tools/bin/../lib/gcc/arm-none-eabi/10.3.1/../../../../arm-none-eabi/lib/thumb/v7e-m+fp/hard\libc_nano.a(lib_a-findfp.o)
 .ARM.attributes
                0x00000000000003ca       0x34 c:/programs/st/stm32cubeide_1.10.1/stm32cubeide/plugins/com.st.stm32cube.ide.mcu.externaltools.gnu-tools-for-stm32.10.3-2021.10.win32_1.0.0.202111181127/tools/bin/../lib/gcc/arm-none-eabi/10.3.1/../../../../arm-none-eabi/lib/thumb/v7e-m+fp/hard\libc_nano.a(lib_a-lock.o)
 .ARM.attributes
                0x00000000000003fe       0x34 c:/programs/st/stm32cubeide_1.10.1/stm32cubeide/plugins/com.st.stm32cube.ide.mcu.externaltools.gnu-tools-for-stm32.10.3-2021.10.win32_1.0.0.202111181127/tools/bin/../lib/gcc/arm-none-eabi/10.3.1/../../../../arm-none-eabi/lib/thumb/v7e-m+fp/hard\libc_nano.a(lib_a-nano-freer.o)
 .ARM.attributes
                0x0000000000000432       0x34 c:/programs/st/stm32cubeide_1.10.1/stm32cubeide/plugins/com.st.stm32cube.ide.mcu.externaltools.gnu-tools-for-stm32.10.3-2021.10.win32_1.0.0.202111181127/tools/bin/../lib/gcc/arm-none-eabi/10.3.1/../../../../arm-none-eabi/lib/thumb/v7e-m+fp/hard\libc_nano.a(lib_a-nano-mallocr.o)
 .ARM.attributes
                0x0000000000000466       0x34 c:/programs/st/stm32cubeide_1.10.1/stm32cubeide/plugins/com.st.stm32cube.ide.mcu.externaltools.gnu-tools-for-stm32.10.3-2021.10.win32_1.0.0.202111181127/tools/bin/../lib/gcc/arm-none-eabi/10.3.1/../../../../arm-none-eabi/lib/thumb/v7e-m+fp/hard\libc_nano.a(lib_a-nano-svfprintf.o)
 .ARM.attributes
                0x000000000000049a       0x34 c:/programs/st/stm32cubeide_1.10.1/stm32cubeide/plugins/com.st.stm32cube.ide.mcu.externaltools.gnu-tools-for-stm32.10.3-2021.10.win32_1.0.0.202111181127/tools/bin/../lib/gcc/arm-none-eabi/10.3.1/../../../../arm-none-eabi/lib/thumb/v7e-m+fp/hard\libc_nano.a(lib_a-nano-vfprintf_i.o)
 .ARM.attributes
                0x00000000000004ce       0x34 c:/programs/st/stm32cubeide_1.10.1/stm32cubeide/plugins/com.st.stm32cube.ide.mcu.externaltools.gnu-tools-for-stm32.10.3-2021.10.win32_1.0.0.202111181127/tools/bin/../lib/gcc/arm-none-eabi/10.3.1/../../../../arm-none-eabi/lib/thumb/v7e-m+fp/hard\libc_nano.a(lib_a-reent.o)
 .ARM.attributes
                0x0000000000000502       0x34 c:/programs/st/stm32cubeide_1.10.1/stm32cubeide/plugins/com.st.stm32cube.ide.mcu.externaltools.gnu-tools-for-stm32.10.3-2021.10.win32_1.0.0.202111181127/tools/bin/../lib/gcc/arm-none-eabi/10.3.1/../../../../arm-none-eabi/lib/thumb/v7e-m+fp/hard\libc_nano.a(lib_a-s_fpclassify.o)
 .ARM.attributes
                0x0000000000000536       0x34 c:/programs/st/stm32cubeide_1.10.1/stm32cubeide/plugins/com.st.stm32cube.ide.mcu.externaltools.gnu-tools-for-stm32.10.3-2021.10.win32_1.0.0.202111181127/tools/bin/../lib/gcc/arm-none-eabi/10.3.1/../../../../arm-none-eabi/lib/thumb/v7e-m+fp/hard\libc_nano.a(lib_a-sbrkr.o)
 .ARM.attributes
                0x000000000000056a       0x1c c:/programs/st/stm32cubeide_1.10.1/stm32cubeide/plugins/com.st.stm32cube.ide.mcu.externaltools.gnu-tools-for-stm32.10.3-2021.10.win32_1.0.0.202111181127/tools/bin/../lib/gcc/arm-none-eabi/10.3.1/../../../../arm-none-eabi/lib/thumb/v7e-m+fp/hard\libc_nano.a(lib_a-memchr.o)
 .ARM.attributes
                0x0000000000000586       0x34 c:/programs/st/stm32cubeide_1.10.1/stm32cubeide/plugins/com.st.stm32cube.ide.mcu.externaltools.gnu-tools-for-stm32.10.3-2021.10.win32_1.0.0.202111181127/tools/bin/../lib/gcc/arm-none-eabi/10.3.1/../../../../arm-none-eabi/lib/thumb/v7e-m+fp/hard\libc_nano.a(lib_a-memmove.o)
 .ARM.attributes
                0x00000000000005ba       0x34 c:/programs/st/stm32cubeide_1.10.1/stm32cubeide/plugins/com.st.stm32cube.ide.mcu.externaltools.gnu-tools-for-stm32.10.3-2021.10.win32_1.0.0.202111181127/tools/bin/../lib/gcc/arm-none-eabi/10.3.1/../../../../arm-none-eabi/lib/thumb/v7e-m+fp/hard\libc_nano.a(lib_a-mlock.o)
 .ARM.attributes
                0x00000000000005ee       0x34 c:/programs/st/stm32cubeide_1.10.1/stm32cubeide/plugins/com.st.stm32cube.ide.mcu.externaltools.gnu-tools-for-stm32.10.3-2021.10.win32_1.0.0.202111181127/tools/bin/../lib/gcc/arm-none-eabi/10.3.1/../../../../arm-none-eabi/lib/thumb/v7e-m+fp/hard\libc_nano.a(lib_a-nano-reallocr.o)
 .ARM.attributes
                0x0000000000000622       0x34 c:/programs/st/stm32cubeide_1.10.1/stm32cubeide/plugins/com.st.stm32cube.ide.mcu.externaltools.gnu-tools-for-stm32.10.3-2021.10.win32_1.0.0.202111181127/tools/bin/../lib/gcc/arm-none-eabi/10.3.1/../../../../arm-none-eabi/lib/thumb/v7e-m+fp/hard\libc_nano.a(lib_a-nano-msizer.o)
 .ARM.attributes
                0x0000000000000656       0x34 c:/programs/st/stm32cubeide_1.10.1/stm32cubeide/plugins/com.st.stm32cube.ide.mcu.externaltools.gnu-tools-for-stm32.10.3-2021.10.win32_1.0.0.202111181127/tools/bin/../lib/gcc/arm-none-eabi/10.3.1/../../../../arm-none-eabi/lib/thumb/v7e-m+fp/hard\libm.a(lib_a-s_round.o)
 .ARM.attributes
                0x000000000000068a       0x34 c:/programs/st/stm32cubeide_1.10.1/stm32cubeide/plugins/com.st.stm32cube.ide.mcu.externaltools.gnu-tools-for-stm32.10.3-2021.10.win32_1.0.0.202111181127/tools/bin/../lib/gcc/arm-none-eabi/10.3.1/../../../../arm-none-eabi/lib/thumb/v7e-m+fp/hard\libm.a(lib_a-w_pow.o)
 .ARM.attributes
                0x00000000000006be       0x34 c:/programs/st/stm32cubeide_1.10.1/stm32cubeide/plugins/com.st.stm32cube.ide.mcu.externaltools.gnu-tools-for-stm32.10.3-2021.10.win32_1.0.0.202111181127/tools/bin/../lib/gcc/arm-none-eabi/10.3.1/../../../../arm-none-eabi/lib/thumb/v7e-m+fp/hard\libm.a(lib_a-e_pow.o)
 .ARM.attributes
                0x00000000000006f2       0x34 c:/programs/st/stm32cubeide_1.10.1/stm32cubeide/plugins/com.st.stm32cube.ide.mcu.externaltools.gnu-tools-for-stm32.10.3-2021.10.win32_1.0.0.202111181127/tools/bin/../lib/gcc/arm-none-eabi/10.3.1/../../../../arm-none-eabi/lib/thumb/v7e-m+fp/hard\libm.a(lib_a-e_sqrt.o)
 .ARM.attributes
                0x0000000000000726       0x34 c:/programs/st/stm32cubeide_1.10.1/stm32cubeide/plugins/com.st.stm32cube.ide.mcu.externaltools.gnu-tools-for-stm32.10.3-2021.10.win32_1.0.0.202111181127/tools/bin/../lib/gcc/arm-none-eabi/10.3.1/../../../../arm-none-eabi/lib/thumb/v7e-m+fp/hard\libm.a(lib_a-math_err.o)
 .ARM.attributes
                0x000000000000075a       0x34 c:/programs/st/stm32cubeide_1.10.1/stm32cubeide/plugins/com.st.stm32cube.ide.mcu.externaltools.gnu-tools-for-stm32.10.3-2021.10.win32_1.0.0.202111181127/tools/bin/../lib/gcc/arm-none-eabi/10.3.1/../../../../arm-none-eabi/lib/thumb/v7e-m+fp/hard\libm.a(lib_a-s_fabs.o)
 .ARM.attributes
                0x000000000000078e       0x34 c:/programs/st/stm32cubeide_1.10.1/stm32cubeide/plugins/com.st.stm32cube.ide.mcu.externaltools.gnu-tools-for-stm32.10.3-2021.10.win32_1.0.0.202111181127/tools/bin/../lib/gcc/arm-none-eabi/10.3.1/../../../../arm-none-eabi/lib/thumb/v7e-m+fp/hard\libm.a(lib_a-s_finite.o)
 .ARM.attributes
                0x00000000000007c2       0x34 c:/programs/st/stm32cubeide_1.10.1/stm32cubeide/plugins/com.st.stm32cube.ide.mcu.externaltools.gnu-tools-for-stm32.10.3-2021.10.win32_1.0.0.202111181127/tools/bin/../lib/gcc/arm-none-eabi/10.3.1/../../../../arm-none-eabi/lib/thumb/v7e-m+fp/hard\libm.a(lib_a-s_scalbn.o)
 .ARM.attributes
                0x00000000000007f6       0x1e c:/programs/st/stm32cubeide_1.10.1/stm32cubeide/plugins/com.st.stm32cube.ide.mcu.externaltools.gnu-tools-for-stm32.10.3-2021.10.win32_1.0.0.202111181127/tools/bin/../lib/gcc/arm-none-eabi/10.3.1/thumb/v7e-m+fp/hard\libgcc.a(_arm_addsubdf3.o)
 .ARM.attributes
                0x0000000000000814       0x1e c:/programs/st/stm32cubeide_1.10.1/stm32cubeide/plugins/com.st.stm32cube.ide.mcu.externaltools.gnu-tools-for-stm32.10.3-2021.10.win32_1.0.0.202111181127/tools/bin/../lib/gcc/arm-none-eabi/10.3.1/thumb/v7e-m+fp/hard\libgcc.a(_arm_muldivdf3.o)
 .ARM.attributes
                0x0000000000000832       0x1e c:/programs/st/stm32cubeide_1.10.1/stm32cubeide/plugins/com.st.stm32cube.ide.mcu.externaltools.gnu-tools-for-stm32.10.3-2021.10.win32_1.0.0.202111181127/tools/bin/../lib/gcc/arm-none-eabi/10.3.1/thumb/v7e-m+fp/hard\libgcc.a(_arm_cmpdf2.o)
 .ARM.attributes
                0x0000000000000850       0x1e c:/programs/st/stm32cubeide_1.10.1/stm32cubeide/plugins/com.st.stm32cube.ide.mcu.externaltools.gnu-tools-for-stm32.10.3-2021.10.win32_1.0.0.202111181127/tools/bin/../lib/gcc/arm-none-eabi/10.3.1/thumb/v7e-m+fp/hard\libgcc.a(_arm_unorddf2.o)
 .ARM.attributes
                0x000000000000086e       0x1e c:/programs/st/stm32cubeide_1.10.1/stm32cubeide/plugins/com.st.stm32cube.ide.mcu.externaltools.gnu-tools-for-stm32.10.3-2021.10.win32_1.0.0.202111181127/tools/bin/../lib/gcc/arm-none-eabi/10.3.1/thumb/v7e-m+fp/hard\libgcc.a(_arm_fixdfsi.o)
 .ARM.attributes
                0x000000000000088c       0x1e c:/programs/st/stm32cubeide_1.10.1/stm32cubeide/plugins/com.st.stm32cube.ide.mcu.externaltools.gnu-tools-for-stm32.10.3-2021.10.win32_1.0.0.202111181127/tools/bin/../lib/gcc/arm-none-eabi/10.3.1/thumb/v7e-m+fp/hard\libgcc.a(_arm_fixunsdfsi.o)
 .ARM.attributes
                0x00000000000008aa       0x1e c:/programs/st/stm32cubeide_1.10.1/stm32cubeide/plugins/com.st.stm32cube.ide.mcu.externaltools.gnu-tools-for-stm32.10.3-2021.10.win32_1.0.0.202111181127/tools/bin/../lib/gcc/arm-none-eabi/10.3.1/thumb/v7e-m+fp/hard/crtn.o
OUTPUT(Project-1.elf elf32-littlearm)
LOAD linker stubs
LOAD c:/programs/st/stm32cubeide_1.10.1/stm32cubeide/plugins/com.st.stm32cube.ide.mcu.externaltools.gnu-tools-for-stm32.10.3-2021.10.win32_1.0.0.202111181127/tools/bin/../lib/gcc/arm-none-eabi/10.3.1/../../../../arm-none-eabi/lib/thumb/v7e-m+fp/hard\libc.a
LOAD c:/programs/st/stm32cubeide_1.10.1/stm32cubeide/plugins/com.st.stm32cube.ide.mcu.externaltools.gnu-tools-for-stm32.10.3-2021.10.win32_1.0.0.202111181127/tools/bin/../lib/gcc/arm-none-eabi/10.3.1/../../../../arm-none-eabi/lib/thumb/v7e-m+fp/hard\libm.a
LOAD c:/programs/st/stm32cubeide_1.10.1/stm32cubeide/plugins/com.st.stm32cube.ide.mcu.externaltools.gnu-tools-for-stm32.10.3-2021.10.win32_1.0.0.202111181127/tools/bin/../lib/gcc/arm-none-eabi/10.3.1/thumb/v7e-m+fp/hard\libgcc.a

.debug_info     0x0000000000000000     0x970e
 .debug_info    0x0000000000000000     0x23dd ./Core/Src/main.o
 .debug_info    0x00000000000023dd      0x171 ./Core/Src/sysmem.o
 .debug_info    0x000000000000254e      0x55b ./Core/Src/system_stm32f4xx.o
 .debug_info    0x0000000000002aa9       0x22 ./Core/Startup/startup_stm32f446retx.o
 .debug_info    0x0000000000002acb      0x236 ./Src/74hc595.o
 .debug_info    0x0000000000002d01      0x377 ./Src/circbuffer.o
 .debug_info    0x0000000000003078      0x25c ./Src/explode.o
 .debug_info    0x00000000000032d4     0x1148 ./Src/function.o
 .debug_info    0x000000000000441c     0x1d58 ./Src/lcd.o
 .debug_info    0x0000000000006174     0x359a ./Src/stm32446mapping.o

.debug_abbrev   0x0000000000000000      0xfd8
 .debug_abbrev  0x0000000000000000      0x273 ./Core/Src/main.o
 .debug_abbrev  0x0000000000000273       0xbb ./Core/Src/sysmem.o
 .debug_abbrev  0x000000000000032e      0x116 ./Core/Src/system_stm32f4xx.o
 .debug_abbrev  0x0000000000000444       0x12 ./Core/Startup/startup_stm32f446retx.o
 .debug_abbrev  0x0000000000000456      0x146 ./Src/74hc595.o
 .debug_abbrev  0x000000000000059c      0x188 ./Src/circbuffer.o
 .debug_abbrev  0x0000000000000724      0x122 ./Src/explode.o
 .debug_abbrev  0x0000000000000846      0x254 ./Src/function.o
 .debug_abbrev  0x0000000000000a9a      0x236 ./Src/lcd.o
 .debug_abbrev  0x0000000000000cd0      0x308 ./Src/stm32446mapping.o

.debug_aranges  0x0000000000000000      0x6a8
 .debug_aranges
                0x0000000000000000       0x40 ./Core/Src/main.o
 .debug_aranges
                0x0000000000000040       0x20 ./Core/Src/sysmem.o
 .debug_aranges
                0x0000000000000060       0x28 ./Core/Src/system_stm32f4xx.o
 .debug_aranges
                0x0000000000000088       0x28 ./Core/Startup/startup_stm32f446retx.o
 .debug_aranges
                0x00000000000000b0       0x38 ./Src/74hc595.o
 .debug_aranges
                0x00000000000000e8       0x50 ./Src/circbuffer.o
 .debug_aranges
                0x0000000000000138       0x48 ./Src/explode.o
 .debug_aranges
                0x0000000000000180      0x158 ./Src/function.o
 .debug_aranges
                0x00000000000002d8       0x80 ./Src/lcd.o
 .debug_aranges
                0x0000000000000358      0x350 ./Src/stm32446mapping.o

.debug_ranges   0x0000000000000000      0x610
 .debug_ranges  0x0000000000000000       0x30 ./Core/Src/main.o
 .debug_ranges  0x0000000000000030       0x10 ./Core/Src/sysmem.o
 .debug_ranges  0x0000000000000040       0x18 ./Core/Src/system_stm32f4xx.o
 .debug_ranges  0x0000000000000058       0x20 ./Core/Startup/startup_stm32f446retx.o
 .debug_ranges  0x0000000000000078       0x28 ./Src/74hc595.o
 .debug_ranges  0x00000000000000a0       0x40 ./Src/circbuffer.o
 .debug_ranges  0x00000000000000e0       0x38 ./Src/explode.o
 .debug_ranges  0x0000000000000118      0x148 ./Src/function.o
 .debug_ranges  0x0000000000000260       0x70 ./Src/lcd.o
 .debug_ranges  0x00000000000002d0      0x340 ./Src/stm32446mapping.o

.debug_macro    0x0000000000000000    0x219ca
 .debug_macro   0x0000000000000000      0x3ed ./Core/Src/main.o
 .debug_macro   0x00000000000003ed      0xa78 ./Core/Src/main.o
 .debug_macro   0x0000000000000e65      0x28f ./Core/Src/main.o
 .debug_macro   0x00000000000010f4       0x2e ./Core/Src/main.o
 .debug_macro   0x0000000000001122       0x28 ./Core/Src/main.o
 .debug_macro   0x000000000000114a       0x22 ./Core/Src/main.o
 .debug_macro   0x000000000000116c       0x8e ./Core/Src/main.o
 .debug_macro   0x00000000000011fa       0x51 ./Core/Src/main.o
 .debug_macro   0x000000000000124b      0x103 ./Core/Src/main.o
 .debug_macro   0x000000000000134e       0x6a ./Core/Src/main.o
 .debug_macro   0x00000000000013b8      0x1df ./Core/Src/main.o
 .debug_macro   0x0000000000001597       0x1c ./Core/Src/main.o
 .debug_macro   0x00000000000015b3       0x22 ./Core/Src/main.o
 .debug_macro   0x00000000000015d5       0xd9 ./Core/Src/main.o
 .debug_macro   0x00000000000016ae     0x102d ./Core/Src/main.o
 .debug_macro   0x00000000000026db      0x11f ./Core/Src/main.o
 .debug_macro   0x00000000000027fa    0x16749 ./Core/Src/main.o
 .debug_macro   0x0000000000018f43       0x6d ./Core/Src/main.o
 .debug_macro   0x0000000000018fb0     0x367e ./Core/Src/main.o
 .debug_macro   0x000000000001c62e      0x174 ./Core/Src/main.o
 .debug_macro   0x000000000001c7a2       0x5c ./Core/Src/main.o
 .debug_macro   0x000000000001c7fe      0xc90 ./Core/Src/main.o
 .debug_macro   0x000000000001d48e      0x9fe ./Core/Src/main.o
 .debug_macro   0x000000000001de8c      0x115 ./Core/Src/main.o
 .debug_macro   0x000000000001dfa1      0x1a0 ./Core/Src/main.o
 .debug_macro   0x000000000001e141       0xa5 ./Core/Src/main.o
 .debug_macro   0x000000000001e1e6      0x16d ./Core/Src/main.o
 .debug_macro   0x000000000001e353      0x287 ./Core/Src/main.o
 .debug_macro   0x000000000001e5da       0x5f ./Core/Src/main.o
 .debug_macro   0x000000000001e639      0x236 ./Core/Src/main.o
 .debug_macro   0x000000000001e86f      0x132 ./Core/Src/main.o
 .debug_macro   0x000000000001e9a1      0x29c ./Core/Src/main.o
 .debug_macro   0x000000000001ec3d       0x2e ./Core/Src/main.o
 .debug_macro   0x000000000001ec6b      0x11a ./Core/Src/main.o
 .debug_macro   0x000000000001ed85       0xe8 ./Core/Src/main.o
 .debug_macro   0x000000000001ee6d       0x89 ./Core/Src/main.o
 .debug_macro   0x000000000001eef6      0x126 ./Core/Src/main.o
 .debug_macro   0x000000000001f01c       0x52 ./Core/Src/main.o
 .debug_macro   0x000000000001f06e       0x1e ./Core/Src/main.o
 .debug_macro   0x000000000001f08c       0x3c ./Core/Src/main.o
 .debug_macro   0x000000000001f0c8       0x34 ./Core/Src/main.o
 .debug_macro   0x000000000001f0fc       0x16 ./Core/Src/main.o
 .debug_macro   0x000000000001f112       0x35 ./Core/Src/main.o
 .debug_macro   0x000000000001f147      0x341 ./Core/Src/main.o
 .debug_macro   0x000000000001f488       0x10 ./Core/Src/main.o
 .debug_macro   0x000000000001f498       0x16 ./Core/Src/main.o
 .debug_macro   0x000000000001f4ae       0x43 ./Core/Src/main.o
 .debug_macro   0x000000000001f4f1       0x34 ./Core/Src/main.o
 .debug_macro   0x000000000001f525       0x10 ./Core/Src/main.o
 .debug_macro   0x000000000001f535       0x58 ./Core/Src/main.o
 .debug_macro   0x000000000001f58d       0x71 ./Core/Src/main.o
 .debug_macro   0x000000000001f5fe       0x1c ./Core/Src/main.o
 .debug_macro   0x000000000001f61a      0x12a ./Core/Src/main.o
 .debug_macro   0x000000000001f744       0x10 ./Core/Src/main.o
 .debug_macro   0x000000000001f754       0x1c ./Core/Src/main.o
 .debug_macro   0x000000000001f770       0x52 ./Core/Src/main.o
 .debug_macro   0x000000000001f7c2       0x22 ./Core/Src/main.o