C:/Users/sergi/Documents/GitHub 2022/STM32CubeIDE/User Library/Src/function.c:77:6:FUNCenable	160	static
C:/Users/sergi/Documents/GitHub 2022/STM32CubeIDE/User Library/Src/function.c:138:14:FUNCmayia	40	static
C:/Users/sergi/Documents/GitHub 2022/STM32CubeIDE/User Library/Src/function.c:151:6:FUNCswap	24	static
C:/Users/sergi/Documents/GitHub 2022/STM32CubeIDE/User Library/Src/function.c:159:6:FUNCcopy	24	static
C:/Users/sergi/Documents/GitHub 2022/STM32CubeIDE/User Library/Src/function.c:167:6:FUNCsqueeze	24	static
C:/Users/sergi/Documents/GitHub 2022/STM32CubeIDE/User Library/Src/function.c:177:6:FUNCshellsort	32	static
C:/Users/sergi/Documents/GitHub 2022/STM32CubeIDE/User Library/Src/function.c:189:7:FUNCi32toa	24	static
C:/Users/sergi/Documents/GitHub 2022/STM32CubeIDE/User Library/Src/function.c:206:7:FUNCi16toa	24	static
C:/Users/sergi/Documents/GitHub 2022/STM32CubeIDE/User Library/Src/function.c:223:7:FUNCui16toa	24	static
C:/Users/sergi/Documents/GitHub 2022/STM32CubeIDE/User Library/Src/function.c:232:5:FUNCtrim	24	static
C:/Users/sergi/Documents/GitHub 2022/STM32CubeIDE/User Library/Src/function.c:242:5:FUNCpmax	24	static
C:/Users/sergi/Documents/GitHub 2022/STM32CubeIDE/User Library/Src/function.c:253:5:FUNCgcd	24	static
C:/Users/sergi/Documents/GitHub 2022/STM32CubeIDE/User Library/Src/function.c:264:5:FUNCstrToInt	32	static
C:/Users/sergi/Documents/GitHub 2022/STM32CubeIDE/User Library/Src/function.c:274:9:FUNCfilter	16	static
C:/Users/sergi/Documents/GitHub 2022/STM32CubeIDE/User Library/Src/function.c:279:14:FUNCticks	24	static
C:/Users/sergi/Documents/GitHub 2022/STM32CubeIDE/User Library/Src/function.c:286:5:FUNCtwocomptoint8bit	24	static
C:/Users/sergi/Documents/GitHub 2022/STM32CubeIDE/User Library/Src/function.c:307:5:FUNCtwocomptoint10bit	24	static
C:/Users/sergi/Documents/GitHub 2022/STM32CubeIDE/User Library/Src/function.c:328:5:FUNCtwocomptointnbit	24	static
C:/Users/sergi/Documents/GitHub 2022/STM32CubeIDE/User Library/Src/function.c:343:6:FUNCdec2bcd	16	static
C:/Users/sergi/Documents/GitHub 2022/STM32CubeIDE/User Library/Src/function.c:348:6:FUNCbcd2dec	16	static
C:/Users/sergi/Documents/GitHub 2022/STM32CubeIDE/User Library/Src/function.c:352:7:FUNCresizestr	24	static
C:/Users/sergi/Documents/GitHub 2022/STM32CubeIDE/User Library/Src/function.c:367:6:FUNCtrimmer	24	static
C:/Users/sergi/Documents/GitHub 2022/STM32CubeIDE/User Library/Src/function.c:375:5:StringLength	24	static
C:/Users/sergi/Documents/GitHub 2022/STM32CubeIDE/User Library/Src/function.c:382:6:Reverse	32	static
C:/Users/sergi/Documents/GitHub 2022/STM32CubeIDE/User Library/Src/function.c:392:15:FUNCbcd2bin	16	static
C:/Users/sergi/Documents/GitHub 2022/STM32CubeIDE/User Library/Src/function.c:396:15:FUNCbin2bcd	16	static
C:/Users/sergi/Documents/GitHub 2022/STM32CubeIDE/User Library/Src/function.c:400:6:FUNCgcd1	24	static
C:/Users/sergi/Documents/GitHub 2022/STM32CubeIDE/User Library/Src/function.c:413:9:FUNCpincheck	24	static
C:/Users/sergi/Documents/GitHub 2022/STM32CubeIDE/User Library/Src/function.c:422:7:FUNCprint_binary	24	static
C:/Users/sergi/Documents/GitHub 2022/STM32CubeIDE/User Library/Src/function.c:430:9:leap_year_check	24	static
C:/Users/sergi/Documents/GitHub 2022/STM32CubeIDE/User Library/Src/function.c:442:9:bintobcd	16	static
C:/Users/sergi/Documents/GitHub 2022/STM32CubeIDE/User Library/Src/function.c:447:9:FUNCintinvstr	32	static
C:/Users/sergi/Documents/GitHub 2022/STM32CubeIDE/User Library/Src/function.c:457:7:FUNCftoa	56	static
C:/Users/sergi/Documents/GitHub 2022/STM32CubeIDE/User Library/Src/function.c:485:7:FUNCdectohex	24	static
C:/Users/sergi/Documents/GitHub 2022/STM32CubeIDE/User Library/Src/function.c:500:10:FUNCReadHLByte	16	static
C:/Users/sergi/Documents/GitHub 2022/STM32CubeIDE/User Library/Src/function.c:505:10:FUNCReadLHByte	16	static
C:/Users/sergi/Documents/GitHub 2022/STM32CubeIDE/User Library/Src/function.c:510:17:FUNCWriteHLByte	24	static
C:/Users/sergi/Documents/GitHub 2022/STM32CubeIDE/User Library/Src/function.c:516:17:FUNCWriteLHByte	24	static
C:/Users/sergi/Documents/GitHub 2022/STM32CubeIDE/User Library/Src/function.c:522:10:FUNCSwapByte	24	static
C:/Users/sergi/Documents/GitHub 2022/STM32CubeIDE/User Library/Src/function.c:530:7:FUNCprint	16	static
