C:/Users/sergi/Documents/GitHub 2022/STM32CubeIDE/User Library/Src/lcd.c:45:6:LCD0enable	592	static
C:/Users/sergi/Documents/GitHub 2022/STM32CubeIDE/User Library/Src/lcd.c:72:6:LCD0_inic	8	static
C:/Users/sergi/Documents/GitHub 2022/STM32CubeIDE/User Library/Src/lcd.c:134:6:LCD0_write	16	static
C:/Users/sergi/Documents/GitHub 2022/STM32CubeIDE/User Library/Src/lcd.c:159:6:LCD0_read	24	static
C:/Users/sergi/Documents/GitHub 2022/STM32CubeIDE/User Library/Src/lcd.c:189:6:LCD0_BF	16	static
C:/Users/sergi/Documents/GitHub 2022/STM32CubeIDE/User Library/Src/lcd.c:202:6:LCD0_getch	16	static
C:/Users/sergi/Documents/GitHub 2022/STM32CubeIDE/User Library/Src/lcd.c:210:6:LCD0_putch	16	static
C:/Users/sergi/Documents/GitHub 2022/STM32CubeIDE/User Library/Src/lcd.c:216:6:LCD0_string	24	static
C:/Users/sergi/Documents/GitHub 2022/STM32CubeIDE/User Library/Src/lcd.c:225:6:LCD0_string_size	24	static
C:/Users/sergi/Documents/GitHub 2022/STM32CubeIDE/User Library/Src/lcd.c:242:6:LCD0_hspace	16	static
C:/Users/sergi/Documents/GitHub 2022/STM32CubeIDE/User Library/Src/lcd.c:249:6:LCD0_clear	8	static
C:/Users/sergi/Documents/GitHub 2022/STM32CubeIDE/User Library/Src/lcd.c:255:6:LCD0_gotoxy	16	static
C:/Users/sergi/Documents/GitHub 2022/STM32CubeIDE/User Library/Src/lcd.c:279:6:LCD0_strobe	16	static
C:/Users/sergi/Documents/GitHub 2022/STM32CubeIDE/User Library/Src/lcd.c:286:6:LCD0_reboot	16	static
C:/Users/sergi/Documents/GitHub 2022/STM32CubeIDE/User Library/Src/lcd.c:299:6:LCD_ticks	24	static
