C:/Users/sergi/Documents/GitHub 2022/STM32CubeIDE/User Library/Src/lcd.c:37:6:LCD0enable	592	static
C:/Users/sergi/Documents/GitHub 2022/STM32CubeIDE/User Library/Src/lcd.c:63:6:LCD0_inic	8	static
C:/Users/sergi/Documents/GitHub 2022/STM32CubeIDE/User Library/Src/lcd.c:125:6:LCD0_write	16	static
C:/Users/sergi/Documents/GitHub 2022/STM32CubeIDE/User Library/Src/lcd.c:158:6:LCD0_read	24	static
C:/Users/sergi/Documents/GitHub 2022/STM32CubeIDE/User Library/Src/lcd.c:194:6:LCD0_BF	16	static
C:/Users/sergi/Documents/GitHub 2022/STM32CubeIDE/User Library/Src/lcd.c:206:6:LCD0_getch	16	static
C:/Users/sergi/Documents/GitHub 2022/STM32CubeIDE/User Library/Src/lcd.c:213:6:LCD0_putch	16	static
C:/Users/sergi/Documents/GitHub 2022/STM32CubeIDE/User Library/Src/lcd.c:218:6:LCD0_string	24	static
C:/Users/sergi/Documents/GitHub 2022/STM32CubeIDE/User Library/Src/lcd.c:226:6:LCD0_string_size	24	static
C:/Users/sergi/Documents/GitHub 2022/STM32CubeIDE/User Library/Src/lcd.c:242:6:LCD0_hspace	16	static
C:/Users/sergi/Documents/GitHub 2022/STM32CubeIDE/User Library/Src/lcd.c:248:6:LCD0_clear	8	static
C:/Users/sergi/Documents/GitHub 2022/STM32CubeIDE/User Library/Src/lcd.c:253:6:LCD0_gotoxy	16	static
C:/Users/sergi/Documents/GitHub 2022/STM32CubeIDE/User Library/Src/lcd.c:276:6:LCD0_reboot	16	static
