C:/Users/sergi/Documents/GitHub 2022/STM32CubeIDE/User Library/Src/stm32446mapping.c:197:10:STM32446enable	16	static
C:/Users/sergi/Documents/GitHub 2022/STM32CubeIDE/User Library/Src/stm32446mapping.c:373:9:STM32446PeripheralInic	24	static
C:/Users/sergi/Documents/GitHub 2022/STM32CubeIDE/User Library/Src/stm32446mapping.c:407:6:STM32446RccHEnable	24	static
C:/Users/sergi/Documents/GitHub 2022/STM32CubeIDE/User Library/Src/stm32446mapping.c:426:9:STM32446RccHSelect	16	static
C:/Users/sergi/Documents/GitHub 2022/STM32CubeIDE/User Library/Src/stm32446mapping.c:445:6:STM32446RccLEnable	24	static
C:/Users/sergi/Documents/GitHub 2022/STM32CubeIDE/User Library/Src/stm32446mapping.c:464:6:STM32446RccLSelect	16	static
C:/Users/sergi/Documents/GitHub 2022/STM32CubeIDE/User Library/Src/stm32446mapping.c:483:6:STM32446Prescaler	32	static
C:/Users/sergi/Documents/GitHub 2022/STM32CubeIDE/User Library/Src/stm32446mapping.c:576:6:STM32446PLLDivision	32	static
C:/Users/sergi/Documents/GitHub 2022/STM32CubeIDE/User Library/Src/stm32446mapping.c:632:6:STM32446RccPLLCLKEnable	4	static
C:/Users/sergi/Documents/GitHub 2022/STM32CubeIDE/User Library/Src/stm32446mapping.c:641:6:STM32446RccPLLI2SEnable	4	static
C:/Users/sergi/Documents/GitHub 2022/STM32CubeIDE/User Library/Src/stm32446mapping.c:649:6:STM32446RccPLLSAIEnable	4	static
C:/Users/sergi/Documents/GitHub 2022/STM32CubeIDE/User Library/Src/stm32446mapping.c:657:10:SystemClock	16	static
C:/Users/sergi/Documents/GitHub 2022/STM32CubeIDE/User Library/Src/stm32446mapping.c:684:6:STM32446GpioSetpins	20	static
C:/Users/sergi/Documents/GitHub 2022/STM32CubeIDE/User Library/Src/stm32446mapping.c:699:6:STM32446GpioSetpin	16	static
C:/Users/sergi/Documents/GitHub 2022/STM32CubeIDE/User Library/Src/stm32446mapping.c:704:6:STM32446GpioSet	16	static
C:/Users/sergi/Documents/GitHub 2022/STM32CubeIDE/User Library/Src/stm32446mapping.c:710:6:STM32446GpioResetpins	20	static
C:/Users/sergi/Documents/GitHub 2022/STM32CubeIDE/User Library/Src/stm32446mapping.c:725:6:STM32446GpioResetpin	16	static
C:/Users/sergi/Documents/GitHub 2022/STM32CubeIDE/User Library/Src/stm32446mapping.c:730:6:STM32446GpioReset	16	static
C:/Users/sergi/Documents/GitHub 2022/STM32CubeIDE/User Library/Src/stm32446mapping.c:736:6:STM32446Gpiosetupreg	32	static
C:/Users/sergi/Documents/GitHub 2022/STM32CubeIDE/User Library/Src/stm32446mapping.c:756:6:STM32446GpioSetup	40	static
C:/Users/sergi/Documents/GitHub 2022/STM32CubeIDE/User Library/Src/stm32446mapping.c:766:6:STM32446PinBlock	32	static
C:/Users/sergi/Documents/GitHub 2022/STM32CubeIDE/User Library/Src/stm32446mapping.c:776:6:STM32446GpioAmoder	24	static
C:/Users/sergi/Documents/GitHub 2022/STM32CubeIDE/User Library/Src/stm32446mapping.c:785:6:STM32446GpioAospeedr	24	static
C:/Users/sergi/Documents/GitHub 2022/STM32CubeIDE/User Library/Src/stm32446mapping.c:794:6:STM32446GpioApupdr	24	static
C:/Users/sergi/Documents/GitHub 2022/STM32CubeIDE/User Library/Src/stm32446mapping.c:803:6:STM32446GpioAreset	16	static
C:/Users/sergi/Documents/GitHub 2022/STM32CubeIDE/User Library/Src/stm32446mapping.c:808:6:STM32446GpioAset	16	static
C:/Users/sergi/Documents/GitHub 2022/STM32CubeIDE/User Library/Src/stm32446mapping.c:813:6:STM32446GpioAafr	32	static
C:/Users/sergi/Documents/GitHub 2022/STM32CubeIDE/User Library/Src/stm32446mapping.c:827:6:STM32446GpioBmoder	24	static
C:/Users/sergi/Documents/GitHub 2022/STM32CubeIDE/User Library/Src/stm32446mapping.c:836:6:STM32446GpioBospeedr	24	static
C:/Users/sergi/Documents/GitHub 2022/STM32CubeIDE/User Library/Src/stm32446mapping.c:845:6:STM32446GpioBpupdr	24	static
C:/Users/sergi/Documents/GitHub 2022/STM32CubeIDE/User Library/Src/stm32446mapping.c:854:6:STM32446GpioBreset	16	static
C:/Users/sergi/Documents/GitHub 2022/STM32CubeIDE/User Library/Src/stm32446mapping.c:859:6:STM32446GpioBset	16	static
C:/Users/sergi/Documents/GitHub 2022/STM32CubeIDE/User Library/Src/stm32446mapping.c:864:6:STM32446GpioBafr	32	static
C:/Users/sergi/Documents/GitHub 2022/STM32CubeIDE/User Library/Src/stm32446mapping.c:878:6:STM32446GpioCmoder	24	static
C:/Users/sergi/Documents/GitHub 2022/STM32CubeIDE/User Library/Src/stm32446mapping.c:887:6:STM32446GpioCospeedr	24	static
C:/Users/sergi/Documents/GitHub 2022/STM32CubeIDE/User Library/Src/stm32446mapping.c:896:6:STM32446GpioCpupdr	24	static
C:/Users/sergi/Documents/GitHub 2022/STM32CubeIDE/User Library/Src/stm32446mapping.c:905:6:STM32446GpioCreset	16	static
C:/Users/sergi/Documents/GitHub 2022/STM32CubeIDE/User Library/Src/stm32446mapping.c:910:6:STM32446GpioCset	16	static
C:/Users/sergi/Documents/GitHub 2022/STM32CubeIDE/User Library/Src/stm32446mapping.c:915:6:STM32446GpioCafr	32	static
C:/Users/sergi/Documents/GitHub 2022/STM32CubeIDE/User Library/Src/stm32446mapping.c:929:6:STM32446GpioDmoder	24	static
C:/Users/sergi/Documents/GitHub 2022/STM32CubeIDE/User Library/Src/stm32446mapping.c:938:6:STM32446GpioDospeedr	24	static
C:/Users/sergi/Documents/GitHub 2022/STM32CubeIDE/User Library/Src/stm32446mapping.c:947:6:STM32446GpioDpupdr	24	static
C:/Users/sergi/Documents/GitHub 2022/STM32CubeIDE/User Library/Src/stm32446mapping.c:956:6:STM32446GpioDreset	16	static
C:/Users/sergi/Documents/GitHub 2022/STM32CubeIDE/User Library/Src/stm32446mapping.c:961:6:STM32446GpioDset	16	static
C:/Users/sergi/Documents/GitHub 2022/STM32CubeIDE/User Library/Src/stm32446mapping.c:966:6:STM32446GpioDafr	32	static
C:/Users/sergi/Documents/GitHub 2022/STM32CubeIDE/User Library/Src/stm32446mapping.c:980:6:STM32446GpioEmoder	24	static
C:/Users/sergi/Documents/GitHub 2022/STM32CubeIDE/User Library/Src/stm32446mapping.c:989:6:STM32446GpioEospeedr	24	static
C:/Users/sergi/Documents/GitHub 2022/STM32CubeIDE/User Library/Src/stm32446mapping.c:998:6:STM32446GpioEpupdr	24	static
C:/Users/sergi/Documents/GitHub 2022/STM32CubeIDE/User Library/Src/stm32446mapping.c:1007:6:STM32446GpioEreset	16	static
C:/Users/sergi/Documents/GitHub 2022/STM32CubeIDE/User Library/Src/stm32446mapping.c:1012:6:STM32446GpioEset	16	static
C:/Users/sergi/Documents/GitHub 2022/STM32CubeIDE/User Library/Src/stm32446mapping.c:1017:6:STM32446GpioEafr	32	static
C:/Users/sergi/Documents/GitHub 2022/STM32CubeIDE/User Library/Src/stm32446mapping.c:1031:6:STM32446GpioHmoder	24	static
C:/Users/sergi/Documents/GitHub 2022/STM32CubeIDE/User Library/Src/stm32446mapping.c:1040:6:STM32446GpioHospeedr	24	static
C:/Users/sergi/Documents/GitHub 2022/STM32CubeIDE/User Library/Src/stm32446mapping.c:1049:6:STM32446GpioHpupdr	24	static
C:/Users/sergi/Documents/GitHub 2022/STM32CubeIDE/User Library/Src/stm32446mapping.c:1058:6:STM32446GpioHreset	16	static
C:/Users/sergi/Documents/GitHub 2022/STM32CubeIDE/User Library/Src/stm32446mapping.c:1063:6:STM32446GpioHset	16	static
C:/Users/sergi/Documents/GitHub 2022/STM32CubeIDE/User Library/Src/stm32446mapping.c:1068:6:STM32446GpioHafr	32	static
C:/Users/sergi/Documents/GitHub 2022/STM32CubeIDE/User Library/Src/stm32446mapping.c:1082:9:STM32446RtcInic	24	static
C:/Users/sergi/Documents/GitHub 2022/STM32CubeIDE/User Library/Src/stm32446mapping.c:1131:6:STM32446RtcHour	24	static
C:/Users/sergi/Documents/GitHub 2022/STM32CubeIDE/User Library/Src/stm32446mapping.c:1145:6:STM32446RtcMinute	24	static
C:/Users/sergi/Documents/GitHub 2022/STM32CubeIDE/User Library/Src/stm32446mapping.c:1159:6:STM32446RtcSecond	24	static
C:/Users/sergi/Documents/GitHub 2022/STM32CubeIDE/User Library/Src/stm32446mapping.c:1173:6:STM32446RtcYear	24	static
C:/Users/sergi/Documents/GitHub 2022/STM32CubeIDE/User Library/Src/stm32446mapping.c:1186:6:STM32446RtcWeekDay	24	static
C:/Users/sergi/Documents/GitHub 2022/STM32CubeIDE/User Library/Src/stm32446mapping.c:1198:6:STM32446RtcMonth	24	static
C:/Users/sergi/Documents/GitHub 2022/STM32CubeIDE/User Library/Src/stm32446mapping.c:1211:6:STM32446RtcDay	24	static
C:/Users/sergi/Documents/GitHub 2022/STM32CubeIDE/User Library/Src/stm32446mapping.c:1224:6:STM32446RtcRegWrite	16	static
C:/Users/sergi/Documents/GitHub 2022/STM32CubeIDE/User Library/Src/stm32446mapping.c:1239:6:STM32446Rtcdr2vec	32	static
C:/Users/sergi/Documents/GitHub 2022/STM32CubeIDE/User Library/Src/stm32446mapping.c:1267:6:STM32446Rtctr2vec	32	static
C:/Users/sergi/Documents/GitHub 2022/STM32CubeIDE/User Library/Src/stm32446mapping.c:1297:6:STM32446Adc1Inic	4	static
C:/Users/sergi/Documents/GitHub 2022/STM32CubeIDE/User Library/Src/stm32446mapping.c:1310:6:STM32446Adc1VBAT	4	static
C:/Users/sergi/Documents/GitHub 2022/STM32CubeIDE/User Library/Src/stm32446mapping.c:1315:6:STM32446Adc1TEMP	4	static
C:/Users/sergi/Documents/GitHub 2022/STM32CubeIDE/User Library/Src/stm32446mapping.c:1321:6:STM32446Adc1Start	4	static
C:/Users/sergi/Documents/GitHub 2022/STM32CubeIDE/User Library/Src/stm32446mapping.c:1330:8:STM32446Adc1Read	8	static
C:/Users/sergi/Documents/GitHub 2022/STM32CubeIDE/User Library/Src/stm32446mapping.c:1339:6:STM32446Adc1Restart	4	static
C:/Users/sergi/Documents/GitHub 2022/STM32CubeIDE/User Library/Src/stm32446mapping.c:1347:6:STM32446Adc1Stop	4	static
C:/Users/sergi/Documents/GitHub 2022/STM32CubeIDE/User Library/Src/stm32446mapping.c:1353:6:STM32446Usart1Inic	24	static
C:/Users/sergi/Documents/GitHub 2022/STM32CubeIDE/User Library/Src/stm32446mapping.c:1377:6:STM32446Usart1Transmit	4	static
C:/Users/sergi/Documents/GitHub 2022/STM32CubeIDE/User Library/Src/stm32446mapping.c:1396:6:STM32446Usart1Receive	4	static
C:/Users/sergi/Documents/GitHub 2022/STM32CubeIDE/User Library/Src/stm32446mapping.c:1406:6:STM32446Usart1Parameters	88	static
C:/Users/sergi/Documents/GitHub 2022/STM32CubeIDE/User Library/Src/stm32446mapping.c:1456:6:STM32446Usart1Stop	4	static
C:/Users/sergi/Documents/GitHub 2022/STM32CubeIDE/User Library/Src/stm32446mapping.c:1463:6:STM32446bcd2dec	16	static
C:/Users/sergi/Documents/GitHub 2022/STM32CubeIDE/User Library/Src/stm32446mapping.c:1469:6:STM32446dec2bcd	16	static
C:/Users/sergi/Documents/GitHub 2022/STM32CubeIDE/User Library/Src/stm32446mapping.c:1475:10:STM32446triggerA	24	static
C:/Users/sergi/Documents/GitHub 2022/STM32CubeIDE/User Library/Src/stm32446mapping.c:1504:10:STM32446triggerB	24	static
C:/Users/sergi/Documents/GitHub 2022/STM32CubeIDE/User Library/Src/stm32446mapping.c:1532:10:STM32ReadHLByte	16	static
C:/Users/sergi/Documents/GitHub 2022/STM32CubeIDE/User Library/Src/stm32446mapping.c:1537:10:STM32ReadLHByte	16	static
C:/Users/sergi/Documents/GitHub 2022/STM32CubeIDE/User Library/Src/stm32446mapping.c:1542:18:STM32WriteHLByte	24	static
C:/Users/sergi/Documents/GitHub 2022/STM32CubeIDE/User Library/Src/stm32446mapping.c:1548:18:STM32WriteLHByte	24	static
C:/Users/sergi/Documents/GitHub 2022/STM32CubeIDE/User Library/Src/stm32446mapping.c:1554:10:STM32SwapByte	24	static
C:/Users/sergi/Documents/GitHub 2022/STM32CubeIDE/User Library/Src/stm32446mapping.c:1562:7:STM32446FUNCftoa	56	static
C:/Users/sergi/Documents/GitHub 2022/STM32CubeIDE/User Library/Src/stm32446mapping.c:1591:7:STM32446FUNCprint	24	static
C:/Users/sergi/Documents/GitHub 2022/STM32CubeIDE/User Library/Src/stm32446mapping.c:1610:6:STM32446RtcSetTr	4	static
C:/Users/sergi/Documents/GitHub 2022/STM32CubeIDE/User Library/Src/stm32446mapping.c:1630:6:STM32446RtcSetDr	4	static
C:/Users/sergi/Documents/GitHub 2022/STM32CubeIDE/User Library/Src/stm32446mapping.c:1650:9:STM32446RtcAccess	24	static
C:/Users/sergi/Documents/GitHub 2022/STM32CubeIDE/User Library/Src/stm32446mapping.c:1671:6:STM32446SramAccess	4	static
C:/Users/sergi/Documents/GitHub 2022/STM32CubeIDE/User Library/Src/stm32446mapping.c:1692:6:template	4	static
C:/Users/sergi/Documents/GitHub 2022/STM32CubeIDE/User Library/Src/stm32446mapping.c:1698:5:STM32446StringLength	24	static
C:/Users/sergi/Documents/GitHub 2022/STM32CubeIDE/User Library/Src/stm32446mapping.c:1706:6:STM32446Reverse	32	static
C:/Users/sergi/Documents/GitHub 2022/STM32CubeIDE/User Library/Src/stm32446mapping.c:1718:9:STM32446FUNCintinvstr	32	static
C:/Users/sergi/Documents/GitHub 2022/STM32CubeIDE/User Library/Src/stm32446mapping.c:1728:6:SystickInic	8	static
C:/Users/sergi/Documents/GitHub 2022/STM32CubeIDE/User Library/Src/stm32446mapping.c:1735:6:STM32446delay_ms	16	static
C:/Users/sergi/Documents/GitHub 2022/STM32CubeIDE/User Library/Src/stm32446mapping.c:1747:6:STM32446delay_10us	16	static
C:/Users/sergi/Documents/GitHub 2022/STM32CubeIDE/User Library/Src/stm32446mapping.c:1759:6:STM32446delay_us	16	static
C:/Users/sergi/Documents/GitHub 2022/STM32CubeIDE/User Library/Src/stm32446mapping.c:1772:6:SysTick_Handler	4	static
