../Private Library/function.c:85:6:FUNCenable	168	static
../Private Library/function.c:141:14:FUNCmayia	40	static
../Private Library/function.c:154:9:FUNCpinmatch	24	static
../Private Library/function.c:171:9:FUNChmerge	16	static
../Private Library/function.c:176:9:FUNClmerge	16	static
../Private Library/function.c:181:9:FUNChh	24	static
../Private Library/function.c:188:9:FUNCll	24	static
../Private Library/function.c:195:9:FUNClh	24	static
../Private Library/function.c:203:9:FUNChl	24	static
../Private Library/function.c:211:9:FUNCdiff	16	static
../Private Library/function.c:216:6:FUNCswap	24	static
../Private Library/function.c:224:6:FUNCcopy	24	static
../Private Library/function.c:232:6:FUNCsqueeze	24	static
../Private Library/function.c:242:6:FUNCshellsort	32	static
../Private Library/function.c:254:7:FUNCi32toa	24	static
../Private Library/function.c:271:7:FUNCi16toa	24	static
../Private Library/function.c:288:7:FUNCui16toa	24	static
../Private Library/function.c:300:5:FUNCtrim	24	static
../Private Library/function.c:310:5:FUNCpmax	24	static
../Private Library/function.c:321:5:FUNCgcd	24	static
../Private Library/function.c:332:5:FUNCstrToInt	32	static
../Private Library/function.c:342:9:FUNCfilter	24	static
../Private Library/function.c:349:14:FUNCticks	24	static
../Private Library/function.c:357:5:FUNCtwocomptoint8bit	24	static
../Private Library/function.c:378:5:FUNCtwocomptoint10bit	24	static
../Private Library/function.c:400:5:FUNCtwocomptointnbit	24	static
../Private Library/function.c:415:6:FUNCdec2bcd	16	static
../Private Library/function.c:420:6:FUNCbcd2dec	16	static
../Private Library/function.c:424:7:FUNCresizestr	24	static
../Private Library/function.c:439:6:FUNCtrimmer	24	static
../Private Library/function.c:447:14:Pwr	24	static
../Private Library/function.c:456:5:StringLength	24	static
../Private Library/function.c:464:6:Reverse	32	static
../Private Library/function.c:473:15:FUNCbcd2bin	16	static
../Private Library/function.c:477:15:FUNCbin2bcd	16	static
../Private Library/function.c:481:6:FUNCgcd1	24	static
../Private Library/function.c:494:9:FUNCpincheck	24	static
../Private Library/function.c:503:7:FUNCprint_binary	24	static
../Private Library/function.c:511:9:leap_year_check	24	static
../Private Library/function.c:523:10:bintobcd	16	static
../Private Library/function.c:528:9:FUNCintinvstr	32	static
../Private Library/function.c:537:7:FUNCftoa	48	static
