C:/Users/sergi/Documents/GitHub 2022/STM32CubeIDE/User Library/Src/lcd.c:37:6:LCD0enable	448	static
C:/Users/sergi/Documents/GitHub 2022/STM32CubeIDE/User Library/Src/lcd.c:63:6:LCD0_inic	8	static
C:/Users/sergi/Documents/GitHub 2022/STM32CubeIDE/User Library/Src/lcd.c:99:6:LCD0_write	16	static
C:/Users/sergi/Documents/GitHub 2022/STM32CubeIDE/User Library/Src/lcd.c:134:6:LCD0_read	24	static
C:/Users/sergi/Documents/GitHub 2022/STM32CubeIDE/User Library/Src/lcd.c:173:6:LCD0_BF	16	static
C:/Users/sergi/Documents/GitHub 2022/STM32CubeIDE/User Library/Src/lcd.c:187:6:LCD0_getch	16	static
C:/Users/sergi/Documents/GitHub 2022/STM32CubeIDE/User Library/Src/lcd.c:194:6:LCD0_putch	16	static
C:/Users/sergi/Documents/GitHub 2022/STM32CubeIDE/User Library/Src/lcd.c:199:6:LCD0_string	24	static
C:/Users/sergi/Documents/GitHub 2022/STM32CubeIDE/User Library/Src/lcd.c:207:6:LCD0_string_size	24	static
C:/Users/sergi/Documents/GitHub 2022/STM32CubeIDE/User Library/Src/lcd.c:223:6:LCD0_hspace	16	static
C:/Users/sergi/Documents/GitHub 2022/STM32CubeIDE/User Library/Src/lcd.c:229:6:LCD0_clear	8	static
C:/Users/sergi/Documents/GitHub 2022/STM32CubeIDE/User Library/Src/lcd.c:234:6:LCD0_gotoxy	16	static
C:/Users/sergi/Documents/GitHub 2022/STM32CubeIDE/User Library/Src/lcd.c:257:6:LCD0_reboot	16	static
