C:/Users/sergi/Documents/GitHub 2022/STM32CubeIDE/User Library/Src/stm32446mapping.c:167:10:STM32446enable	16	static
C:/Users/sergi/Documents/GitHub 2022/STM32CubeIDE/User Library/Src/stm32446mapping.c:331:9:STM32446PeripheralInic	16	static
C:/Users/sergi/Documents/GitHub 2022/STM32CubeIDE/User Library/Src/stm32446mapping.c:348:6:STM32446RccHEnable	24	static
C:/Users/sergi/Documents/GitHub 2022/STM32CubeIDE/User Library/Src/stm32446mapping.c:367:9:STM32446RccHSelect	16	static
C:/Users/sergi/Documents/GitHub 2022/STM32CubeIDE/User Library/Src/stm32446mapping.c:386:6:STM32446RccLEnable	24	static
C:/Users/sergi/Documents/GitHub 2022/STM32CubeIDE/User Library/Src/stm32446mapping.c:405:6:STM32446RccLSelect	16	static
C:/Users/sergi/Documents/GitHub 2022/STM32CubeIDE/User Library/Src/stm32446mapping.c:424:6:STM32446Prescaler	32	static
C:/Users/sergi/Documents/GitHub 2022/STM32CubeIDE/User Library/Src/stm32446mapping.c:498:6:STM32446GpioSetpins	20	static
C:/Users/sergi/Documents/GitHub 2022/STM32CubeIDE/User Library/Src/stm32446mapping.c:513:6:STM32446GpioSetpin	16	static
C:/Users/sergi/Documents/GitHub 2022/STM32CubeIDE/User Library/Src/stm32446mapping.c:518:6:STM32446GpioSet	16	static
C:/Users/sergi/Documents/GitHub 2022/STM32CubeIDE/User Library/Src/stm32446mapping.c:524:6:STM32446GpioResetpins	20	static
C:/Users/sergi/Documents/GitHub 2022/STM32CubeIDE/User Library/Src/stm32446mapping.c:539:6:STM32446GpioResetpin	16	static
C:/Users/sergi/Documents/GitHub 2022/STM32CubeIDE/User Library/Src/stm32446mapping.c:544:6:STM32446GpioReset	16	static
C:/Users/sergi/Documents/GitHub 2022/STM32CubeIDE/User Library/Src/stm32446mapping.c:549:6:STM32446Gpiosetupreg	32	static
C:/Users/sergi/Documents/GitHub 2022/STM32CubeIDE/User Library/Src/stm32446mapping.c:559:6:STM32446GpioAmoder	24	static
C:/Users/sergi/Documents/GitHub 2022/STM32CubeIDE/User Library/Src/stm32446mapping.c:569:6:STM32446GpioAospeedr	24	static
C:/Users/sergi/Documents/GitHub 2022/STM32CubeIDE/User Library/Src/stm32446mapping.c:579:6:STM32446GpioApupdr	24	static
C:/Users/sergi/Documents/GitHub 2022/STM32CubeIDE/User Library/Src/stm32446mapping.c:589:6:STM32446GpioAreset	16	static
C:/Users/sergi/Documents/GitHub 2022/STM32CubeIDE/User Library/Src/stm32446mapping.c:594:6:STM32446GpioAset	16	static
C:/Users/sergi/Documents/GitHub 2022/STM32CubeIDE/User Library/Src/stm32446mapping.c:599:6:STM32446GpioAafr	32	static
C:/Users/sergi/Documents/GitHub 2022/STM32CubeIDE/User Library/Src/stm32446mapping.c:613:6:STM32446GpioBmoder	24	static
C:/Users/sergi/Documents/GitHub 2022/STM32CubeIDE/User Library/Src/stm32446mapping.c:623:6:STM32446GpioBospeedr	24	static
C:/Users/sergi/Documents/GitHub 2022/STM32CubeIDE/User Library/Src/stm32446mapping.c:633:6:STM32446GpioBpupdr	24	static
C:/Users/sergi/Documents/GitHub 2022/STM32CubeIDE/User Library/Src/stm32446mapping.c:643:6:STM32446GpioBreset	16	static
C:/Users/sergi/Documents/GitHub 2022/STM32CubeIDE/User Library/Src/stm32446mapping.c:648:6:STM32446GpioBset	16	static
C:/Users/sergi/Documents/GitHub 2022/STM32CubeIDE/User Library/Src/stm32446mapping.c:653:6:STM32446GpioBafr	32	static
C:/Users/sergi/Documents/GitHub 2022/STM32CubeIDE/User Library/Src/stm32446mapping.c:667:6:STM32446GpioCmoder	24	static
C:/Users/sergi/Documents/GitHub 2022/STM32CubeIDE/User Library/Src/stm32446mapping.c:677:6:STM32446GpioCospeedr	24	static
C:/Users/sergi/Documents/GitHub 2022/STM32CubeIDE/User Library/Src/stm32446mapping.c:687:6:STM32446GpioCpupdr	24	static
C:/Users/sergi/Documents/GitHub 2022/STM32CubeIDE/User Library/Src/stm32446mapping.c:697:6:STM32446GpioCreset	16	static
C:/Users/sergi/Documents/GitHub 2022/STM32CubeIDE/User Library/Src/stm32446mapping.c:702:6:STM32446GpioCset	16	static
C:/Users/sergi/Documents/GitHub 2022/STM32CubeIDE/User Library/Src/stm32446mapping.c:707:6:STM32446GpioCafr	32	static
C:/Users/sergi/Documents/GitHub 2022/STM32CubeIDE/User Library/Src/stm32446mapping.c:721:6:STM32446GpioDmoder	24	static
C:/Users/sergi/Documents/GitHub 2022/STM32CubeIDE/User Library/Src/stm32446mapping.c:731:6:STM32446GpioDospeedr	24	static
C:/Users/sergi/Documents/GitHub 2022/STM32CubeIDE/User Library/Src/stm32446mapping.c:741:6:STM32446GpioDpupdr	24	static
C:/Users/sergi/Documents/GitHub 2022/STM32CubeIDE/User Library/Src/stm32446mapping.c:751:6:STM32446GpioDreset	16	static
C:/Users/sergi/Documents/GitHub 2022/STM32CubeIDE/User Library/Src/stm32446mapping.c:756:6:STM32446GpioDset	16	static
C:/Users/sergi/Documents/GitHub 2022/STM32CubeIDE/User Library/Src/stm32446mapping.c:761:6:STM32446GpioDafr	32	static
C:/Users/sergi/Documents/GitHub 2022/STM32CubeIDE/User Library/Src/stm32446mapping.c:775:6:STM32446GpioEmoder	24	static
C:/Users/sergi/Documents/GitHub 2022/STM32CubeIDE/User Library/Src/stm32446mapping.c:785:6:STM32446GpioEospeedr	24	static
C:/Users/sergi/Documents/GitHub 2022/STM32CubeIDE/User Library/Src/stm32446mapping.c:795:6:STM32446GpioEpupdr	24	static
C:/Users/sergi/Documents/GitHub 2022/STM32CubeIDE/User Library/Src/stm32446mapping.c:805:6:STM32446GpioEreset	16	static
C:/Users/sergi/Documents/GitHub 2022/STM32CubeIDE/User Library/Src/stm32446mapping.c:810:6:STM32446GpioEset	16	static
C:/Users/sergi/Documents/GitHub 2022/STM32CubeIDE/User Library/Src/stm32446mapping.c:815:6:STM32446GpioEafr	32	static
C:/Users/sergi/Documents/GitHub 2022/STM32CubeIDE/User Library/Src/stm32446mapping.c:829:6:STM32446GpioHmoder	24	static
C:/Users/sergi/Documents/GitHub 2022/STM32CubeIDE/User Library/Src/stm32446mapping.c:839:6:STM32446GpioHospeedr	24	static
C:/Users/sergi/Documents/GitHub 2022/STM32CubeIDE/User Library/Src/stm32446mapping.c:849:6:STM32446GpioHpupdr	24	static
C:/Users/sergi/Documents/GitHub 2022/STM32CubeIDE/User Library/Src/stm32446mapping.c:859:6:STM32446GpioHreset	16	static
C:/Users/sergi/Documents/GitHub 2022/STM32CubeIDE/User Library/Src/stm32446mapping.c:864:6:STM32446GpioHset	16	static
C:/Users/sergi/Documents/GitHub 2022/STM32CubeIDE/User Library/Src/stm32446mapping.c:869:6:STM32446GpioHafr	32	static
C:/Users/sergi/Documents/GitHub 2022/STM32CubeIDE/User Library/Src/stm32446mapping.c:883:9:STM32446RtcInic	24	static
C:/Users/sergi/Documents/GitHub 2022/STM32CubeIDE/User Library/Src/stm32446mapping.c:932:6:STM32446RtcHour	24	static
C:/Users/sergi/Documents/GitHub 2022/STM32CubeIDE/User Library/Src/stm32446mapping.c:946:6:STM32446RtcMinute	24	static
C:/Users/sergi/Documents/GitHub 2022/STM32CubeIDE/User Library/Src/stm32446mapping.c:960:6:STM32446RtcSecond	24	static
C:/Users/sergi/Documents/GitHub 2022/STM32CubeIDE/User Library/Src/stm32446mapping.c:974:6:STM32446RtcYear	24	static
C:/Users/sergi/Documents/GitHub 2022/STM32CubeIDE/User Library/Src/stm32446mapping.c:987:6:STM32446RtcWeekDay	24	static
C:/Users/sergi/Documents/GitHub 2022/STM32CubeIDE/User Library/Src/stm32446mapping.c:999:6:STM32446RtcMonth	24	static
C:/Users/sergi/Documents/GitHub 2022/STM32CubeIDE/User Library/Src/stm32446mapping.c:1012:6:STM32446RtcDay	24	static
C:/Users/sergi/Documents/GitHub 2022/STM32CubeIDE/User Library/Src/stm32446mapping.c:1025:6:STM32446RtcRegWrite	16	static
C:/Users/sergi/Documents/GitHub 2022/STM32CubeIDE/User Library/Src/stm32446mapping.c:1040:6:STM32446Rtcdr2vec	32	static
C:/Users/sergi/Documents/GitHub 2022/STM32CubeIDE/User Library/Src/stm32446mapping.c:1068:6:STM32446Rtctr2vec	32	static
C:/Users/sergi/Documents/GitHub 2022/STM32CubeIDE/User Library/Src/stm32446mapping.c:1098:6:STM32446Adc1Inic	4	static
C:/Users/sergi/Documents/GitHub 2022/STM32CubeIDE/User Library/Src/stm32446mapping.c:1111:6:STM32446Adc1VBAT	4	static
C:/Users/sergi/Documents/GitHub 2022/STM32CubeIDE/User Library/Src/stm32446mapping.c:1116:6:STM32446Adc1TEMP	4	static
C:/Users/sergi/Documents/GitHub 2022/STM32CubeIDE/User Library/Src/stm32446mapping.c:1122:6:STM32446Adc1Start	4	static
C:/Users/sergi/Documents/GitHub 2022/STM32CubeIDE/User Library/Src/stm32446mapping.c:1131:8:STM32446Adc1Read	8	static
C:/Users/sergi/Documents/GitHub 2022/STM32CubeIDE/User Library/Src/stm32446mapping.c:1140:6:STM32446Adc1Restart	4	static
C:/Users/sergi/Documents/GitHub 2022/STM32CubeIDE/User Library/Src/stm32446mapping.c:1148:6:STM32446Adc1Stop	4	static
C:/Users/sergi/Documents/GitHub 2022/STM32CubeIDE/User Library/Src/stm32446mapping.c:1154:6:STM32446usart1transmitsetup	4	static
C:/Users/sergi/Documents/GitHub 2022/STM32CubeIDE/User Library/Src/stm32446mapping.c:1197:6:STM32446usart1recievesetup	4	static
C:/Users/sergi/Documents/GitHub 2022/STM32CubeIDE/User Library/Src/stm32446mapping.c:1220:6:STM32446usart1parameters	88	static
C:/Users/sergi/Documents/GitHub 2022/STM32CubeIDE/User Library/Src/stm32446mapping.c:1276:6:STM32446bcd2dec	16	static
C:/Users/sergi/Documents/GitHub 2022/STM32CubeIDE/User Library/Src/stm32446mapping.c:1282:6:STM32446dec2bcd	16	static
C:/Users/sergi/Documents/GitHub 2022/STM32CubeIDE/User Library/Src/stm32446mapping.c:1288:10:STM32446triggerA	24	static
C:/Users/sergi/Documents/GitHub 2022/STM32CubeIDE/User Library/Src/stm32446mapping.c:1317:10:STM32446triggerB	24	static
C:/Users/sergi/Documents/GitHub 2022/STM32CubeIDE/User Library/Src/stm32446mapping.c:1345:10:STM32ReadHLByte	16	static
C:/Users/sergi/Documents/GitHub 2022/STM32CubeIDE/User Library/Src/stm32446mapping.c:1350:10:STM32ReadLHByte	16	static
C:/Users/sergi/Documents/GitHub 2022/STM32CubeIDE/User Library/Src/stm32446mapping.c:1355:18:STM32WriteHLByte	24	static
C:/Users/sergi/Documents/GitHub 2022/STM32CubeIDE/User Library/Src/stm32446mapping.c:1361:18:STM32WriteLHByte	24	static
C:/Users/sergi/Documents/GitHub 2022/STM32CubeIDE/User Library/Src/stm32446mapping.c:1367:10:STM32SwapByte	24	static
C:/Users/sergi/Documents/GitHub 2022/STM32CubeIDE/User Library/Src/stm32446mapping.c:1377:6:STM32446RtcSetTr	4	static
C:/Users/sergi/Documents/GitHub 2022/STM32CubeIDE/User Library/Src/stm32446mapping.c:1397:6:STM32446RtcSetDr	4	static
C:/Users/sergi/Documents/GitHub 2022/STM32CubeIDE/User Library/Src/stm32446mapping.c:1417:9:STM32446RtcAccess	24	static
C:/Users/sergi/Documents/GitHub 2022/STM32CubeIDE/User Library/Src/stm32446mapping.c:1438:6:STM32446SramAccess	4	static
C:/Users/sergi/Documents/GitHub 2022/STM32CubeIDE/User Library/Src/stm32446mapping.c:1459:6:template	4	static
C:/Users/sergi/Documents/GitHub 2022/STM32CubeIDE/User Library/Src/stm32446mapping.c:1466:6:SystickInic	4	static
C:/Users/sergi/Documents/GitHub 2022/STM32CubeIDE/User Library/Src/stm32446mapping.c:1472:6:STM32446delay_ms	16	static
C:/Users/sergi/Documents/GitHub 2022/STM32CubeIDE/User Library/Src/stm32446mapping.c:1483:6:STM32446delay_10us	16	static
C:/Users/sergi/Documents/GitHub 2022/STM32CubeIDE/User Library/Src/stm32446mapping.c:1495:6:SysTick_Handler	4	static
