C:/Users/sergi/Documents/GitHub 2022/STM32CubeIDE/User Library/Src/stm32446mapping.c:181:10:STM32446enable	16	static
C:/Users/sergi/Documents/GitHub 2022/STM32CubeIDE/User Library/Src/stm32446mapping.c:358:9:STM32446PeripheralInic	24	static
C:/Users/sergi/Documents/GitHub 2022/STM32CubeIDE/User Library/Src/stm32446mapping.c:390:6:STM32446RccHEnable	24	static
C:/Users/sergi/Documents/GitHub 2022/STM32CubeIDE/User Library/Src/stm32446mapping.c:409:9:STM32446RccHSelect	16	static
C:/Users/sergi/Documents/GitHub 2022/STM32CubeIDE/User Library/Src/stm32446mapping.c:428:6:STM32446RccLEnable	24	static
C:/Users/sergi/Documents/GitHub 2022/STM32CubeIDE/User Library/Src/stm32446mapping.c:447:6:STM32446RccLSelect	16	static
C:/Users/sergi/Documents/GitHub 2022/STM32CubeIDE/User Library/Src/stm32446mapping.c:466:6:STM32446Prescaler	32	static
C:/Users/sergi/Documents/GitHub 2022/STM32CubeIDE/User Library/Src/stm32446mapping.c:540:6:STM32446PLLDivision	32	static
C:/Users/sergi/Documents/GitHub 2022/STM32CubeIDE/User Library/Src/stm32446mapping.c:580:6:STM32446RccPLLCLKEnable	16	static
C:/Users/sergi/Documents/GitHub 2022/STM32CubeIDE/User Library/Src/stm32446mapping.c:588:6:STM32446RccPLLI2SEnable	16	static
C:/Users/sergi/Documents/GitHub 2022/STM32CubeIDE/User Library/Src/stm32446mapping.c:596:6:STM32446RccPLLSAIEnable	16	static
C:/Users/sergi/Documents/GitHub 2022/STM32CubeIDE/User Library/Src/stm32446mapping.c:606:6:STM32446GpioSetpins	20	static
C:/Users/sergi/Documents/GitHub 2022/STM32CubeIDE/User Library/Src/stm32446mapping.c:621:6:STM32446GpioSetpin	16	static
C:/Users/sergi/Documents/GitHub 2022/STM32CubeIDE/User Library/Src/stm32446mapping.c:626:6:STM32446GpioSet	16	static
C:/Users/sergi/Documents/GitHub 2022/STM32CubeIDE/User Library/Src/stm32446mapping.c:632:6:STM32446GpioResetpins	20	static
C:/Users/sergi/Documents/GitHub 2022/STM32CubeIDE/User Library/Src/stm32446mapping.c:647:6:STM32446GpioResetpin	16	static
C:/Users/sergi/Documents/GitHub 2022/STM32CubeIDE/User Library/Src/stm32446mapping.c:652:6:STM32446GpioReset	16	static
C:/Users/sergi/Documents/GitHub 2022/STM32CubeIDE/User Library/Src/stm32446mapping.c:658:6:STM32446Gpiosetupreg	32	static
C:/Users/sergi/Documents/GitHub 2022/STM32CubeIDE/User Library/Src/stm32446mapping.c:667:6:STM32446GpioSetup	40	static
C:/Users/sergi/Documents/GitHub 2022/STM32CubeIDE/User Library/Src/stm32446mapping.c:680:6:STM32446GpioAmoder	24	static
C:/Users/sergi/Documents/GitHub 2022/STM32CubeIDE/User Library/Src/stm32446mapping.c:690:6:STM32446GpioAospeedr	24	static
C:/Users/sergi/Documents/GitHub 2022/STM32CubeIDE/User Library/Src/stm32446mapping.c:700:6:STM32446GpioApupdr	24	static
C:/Users/sergi/Documents/GitHub 2022/STM32CubeIDE/User Library/Src/stm32446mapping.c:710:6:STM32446GpioAreset	16	static
C:/Users/sergi/Documents/GitHub 2022/STM32CubeIDE/User Library/Src/stm32446mapping.c:715:6:STM32446GpioAset	16	static
C:/Users/sergi/Documents/GitHub 2022/STM32CubeIDE/User Library/Src/stm32446mapping.c:720:6:STM32446GpioAafr	32	static
C:/Users/sergi/Documents/GitHub 2022/STM32CubeIDE/User Library/Src/stm32446mapping.c:735:6:STM32446GpioBmoder	24	static
C:/Users/sergi/Documents/GitHub 2022/STM32CubeIDE/User Library/Src/stm32446mapping.c:745:6:STM32446GpioBospeedr	24	static
C:/Users/sergi/Documents/GitHub 2022/STM32CubeIDE/User Library/Src/stm32446mapping.c:755:6:STM32446GpioBpupdr	24	static
C:/Users/sergi/Documents/GitHub 2022/STM32CubeIDE/User Library/Src/stm32446mapping.c:765:6:STM32446GpioBreset	16	static
C:/Users/sergi/Documents/GitHub 2022/STM32CubeIDE/User Library/Src/stm32446mapping.c:770:6:STM32446GpioBset	16	static
C:/Users/sergi/Documents/GitHub 2022/STM32CubeIDE/User Library/Src/stm32446mapping.c:775:6:STM32446GpioBafr	32	static
C:/Users/sergi/Documents/GitHub 2022/STM32CubeIDE/User Library/Src/stm32446mapping.c:790:6:STM32446GpioCmoder	24	static
C:/Users/sergi/Documents/GitHub 2022/STM32CubeIDE/User Library/Src/stm32446mapping.c:800:6:STM32446GpioCospeedr	24	static
C:/Users/sergi/Documents/GitHub 2022/STM32CubeIDE/User Library/Src/stm32446mapping.c:810:6:STM32446GpioCpupdr	24	static
C:/Users/sergi/Documents/GitHub 2022/STM32CubeIDE/User Library/Src/stm32446mapping.c:820:6:STM32446GpioCreset	16	static
C:/Users/sergi/Documents/GitHub 2022/STM32CubeIDE/User Library/Src/stm32446mapping.c:825:6:STM32446GpioCset	16	static
C:/Users/sergi/Documents/GitHub 2022/STM32CubeIDE/User Library/Src/stm32446mapping.c:830:6:STM32446GpioCafr	32	static
C:/Users/sergi/Documents/GitHub 2022/STM32CubeIDE/User Library/Src/stm32446mapping.c:845:6:STM32446GpioDmoder	24	static
C:/Users/sergi/Documents/GitHub 2022/STM32CubeIDE/User Library/Src/stm32446mapping.c:855:6:STM32446GpioDospeedr	24	static
C:/Users/sergi/Documents/GitHub 2022/STM32CubeIDE/User Library/Src/stm32446mapping.c:865:6:STM32446GpioDpupdr	24	static
C:/Users/sergi/Documents/GitHub 2022/STM32CubeIDE/User Library/Src/stm32446mapping.c:875:6:STM32446GpioDreset	16	static
C:/Users/sergi/Documents/GitHub 2022/STM32CubeIDE/User Library/Src/stm32446mapping.c:880:6:STM32446GpioDset	16	static
C:/Users/sergi/Documents/GitHub 2022/STM32CubeIDE/User Library/Src/stm32446mapping.c:885:6:STM32446GpioDafr	32	static
C:/Users/sergi/Documents/GitHub 2022/STM32CubeIDE/User Library/Src/stm32446mapping.c:900:6:STM32446GpioEmoder	24	static
C:/Users/sergi/Documents/GitHub 2022/STM32CubeIDE/User Library/Src/stm32446mapping.c:910:6:STM32446GpioEospeedr	24	static
C:/Users/sergi/Documents/GitHub 2022/STM32CubeIDE/User Library/Src/stm32446mapping.c:920:6:STM32446GpioEpupdr	24	static
C:/Users/sergi/Documents/GitHub 2022/STM32CubeIDE/User Library/Src/stm32446mapping.c:930:6:STM32446GpioEreset	16	static
C:/Users/sergi/Documents/GitHub 2022/STM32CubeIDE/User Library/Src/stm32446mapping.c:935:6:STM32446GpioEset	16	static
C:/Users/sergi/Documents/GitHub 2022/STM32CubeIDE/User Library/Src/stm32446mapping.c:940:6:STM32446GpioEafr	32	static
C:/Users/sergi/Documents/GitHub 2022/STM32CubeIDE/User Library/Src/stm32446mapping.c:955:6:STM32446GpioHmoder	24	static
C:/Users/sergi/Documents/GitHub 2022/STM32CubeIDE/User Library/Src/stm32446mapping.c:965:6:STM32446GpioHospeedr	24	static
C:/Users/sergi/Documents/GitHub 2022/STM32CubeIDE/User Library/Src/stm32446mapping.c:975:6:STM32446GpioHpupdr	24	static
C:/Users/sergi/Documents/GitHub 2022/STM32CubeIDE/User Library/Src/stm32446mapping.c:985:6:STM32446GpioHreset	16	static
C:/Users/sergi/Documents/GitHub 2022/STM32CubeIDE/User Library/Src/stm32446mapping.c:990:6:STM32446GpioHset	16	static
C:/Users/sergi/Documents/GitHub 2022/STM32CubeIDE/User Library/Src/stm32446mapping.c:995:6:STM32446GpioHafr	32	static
C:/Users/sergi/Documents/GitHub 2022/STM32CubeIDE/User Library/Src/stm32446mapping.c:1010:9:STM32446RtcInic	24	static
C:/Users/sergi/Documents/GitHub 2022/STM32CubeIDE/User Library/Src/stm32446mapping.c:1059:6:STM32446RtcHour	24	static
C:/Users/sergi/Documents/GitHub 2022/STM32CubeIDE/User Library/Src/stm32446mapping.c:1073:6:STM32446RtcMinute	24	static
C:/Users/sergi/Documents/GitHub 2022/STM32CubeIDE/User Library/Src/stm32446mapping.c:1087:6:STM32446RtcSecond	24	static
C:/Users/sergi/Documents/GitHub 2022/STM32CubeIDE/User Library/Src/stm32446mapping.c:1101:6:STM32446RtcYear	24	static
C:/Users/sergi/Documents/GitHub 2022/STM32CubeIDE/User Library/Src/stm32446mapping.c:1114:6:STM32446RtcWeekDay	24	static
C:/Users/sergi/Documents/GitHub 2022/STM32CubeIDE/User Library/Src/stm32446mapping.c:1126:6:STM32446RtcMonth	24	static
C:/Users/sergi/Documents/GitHub 2022/STM32CubeIDE/User Library/Src/stm32446mapping.c:1139:6:STM32446RtcDay	24	static
C:/Users/sergi/Documents/GitHub 2022/STM32CubeIDE/User Library/Src/stm32446mapping.c:1152:6:STM32446RtcRegWrite	16	static
C:/Users/sergi/Documents/GitHub 2022/STM32CubeIDE/User Library/Src/stm32446mapping.c:1167:6:STM32446Rtcdr2vec	32	static
C:/Users/sergi/Documents/GitHub 2022/STM32CubeIDE/User Library/Src/stm32446mapping.c:1195:6:STM32446Rtctr2vec	32	static
C:/Users/sergi/Documents/GitHub 2022/STM32CubeIDE/User Library/Src/stm32446mapping.c:1225:6:STM32446Adc1Inic	4	static
C:/Users/sergi/Documents/GitHub 2022/STM32CubeIDE/User Library/Src/stm32446mapping.c:1238:6:STM32446Adc1VBAT	4	static
C:/Users/sergi/Documents/GitHub 2022/STM32CubeIDE/User Library/Src/stm32446mapping.c:1243:6:STM32446Adc1TEMP	4	static
C:/Users/sergi/Documents/GitHub 2022/STM32CubeIDE/User Library/Src/stm32446mapping.c:1249:6:STM32446Adc1Start	4	static
C:/Users/sergi/Documents/GitHub 2022/STM32CubeIDE/User Library/Src/stm32446mapping.c:1258:8:STM32446Adc1Read	8	static
C:/Users/sergi/Documents/GitHub 2022/STM32CubeIDE/User Library/Src/stm32446mapping.c:1267:6:STM32446Adc1Restart	4	static
C:/Users/sergi/Documents/GitHub 2022/STM32CubeIDE/User Library/Src/stm32446mapping.c:1275:6:STM32446Adc1Stop	4	static
C:/Users/sergi/Documents/GitHub 2022/STM32CubeIDE/User Library/Src/stm32446mapping.c:1281:6:STM32446Usart1Inic	24	static
C:/Users/sergi/Documents/GitHub 2022/STM32CubeIDE/User Library/Src/stm32446mapping.c:1309:6:STM32446Usart1Transmit	4	static
C:/Users/sergi/Documents/GitHub 2022/STM32CubeIDE/User Library/Src/stm32446mapping.c:1330:6:STM32446Usart1Receive	4	static
C:/Users/sergi/Documents/GitHub 2022/STM32CubeIDE/User Library/Src/stm32446mapping.c:1342:6:STM32446Usart1Parameters	88	static
C:/Users/sergi/Documents/GitHub 2022/STM32CubeIDE/User Library/Src/stm32446mapping.c:1394:6:STM32446Usart1Stop	4	static
C:/Users/sergi/Documents/GitHub 2022/STM32CubeIDE/User Library/Src/stm32446mapping.c:1402:6:STM32446bcd2dec	16	static
C:/Users/sergi/Documents/GitHub 2022/STM32CubeIDE/User Library/Src/stm32446mapping.c:1408:6:STM32446dec2bcd	16	static
C:/Users/sergi/Documents/GitHub 2022/STM32CubeIDE/User Library/Src/stm32446mapping.c:1414:10:STM32446triggerA	24	static
C:/Users/sergi/Documents/GitHub 2022/STM32CubeIDE/User Library/Src/stm32446mapping.c:1443:10:STM32446triggerB	24	static
C:/Users/sergi/Documents/GitHub 2022/STM32CubeIDE/User Library/Src/stm32446mapping.c:1471:10:STM32ReadHLByte	16	static
C:/Users/sergi/Documents/GitHub 2022/STM32CubeIDE/User Library/Src/stm32446mapping.c:1476:10:STM32ReadLHByte	16	static
C:/Users/sergi/Documents/GitHub 2022/STM32CubeIDE/User Library/Src/stm32446mapping.c:1481:18:STM32WriteHLByte	24	static
C:/Users/sergi/Documents/GitHub 2022/STM32CubeIDE/User Library/Src/stm32446mapping.c:1487:18:STM32WriteLHByte	24	static
C:/Users/sergi/Documents/GitHub 2022/STM32CubeIDE/User Library/Src/stm32446mapping.c:1493:10:STM32SwapByte	24	static
C:/Users/sergi/Documents/GitHub 2022/STM32CubeIDE/User Library/Src/stm32446mapping.c:1503:6:STM32446RtcSetTr	4	static
C:/Users/sergi/Documents/GitHub 2022/STM32CubeIDE/User Library/Src/stm32446mapping.c:1523:6:STM32446RtcSetDr	4	static
C:/Users/sergi/Documents/GitHub 2022/STM32CubeIDE/User Library/Src/stm32446mapping.c:1543:9:STM32446RtcAccess	24	static
C:/Users/sergi/Documents/GitHub 2022/STM32CubeIDE/User Library/Src/stm32446mapping.c:1564:6:STM32446SramAccess	4	static
C:/Users/sergi/Documents/GitHub 2022/STM32CubeIDE/User Library/Src/stm32446mapping.c:1585:6:template	8	static
C:/Users/sergi/Documents/GitHub 2022/STM32CubeIDE/User Library/Src/stm32446mapping.c:1600:6:SystickInic	4	static
C:/Users/sergi/Documents/GitHub 2022/STM32CubeIDE/User Library/Src/stm32446mapping.c:1606:6:STM32446delay_ms	16	static
C:/Users/sergi/Documents/GitHub 2022/STM32CubeIDE/User Library/Src/stm32446mapping.c:1617:6:STM32446delay_10us	16	static
C:/Users/sergi/Documents/GitHub 2022/STM32CubeIDE/User Library/Src/stm32446mapping.c:1629:6:STM32446delay_us	16	static
C:/Users/sergi/Documents/GitHub 2022/STM32CubeIDE/User Library/Src/stm32446mapping.c:1642:6:SysTick_Handler	4	static
