C:/Users/sergi/Documents/GitHub 2022/STM32CubeIDE/User Library/Src/stm32446mapping.c:158:10:STM32446enable	16	static
C:/Users/sergi/Documents/GitHub 2022/STM32CubeIDE/User Library/Src/stm32446mapping.c:319:9:STM32446PeripheralInic	16	static
C:/Users/sergi/Documents/GitHub 2022/STM32CubeIDE/User Library/Src/stm32446mapping.c:338:6:STM32446RccHEnable	24	static
C:/Users/sergi/Documents/GitHub 2022/STM32CubeIDE/User Library/Src/stm32446mapping.c:357:9:STM32446RccHSelect	16	static
C:/Users/sergi/Documents/GitHub 2022/STM32CubeIDE/User Library/Src/stm32446mapping.c:446:6:STM32446GpioSetpins	28	static
C:/Users/sergi/Documents/GitHub 2022/STM32CubeIDE/User Library/Src/stm32446mapping.c:463:6:STM32446GpioSetpin	16	static
C:/Users/sergi/Documents/GitHub 2022/STM32CubeIDE/User Library/Src/stm32446mapping.c:468:6:STM32446GpioSet	16	static
C:/Users/sergi/Documents/GitHub 2022/STM32CubeIDE/User Library/Src/stm32446mapping.c:474:6:STM32446GpioResetpins	28	static
C:/Users/sergi/Documents/GitHub 2022/STM32CubeIDE/User Library/Src/stm32446mapping.c:491:6:STM32446GpioResetpin	16	static
C:/Users/sergi/Documents/GitHub 2022/STM32CubeIDE/User Library/Src/stm32446mapping.c:496:6:STM32446GpioReset	16	static
C:/Users/sergi/Documents/GitHub 2022/STM32CubeIDE/User Library/Src/stm32446mapping.c:501:6:STM32446Gpiosetupreg	32	static
C:/Users/sergi/Documents/GitHub 2022/STM32CubeIDE/User Library/Src/stm32446mapping.c:511:6:STM32446GpioAmoder	24	static
C:/Users/sergi/Documents/GitHub 2022/STM32CubeIDE/User Library/Src/stm32446mapping.c:521:6:STM32446GpioAospeedr	24	static
C:/Users/sergi/Documents/GitHub 2022/STM32CubeIDE/User Library/Src/stm32446mapping.c:531:6:STM32446GpioApupdr	24	static
C:/Users/sergi/Documents/GitHub 2022/STM32CubeIDE/User Library/Src/stm32446mapping.c:541:6:STM32446GpioAreset	16	static
C:/Users/sergi/Documents/GitHub 2022/STM32CubeIDE/User Library/Src/stm32446mapping.c:546:6:STM32446GpioAset	16	static
C:/Users/sergi/Documents/GitHub 2022/STM32CubeIDE/User Library/Src/stm32446mapping.c:551:6:STM32446GpioAafr	24	static
C:/Users/sergi/Documents/GitHub 2022/STM32CubeIDE/User Library/Src/stm32446mapping.c:568:6:STM32446GpioBmoder	24	static
C:/Users/sergi/Documents/GitHub 2022/STM32CubeIDE/User Library/Src/stm32446mapping.c:578:6:STM32446GpioBospeedr	24	static
C:/Users/sergi/Documents/GitHub 2022/STM32CubeIDE/User Library/Src/stm32446mapping.c:588:6:STM32446GpioBpupdr	24	static
C:/Users/sergi/Documents/GitHub 2022/STM32CubeIDE/User Library/Src/stm32446mapping.c:598:6:STM32446GpioBreset	16	static
C:/Users/sergi/Documents/GitHub 2022/STM32CubeIDE/User Library/Src/stm32446mapping.c:603:6:STM32446GpioBset	16	static
C:/Users/sergi/Documents/GitHub 2022/STM32CubeIDE/User Library/Src/stm32446mapping.c:608:6:STM32446GpioBafr	24	static
C:/Users/sergi/Documents/GitHub 2022/STM32CubeIDE/User Library/Src/stm32446mapping.c:625:6:STM32446GpioCmoder	24	static
C:/Users/sergi/Documents/GitHub 2022/STM32CubeIDE/User Library/Src/stm32446mapping.c:635:6:STM32446GpioCospeedr	24	static
C:/Users/sergi/Documents/GitHub 2022/STM32CubeIDE/User Library/Src/stm32446mapping.c:645:6:STM32446GpioCpupdr	24	static
C:/Users/sergi/Documents/GitHub 2022/STM32CubeIDE/User Library/Src/stm32446mapping.c:655:6:STM32446GpioCreset	16	static
C:/Users/sergi/Documents/GitHub 2022/STM32CubeIDE/User Library/Src/stm32446mapping.c:660:6:STM32446GpioCset	16	static
C:/Users/sergi/Documents/GitHub 2022/STM32CubeIDE/User Library/Src/stm32446mapping.c:665:6:STM32446GpioCafr	24	static
C:/Users/sergi/Documents/GitHub 2022/STM32CubeIDE/User Library/Src/stm32446mapping.c:682:6:STM32446GpioDmoder	24	static
C:/Users/sergi/Documents/GitHub 2022/STM32CubeIDE/User Library/Src/stm32446mapping.c:692:6:STM32446GpioDospeedr	24	static
C:/Users/sergi/Documents/GitHub 2022/STM32CubeIDE/User Library/Src/stm32446mapping.c:702:6:STM32446GpioDpupdr	24	static
C:/Users/sergi/Documents/GitHub 2022/STM32CubeIDE/User Library/Src/stm32446mapping.c:712:6:STM32446GpioDreset	16	static
C:/Users/sergi/Documents/GitHub 2022/STM32CubeIDE/User Library/Src/stm32446mapping.c:717:6:STM32446GpioDset	16	static
C:/Users/sergi/Documents/GitHub 2022/STM32CubeIDE/User Library/Src/stm32446mapping.c:722:6:STM32446GpioDafr	24	static
C:/Users/sergi/Documents/GitHub 2022/STM32CubeIDE/User Library/Src/stm32446mapping.c:739:6:STM32446GpioEmoder	24	static
C:/Users/sergi/Documents/GitHub 2022/STM32CubeIDE/User Library/Src/stm32446mapping.c:749:6:STM32446GpioEospeedr	24	static
C:/Users/sergi/Documents/GitHub 2022/STM32CubeIDE/User Library/Src/stm32446mapping.c:759:6:STM32446GpioEpupdr	24	static
C:/Users/sergi/Documents/GitHub 2022/STM32CubeIDE/User Library/Src/stm32446mapping.c:769:6:STM32446GpioEreset	16	static
C:/Users/sergi/Documents/GitHub 2022/STM32CubeIDE/User Library/Src/stm32446mapping.c:774:6:STM32446GpioEset	16	static
C:/Users/sergi/Documents/GitHub 2022/STM32CubeIDE/User Library/Src/stm32446mapping.c:779:6:STM32446GpioEafr	24	static
C:/Users/sergi/Documents/GitHub 2022/STM32CubeIDE/User Library/Src/stm32446mapping.c:796:6:STM32446GpioHmoder	24	static
C:/Users/sergi/Documents/GitHub 2022/STM32CubeIDE/User Library/Src/stm32446mapping.c:806:6:STM32446GpioHospeedr	24	static
C:/Users/sergi/Documents/GitHub 2022/STM32CubeIDE/User Library/Src/stm32446mapping.c:816:6:STM32446GpioHpupdr	24	static
C:/Users/sergi/Documents/GitHub 2022/STM32CubeIDE/User Library/Src/stm32446mapping.c:826:6:STM32446GpioHreset	16	static
C:/Users/sergi/Documents/GitHub 2022/STM32CubeIDE/User Library/Src/stm32446mapping.c:831:6:STM32446GpioHset	16	static
C:/Users/sergi/Documents/GitHub 2022/STM32CubeIDE/User Library/Src/stm32446mapping.c:836:6:STM32446GpioHafr	24	static
C:/Users/sergi/Documents/GitHub 2022/STM32CubeIDE/User Library/Src/stm32446mapping.c:853:9:STM32446RtcInic	24	static
C:/Users/sergi/Documents/GitHub 2022/STM32CubeIDE/User Library/Src/stm32446mapping.c:902:6:STM32446RtcHour	24	static
C:/Users/sergi/Documents/GitHub 2022/STM32CubeIDE/User Library/Src/stm32446mapping.c:916:6:STM32446RtcMinute	24	static
C:/Users/sergi/Documents/GitHub 2022/STM32CubeIDE/User Library/Src/stm32446mapping.c:930:6:STM32446RtcSecond	24	static
C:/Users/sergi/Documents/GitHub 2022/STM32CubeIDE/User Library/Src/stm32446mapping.c:944:6:STM32446RtcYear	24	static
C:/Users/sergi/Documents/GitHub 2022/STM32CubeIDE/User Library/Src/stm32446mapping.c:957:6:STM32446RtcWeekDay	24	static
C:/Users/sergi/Documents/GitHub 2022/STM32CubeIDE/User Library/Src/stm32446mapping.c:969:6:STM32446RtcMonth	24	static
C:/Users/sergi/Documents/GitHub 2022/STM32CubeIDE/User Library/Src/stm32446mapping.c:982:6:STM32446RtcDay	24	static
C:/Users/sergi/Documents/GitHub 2022/STM32CubeIDE/User Library/Src/stm32446mapping.c:995:6:STM32446RtcRegWrite	16	static
C:/Users/sergi/Documents/GitHub 2022/STM32CubeIDE/User Library/Src/stm32446mapping.c:1010:6:STM32446Rtcdr2vec	32	static
C:/Users/sergi/Documents/GitHub 2022/STM32CubeIDE/User Library/Src/stm32446mapping.c:1038:6:STM32446Rtctr2vec	32	static
C:/Users/sergi/Documents/GitHub 2022/STM32CubeIDE/User Library/Src/stm32446mapping.c:1068:6:STM32446Adc1Inic	4	static
C:/Users/sergi/Documents/GitHub 2022/STM32CubeIDE/User Library/Src/stm32446mapping.c:1081:6:STM32446Adc1VBAT	4	static
C:/Users/sergi/Documents/GitHub 2022/STM32CubeIDE/User Library/Src/stm32446mapping.c:1086:6:STM32446Adc1TEMP	4	static
C:/Users/sergi/Documents/GitHub 2022/STM32CubeIDE/User Library/Src/stm32446mapping.c:1092:6:STM32446Adc1Start	4	static
C:/Users/sergi/Documents/GitHub 2022/STM32CubeIDE/User Library/Src/stm32446mapping.c:1101:8:STM32446Adc1Read	8	static
C:/Users/sergi/Documents/GitHub 2022/STM32CubeIDE/User Library/Src/stm32446mapping.c:1110:6:STM32446Adc1Restart	4	static
C:/Users/sergi/Documents/GitHub 2022/STM32CubeIDE/User Library/Src/stm32446mapping.c:1118:6:STM32446Adc1Stop	4	static
C:/Users/sergi/Documents/GitHub 2022/STM32CubeIDE/User Library/Src/stm32446mapping.c:1124:6:STM32446usart1transmitsetup	4	static
C:/Users/sergi/Documents/GitHub 2022/STM32CubeIDE/User Library/Src/stm32446mapping.c:1167:6:STM32446usart1recievesetup	4	static
C:/Users/sergi/Documents/GitHub 2022/STM32CubeIDE/User Library/Src/stm32446mapping.c:1190:6:STM32446usart1parameters	88	static
C:/Users/sergi/Documents/GitHub 2022/STM32CubeIDE/User Library/Src/stm32446mapping.c:1245:6:STM32446bcd2dec	16	static
C:/Users/sergi/Documents/GitHub 2022/STM32CubeIDE/User Library/Src/stm32446mapping.c:1251:6:STM32446dec2bcd	16	static
C:/Users/sergi/Documents/GitHub 2022/STM32CubeIDE/User Library/Src/stm32446mapping.c:1257:10:STM32446triggerA	24	static
C:/Users/sergi/Documents/GitHub 2022/STM32CubeIDE/User Library/Src/stm32446mapping.c:1286:10:STM32446triggerB	24	static
C:/Users/sergi/Documents/GitHub 2022/STM32CubeIDE/User Library/Src/stm32446mapping.c:1314:10:STM32ReadHLByte	16	static
C:/Users/sergi/Documents/GitHub 2022/STM32CubeIDE/User Library/Src/stm32446mapping.c:1319:10:STM32ReadLHByte	16	static
C:/Users/sergi/Documents/GitHub 2022/STM32CubeIDE/User Library/Src/stm32446mapping.c:1324:18:STM32WriteHLByte	24	static
C:/Users/sergi/Documents/GitHub 2022/STM32CubeIDE/User Library/Src/stm32446mapping.c:1330:18:STM32WriteLHByte	24	static
C:/Users/sergi/Documents/GitHub 2022/STM32CubeIDE/User Library/Src/stm32446mapping.c:1336:10:STM32SwapByte	24	static
C:/Users/sergi/Documents/GitHub 2022/STM32CubeIDE/User Library/Src/stm32446mapping.c:1346:6:STM32446RtcSetTr	4	static
C:/Users/sergi/Documents/GitHub 2022/STM32CubeIDE/User Library/Src/stm32446mapping.c:1366:6:STM32446RtcSetDr	4	static
C:/Users/sergi/Documents/GitHub 2022/STM32CubeIDE/User Library/Src/stm32446mapping.c:1386:9:STM32446RtcAccess	24	static
C:/Users/sergi/Documents/GitHub 2022/STM32CubeIDE/User Library/Src/stm32446mapping.c:1464:6:STM32446SramAccess	4	static
C:/Users/sergi/Documents/GitHub 2022/STM32CubeIDE/User Library/Src/stm32446mapping.c:1485:6:template	4	static
C:/Users/sergi/Documents/GitHub 2022/STM32CubeIDE/User Library/Src/stm32446mapping.c:1492:6:SystickInic	4	static
C:/Users/sergi/Documents/GitHub 2022/STM32CubeIDE/User Library/Src/stm32446mapping.c:1498:6:STM32446delay_ms	16	static
C:/Users/sergi/Documents/GitHub 2022/STM32CubeIDE/User Library/Src/stm32446mapping.c:1509:6:STM32446delay_10us	16	static
C:/Users/sergi/Documents/GitHub 2022/STM32CubeIDE/User Library/Src/stm32446mapping.c:1521:6:SysTick_Handler	4	static
