Archive member included to satisfy reference by file (symbol)

c:/programs/st/stm32cubeide_1.10.1/stm32cubeide/plugins/com.st.stm32cube.ide.mcu.externaltools.gnu-tools-for-stm32.10.3-2021.10.win32_1.0.0.202111181127/tools/bin/../lib/gcc/arm-none-eabi/10.3.1/../../../../arm-none-eabi/lib/thumb/v7e-m+fp/hard\libc_nano.a(lib_a-errno.o)
                              ./Core/Src/syscalls.o (__errno)
c:/programs/st/stm32cubeide_1.10.1/stm32cubeide/plugins/com.st.stm32cube.ide.mcu.externaltools.gnu-tools-for-stm32.10.3-2021.10.win32_1.0.0.202111181127/tools/bin/../lib/gcc/arm-none-eabi/10.3.1/../../../../arm-none-eabi/lib/thumb/v7e-m+fp/hard\libc_nano.a(lib_a-exit.o)
                              c:/programs/st/stm32cubeide_1.10.1/stm32cubeide/plugins/com.st.stm32cube.ide.mcu.externaltools.gnu-tools-for-stm32.10.3-2021.10.win32_1.0.0.202111181127/tools/bin/../lib/gcc/arm-none-eabi/10.3.1/../../../../arm-none-eabi/lib/thumb/v7e-m+fp/hard/crt0.o (exit)
c:/programs/st/stm32cubeide_1.10.1/stm32cubeide/plugins/com.st.stm32cube.ide.mcu.externaltools.gnu-tools-for-stm32.10.3-2021.10.win32_1.0.0.202111181127/tools/bin/../lib/gcc/arm-none-eabi/10.3.1/../../../../arm-none-eabi/lib/thumb/v7e-m+fp/hard\libc_nano.a(lib_a-impure.o)
                              c:/programs/st/stm32cubeide_1.10.1/stm32cubeide/plugins/com.st.stm32cube.ide.mcu.externaltools.gnu-tools-for-stm32.10.3-2021.10.win32_1.0.0.202111181127/tools/bin/../lib/gcc/arm-none-eabi/10.3.1/../../../../arm-none-eabi/lib/thumb/v7e-m+fp/hard\libc_nano.a(lib_a-exit.o) (_global_impure_ptr)
c:/programs/st/stm32cubeide_1.10.1/stm32cubeide/plugins/com.st.stm32cube.ide.mcu.externaltools.gnu-tools-for-stm32.10.3-2021.10.win32_1.0.0.202111181127/tools/bin/../lib/gcc/arm-none-eabi/10.3.1/../../../../arm-none-eabi/lib/thumb/v7e-m+fp/hard\libc_nano.a(lib_a-init.o)
                              c:/programs/st/stm32cubeide_1.10.1/stm32cubeide/plugins/com.st.stm32cube.ide.mcu.externaltools.gnu-tools-for-stm32.10.3-2021.10.win32_1.0.0.202111181127/tools/bin/../lib/gcc/arm-none-eabi/10.3.1/../../../../arm-none-eabi/lib/thumb/v7e-m+fp/hard/crt0.o (__libc_init_array)
c:/programs/st/stm32cubeide_1.10.1/stm32cubeide/plugins/com.st.stm32cube.ide.mcu.externaltools.gnu-tools-for-stm32.10.3-2021.10.win32_1.0.0.202111181127/tools/bin/../lib/gcc/arm-none-eabi/10.3.1/../../../../arm-none-eabi/lib/thumb/v7e-m+fp/hard\libc_nano.a(lib_a-memcpy-stub.o)
                              ./Core/Src/main.o (memcpy)
c:/programs/st/stm32cubeide_1.10.1/stm32cubeide/plugins/com.st.stm32cube.ide.mcu.externaltools.gnu-tools-for-stm32.10.3-2021.10.win32_1.0.0.202111181127/tools/bin/../lib/gcc/arm-none-eabi/10.3.1/../../../../arm-none-eabi/lib/thumb/v7e-m+fp/hard\libc_nano.a(lib_a-memset.o)
                              c:/programs/st/stm32cubeide_1.10.1/stm32cubeide/plugins/com.st.stm32cube.ide.mcu.externaltools.gnu-tools-for-stm32.10.3-2021.10.win32_1.0.0.202111181127/tools/bin/../lib/gcc/arm-none-eabi/10.3.1/../../../../arm-none-eabi/lib/thumb/v7e-m+fp/hard/crt0.o (memset)
c:/programs/st/stm32cubeide_1.10.1/stm32cubeide/plugins/com.st.stm32cube.ide.mcu.externaltools.gnu-tools-for-stm32.10.3-2021.10.win32_1.0.0.202111181127/tools/bin/../lib/gcc/arm-none-eabi/10.3.1/../../../../arm-none-eabi/lib/thumb/v7e-m+fp/hard\libc_nano.a(lib_a-s_modf.o)
                              ./Src/stm32446mapping.o (modf)
c:/programs/st/stm32cubeide_1.10.1/stm32cubeide/plugins/com.st.stm32cube.ide.mcu.externaltools.gnu-tools-for-stm32.10.3-2021.10.win32_1.0.0.202111181127/tools/bin/../lib/gcc/arm-none-eabi/10.3.1/../../../../arm-none-eabi/lib/thumb/v7e-m+fp/hard\libc_nano.a(lib_a-vsnprintf.o)
                              ./Src/function.o (vsnprintf)
c:/programs/st/stm32cubeide_1.10.1/stm32cubeide/plugins/com.st.stm32cube.ide.mcu.externaltools.gnu-tools-for-stm32.10.3-2021.10.win32_1.0.0.202111181127/tools/bin/../lib/gcc/arm-none-eabi/10.3.1/../../../../arm-none-eabi/lib/thumb/v7e-m+fp/hard\libc_nano.a(lib_a-nano-svfprintf.o)
                              c:/programs/st/stm32cubeide_1.10.1/stm32cubeide/plugins/com.st.stm32cube.ide.mcu.externaltools.gnu-tools-for-stm32.10.3-2021.10.win32_1.0.0.202111181127/tools/bin/../lib/gcc/arm-none-eabi/10.3.1/../../../../arm-none-eabi/lib/thumb/v7e-m+fp/hard\libc_nano.a(lib_a-vsnprintf.o) (_svfprintf_r)
c:/programs/st/stm32cubeide_1.10.1/stm32cubeide/plugins/com.st.stm32cube.ide.mcu.externaltools.gnu-tools-for-stm32.10.3-2021.10.win32_1.0.0.202111181127/tools/bin/../lib/gcc/arm-none-eabi/10.3.1/../../../../arm-none-eabi/lib/thumb/v7e-m+fp/hard\libc_nano.a(lib_a-nano-vfprintf_i.o)
                              c:/programs/st/stm32cubeide_1.10.1/stm32cubeide/plugins/com.st.stm32cube.ide.mcu.externaltools.gnu-tools-for-stm32.10.3-2021.10.win32_1.0.0.202111181127/tools/bin/../lib/gcc/arm-none-eabi/10.3.1/../../../../arm-none-eabi/lib/thumb/v7e-m+fp/hard\libc_nano.a(lib_a-nano-svfprintf.o) (_printf_i)
[...]
Memory Configuration

Name             Origin             Length             Attributes
RAM              0x0000000020000000 0x0000000000020000 xrw
FLASH            0x0000000008000000 0x0000000000080000 xr
*default*        0x0000000000000000 0xffffffffffffffff

Linker script and memory map

LOAD c:/programs/st/stm32cubeide_1.10.1/stm32cubeide/plugins/com.st.stm32cube.ide.mcu.externaltools.gnu-tools-for-stm32.10.3-2021.10.win32_1.0.0.202111181127/tools/bin/../lib/gcc/arm-none-eabi/10.3.1/thumb/v7e-m+fp/hard/crti.o
LOAD c:/programs/st/stm32cubeide_1.10.1/stm32cubeide/plugins/com.st.stm32cube.ide.mcu.externaltools.gnu-tools-for-stm32.10.3-2021.10.win32_1.0.0.202111181127/tools/bin/../lib/gcc/arm-none-eabi/10.3.1/thumb/v7e-m+fp/hard/crtbegin.o
LOAD c:/programs/st/stm32cubeide_1.10.1/stm32cubeide/plugins/com.st.stm32cube.ide.mcu.externaltools.gnu-tools-for-stm32.10.3-2021.10.win32_1.0.0.202111181127/tools/bin/../lib/gcc/arm-none-eabi/10.3.1/../../../../arm-none-eabi/lib/thumb/v7e-m+fp/hard/crt0.o
LOAD ./Core/Src/main.o
LOAD ./Core/Src/stm32f4xx_hal_msp.o
LOAD ./Core/Src/syscalls.o
LOAD ./Core/Src/sysmem.o
LOAD ./Core/Src/system_stm32f4xx.o
LOAD ./Core/Startup/startup_stm32f446retx.o
LOAD ./Drivers/STM32F4xx_HAL_Driver/stm32f4xx_hal.o
LOAD ./Drivers/STM32F4xx_HAL_Driver/stm32f4xx_hal_cortex.o
LOAD ./Drivers/STM32F4xx_HAL_Driver/stm32f4xx_hal_dma.o
LOAD ./Drivers/STM32F4xx_HAL_Driver/stm32f4xx_hal_dma_ex.o
LOAD ./Drivers/STM32F4xx_HAL_Driver/stm32f4xx_hal_exti.o
LOAD ./Drivers/STM32F4xx_HAL_Driver/stm32f4xx_hal_flash.o
LOAD ./Drivers/STM32F4xx_HAL_Driver/stm32f4xx_hal_flash_ex.o
LOAD ./Drivers/STM32F4xx_HAL_Driver/stm32f4xx_hal_flash_ramfunc.o
LOAD ./Drivers/STM32F4xx_HAL_Driver/stm32f4xx_hal_gpio.o
LOAD ./Drivers/STM32F4xx_HAL_Driver/stm32f4xx_hal_pwr.o
LOAD ./Drivers/STM32F4xx_HAL_Driver/stm32f4xx_hal_pwr_ex.o
LOAD ./Drivers/STM32F4xx_HAL_Driver/stm32f4xx_hal_rcc.o
LOAD ./Drivers/STM32F4xx_HAL_Driver/stm32f4xx_hal_rcc_ex.o
LOAD ./Src/74hc595.o
LOAD ./Src/explode.o
LOAD ./Src/function.o
LOAD ./Src/lcd.o
LOAD ./Src/stm32446mapping.o
LOAD ./Src/test.o
START GROUP
LOAD c:/programs/st/stm32cubeide_1.10.1/stm32cubeide/plugins/com.st.stm32cube.ide.mcu.externaltools.gnu-tools-for-stm32.10.3-2021.10.win32_1.0.0.202111181127/tools/bin/../lib/gcc/arm-none-eabi/10.3.1/../../../../arm-none-eabi/lib/thumb/v7e-m+fp/hard\libc_nano.a
LOAD c:/programs/st/stm32cubeide_1.10.1/stm32cubeide/plugins/com.st.stm32cube.ide.mcu.externaltools.gnu-tools-for-stm32.10.3-2021.10.win32_1.0.0.202111181127/tools/bin/../lib/gcc/arm-none-eabi/10.3.1/../../../../arm-none-eabi/lib/thumb/v7e-m+fp/hard\libm.a
END GROUP
START GROUP
LOAD c:/programs/st/stm32cubeide_1.10.1/stm32cubeide/plugins/com.st.stm32cube.ide.mcu.externaltools.gnu-tools-for-stm32.10.3-2021.10.win32_1.0.0.202111181127/tools/bin/../lib/gcc/arm-none-eabi/10.3.1/thumb/v7e-m+fp/hard\libgcc.a
LOAD c:/programs/st/stm32cubeide_1.10.1/stm32cubeide/plugins/com.st.stm32cube.ide.mcu.externaltools.gnu-tools-for-stm32.10.3-2021.10.win32_1.0.0.202111181127/tools/bin/../lib/gcc/arm-none-eabi/10.3.1/../../../../arm-none-eabi/lib/thumb/v7e-m+fp/hard\libc_nano.a
END GROUP
START GROUP
LOAD c:/programs/st/stm32cubeide_1.10.1/stm32cubeide/plugins/com.st.stm32cube.ide.mcu.externaltools.gnu-tools-for-stm32.10.3-2021.10.win32_1.0.0.202111181127/tools/bin/../lib/gcc/arm-none-eabi/10.3.1/thumb/v7e-m+fp/hard\libgcc.a
LOAD c:/programs/st/stm32cubeide_1.10.1/stm32cubeide/plugins/com.st.stm32cube.ide.mcu.externaltools.gnu-tools-for-stm32.10.3-2021.10.win32_1.0.0.202111181127/tools/bin/../lib/gcc/arm-none-eabi/10.3.1/../../../../arm-none-eabi/lib/thumb/v7e-m+fp/hard\libc_nano.a
LOAD c:/programs/st/stm32cubeide_1.10.1/stm32cubeide/plugins/com.st.stm32cube.ide.mcu.externaltools.gnu-tools-for-stm32.10.3-2021.10.win32_1.0.0.202111181127/tools/bin/../lib/gcc/arm-none-eabi/10.3.1/../../../../arm-none-eabi/lib/thumb/v7e-m+fp/hard\libnosys.a
END GROUP
START GROUP
LOAD c:/programs/st/stm32cubeide_1.10.1/stm32cubeide/plugins/com.st.stm32cube.ide.mcu.externaltools.gnu-tools-for-stm32.10.3-2021.10.win32_1.0.0.202111181127/tools/bin/../lib/gcc/arm-none-eabi/10.3.1/thumb/v7e-m+fp/hard\libgcc.a
LOAD c:/programs/st/stm32cubeide_1.10.1/stm32cubeide/plugins/com.st.stm32cube.ide.mcu.externaltools.gnu-tools-for-stm32.10.3-2021.10.win32_1.0.0.202111181127/tools/bin/../lib/gcc/arm-none-eabi/10.3.1/../../../../arm-none-eabi/lib/thumb/v7e-m+fp/hard\libc_nano.a
LOAD c:/programs/st/stm32cubeide_1.10.1/stm32cubeide/plugins/com.st.stm32cube.ide.mcu.externaltools.gnu-tools-for-stm32.10.3-2021.10.win32_1.0.0.202111181127/tools/bin/../lib/gcc/arm-none-eabi/10.3.1/../../../../arm-none-eabi/lib/thumb/v7e-m+fp/hard\libnosys.a
END GROUP
LOAD c:/programs/st/stm32cubeide_1.10.1/stm32cubeide/plugins/com.st.stm32cube.ide.mcu.externaltools.gnu-tools-for-stm32.10.3-2021.10.win32_1.0.0.202111181127/tools/bin/../lib/gcc/arm-none-eabi/10.3.1/thumb/v7e-m+fp/hard/crtend.o
LOAD c:/programs/st/stm32cubeide_1.10.1/stm32cubeide/plugins/com.st.stm32cube.ide.mcu.externaltools.gnu-tools-for-stm32.10.3-2021.10.win32_1.0.0.202111181127/tools/bin/../lib/gcc/arm-none-eabi/10.3.1/thumb/v7e-m+fp/hard/crtn.o
                0x0000000020020000                _estack = (ORIGIN (RAM) + LENGTH (RAM))
                0x0000000000000200                _Min_Heap_Size = 0x200
                0x0000000000000400                _Min_Stack_Size = 0x400

.isr_vector     0x0000000008000000      0x1c4
                0x0000000008000000                . = ALIGN (0x4)
 *(.isr_vector)
 .isr_vector    0x0000000008000000      0x1c4 ./Core/Startup/startup_stm32f446retx.o
                0x0000000008000000                g_pfnVectors
                0x00000000080001c4                . = ALIGN (0x4)

.text           0x00000000080001d0     0x5c14
                0x00000000080001d0                . = ALIGN (0x4)
 *(.text)
 .text          0x00000000080001d0       0x40 c:/programs/st/stm32cubeide_1.10.1/stm32cubeide/plugins/com.st.stm32cube.ide.mcu.externaltools.gnu-tools-for-stm32.10.3-2021.10.win32_1.0.0.202111181127/tools/bin/../lib/gcc/arm-none-eabi/10.3.1/thumb/v7e-m+fp/hard/crtbegin.o
 .text          0x0000000008000210       0xa0 c:/programs/st/stm32cubeide_1.10.1/stm32cubeide/plugins/com.st.stm32cube.ide.mcu.externaltools.gnu-tools-for-stm32.10.3-2021.10.win32_1.0.0.202111181127/tools/bin/../lib/gcc/arm-none-eabi/10.3.1/../../../../arm-none-eabi/lib/thumb/v7e-m+fp/hard\libc_nano.a(lib_a-memchr.o)
                0x0000000008000210                memchr
 .text          0x00000000080002b0      0x378 c:/programs/st/stm32cubeide_1.10.1/stm32cubeide/plugins/com.st.stm32cube.ide.mcu.externaltools.gnu-tools-for-stm32.10.3-2021.10.win32_1.0.0.202111181127/tools/bin/../lib/gcc/arm-none-eabi/10.3.1/thumb/v7e-m+fp/hard\libgcc.a(_arm_addsubdf3.o)
                0x00000000080002b0                __aeabi_drsub
                0x00000000080002b8                __aeabi_dsub
                0x00000000080002b8                __subdf3
                0x00000000080002bc                __aeabi_dadd
                0x00000000080002bc                __adddf3
                0x0000000008000534                __floatunsidf
                0x0000000008000534                __aeabi_ui2d
                0x0000000008000554                __floatsidf
                0x0000000008000554                __aeabi_i2d
                0x0000000008000578                __aeabi_f2d
                0x0000000008000578                __extendsfdf2
                0x00000000080005bc                __floatundidf
                0x00000000080005bc                __aeabi_ul2d
                0x00000000080005cc                __floatdidf
                0x00000000080005cc                __aeabi_l2d
 .text          0x0000000008000628      0x424 c:/programs/st/stm32cubeide_1.10.1/stm32cubeide/plugins/com.st.stm32cube.ide.mcu.externaltools.gnu-tools-for-stm32.10.3-2021.10.win32_1.0.0.202111181127/tools/bin/../lib/gcc/arm-none-eabi/10.3.1/thumb/v7e-m+fp/hard\libgcc.a(_arm_muldivdf3.o)
                0x0000000008000628                __aeabi_dmul
                0x0000000008000628                __muldf3
                0x000000000800087c                __divdf3
                0x000000000800087c                __aeabi_ddiv
 .text          0x0000000008000a4c      0x110 c:/programs/st/stm32cubeide_1.10.1/stm32cubeide/plugins/com.st.stm32cube.ide.mcu.externaltools.gnu-tools-for-stm32.10.3-2021.10.win32_1.0.0.202111181127/tools/bin/../lib/gcc/arm-none-eabi/10.3.1/thumb/v7e-m+fp/hard\libgcc.a(_arm_cmpdf2.o)
                0x0000000008000a4c                __gtdf2
                0x0000000008000a4c                __gedf2
                0x0000000008000a54                __ltdf2
                0x0000000008000a54                __ledf2
                0x0000000008000a5c                __nedf2
                0x0000000008000a5c                __eqdf2
                0x0000000008000a5c                __cmpdf2
                0x0000000008000ad8                __aeabi_cdrcmple
                0x0000000008000ae8                __aeabi_cdcmpeq
                0x0000000008000ae8                __aeabi_cdcmple
                0x0000000008000af8                __aeabi_dcmpeq
                0x0000000008000b0c                __aeabi_dcmplt
                0x0000000008000b20                __aeabi_dcmple
                0x0000000008000b34                __aeabi_dcmpge
                0x0000000008000b48                __aeabi_dcmpgt
 .text          0x0000000008000b5c       0x2c c:/programs/st/stm32cubeide_1.10.1/stm32cubeide/plugins/com.st.stm32cube.ide.mcu.externaltools.gnu-tools-for-stm32.10.3-2021.10.win32_1.0.0.202111181127/tools/bin/../lib/gcc/arm-none-eabi/10.3.1/thumb/v7e-m+fp/hard\libgcc.a(_arm_unorddf2.o)
                0x0000000008000b5c                __unorddf2
                0x0000000008000b5c                __aeabi_dcmpun
 .text          0x0000000008000b88       0x50 c:/programs/st/stm32cubeide_1.10.1/stm32cubeide/plugins/com.st.stm32cube.ide.mcu.externaltools.gnu-tools-for-stm32.10.3-2021.10.win32_1.0.0.202111181127/tools/bin/../lib/gcc/arm-none-eabi/10.3.1/thumb/v7e-m+fp/hard\libgcc.a(_arm_fixdfsi.o)
                0x0000000008000b88                __aeabi_d2iz
                0x0000000008000b88                __fixdfsi
 .text          0x0000000008000bd8       0x40 c:/programs/st/stm32cubeide_1.10.1/stm32cubeide/plugins/com.st.stm32cube.ide.mcu.externaltools.gnu-tools-for-stm32.10.3-2021.10.win32_1.0.0.202111181127/tools/bin/../lib/gcc/arm-none-eabi/10.3.1/thumb/v7e-m+fp/hard\libgcc.a(_arm_fixunsdfsi.o)
                0x0000000008000bd8                __aeabi_d2uiz
                0x0000000008000bd8                __fixunsdfsi
 *(.text*)
 .text.main     0x0000000008000c18      0x2e4 ./Core/Src/main.o
                0x0000000008000c18                main
 .text.portinic
                0x0000000008000efc       0xf0 ./Core/Src/main.o
                0x0000000008000efc                portinic
 .text.tim9inic
                0x0000000008000fec       0x80 ./Core/Src/main.o
                0x0000000008000fec                tim9inic
 .text.calendario
                0x000000000800106c      0x940 ./Core/Src/main.o
                0x000000000800106c                calendario
 .text.TIM1_BRK_TIM9_IRQHandler
                0x00000000080019ac       0xf4 ./Core/Src/main.o
                0x00000000080019ac                TIM1_BRK_TIM9_IRQHandler
 .text._sbrk    0x0000000008001aa0       0x6c ./Core/Src/sysmem.o
                0x0000000008001aa0                _sbrk
 .text.SystemInit
                0x0000000008001b0c       0x24 ./Core/Src/system_stm32f4xx.o
                0x0000000008001b0c                SystemInit
 .text.Reset_Handler
                0x0000000008001b30       0x50 ./Core/Startup/startup_stm32f446retx.o
                0x0000000008001b30                Reset_Handler
 .text.Default_Handler
                0x0000000008001b80        0x2 ./Core/Startup/startup_stm32f446retx.o
                0x0000000008001b80                RTC_Alarm_IRQHandler
                0x0000000008001b80                EXTI2_IRQHandler
                0x0000000008001b80                TIM8_CC_IRQHandler
                0x0000000008001b80                DebugMon_Handler
                0x0000000008001b80                FMPI2C1_EV_IRQHandler
                0x0000000008001b80                SPI4_IRQHandler
                0x0000000008001b80                TIM1_CC_IRQHandler
                0x0000000008001b80                DMA2_Stream5_IRQHandler
                0x0000000008001b80                HardFault_Handler
                0x0000000008001b80                DMA1_Stream5_IRQHandler
                0x0000000008001b80                PVD_IRQHandler
                0x0000000008001b80                SDIO_IRQHandler
                0x0000000008001b80                TAMP_STAMP_IRQHandler
                0x0000000008001b80                PendSV_Handler
                0x0000000008001b80                NMI_Handler
                0x0000000008001b80                CAN2_RX1_IRQHandler
                0x0000000008001b80                EXTI3_IRQHandler
                0x0000000008001b80                TIM8_TRG_COM_TIM14_IRQHandler
                0x0000000008001b80                TIM1_UP_TIM10_IRQHandler
                0x0000000008001b80                TIM8_UP_TIM13_IRQHandler
                0x0000000008001b80                I2C3_ER_IRQHandler
                0x0000000008001b80                EXTI0_IRQHandler
                0x0000000008001b80                I2C2_EV_IRQHandler
                0x0000000008001b80                DMA1_Stream2_IRQHandler
                0x0000000008001b80                CAN1_RX0_IRQHandler
                0x0000000008001b80                FPU_IRQHandler
                0x0000000008001b80                OTG_HS_WKUP_IRQHandler
                0x0000000008001b80                UsageFault_Handler
                0x0000000008001b80                CAN2_SCE_IRQHandler
                0x0000000008001b80                DMA2_Stream2_IRQHandler
                0x0000000008001b80                SPI1_IRQHandler
                0x0000000008001b80                TIM6_DAC_IRQHandler
                0x0000000008001b80                DCMI_IRQHandler
                0x0000000008001b80                CAN2_RX0_IRQHandler
                0x0000000008001b80                DMA2_Stream3_IRQHandler
                0x0000000008001b80                SAI2_IRQHandler
                0x0000000008001b80                USART6_IRQHandler
                0x0000000008001b80                USART3_IRQHandler
                0x0000000008001b80                CAN1_RX1_IRQHandler
                0x0000000008001b80                UART5_IRQHandler
                0x0000000008001b80                DMA2_Stream0_IRQHandler
                0x0000000008001b80                TIM4_IRQHandler
                0x0000000008001b80                QUADSPI_IRQHandler
                0x0000000008001b80                I2C1_EV_IRQHandler
                0x0000000008001b80                DMA1_Stream6_IRQHandler
                0x0000000008001b80                DMA1_Stream1_IRQHandler
                0x0000000008001b80                UART4_IRQHandler
                0x0000000008001b80                TIM3_IRQHandler
                0x0000000008001b80                RCC_IRQHandler
                0x0000000008001b80                TIM8_BRK_TIM12_IRQHandler
                0x0000000008001b80                Default_Handler
                0x0000000008001b80                CEC_IRQHandler
                0x0000000008001b80                EXTI15_10_IRQHandler
                0x0000000008001b80                ADC_IRQHandler
                0x0000000008001b80                DMA1_Stream7_IRQHandler
                0x0000000008001b80                TIM7_IRQHandler
                0x0000000008001b80                CAN2_TX_IRQHandler
                0x0000000008001b80                TIM5_IRQHandler
                0x0000000008001b80                DMA2_Stream7_IRQHandler
                0x0000000008001b80                I2C3_EV_IRQHandler
                0x0000000008001b80                EXTI9_5_IRQHandler
                0x0000000008001b80                RTC_WKUP_IRQHandler
                0x0000000008001b80                SPDIF_RX_IRQHandler
                0x0000000008001b80                SPI2_IRQHandler
                0x0000000008001b80                OTG_HS_EP1_IN_IRQHandler
                0x0000000008001b80                MemManage_Handler
                0x0000000008001b80                DMA1_Stream0_IRQHandler
                0x0000000008001b80                CAN1_TX_IRQHandler
                0x0000000008001b80                SVC_Handler
                0x0000000008001b80                FMPI2C1_ER_IRQHandler
                0x0000000008001b80                EXTI4_IRQHandler
                0x0000000008001b80                OTG_HS_EP1_OUT_IRQHandler
                0x0000000008001b80                WWDG_IRQHandler
                0x0000000008001b80                TIM2_IRQHandler
                0x0000000008001b80                OTG_FS_WKUP_IRQHandler
                0x0000000008001b80                TIM1_TRG_COM_TIM11_IRQHandler
                0x0000000008001b80                OTG_HS_IRQHandler
                0x0000000008001b80                EXTI1_IRQHandler
                0x0000000008001b80                USART2_IRQHandler
                0x0000000008001b80                I2C2_ER_IRQHandler
                0x0000000008001b80                DMA2_Stream1_IRQHandler
                0x0000000008001b80                CAN1_SCE_IRQHandler
                0x0000000008001b80                FLASH_IRQHandler
                0x0000000008001b80                DMA2_Stream4_IRQHandler
                0x0000000008001b80                BusFault_Handler
                0x0000000008001b80                USART1_IRQHandler
                0x0000000008001b80                OTG_FS_IRQHandler
                0x0000000008001b80                SPI3_IRQHandler
                0x0000000008001b80                DMA1_Stream4_IRQHandler
                0x0000000008001b80                I2C1_ER_IRQHandler
                0x0000000008001b80                FMC_IRQHandler
                0x0000000008001b80                DMA2_Stream6_IRQHandler
                0x0000000008001b80                SAI1_IRQHandler
                0x0000000008001b80                DMA1_Stream3_IRQHandler
 *fill*         0x0000000008001b82        0x2 
 .text.HC595enable
                0x0000000008001b84      0x110 ./Src/74hc595.o
                0x0000000008001b84                HC595enable
 .text.HC595_shift_bit
                0x0000000008001c94       0x98 ./Src/74hc595.o
                0x0000000008001c94                HC595_shift_bit
 .text.HC595_shift_byte
                0x0000000008001d2c       0x42 ./Src/74hc595.o
                0x0000000008001d2c                HC595_shift_byte
 *fill*         0x0000000008001d6e        0x2 
 .text.HC595_shift_out
                0x0000000008001d70       0x4c ./Src/74hc595.o
                0x0000000008001d70                HC595_shift_out
 .text.EXPLODEenable
                0x0000000008001dbc       0x38 ./Src/explode.o
                0x0000000008001dbc                EXPLODEenable
 .text.EXPLODEupdate
                0x0000000008001df4       0x50 ./Src/explode.o
                0x0000000008001df4                EXPLODEupdate
 .text.EXPLODEhh
                0x0000000008001e44       0x22 ./Src/explode.o
                0x0000000008001e44                EXPLODEhh
 .text.EXPLODEll
                0x0000000008001e66       0x24 ./Src/explode.o
                0x0000000008001e66                EXPLODEll
 .text.EXPLODElh
                0x0000000008001e8a       0x2c ./Src/explode.o
                0x0000000008001e8a                EXPLODElh
 .text.EXPLODEhl
                0x0000000008001eb6       0x2c ./Src/explode.o
                0x0000000008001eb6                EXPLODEhl
 *fill*         0x0000000008001ee2        0x2 
 .text.FUNCenable
                0x0000000008001ee4       0x40 ./Src/function.o
                0x0000000008001ee4                FUNCenable
 .text.StringLength
                0x0000000008001f24       0x2e ./Src/function.o
                0x0000000008001f24                StringLength
 .text.Reverse  0x0000000008001f52       0x5c ./Src/function.o
                0x0000000008001f52                Reverse
 *fill*         0x0000000008001fae        0x2 
 .text.FUNCintinvstr
                0x0000000008001fb0       0xb8 ./Src/function.o
                0x0000000008001fb0                FUNCintinvstr
 .text.FUNCftoa
                0x0000000008002068      0x17c ./Src/function.o
                0x0000000008002068                FUNCftoa
 .text.FUNCprint
                0x00000000080021e4       0x3c ./Src/function.o
                0x00000000080021e4                FUNCprint
 .text.LCD0enable
                0x0000000008002220       0xd8 ./Src/lcd.o
                0x0000000008002220                LCD0enable
 .text.LCD0_inic
                0x00000000080022f8       0xe8 ./Src/lcd.o
                0x00000000080022f8                LCD0_inic
 .text.LCD0_write
                0x00000000080023e0      0x260 ./Src/lcd.o
                0x00000000080023e0                LCD0_write
 .text.LCD0_read
                0x0000000008002640      0x1f4 ./Src/lcd.o
                0x0000000008002640                LCD0_read
 .text.LCD0_BF  0x0000000008002834       0x3a ./Src/lcd.o
                0x0000000008002834                LCD0_BF
 .text.LCD0_getch
                0x000000000800286e       0x1e ./Src/lcd.o
                0x000000000800286e                LCD0_getch
 .text.LCD0_putch
                0x000000000800288c       0x20 ./Src/lcd.o
                0x000000000800288c                LCD0_putch
 .text.LCD0_string
                0x00000000080028ac       0x2e ./Src/lcd.o
                0x00000000080028ac                LCD0_string
 .text.LCD0_string_size
                0x00000000080028da       0x5c ./Src/lcd.o
                0x00000000080028da                LCD0_string_size
 .text.LCD0_hspace
                0x0000000008002936       0x26 ./Src/lcd.o
                0x0000000008002936                LCD0_hspace
 .text.LCD0_clear
                0x000000000800295c       0x20 ./Src/lcd.o
                0x000000000800295c                LCD0_clear
 .text.LCD0_gotoxy
                0x000000000800297c       0x8c ./Src/lcd.o
                0x000000000800297c                LCD0_gotoxy
 .text.LCD0_reboot
                0x0000000008002a08       0x44 ./Src/lcd.o
                0x0000000008002a08                LCD0_reboot
 .text.STM32446enable
                0x0000000008002a4c      0x2b4 ./Src/stm32446mapping.o
                0x0000000008002a4c                STM32446enable
 .text.STM32446PeripheralInic
                0x0000000008002d00       0x7c ./Src/stm32446mapping.o
                0x0000000008002d00                STM32446PeripheralInic
 .text.STM32446GpioSetpin
                0x0000000008002d7c       0x24 ./Src/stm32446mapping.o
                0x0000000008002d7c                STM32446GpioSetpin
 .text.STM32446GpioSet
                0x0000000008002da0       0x1c ./Src/stm32446mapping.o
                0x0000000008002da0                STM32446GpioSet
 .text.STM32446GpioResetpin
                0x0000000008002dbc       0x26 ./Src/stm32446mapping.o
                0x0000000008002dbc                STM32446GpioResetpin
 .text.STM32446GpioReset
                0x0000000008002de2       0x20 ./Src/stm32446mapping.o
                0x0000000008002de2                STM32446GpioReset
 *fill*         0x0000000008002e02        0x6 
 .text.STM32446Gpiosetupreg
                0x0000000008002e08       0x9c ./Src/stm32446mapping.o
                0x0000000008002e08                STM32446Gpiosetupreg
 *fill*         0x0000000008002ea4        0x4 
 .text.STM32446GpioAmoder
                0x0000000008002ea8       0xa8 ./Src/stm32446mapping.o
                0x0000000008002ea8                STM32446GpioAmoder
 .text.STM32446GpioAospeedr
                0x0000000008002f50       0xa8 ./Src/stm32446mapping.o
                0x0000000008002f50                STM32446GpioAospeedr
 .text.STM32446GpioApupdr
                0x0000000008002ff8       0xa8 ./Src/stm32446mapping.o
                0x0000000008002ff8                STM32446GpioApupdr
 .text.STM32446GpioAreset
                0x00000000080030a0       0x24 ./Src/stm32446mapping.o
                0x00000000080030a0                STM32446GpioAreset
 .text.STM32446GpioAset
                0x00000000080030c4       0x20 ./Src/stm32446mapping.o
                0x00000000080030c4                STM32446GpioAset
 *fill*         0x00000000080030e4        0x4 
 .text.STM32446GpioAafr
                0x00000000080030e8       0xf8 ./Src/stm32446mapping.o
                0x00000000080030e8                STM32446GpioAafr
 .text.STM32446GpioBmoder
                0x00000000080031e0       0xa8 ./Src/stm32446mapping.o
                0x00000000080031e0                STM32446GpioBmoder
 .text.STM32446GpioBospeedr
                0x0000000008003288       0xa8 ./Src/stm32446mapping.o
                0x0000000008003288                STM32446GpioBospeedr
 .text.STM32446GpioBpupdr
                0x0000000008003330       0xa8 ./Src/stm32446mapping.o
                0x0000000008003330                STM32446GpioBpupdr
 .text.STM32446GpioBreset
                0x00000000080033d8       0x24 ./Src/stm32446mapping.o
                0x00000000080033d8                STM32446GpioBreset
 .text.STM32446GpioBset
                0x00000000080033fc       0x20 ./Src/stm32446mapping.o
                0x00000000080033fc                STM32446GpioBset
 *fill*         0x000000000800341c        0x4 
 .text.STM32446GpioBafr
                0x0000000008003420       0xf8 ./Src/stm32446mapping.o
                0x0000000008003420                STM32446GpioBafr
 .text.STM32446GpioCmoder
                0x0000000008003518       0xa8 ./Src/stm32446mapping.o
                0x0000000008003518                STM32446GpioCmoder
 .text.STM32446GpioCospeedr
                0x00000000080035c0       0xa8 ./Src/stm32446mapping.o
                0x00000000080035c0                STM32446GpioCospeedr
 .text.STM32446GpioCpupdr
                0x0000000008003668       0xa8 ./Src/stm32446mapping.o
                0x0000000008003668                STM32446GpioCpupdr
 .text.STM32446GpioCreset
                0x0000000008003710       0x24 ./Src/stm32446mapping.o
                0x0000000008003710                STM32446GpioCreset
 .text.STM32446GpioCset
                0x0000000008003734       0x20 ./Src/stm32446mapping.o
                0x0000000008003734                STM32446GpioCset
 *fill*         0x0000000008003754        0x4 
 .text.STM32446GpioCafr
                0x0000000008003758       0xf8 ./Src/stm32446mapping.o
                0x0000000008003758                STM32446GpioCafr
 .text.STM32446RtcInic
                0x0000000008003850       0xc8 ./Src/stm32446mapping.o
                0x0000000008003850                STM32446RtcInic
 .text.STM32446RtcHour
                0x0000000008003918       0x80 ./Src/stm32446mapping.o
                0x0000000008003918                STM32446RtcHour
 .text.STM32446RtcMinute
                0x0000000008003998       0x80 ./Src/stm32446mapping.o
                0x0000000008003998                STM32446RtcMinute
 .text.STM32446RtcSecond
                0x0000000008003a18       0x7c ./Src/stm32446mapping.o
                0x0000000008003a18                STM32446RtcSecond
 .text.STM32446RtcYear
                0x0000000008003a94       0x80 ./Src/stm32446mapping.o
                0x0000000008003a94                STM32446RtcYear
 .text.STM32446RtcWeekDay
                0x0000000008003b14       0x64 ./Src/stm32446mapping.o
                0x0000000008003b14                STM32446RtcWeekDay
 .text.STM32446RtcMonth
                0x0000000008003b78       0x80 ./Src/stm32446mapping.o
                0x0000000008003b78                STM32446RtcMonth
 .text.STM32446RtcDay
                0x0000000008003bf8       0x7c ./Src/stm32446mapping.o
                0x0000000008003bf8                STM32446RtcDay
 .text.STM32446RtcRegWrite
                0x0000000008003c74       0x60 ./Src/stm32446mapping.o
                0x0000000008003c74                STM32446RtcRegWrite
 .text.STM32446Rtcdr2vec
                0x0000000008003cd4      0x12c ./Src/stm32446mapping.o
                0x0000000008003cd4                STM32446Rtcdr2vec
 .text.STM32446Rtctr2vec
                0x0000000008003e00      0x124 ./Src/stm32446mapping.o
                0x0000000008003e00                STM32446Rtctr2vec
 .text.STM32446Adc1Ex1inic
                0x0000000008003f24       0xd4 ./Src/stm32446mapping.o
                0x0000000008003f24                STM32446Adc1Ex1inic
 .text.STM32446Adc1Read
                0x0000000008003ff8       0x5c ./Src/stm32446mapping.o
                0x0000000008003ff8                STM32446Adc1Read
 .text.STM32446Adc1Restart
                0x0000000008004054       0x38 ./Src/stm32446mapping.o
                0x0000000008004054                STM32446Adc1Restart
 .text.STM32446Adc1Stop
                0x000000000800408c       0x28 ./Src/stm32446mapping.o
                0x000000000800408c                STM32446Adc1Stop
 .text.STM32446bcd2dec
                0x00000000080040b4       0x32 ./Src/stm32446mapping.o
                0x00000000080040b4                STM32446bcd2dec
 *fill*         0x00000000080040e6        0x2 
 .text.STM32446dec2bcd
                0x00000000080040e8       0x44 ./Src/stm32446mapping.o
                0x00000000080040e8                STM32446dec2bcd
 .text.STM32446triggerB
                0x000000000800412c       0xac ./Src/stm32446mapping.o
                0x000000000800412c                STM32446triggerB
 .text.STM32446RtcSetTr
                0x00000000080041d8       0x90 ./Src/stm32446mapping.o
                0x00000000080041d8                STM32446RtcSetTr
 .text.STM32446RtcSetDr
                0x0000000008004268       0x90 ./Src/stm32446mapping.o
                0x0000000008004268                STM32446RtcSetDr
 .text.STM32446RtcAccess
                0x00000000080042f8      0x1f0 ./Src/stm32446mapping.o
                0x00000000080042f8                STM32446RtcAccess
 .text.SystickInic
                0x00000000080044e8       0x44 ./Src/stm32446mapping.o
                0x00000000080044e8                SystickInic
 .text.STM32446delay_ms
                0x000000000800452c       0x74 ./Src/stm32446mapping.o
                0x000000000800452c                STM32446delay_ms
 .text.STM32446delay_10us
                0x00000000080045a0       0x78 ./Src/stm32446mapping.o
                0x00000000080045a0                STM32446delay_10us
 .text.SysTick_Handler
                0x0000000008004618       0x1c ./Src/stm32446mapping.o
                0x0000000008004618                SysTick_Handler
 .text.__errno  0x0000000008004634        0xc c:/programs/st/stm32cubeide_1.10.1/stm32cubeide/plugins/com.st.stm32cube.ide.mcu.externaltools.gnu-tools-for-stm32.10.3-2021.10.win32_1.0.0.202111181127/tools/bin/../lib/gcc/arm-none-eabi/10.3.1/../../../../arm-none-eabi/lib/thumb/v7e-m+fp/hard\libc_nano.a(lib_a-errno.o)
                0x0000000008004634                __errno
 .text.__libc_init_array
                0x0000000008004640       0x48 c:/programs/st/stm32cubeide_1.10.1/stm32cubeide/plugins/com.st.stm32cube.ide.mcu.externaltools.gnu-tools-for-stm32.10.3-2021.10.win32_1.0.0.202111181127/tools/bin/../lib/gcc/arm-none-eabi/10.3.1/../../../../arm-none-eabi/lib/thumb/v7e-m+fp/hard\libc_nano.a(lib_a-init.o)
                0x0000000008004640                __libc_init_array
 .text.memcpy   0x0000000008004688       0x1c c:/programs/st/stm32cubeide_1.10.1/stm32cubeide/plugins/com.st.stm32cube.ide.mcu.externaltools.gnu-tools-for-stm32.10.3-2021.10.win32_1.0.0.202111181127/tools/bin/../lib/gcc/arm-none-eabi/10.3.1/../../../../arm-none-eabi/lib/thumb/v7e-m+fp/hard\libc_nano.a(lib_a-memcpy-stub.o)
                0x0000000008004688                memcpy
 .text._vsnprintf_r
                0x00000000080046a4       0x56 c:/programs/st/stm32cubeide_1.10.1/stm32cubeide/plugins/com.st.stm32cube.ide.mcu.externaltools.gnu-tools-for-stm32.10.3-2021.10.win32_1.0.0.202111181127/tools/bin/../lib/gcc/arm-none-eabi/10.3.1/../../../../arm-none-eabi/lib/thumb/v7e-m+fp/hard\libc_nano.a(lib_a-vsnprintf.o)
                0x00000000080046a4                _vsniprintf_r
                0x00000000080046a4                _vsnprintf_r
 *fill*         0x00000000080046fa        0x2 
 .text.vsnprintf
                0x00000000080046fc       0x1c c:/programs/st/stm32cubeide_1.10.1/stm32cubeide/plugins/com.st.stm32cube.ide.mcu.externaltools.gnu-tools-for-stm32.10.3-2021.10.win32_1.0.0.202111181127/tools/bin/../lib/gcc/arm-none-eabi/10.3.1/../../../../arm-none-eabi/lib/thumb/v7e-m+fp/hard\libc_nano.a(lib_a-vsnprintf.o)
                0x00000000080046fc                vsniprintf
                0x00000000080046fc                vsnprintf
 .text.__ssputs_r
                0x0000000008004718       0xb6 c:/programs/st/stm32cubeide_1.10.1/stm32cubeide/plugins/com.st.stm32cube.ide.mcu.externaltools.gnu-tools-for-stm32.10.3-2021.10.win32_1.0.0.202111181127/tools/bin/../lib/gcc/arm-none-eabi/10.3.1/../../../../arm-none-eabi/lib/thumb/v7e-m+fp/hard\libc_nano.a(lib_a-nano-svfprintf.o)
                0x0000000008004718                __ssputs_r
 *fill*         0x00000000080047ce        0x2 
 .text._svfprintf_r
                0x00000000080047d0      0x200 c:/programs/st/stm32cubeide_1.10.1/stm32cubeide/plugins/com.st.stm32cube.ide.mcu.externaltools.gnu-tools-for-stm32.10.3-2021.10.win32_1.0.0.202111181127/tools/bin/../lib/gcc/arm-none-eabi/10.3.1/../../../../arm-none-eabi/lib/thumb/v7e-m+fp/hard\libc_nano.a(lib_a-nano-svfprintf.o)
                0x00000000080047d0                _svfiprintf_r
                0x00000000080047d0                _svfprintf_r
 .text._printf_common
                0x00000000080049d0       0xda c:/programs/st/stm32cubeide_1.10.1/stm32cubeide/plugins/com.st.stm32cube.ide.mcu.externaltools.gnu-tools-for-stm32.10.3-2021.10.win32_1.0.0.202111181127/tools/bin/../lib/gcc/arm-none-eabi/10.3.1/../../../../arm-none-eabi/lib/thumb/v7e-m+fp/hard\libc_nano.a(lib_a-nano-vfprintf_i.o)
                0x00000000080049d0                _printf_common
 *fill*         0x0000000008004aaa        0x2 
 .text._printf_i
                0x0000000008004aac      0x24c c:/programs/st/stm32cubeide_1.10.1/stm32cubeide/plugins/com.st.stm32cube.ide.mcu.externaltools.gnu-tools-for-stm32.10.3-2021.10.win32_1.0.0.202111181127/tools/bin/../lib/gcc/arm-none-eabi/10.3.1/../../../../arm-none-eabi/lib/thumb/v7e-m+fp/hard\libc_nano.a(lib_a-nano-vfprintf_i.o)
                0x0000000008004aac                _printf_i
 .text.memmove  0x0000000008004cf8       0x34 c:/programs/st/stm32cubeide_1.10.1/stm32cubeide/plugins/com.st.stm32cube.ide.mcu.externaltools.gnu-tools-for-stm32.10.3-2021.10.win32_1.0.0.202111181127/tools/bin/../lib/gcc/arm-none-eabi/10.3.1/../../../../arm-none-eabi/lib/thumb/v7e-m+fp/hard\libc_nano.a(lib_a-memmove.o)
                0x0000000008004cf8                memmove
 .text._free_r  0x0000000008004d2c       0x98 c:/programs/st/stm32cubeide_1.10.1/stm32cubeide/plugins/com.st.stm32cube.ide.mcu.externaltools.gnu-tools-for-stm32.10.3-2021.10.win32_1.0.0.202111181127/tools/bin/../lib/gcc/arm-none-eabi/10.3.1/../../../../arm-none-eabi/lib/thumb/v7e-m+fp/hard\libc_nano.a(lib_a-nano-freer.o)
                0x0000000008004d2c                _free_r
 .text.sbrk_aligned
                0x0000000008004dc4       0x40 c:/programs/st/stm32cubeide_1.10.1/stm32cubeide/plugins/com.st.stm32cube.ide.mcu.externaltools.gnu-tools-for-stm32.10.3-2021.10.win32_1.0.0.202111181127/tools/bin/../lib/gcc/arm-none-eabi/10.3.1/../../../../arm-none-eabi/lib/thumb/v7e-m+fp/hard\libc_nano.a(lib_a-nano-mallocr.o)
 .text._malloc_r
                0x0000000008004e04       0xe8 c:/programs/st/stm32cubeide_1.10.1/stm32cubeide/plugins/com.st.stm32cube.ide.mcu.externaltools.gnu-tools-for-stm32.10.3-2021.10.win32_1.0.0.202111181127/tools/bin/../lib/gcc/arm-none-eabi/10.3.1/../../../../arm-none-eabi/lib/thumb/v7e-m+fp/hard\libc_nano.a(lib_a-nano-mallocr.o)
                0x0000000008004e04                _malloc_r
 .text._realloc_r
                0x0000000008004eec       0x5e c:/programs/st/stm32cubeide_1.10.1/stm32cubeide/plugins/com.st.stm32cube.ide.mcu.externaltools.gnu-tools-for-stm32.10.3-2021.10.win32_1.0.0.202111181127/tools/bin/../lib/gcc/arm-none-eabi/10.3.1/../../../../arm-none-eabi/lib/thumb/v7e-m+fp/hard\libc_nano.a(lib_a-nano-reallocr.o)
                0x0000000008004eec                _realloc_r
 *fill*         0x0000000008004f4a        0x2 
 .text._sbrk_r  0x0000000008004f4c       0x20 c:/programs/st/stm32cubeide_1.10.1/stm32cubeide/plugins/com.st.stm32cube.ide.mcu.externaltools.gnu-tools-for-stm32.10.3-2021.10.win32_1.0.0.202111181127/tools/bin/../lib/gcc/arm-none-eabi/10.3.1/../../../../arm-none-eabi/lib/thumb/v7e-m+fp/hard\libc_nano.a(lib_a-sbrkr.o)
                0x0000000008004f4c                _sbrk_r
 .text.__malloc_lock
                0x0000000008004f6c        0xc c:/programs/st/stm32cubeide_1.10.1/stm32cubeide/plugins/com.st.stm32cube.ide.mcu.externaltools.gnu-tools-for-stm32.10.3-2021.10.win32_1.0.0.202111181127/tools/bin/../lib/gcc/arm-none-eabi/10.3.1/../../../../arm-none-eabi/lib/thumb/v7e-m+fp/hard\libc_nano.a(lib_a-mlock.o)
                0x0000000008004f6c                __malloc_lock
 .text.__malloc_unlock
                0x0000000008004f78        0xc c:/programs/st/stm32cubeide_1.10.1/stm32cubeide/plugins/com.st.stm32cube.ide.mcu.externaltools.gnu-tools-for-stm32.10.3-2021.10.win32_1.0.0.202111181127/tools/bin/../lib/gcc/arm-none-eabi/10.3.1/../../../../arm-none-eabi/lib/thumb/v7e-m+fp/hard\libc_nano.a(lib_a-mlock.o)
                0x0000000008004f78                __malloc_unlock
 .text._malloc_usable_size_r
                0x0000000008004f84       0x10 c:/programs/st/stm32cubeide_1.10.1/stm32cubeide/plugins/com.st.stm32cube.ide.mcu.externaltools.gnu-tools-for-stm32.10.3-2021.10.win32_1.0.0.202111181127/tools/bin/../lib/gcc/arm-none-eabi/10.3.1/../../../../arm-none-eabi/lib/thumb/v7e-m+fp/hard\libc_nano.a(lib_a-nano-msizer.o)
                0x0000000008004f84                _malloc_usable_size_r
 .text.__retarget_lock_acquire_recursive
                0x0000000008004f94        0x2 c:/programs/st/stm32cubeide_1.10.1/stm32cubeide/plugins/com.st.stm32cube.ide.mcu.externaltools.gnu-tools-for-stm32.10.3-2021.10.win32_1.0.0.202111181127/tools/bin/../lib/gcc/arm-none-eabi/10.3.1/../../../../arm-none-eabi/lib/thumb/v7e-m+fp/hard\libc_nano.a(lib_a-lock.o)
                0x0000000008004f94                __retarget_lock_acquire_recursive
 .text.__retarget_lock_release_recursive
                0x0000000008004f96        0x2 c:/programs/st/stm32cubeide_1.10.1/stm32cubeide/plugins/com.st.stm32cube.ide.mcu.externaltools.gnu-tools-for-stm32.10.3-2021.10.win32_1.0.0.202111181127/tools/bin/../lib/gcc/arm-none-eabi/10.3.1/../../../../arm-none-eabi/lib/thumb/v7e-m+fp/hard\libc_nano.a(lib_a-lock.o)
                0x0000000008004f96                __retarget_lock_release_recursive
 .text.pow      0x0000000008004f98       0xe0 c:/programs/st/stm32cubeide_1.10.1/stm32cubeide/plugins/com.st.stm32cube.ide.mcu.externaltools.gnu-tools-for-stm32.10.3-2021.10.win32_1.0.0.202111181127/tools/bin/../lib/gcc/arm-none-eabi/10.3.1/../../../../arm-none-eabi/lib/thumb/v7e-m+fp/hard\libm.a(lib_a-w_pow.o)
                0x0000000008004f98                pow
 .text.__ieee754_pow
                0x0000000008005078      0xa5c c:/programs/st/stm32cubeide_1.10.1/stm32cubeide/plugins/com.st.stm32cube.ide.mcu.externaltools.gnu-tools-for-stm32.10.3-2021.10.win32_1.0.0.202111181127/tools/bin/../lib/gcc/arm-none-eabi/10.3.1/../../../../arm-none-eabi/lib/thumb/v7e-m+fp/hard\libm.a(lib_a-e_pow.o)
                0x0000000008005078                __ieee754_pow
 .text.__ieee754_sqrt
                0x0000000008005ad4      0x164 c:/programs/st/stm32cubeide_1.10.1/stm32cubeide/plugins/com.st.stm32cube.ide.mcu.externaltools.gnu-tools-for-stm32.10.3-2021.10.win32_1.0.0.202111181127/tools/bin/../lib/gcc/arm-none-eabi/10.3.1/../../../../arm-none-eabi/lib/thumb/v7e-m+fp/hard\libm.a(lib_a-e_sqrt.o)
                0x0000000008005ad4                __ieee754_sqrt
 .text.with_errno
                0x0000000008005c38       0x14 c:/programs/st/stm32cubeide_1.10.1/stm32cubeide/plugins/com.st.stm32cube.ide.mcu.externaltools.gnu-tools-for-stm32.10.3-2021.10.win32_1.0.0.202111181127/tools/bin/../lib/gcc/arm-none-eabi/10.3.1/../../../../arm-none-eabi/lib/thumb/v7e-m+fp/hard\libm.a(lib_a-math_err.o)
 .text.xflow    0x0000000008005c4c       0x28 c:/programs/st/stm32cubeide_1.10.1/stm32cubeide/plugins/com.st.stm32cube.ide.mcu.externaltools.gnu-tools-for-stm32.10.3-2021.10.win32_1.0.0.202111181127/tools/bin/../lib/gcc/arm-none-eabi/10.3.1/../../../../arm-none-eabi/lib/thumb/v7e-m+fp/hard\libm.a(lib_a-math_err.o)
 .text.__math_uflow
                0x0000000008005c74       0x12 c:/programs/st/stm32cubeide_1.10.1/stm32cubeide/plugins/com.st.stm32cube.ide.mcu.externaltools.gnu-tools-for-stm32.10.3-2021.10.win32_1.0.0.202111181127/tools/bin/../lib/gcc/arm-none-eabi/10.3.1/../../../../arm-none-eabi/lib/thumb/v7e-m+fp/hard\libm.a(lib_a-math_err.o)
                0x0000000008005c74                __math_uflow
 .text.__math_oflow
                0x0000000008005c86       0x12 c:/programs/st/stm32cubeide_1.10.1/stm32cubeide/plugins/com.st.stm32cube.ide.mcu.externaltools.gnu-tools-for-stm32.10.3-2021.10.win32_1.0.0.202111181127/tools/bin/../lib/gcc/arm-none-eabi/10.3.1/../../../../arm-none-eabi/lib/thumb/v7e-m+fp/hard\libm.a(lib_a-math_err.o)
                0x0000000008005c86                __math_oflow
 .text.fabs     0x0000000008005c98       0x12 c:/programs/st/stm32cubeide_1.10.1/stm32cubeide/plugins/com.st.stm32cube.ide.mcu.externaltools.gnu-tools-for-stm32.10.3-2021.10.win32_1.0.0.202111181127/tools/bin/../lib/gcc/arm-none-eabi/10.3.1/../../../../arm-none-eabi/lib/thumb/v7e-m+fp/hard\libm.a(lib_a-s_fabs.o)
                0x0000000008005c98                fabs
 .text.finite   0x0000000008005caa       0x16 c:/programs/st/stm32cubeide_1.10.1/stm32cubeide/plugins/com.st.stm32cube.ide.mcu.externaltools.gnu-tools-for-stm32.10.3-2021.10.win32_1.0.0.202111181127/tools/bin/../lib/gcc/arm-none-eabi/10.3.1/../../../../arm-none-eabi/lib/thumb/v7e-m+fp/hard\libm.a(lib_a-s_finite.o)
                0x0000000008005caa                finite
 .text.scalbn   0x0000000008005cc0      0x10c c:/programs/st/stm32cubeide_1.10.1/stm32cubeide/plugins/com.st.stm32cube.ide.mcu.externaltools.gnu-tools-for-stm32.10.3-2021.10.win32_1.0.0.202111181127/tools/bin/../lib/gcc/arm-none-eabi/10.3.1/../../../../arm-none-eabi/lib/thumb/v7e-m+fp/hard\libm.a(lib_a-s_scalbn.o)
                0x0000000008005cc0                scalbn
 *(.glue_7)
 .glue_7        0x0000000008005dcc        0x0 linker stubs
 *(.glue_7t)
 .glue_7t       0x0000000008005dcc        0x0 linker stubs
 *(.eh_frame)
 .eh_frame      0x0000000008005dcc        0x0 c:/programs/st/stm32cubeide_1.10.1/stm32cubeide/plugins/com.st.stm32cube.ide.mcu.externaltools.gnu-tools-for-stm32.10.3-2021.10.win32_1.0.0.202111181127/tools/bin/../lib/gcc/arm-none-eabi/10.3.1/thumb/v7e-m+fp/hard/crtbegin.o
 *(.init)
 .init          0x0000000008005dcc        0x4 c:/programs/st/stm32cubeide_1.10.1/stm32cubeide/plugins/com.st.stm32cube.ide.mcu.externaltools.gnu-tools-for-stm32.10.3-2021.10.win32_1.0.0.202111181127/tools/bin/../lib/gcc/arm-none-eabi/10.3.1/thumb/v7e-m+fp/hard/crti.o
                0x0000000008005dcc                _init
 .init          0x0000000008005dd0        0x8 c:/programs/st/stm32cubeide_1.10.1/stm32cubeide/plugins/com.st.stm32cube.ide.mcu.externaltools.gnu-tools-for-stm32.10.3-2021.10.win32_1.0.0.202111181127/tools/bin/../lib/gcc/arm-none-eabi/10.3.1/thumb/v7e-m+fp/hard/crtn.o
 *(.fini)
 .fini          0x0000000008005dd8        0x4 c:/programs/st/stm32cubeide_1.10.1/stm32cubeide/plugins/com.st.stm32cube.ide.mcu.externaltools.gnu-tools-for-stm32.10.3-2021.10.win32_1.0.0.202111181127/tools/bin/../lib/gcc/arm-none-eabi/10.3.1/thumb/v7e-m+fp/hard/crti.o
                0x0000000008005dd8                _fini
 .fini          0x0000000008005ddc        0x8 c:/programs/st/stm32cubeide_1.10.1/stm32cubeide/plugins/com.st.stm32cube.ide.mcu.externaltools.gnu-tools-for-stm32.10.3-2021.10.win32_1.0.0.202111181127/tools/bin/../lib/gcc/arm-none-eabi/10.3.1/thumb/v7e-m+fp/hard/crtn.o
                0x0000000008005de4                . = ALIGN (0x4)
                0x0000000008005de4                _etext = .

.vfp11_veneer   0x0000000008005de4        0x0
 .vfp11_veneer  0x0000000008005de4        0x0 linker stubs

.v4_bx          0x0000000008005de4        0x0
 .v4_bx         0x0000000008005de4        0x0 linker stubs

.iplt           0x0000000008005de4        0x0
 .iplt          0x0000000008005de4        0x0 c:/programs/st/stm32cubeide_1.10.1/stm32cubeide/plugins/com.st.stm32cube.ide.mcu.externaltools.gnu-tools-for-stm32.10.3-2021.10.win32_1.0.0.202111181127/tools/bin/../lib/gcc/arm-none-eabi/10.3.1/thumb/v7e-m+fp/hard/crtbegin.o

.rodata         0x0000000008005de8      0x158
                0x0000000008005de8                . = ALIGN (0x4)
 *(.rodata)
 .rodata        0x0000000008005de8       0xf0 ./Core/Src/main.o
 *(.rodata*)
 .rodata._svfprintf_r.str1.1
                0x0000000008005ed8       0x11 c:/programs/st/stm32cubeide_1.10.1/stm32cubeide/plugins/com.st.stm32cube.ide.mcu.externaltools.gnu-tools-for-stm32.10.3-2021.10.win32_1.0.0.202111181127/tools/bin/../lib/gcc/arm-none-eabi/10.3.1/../../../../arm-none-eabi/lib/thumb/v7e-m+fp/hard\libc_nano.a(lib_a-nano-svfprintf.o)
 .rodata._printf_i.str1.1
                0x0000000008005ee9       0x22 c:/programs/st/stm32cubeide_1.10.1/stm32cubeide/plugins/com.st.stm32cube.ide.mcu.externaltools.gnu-tools-for-stm32.10.3-2021.10.win32_1.0.0.202111181127/tools/bin/../lib/gcc/arm-none-eabi/10.3.1/../../../../arm-none-eabi/lib/thumb/v7e-m+fp/hard\libc_nano.a(lib_a-nano-vfprintf_i.o)
 *fill*         0x0000000008005f0b        0x5 
 .rodata.bp     0x0000000008005f10       0x10 c:/programs/st/stm32cubeide_1.10.1/stm32cubeide/plugins/com.st.stm32cube.ide.mcu.externaltools.gnu-tools-for-stm32.10.3-2021.10.win32_1.0.0.202111181127/tools/bin/../lib/gcc/arm-none-eabi/10.3.1/../../../../arm-none-eabi/lib/thumb/v7e-m+fp/hard\libm.a(lib_a-e_pow.o)
 .rodata.dp_h   0x0000000008005f20       0x10 c:/programs/st/stm32cubeide_1.10.1/stm32cubeide/plugins/com.st.stm32cube.ide.mcu.externaltools.gnu-tools-for-stm32.10.3-2021.10.win32_1.0.0.202111181127/tools/bin/../lib/gcc/arm-none-eabi/10.3.1/../../../../arm-none-eabi/lib/thumb/v7e-m+fp/hard\libm.a(lib_a-e_pow.o)
 .rodata.dp_l   0x0000000008005f30       0x10 c:/programs/st/stm32cubeide_1.10.1/stm32cubeide/plugins/com.st.stm32cube.ide.mcu.externaltools.gnu-tools-for-stm32.10.3-2021.10.win32_1.0.0.202111181127/tools/bin/../lib/gcc/arm-none-eabi/10.3.1/../../../../arm-none-eabi/lib/thumb/v7e-m+fp/hard\libm.a(lib_a-e_pow.o)
                0x0000000008005f40                . = ALIGN (0x4)

.rel.dyn        0x0000000008005f40        0x0
 .rel.iplt      0x0000000008005f40        0x0 c:/programs/st/stm32cubeide_1.10.1/stm32cubeide/plugins/com.st.stm32cube.ide.mcu.externaltools.gnu-tools-for-stm32.10.3-2021.10.win32_1.0.0.202111181127/tools/bin/../lib/gcc/arm-none-eabi/10.3.1/thumb/v7e-m+fp/hard/crtbegin.o

.ARM.extab      0x0000000008005f40        0x0
                0x0000000008005f40                . = ALIGN (0x4)
 *(.ARM.extab* .gnu.linkonce.armextab.*)
                0x0000000008005f40                . = ALIGN (0x4)

.ARM            0x0000000008005f40        0x0
                0x0000000008005f40                . = ALIGN (0x4)
                0x0000000008005f40                __exidx_start = .
 *(.ARM.exidx*)
                0x0000000008005f40                __exidx_end = .
                0x0000000008005f40                . = ALIGN (0x4)

.preinit_array  0x0000000008005f40        0x0
                0x0000000008005f40                . = ALIGN (0x4)
                0x0000000008005f40                PROVIDE (__preinit_array_start = .)
 *(.preinit_array*)
                0x0000000008005f40                PROVIDE (__preinit_array_end = .)
                0x0000000008005f40                . = ALIGN (0x4)

.init_array     0x0000000008005f40        0x4
                0x0000000008005f40                . = ALIGN (0x4)
                0x0000000008005f40                PROVIDE (__init_array_start = .)
 *(SORT_BY_NAME(.init_array.*))
 *(.init_array*)
 .init_array    0x0000000008005f40        0x4 c:/programs/st/stm32cubeide_1.10.1/stm32cubeide/plugins/com.st.stm32cube.ide.mcu.externaltools.gnu-tools-for-stm32.10.3-2021.10.win32_1.0.0.202111181127/tools/bin/../lib/gcc/arm-none-eabi/10.3.1/thumb/v7e-m+fp/hard/crtbegin.o
                0x0000000008005f44                PROVIDE (__init_array_end = .)
                0x0000000008005f44                . = ALIGN (0x4)

.fini_array     0x0000000008005f44        0x4
                0x0000000008005f44                . = ALIGN (0x4)
                [!provide]                        PROVIDE (__fini_array_start = .)
 *(SORT_BY_NAME(.fini_array.*))
 *(.fini_array*)
 .fini_array    0x0000000008005f44        0x4 c:/programs/st/stm32cubeide_1.10.1/stm32cubeide/plugins/com.st.stm32cube.ide.mcu.externaltools.gnu-tools-for-stm32.10.3-2021.10.win32_1.0.0.202111181127/tools/bin/../lib/gcc/arm-none-eabi/10.3.1/thumb/v7e-m+fp/hard/crtbegin.o
                [!provide]                        PROVIDE (__fini_array_end = .)
                0x0000000008005f48                . = ALIGN (0x4)
                0x0000000008005f48                _sidata = LOADADDR (.data)

.data           0x0000000020000000       0x6c load address 0x0000000008005f48
                0x0000000020000000                . = ALIGN (0x4)
                0x0000000020000000                _sdata = .
 *(.data)
 *(.data*)
 .data.mes      0x0000000020000000        0x1 ./Core/Src/main.o
 .data.dia      0x0000000020000001        0x1 ./Core/Src/main.o
 *fill*         0x0000000020000002        0x2 
 .data.SystemCoreClock
                0x0000000020000004        0x4 ./Core/Src/system_stm32f4xx.o
                0x0000000020000004                SystemCoreClock
 .data._impure_ptr
                0x0000000020000008        0x4 c:/programs/st/stm32cubeide_1.10.1/stm32cubeide/plugins/com.st.stm32cube.ide.mcu.externaltools.gnu-tools-for-stm32.10.3-2021.10.win32_1.0.0.202111181127/tools/bin/../lib/gcc/arm-none-eabi/10.3.1/../../../../arm-none-eabi/lib/thumb/v7e-m+fp/hard\libc_nano.a(lib_a-impure.o)
                0x0000000020000008                _impure_ptr
 .data.impure_data
                0x000000002000000c       0x60 c:/programs/st/stm32cubeide_1.10.1/stm32cubeide/plugins/com.st.stm32cube.ide.mcu.externaltools.gnu-tools-for-stm32.10.3-2021.10.win32_1.0.0.202111181127/tools/bin/../lib/gcc/arm-none-eabi/10.3.1/../../../../arm-none-eabi/lib/thumb/v7e-m+fp/hard\libc_nano.a(lib_a-impure.o)
 *(.RamFunc)
 *(.RamFunc*)
                0x000000002000006c                . = ALIGN (0x4)
                0x000000002000006c                _edata = .

.igot.plt       0x000000002000006c        0x0 load address 0x0000000008005fb4
 .igot.plt      0x000000002000006c        0x0 c:/programs/st/stm32cubeide_1.10.1/stm32cubeide/plugins/com.st.stm32cube.ide.mcu.externaltools.gnu-tools-for-stm32.10.3-2021.10.win32_1.0.0.202111181127/tools/bin/../lib/gcc/arm-none-eabi/10.3.1/thumb/v7e-m+fp/hard/crtbegin.o
                0x000000002000006c                . = ALIGN (0x4)

.bss            0x0000000020000070      0x578 load address 0x0000000008005fb4
                0x0000000020000070                _sbss = .
                0x0000000020000070                __bss_start__ = _sbss
 *(.bss)
 .bss           0x0000000020000070       0x1c c:/programs/st/stm32cubeide_1.10.1/stm32cubeide/plugins/com.st.stm32cube.ide.mcu.externaltools.gnu-tools-for-stm32.10.3-2021.10.win32_1.0.0.202111181127/tools/bin/../lib/gcc/arm-none-eabi/10.3.1/thumb/v7e-m+fp/hard/crtbegin.o
 *(.bss*)
 .bss.stm       0x000000002000008c      0x11c ./Core/Src/main.o
 .bss.func      0x00000000200001a8       0x90 ./Core/Src/main.o
 .bss.PINA      0x0000000020000238       0x1c ./Core/Src/main.o
 .bss.PINB      0x0000000020000254       0x1c ./Core/Src/main.o
 .bss.PINC      0x0000000020000270       0x1c ./Core/Src/main.o
 .bss.hc        0x000000002000028c        0xc ./Core/Src/main.o
 .bss.lcd       0x0000000020000298       0x2c ./Core/Src/main.o
 .bss.choice    0x00000000200002c4        0x1 ./Core/Src/main.o
 .bss.hour      0x00000000200002c5        0x1 ./Core/Src/main.o
 .bss.minute    0x00000000200002c6        0x1 ./Core/Src/main.o
 .bss.second    0x00000000200002c7        0x1 ./Core/Src/main.o
 .bss.ano       0x00000000200002c8        0x1 ./Core/Src/main.o
 *fill*         0x00000000200002c9        0x3 
 .bss.value     0x00000000200002cc        0x4 ./Core/Src/main.o
 .bss.count1    0x00000000200002d0        0x1 ./Core/Src/main.o
 *fill*         0x00000000200002d1        0x1 
 .bss.count2    0x00000000200002d2        0x2 ./Core/Src/main.o
 .bss.dir       0x00000000200002d4        0x1 ./Core/Src/main.o
 *fill*         0x00000000200002d5        0x3 
 .bss.vec       0x00000000200002d8       0x18 ./Core/Src/main.o
 .bss.__sbrk_heap_end
                0x00000000200002f0        0x4 ./Core/Src/sysmem.o
 .bss.hc595_DDR
                0x00000000200002f4        0x4 ./Src/74hc595.o
 .bss.hc595_PORT
                0x00000000200002f8        0x4 ./Src/74hc595.o
 .bss.HC595_datapin
                0x00000000200002fc        0x1 ./Src/74hc595.o
 .bss.HC595_clkpin
                0x00000000200002fd        0x1 ./Src/74hc595.o
 .bss.HC595_outpin
                0x00000000200002fe        0x1 ./Src/74hc595.o
 *fill*         0x00000000200002ff        0x1 
 .bss.FUNCstr   0x0000000020000300       0x60 ./Src/function.o
 .bss.stm       0x0000000020000360      0x11c ./Src/lcd.o
 .bss.ireg      0x000000002000047c        0x4 ./Src/lcd.o
 .bss.lcd0_detect
                0x0000000020000480        0x4 ./Src/lcd.o
 .bss.ret       0x0000000020000484      0x11c ./Src/stm32446mapping.o
 .bss.DelayCounter
                0x00000000200005a0        0x4 ./Src/stm32446mapping.o
 .bss.STM32446TimeTr
                0x00000000200005a4        0x4 ./Src/stm32446mapping.o
 .bss.STM32446DateDr
                0x00000000200005a8        0x4 ./Src/stm32446mapping.o
 .bss.mem       0x00000000200005ac       0x10 ./Src/stm32446mapping.o
 .bss.nen       0x00000000200005bc       0x10 ./Src/stm32446mapping.o
 *fill*         0x00000000200005cc        0x4 
 .bss.STM32446temperature
                0x00000000200005d0        0x8 ./Src/stm32446mapping.o
 .bss.__malloc_free_list
                0x00000000200005d8        0x4 c:/programs/st/stm32cubeide_1.10.1/stm32cubeide/plugins/com.st.stm32cube.ide.mcu.externaltools.gnu-tools-for-stm32.10.3-2021.10.win32_1.0.0.202111181127/tools/bin/../lib/gcc/arm-none-eabi/10.3.1/../../../../arm-none-eabi/lib/thumb/v7e-m+fp/hard\libc_nano.a(lib_a-nano-mallocr.o)
                0x00000000200005d8                __malloc_free_list
 .bss.__malloc_sbrk_start
                0x00000000200005dc        0x4 c:/programs/st/stm32cubeide_1.10.1/stm32cubeide/plugins/com.st.stm32cube.ide.mcu.externaltools.gnu-tools-for-stm32.10.3-2021.10.win32_1.0.0.202111181127/tools/bin/../lib/gcc/arm-none-eabi/10.3.1/../../../../arm-none-eabi/lib/thumb/v7e-m+fp/hard\libc_nano.a(lib_a-nano-mallocr.o)
                0x00000000200005dc                __malloc_sbrk_start
 .bss.errno     0x00000000200005e0        0x4 c:/programs/st/stm32cubeide_1.10.1/stm32cubeide/plugins/com.st.stm32cube.ide.mcu.externaltools.gnu-tools-for-stm32.10.3-2021.10.win32_1.0.0.202111181127/tools/bin/../lib/gcc/arm-none-eabi/10.3.1/../../../../arm-none-eabi/lib/thumb/v7e-m+fp/hard\libc_nano.a(lib_a-reent.o)
                0x00000000200005e0                errno
 .bss.__lock___malloc_recursive_mutex
                0x00000000200005e4        0x1 c:/programs/st/stm32cubeide_1.10.1/stm32cubeide/plugins/com.st.stm32cube.ide.mcu.externaltools.gnu-tools-for-stm32.10.3-2021.10.win32_1.0.0.202111181127/tools/bin/../lib/gcc/arm-none-eabi/10.3.1/../../../../arm-none-eabi/lib/thumb/v7e-m+fp/hard\libc_nano.a(lib_a-lock.o)
                0x00000000200005e4                __lock___malloc_recursive_mutex
 *(COMMON)
                0x00000000200005e8                . = ALIGN (0x4)
 *fill*         0x00000000200005e5        0x3 
                0x00000000200005e8                _ebss = .
                0x00000000200005e8                __bss_end__ = _ebss

._user_heap_stack
                0x00000000200005e8      0x600 load address 0x0000000008005fb4
                0x00000000200005e8                . = ALIGN (0x8)
                [!provide]                        PROVIDE (end = .)
                0x00000000200005e8                PROVIDE (_end = .)
                0x00000000200007e8                . = (. + _Min_Heap_Size)
 *fill*         0x00000000200005e8      0x200 
                0x0000000020000be8                . = (. + _Min_Stack_Size)
 *fill*         0x00000000200007e8      0x400 
                0x0000000020000be8                . = ALIGN (0x8)

/DISCARD/
 libc.a(*)
 libm.a(*)
 libgcc.a(*)

.ARM.attributes
                0x0000000000000000       0x30
 *(.ARM.attributes)
 .ARM.attributes
                0x0000000000000000       0x1e c:/programs/st/stm32cubeide_1.10.1/stm32cubeide/plugins/com.st.stm32cube.ide.mcu.externaltools.gnu-tools-for-stm32.10.3-2021.10.win32_1.0.0.202111181127/tools/bin/../lib/gcc/arm-none-eabi/10.3.1/thumb/v7e-m+fp/hard/crti.o
 .ARM.attributes
                0x000000000000001e       0x34 c:/programs/st/stm32cubeide_1.10.1/stm32cubeide/plugins/com.st.stm32cube.ide.mcu.externaltools.gnu-tools-for-stm32.10.3-2021.10.win32_1.0.0.202111181127/tools/bin/../lib/gcc/arm-none-eabi/10.3.1/thumb/v7e-m+fp/hard/crtbegin.o
 .ARM.attributes
                0x0000000000000052       0x34 ./Core/Src/main.o
 .ARM.attributes
                0x0000000000000086       0x34 ./Core/Src/sysmem.o
 .ARM.attributes
                0x00000000000000ba       0x34 ./Core/Src/system_stm32f4xx.o
 .ARM.attributes
                0x00000000000000ee       0x21 ./Core/Startup/startup_stm32f446retx.o
 .ARM.attributes
                0x000000000000010f       0x34 ./Src/74hc595.o
 .ARM.attributes
                0x0000000000000143       0x34 ./Src/explode.o
 .ARM.attributes
                0x0000000000000177       0x34 ./Src/function.o
 .ARM.attributes
                0x00000000000001ab       0x34 ./Src/lcd.o
 .ARM.attributes
                0x00000000000001df       0x34 ./Src/stm32446mapping.o
 .ARM.attributes
                0x0000000000000213       0x34 c:/programs/st/stm32cubeide_1.10.1/stm32cubeide/plugins/com.st.stm32cube.ide.mcu.externaltools.gnu-tools-for-stm32.10.3-2021.10.win32_1.0.0.202111181127/tools/bin/../lib/gcc/arm-none-eabi/10.3.1/../../../../arm-none-eabi/lib/thumb/v7e-m+fp/hard\libc_nano.a(lib_a-errno.o)
 .ARM.attributes
                0x0000000000000247       0x34 c:/programs/st/stm32cubeide_1.10.1/stm32cubeide/plugins/com.st.stm32cube.ide.mcu.externaltools.gnu-tools-for-stm32.10.3-2021.10.win32_1.0.0.202111181127/tools/bin/../lib/gcc/arm-none-eabi/10.3.1/../../../../arm-none-eabi/lib/thumb/v7e-m+fp/hard\libc_nano.a(lib_a-impure.o)
 .ARM.attributes
                0x000000000000027b       0x34 c:/programs/st/stm32cubeide_1.10.1/stm32cubeide/plugins/com.st.stm32cube.ide.mcu.externaltools.gnu-tools-for-stm32.10.3-2021.10.win32_1.0.0.202111181127/tools/bin/../lib/gcc/arm-none-eabi/10.3.1/../../../../arm-none-eabi/lib/thumb/v7e-m+fp/hard\libc_nano.a(lib_a-init.o)
 .ARM.attributes
                0x00000000000002af       0x34 c:/programs/st/stm32cubeide_1.10.1/stm32cubeide/plugins/com.st.stm32cube.ide.mcu.externaltools.gnu-tools-for-stm32.10.3-2021.10.win32_1.0.0.202111181127/tools/bin/../lib/gcc/arm-none-eabi/10.3.1/../../../../arm-none-eabi/lib/thumb/v7e-m+fp/hard\libc_nano.a(lib_a-memcpy-stub.o)
 .ARM.attributes
                0x00000000000002e3       0x34 c:/programs/st/stm32cubeide_1.10.1/stm32cubeide/plugins/com.st.stm32cube.ide.mcu.externaltools.gnu-tools-for-stm32.10.3-2021.10.win32_1.0.0.202111181127/tools/bin/../lib/gcc/arm-none-eabi/10.3.1/../../../../arm-none-eabi/lib/thumb/v7e-m+fp/hard\libc_nano.a(lib_a-vsnprintf.o)
 .ARM.attributes
                0x0000000000000317       0x34 c:/programs/st/stm32cubeide_1.10.1/stm32cubeide/plugins/com.st.stm32cube.ide.mcu.externaltools.gnu-tools-for-stm32.10.3-2021.10.win32_1.0.0.202111181127/tools/bin/../lib/gcc/arm-none-eabi/10.3.1/../../../../arm-none-eabi/lib/thumb/v7e-m+fp/hard\libc_nano.a(lib_a-nano-svfprintf.o)
 .ARM.attributes
                0x000000000000034b       0x34 c:/programs/st/stm32cubeide_1.10.1/stm32cubeide/plugins/com.st.stm32cube.ide.mcu.externaltools.gnu-tools-for-stm32.10.3-2021.10.win32_1.0.0.202111181127/tools/bin/../lib/gcc/arm-none-eabi/10.3.1/../../../../arm-none-eabi/lib/thumb/v7e-m+fp/hard\libc_nano.a(lib_a-nano-vfprintf_i.o)
 .ARM.attributes
                0x000000000000037f       0x1c c:/programs/st/stm32cubeide_1.10.1/stm32cubeide/plugins/com.st.stm32cube.ide.mcu.externaltools.gnu-tools-for-stm32.10.3-2021.10.win32_1.0.0.202111181127/tools/bin/../lib/gcc/arm-none-eabi/10.3.1/../../../../arm-none-eabi/lib/thumb/v7e-m+fp/hard\libc_nano.a(lib_a-memchr.o)
 .ARM.attributes
                0x000000000000039b       0x34 c:/programs/st/stm32cubeide_1.10.1/stm32cubeide/plugins/com.st.stm32cube.ide.mcu.externaltools.gnu-tools-for-stm32.10.3-2021.10.win32_1.0.0.202111181127/tools/bin/../lib/gcc/arm-none-eabi/10.3.1/../../../../arm-none-eabi/lib/thumb/v7e-m+fp/hard\libc_nano.a(lib_a-memmove.o)
 .ARM.attributes
                0x00000000000003cf       0x34 c:/programs/st/stm32cubeide_1.10.1/stm32cubeide/plugins/com.st.stm32cube.ide.mcu.externaltools.gnu-tools-for-stm32.10.3-2021.10.win32_1.0.0.202111181127/tools/bin/../lib/gcc/arm-none-eabi/10.3.1/../../../../arm-none-eabi/lib/thumb/v7e-m+fp/hard\libc_nano.a(lib_a-nano-freer.o)
 .ARM.attributes
                0x0000000000000403       0x34 c:/programs/st/stm32cubeide_1.10.1/stm32cubeide/plugins/com.st.stm32cube.ide.mcu.externaltools.gnu-tools-for-stm32.10.3-2021.10.win32_1.0.0.202111181127/tools/bin/../lib/gcc/arm-none-eabi/10.3.1/../../../../arm-none-eabi/lib/thumb/v7e-m+fp/hard\libc_nano.a(lib_a-nano-mallocr.o)
 .ARM.attributes
                0x0000000000000437       0x34 c:/programs/st/stm32cubeide_1.10.1/stm32cubeide/plugins/com.st.stm32cube.ide.mcu.externaltools.gnu-tools-for-stm32.10.3-2021.10.win32_1.0.0.202111181127/tools/bin/../lib/gcc/arm-none-eabi/10.3.1/../../../../arm-none-eabi/lib/thumb/v7e-m+fp/hard\libc_nano.a(lib_a-nano-reallocr.o)
 .ARM.attributes
                0x000000000000046b       0x34 c:/programs/st/stm32cubeide_1.10.1/stm32cubeide/plugins/com.st.stm32cube.ide.mcu.externaltools.gnu-tools-for-stm32.10.3-2021.10.win32_1.0.0.202111181127/tools/bin/../lib/gcc/arm-none-eabi/10.3.1/../../../../arm-none-eabi/lib/thumb/v7e-m+fp/hard\libc_nano.a(lib_a-sbrkr.o)
 .ARM.attributes
                0x000000000000049f       0x34 c:/programs/st/stm32cubeide_1.10.1/stm32cubeide/plugins/com.st.stm32cube.ide.mcu.externaltools.gnu-tools-for-stm32.10.3-2021.10.win32_1.0.0.202111181127/tools/bin/../lib/gcc/arm-none-eabi/10.3.1/../../../../arm-none-eabi/lib/thumb/v7e-m+fp/hard\libc_nano.a(lib_a-mlock.o)
 .ARM.attributes
                0x00000000000004d3       0x34 c:/programs/st/stm32cubeide_1.10.1/stm32cubeide/plugins/com.st.stm32cube.ide.mcu.externaltools.gnu-tools-for-stm32.10.3-2021.10.win32_1.0.0.202111181127/tools/bin/../lib/gcc/arm-none-eabi/10.3.1/../../../../arm-none-eabi/lib/thumb/v7e-m+fp/hard\libc_nano.a(lib_a-nano-msizer.o)
 .ARM.attributes
                0x0000000000000507       0x34 c:/programs/st/stm32cubeide_1.10.1/stm32cubeide/plugins/com.st.stm32cube.ide.mcu.externaltools.gnu-tools-for-stm32.10.3-2021.10.win32_1.0.0.202111181127/tools/bin/../lib/gcc/arm-none-eabi/10.3.1/../../../../arm-none-eabi/lib/thumb/v7e-m+fp/hard\libc_nano.a(lib_a-reent.o)
 .ARM.attributes
                0x000000000000053b       0x34 c:/programs/st/stm32cubeide_1.10.1/stm32cubeide/plugins/com.st.stm32cube.ide.mcu.externaltools.gnu-tools-for-stm32.10.3-2021.10.win32_1.0.0.202111181127/tools/bin/../lib/gcc/arm-none-eabi/10.3.1/../../../../arm-none-eabi/lib/thumb/v7e-m+fp/hard\libc_nano.a(lib_a-lock.o)
 .ARM.attributes
                0x000000000000056f       0x34 c:/programs/st/stm32cubeide_1.10.1/stm32cubeide/plugins/com.st.stm32cube.ide.mcu.externaltools.gnu-tools-for-stm32.10.3-2021.10.win32_1.0.0.202111181127/tools/bin/../lib/gcc/arm-none-eabi/10.3.1/../../../../arm-none-eabi/lib/thumb/v7e-m+fp/hard\libm.a(lib_a-w_pow.o)
 .ARM.attributes
                0x00000000000005a3       0x34 c:/programs/st/stm32cubeide_1.10.1/stm32cubeide/plugins/com.st.stm32cube.ide.mcu.externaltools.gnu-tools-for-stm32.10.3-2021.10.win32_1.0.0.202111181127/tools/bin/../lib/gcc/arm-none-eabi/10.3.1/../../../../arm-none-eabi/lib/thumb/v7e-m+fp/hard\libm.a(lib_a-e_pow.o)
 .ARM.attributes
                0x00000000000005d7       0x34 c:/programs/st/stm32cubeide_1.10.1/stm32cubeide/plugins/com.st.stm32cube.ide.mcu.externaltools.gnu-tools-for-stm32.10.3-2021.10.win32_1.0.0.202111181127/tools/bin/../lib/gcc/arm-none-eabi/10.3.1/../../../../arm-none-eabi/lib/thumb/v7e-m+fp/hard\libm.a(lib_a-e_sqrt.o)
 .ARM.attributes
                0x000000000000060b       0x34 c:/programs/st/stm32cubeide_1.10.1/stm32cubeide/plugins/com.st.stm32cube.ide.mcu.externaltools.gnu-tools-for-stm32.10.3-2021.10.win32_1.0.0.202111181127/tools/bin/../lib/gcc/arm-none-eabi/10.3.1/../../../../arm-none-eabi/lib/thumb/v7e-m+fp/hard\libm.a(lib_a-math_err.o)
 .ARM.attributes
                0x000000000000063f       0x34 c:/programs/st/stm32cubeide_1.10.1/stm32cubeide/plugins/com.st.stm32cube.ide.mcu.externaltools.gnu-tools-for-stm32.10.3-2021.10.win32_1.0.0.202111181127/tools/bin/../lib/gcc/arm-none-eabi/10.3.1/../../../../arm-none-eabi/lib/thumb/v7e-m+fp/hard\libm.a(lib_a-s_fabs.o)
 .ARM.attributes
                0x0000000000000673       0x34 c:/programs/st/stm32cubeide_1.10.1/stm32cubeide/plugins/com.st.stm32cube.ide.mcu.externaltools.gnu-tools-for-stm32.10.3-2021.10.win32_1.0.0.202111181127/tools/bin/../lib/gcc/arm-none-eabi/10.3.1/../../../../arm-none-eabi/lib/thumb/v7e-m+fp/hard\libm.a(lib_a-s_finite.o)
 .ARM.attributes
                0x00000000000006a7       0x34 c:/programs/st/stm32cubeide_1.10.1/stm32cubeide/plugins/com.st.stm32cube.ide.mcu.externaltools.gnu-tools-for-stm32.10.3-2021.10.win32_1.0.0.202111181127/tools/bin/../lib/gcc/arm-none-eabi/10.3.1/../../../../arm-none-eabi/lib/thumb/v7e-m+fp/hard\libm.a(lib_a-s_scalbn.o)
 .ARM.attributes
                0x00000000000006db       0x1e c:/programs/st/stm32cubeide_1.10.1/stm32cubeide/plugins/com.st.stm32cube.ide.mcu.externaltools.gnu-tools-for-stm32.10.3-2021.10.win32_1.0.0.202111181127/tools/bin/../lib/gcc/arm-none-eabi/10.3.1/thumb/v7e-m+fp/hard\libgcc.a(_arm_addsubdf3.o)
 .ARM.attributes
                0x00000000000006f9       0x1e c:/programs/st/stm32cubeide_1.10.1/stm32cubeide/plugins/com.st.stm32cube.ide.mcu.externaltools.gnu-tools-for-stm32.10.3-2021.10.win32_1.0.0.202111181127/tools/bin/../lib/gcc/arm-none-eabi/10.3.1/thumb/v7e-m+fp/hard\libgcc.a(_arm_muldivdf3.o)
 .ARM.attributes
                0x0000000000000717       0x1e c:/programs/st/stm32cubeide_1.10.1/stm32cubeide/plugins/com.st.stm32cube.ide.mcu.externaltools.gnu-tools-for-stm32.10.3-2021.10.win32_1.0.0.202111181127/tools/bin/../lib/gcc/arm-none-eabi/10.3.1/thumb/v7e-m+fp/hard\libgcc.a(_arm_cmpdf2.o)
 .ARM.attributes
                0x0000000000000735       0x1e c:/programs/st/stm32cubeide_1.10.1/stm32cubeide/plugins/com.st.stm32cube.ide.mcu.externaltools.gnu-tools-for-stm32.10.3-2021.10.win32_1.0.0.202111181127/tools/bin/../lib/gcc/arm-none-eabi/10.3.1/thumb/v7e-m+fp/hard\libgcc.a(_arm_unorddf2.o)
 .ARM.attributes
                0x0000000000000753       0x1e c:/programs/st/stm32cubeide_1.10.1/stm32cubeide/plugins/com.st.stm32cube.ide.mcu.externaltools.gnu-tools-for-stm32.10.3-2021.10.win32_1.0.0.202111181127/tools/bin/../lib/gcc/arm-none-eabi/10.3.1/thumb/v7e-m+fp/hard\libgcc.a(_arm_fixdfsi.o)
 .ARM.attributes
                0x0000000000000771       0x1e c:/programs/st/stm32cubeide_1.10.1/stm32cubeide/plugins/com.st.stm32cube.ide.mcu.externaltools.gnu-tools-for-stm32.10.3-2021.10.win32_1.0.0.202111181127/tools/bin/../lib/gcc/arm-none-eabi/10.3.1/thumb/v7e-m+fp/hard\libgcc.a(_arm_fixunsdfsi.o)
 .ARM.attributes
                0x000000000000078f       0x1e c:/programs/st/stm32cubeide_1.10.1/stm32cubeide/plugins/com.st.stm32cube.ide.mcu.externaltools.gnu-tools-for-stm32.10.3-2021.10.win32_1.0.0.202111181127/tools/bin/../lib/gcc/arm-none-eabi/10.3.1/thumb/v7e-m+fp/hard/crtn.o
OUTPUT(uvisionexport.elf elf32-littlearm)
LOAD linker stubs
LOAD c:/programs/st/stm32cubeide_1.10.1/stm32cubeide/plugins/com.st.stm32cube.ide.mcu.externaltools.gnu-tools-for-stm32.10.3-2021.10.win32_1.0.0.202111181127/tools/bin/../lib/gcc/arm-none-eabi/10.3.1/../../../../arm-none-eabi/lib/thumb/v7e-m+fp/hard\libc.a
LOAD c:/programs/st/stm32cubeide_1.10.1/stm32cubeide/plugins/com.st.stm32cube.ide.mcu.externaltools.gnu-tools-for-stm32.10.3-2021.10.win32_1.0.0.202111181127/tools/bin/../lib/gcc/arm-none-eabi/10.3.1/../../../../arm-none-eabi/lib/thumb/v7e-m+fp/hard\libm.a
LOAD c:/programs/st/stm32cubeide_1.10.1/stm32cubeide/plugins/com.st.stm32cube.ide.mcu.externaltools.gnu-tools-for-stm32.10.3-2021.10.win32_1.0.0.202111181127/tools/bin/../lib/gcc/arm-none-eabi/10.3.1/thumb/v7e-m+fp/hard\libgcc.a

.debug_info     0x0000000000000000     0x7815
 .debug_info    0x0000000000000000     0x1e6a ./Core/Src/main.o
 .debug_info    0x0000000000001e6a      0x171 ./Core/Src/sysmem.o
 .debug_info    0x0000000000001fdb      0x55b ./Core/Src/system_stm32f4xx.o
 .debug_info    0x0000000000002536       0x22 ./Core/Startup/startup_stm32f446retx.o
 .debug_info    0x0000000000002558      0x236 ./Src/74hc595.o
 .debug_info    0x000000000000278e      0x25c ./Src/explode.o
 .debug_info    0x00000000000029ea     0x1148 ./Src/function.o
 .debug_info    0x0000000000003b32     0x18f1 ./Src/lcd.o
 .debug_info    0x0000000000005423     0x23f2 ./Src/stm32446mapping.o

.debug_abbrev   0x0000000000000000      0xdfe
 .debug_abbrev  0x0000000000000000      0x26d ./Core/Src/main.o
 .debug_abbrev  0x000000000000026d       0xbb ./Core/Src/sysmem.o
 .debug_abbrev  0x0000000000000328      0x116 ./Core/Src/system_stm32f4xx.o
 .debug_abbrev  0x000000000000043e       0x12 ./Core/Startup/startup_stm32f446retx.o
 .debug_abbrev  0x0000000000000450      0x146 ./Src/74hc595.o
 .debug_abbrev  0x0000000000000596      0x122 ./Src/explode.o
 .debug_abbrev  0x00000000000006b8      0x254 ./Src/function.o
 .debug_abbrev  0x000000000000090c      0x224 ./Src/lcd.o
 .debug_abbrev  0x0000000000000b30      0x2ce ./Src/stm32446mapping.o

.debug_aranges  0x0000000000000000      0x510
 .debug_aranges
                0x0000000000000000       0x48 ./Core/Src/main.o
 .debug_aranges
                0x0000000000000048       0x20 ./Core/Src/sysmem.o
 .debug_aranges
                0x0000000000000068       0x28 ./Core/Src/system_stm32f4xx.o
 .debug_aranges
                0x0000000000000090       0x28 ./Core/Startup/startup_stm32f446retx.o
 .debug_aranges
                0x00000000000000b8       0x38 ./Src/74hc595.o
 .debug_aranges
                0x00000000000000f0       0x48 ./Src/explode.o
 .debug_aranges
                0x0000000000000138      0x158 ./Src/function.o
 .debug_aranges
                0x0000000000000290       0x80 ./Src/lcd.o
 .debug_aranges
                0x0000000000000310      0x200 ./Src/stm32446mapping.o

.debug_ranges   0x0000000000000000      0x488
 .debug_ranges  0x0000000000000000       0x38 ./Core/Src/main.o
 .debug_ranges  0x0000000000000038       0x10 ./Core/Src/sysmem.o
 .debug_ranges  0x0000000000000048       0x18 ./Core/Src/system_stm32f4xx.o
 .debug_ranges  0x0000000000000060       0x20 ./Core/Startup/startup_stm32f446retx.o
 .debug_ranges  0x0000000000000080       0x28 ./Src/74hc595.o
 .debug_ranges  0x00000000000000a8       0x38 ./Src/explode.o
 .debug_ranges  0x00000000000000e0      0x148 ./Src/function.o
 .debug_ranges  0x0000000000000228       0x70 ./Src/lcd.o
 .debug_ranges  0x0000000000000298      0x1f0 ./Src/stm32446mapping.o

.debug_macro    0x0000000000000000    0x21424
 .debug_macro   0x0000000000000000      0x3d7 ./Core/Src/main.o
 .debug_macro   0x00000000000003d7      0xa78 ./Core/Src/main.o
 .debug_macro   0x0000000000000e4f      0x28f ./Core/Src/main.o
 .debug_macro   0x00000000000010de       0x2e ./Core/Src/main.o
 .debug_macro   0x000000000000110c       0x28 ./Core/Src/main.o
 .debug_macro   0x0000000000001134       0x22 ./Core/Src/main.o
 .debug_macro   0x0000000000001156       0x8e ./Core/Src/main.o
 .debug_macro   0x00000000000011e4       0x51 ./Core/Src/main.o
 .debug_macro   0x0000000000001235      0x103 ./Core/Src/main.o
 .debug_macro   0x0000000000001338       0x6a ./Core/Src/main.o
 .debug_macro   0x00000000000013a2      0x1df ./Core/Src/main.o
 .debug_macro   0x0000000000001581       0x1c ./Core/Src/main.o
 .debug_macro   0x000000000000159d       0x22 ./Core/Src/main.o
 .debug_macro   0x00000000000015bf       0xd9 ./Core/Src/main.o
 .debug_macro   0x0000000000001698     0x102d ./Core/Src/main.o
 .debug_macro   0x00000000000026c5      0x11f ./Core/Src/main.o
 .debug_macro   0x00000000000027e4    0x16749 ./Core/Src/main.o
 .debug_macro   0x0000000000018f2d       0x6d ./Core/Src/main.o
 .debug_macro   0x0000000000018f9a     0x367e ./Core/Src/main.o
 .debug_macro   0x000000000001c618      0x174 ./Core/Src/main.o
 .debug_macro   0x000000000001c78c       0x5c ./Core/Src/main.o
 .debug_macro   0x000000000001c7e8      0xc90 ./Core/Src/main.o
 .debug_macro   0x000000000001d478      0x9fe ./Core/Src/main.o
 .debug_macro   0x000000000001de76      0x115 ./Core/Src/main.o
 .debug_macro   0x000000000001df8b      0x1a0 ./Core/Src/main.o
 .debug_macro   0x000000000001e12b       0xa5 ./Core/Src/main.o
 .debug_macro   0x000000000001e1d0      0x16d ./Core/Src/main.o
 .debug_macro   0x000000000001e33d      0x287 ./Core/Src/main.o
 .debug_macro   0x000000000001e5c4       0x5f ./Core/Src/main.o
 .debug_macro   0x000000000001e623      0x236 ./Core/Src/main.o
 .debug_macro   0x000000000001e859      0x132 ./Core/Src/main.o
 .debug_macro   0x000000000001e98b      0x29c ./Core/Src/main.o
 .debug_macro   0x000000000001ec27       0x2e ./Core/Src/main.o
 .debug_macro   0x000000000001ec55      0x11a ./Core/Src/main.o
 .debug_macro   0x000000000001ed6f       0xe8 ./Core/Src/main.o
 .debug_macro   0x000000000001ee57       0x89 ./Core/Src/main.o
 .debug_macro   0x000000000001eee0      0x126 ./Core/Src/main.o
 .debug_macro   0x000000000001f006       0x52 ./Core/Src/main.o
 .debug_macro   0x000000000001f058       0x1e ./Core/Src/main.o
 .debug_macro   0x000000000001f076       0x3c ./Core/Src/main.o
 .debug_macro   0x000000000001f0b2       0x34 ./Core/Src/main.o
 .debug_macro   0x000000000001f0e6       0x16 ./Core/Src/main.o
 .debug_macro   0x000000000001f0fc       0x35 ./Core/Src/main.o
 .debug_macro   0x000000000001f131      0x341 ./Core/Src/main.o
 .debug_macro   0x000000000001f472       0x10 ./Core/Src/main.o
 .debug_macro   0x000000000001f482       0x16 ./Core/Src/main.o
 .debug_macro   0x000000000001f498       0x43 ./Core/Src/main.o
 .debug_macro   0x000000000001f4db       0x34 ./Core/Src/main.o
 .debug_macro   0x000000000001f50f       0x10 ./Core/Src/main.o
 .debug_macro   0x000000000001f51f       0x58 ./Core/Src/main.o
 .debug_macro   0x000000000001f577       0x71 ./Core/Src/main.o
 .debug_macro   0x000000000001f5e8       0x1c ./Core/Src/main.o
 .debug_macro   0x000000000001f604      0x12a ./Core/Src/main.o
 .debug_macro   0x000000000001f72e       0x10 ./Core/Src/main.o
 .debug_macro   0x000000000001f73e       0x1c ./Core/Src/main.o
 .debug_macro   0x000000000001f75a       0x52 ./Core/Src/main.o
 .debug_macro   0x000000000001f7ac       0x22 ./Core/Src/main.o
 .debug_macro   0x000000000001f7ce       0x10 ./Core/Src/main.o
 .debug_macro   0x000000000001f7de       0x52 ./Core/Src/main.o
 .debug_macro   0x000000000001f830       0xd5 ./Core/Src/main.o
 .debug_macro   0x000000000001f905       0x1c ./Core/Src/main.o
 .debug_macro   0x000000000001f921       0x3d ./Core/Src/main.o
 .debug_macro   0x000000000001f95e       0x16 ./Core/Src/main.o
 .debug_macro   0x000000000001f974      0x145 ./Core/Src/main.o
 .debug_macro   0x000000000001fab9       0x16 ./Core/Src/main.o
 .debug_macro   0x000000000001facf       0x16 ./Core/Src/main.o
 .debug_macro   0x000000000001fae5       0x29 ./Core/Src/main.o
 .debug_macro   0x000000000001fb0e       0x16 ./Core/Src/main.o
 .debug_macro   0x000000000001fb24       0x20 ./Core/Src/main.o
 .debug_macro   0x000000000001fb44       0x10 ./Core/Src/main.o
 .debug_macro   0x000000000001fb54      0x460 ./Core/Src/main.o
 .debug_macro   0x000000000001ffb4       0x34 ./Core/Src/main.o
 .debug_macro   0x000000000001ffe8       0xff ./Core/Src/sysmem.o
 .debug_macro   0x00000000000200e7      0x23b ./Core/Src/sysmem.o
 .debug_macro   0x0000000000020322      0x1b0 ./Core/Src/system_stm32f4xx.o
 .debug_macro   0x00000000000204d2       0xb9 ./Src/74hc595.o
 .debug_macro   0x000000000002058b       0x3a ./Src/74hc595.o
 .debug_macro   0x00000000000205c5       0x82 ./Src/74hc595.o
 .debug_macro   0x0000000000020647      0x16c ./Src/explode.o
 .debug_macro   0x00000000000207b3      0x10e ./Src/explode.o
 .debug_macro   0x00000000000208c1       0x8d ./Src/explode.o
 .debug_macro   0x000000000002094e      0x23b ./Src/function.o
 .debug_macro   0x0000000000020b89       0x97 ./Src/function.o
 .debug_macro   0x0000000000020c20       0x4c ./Src/function.o
 .debug_macro   0x0000000000020c6c      0x19b ./Src/function.o
 .debug_macro   0x0000000000020e07      0x22f ./Src/lcd.o
 .debug_macro   0x0000000000021036      0x104 ./Src/lcd.o
 .debug_macro   0x000000000002113a      0x292 ./Src/stm32446mapping.o
 .debug_macro   0x00000000000213cc       0x58 ./Src/stm32446mapping.o

.debug_line     0x0000000000000000     0x67a8
 .debug_line    0x0000000000000000     0x11bc ./Core/Src/main.o
 .debug_line    0x00000000000011bc      0x517 ./Core/Src/sysmem.o
 .debug_line    0x00000000000016d3      0x7fc ./Core/Src/system_stm32f4xx.o
 .debug_line    0x0000000000001ecf       0x88 ./Core/Startup/startup_stm32f446retx.o
 .debug_line    0x0000000000001f57      0x67a ./Src/74hc595.o
 .debug_line    0x00000000000025d1      0x69a ./Src/explode.o
 .debug_line    0x0000000000002c6b     0x1007 ./Src/function.o
 .debug_line    0x0000000000003c72      0xdd4 ./Src/lcd.o
 .debug_line    0x0000000000004a46     0x1d62 ./Src/stm32446mapping.o

.debug_str      0x0000000000000000    0xc6f37
 .debug_str     0x0000000000000000    0xc54d1 ./Core/Src/main.o
                                      0xc5a2c (size before relaxing)
 .debug_str     0x00000000000c54d1      0x4da ./Core/Src/sysmem.o
                                       0x5dbf (size before relaxing)
 .debug_str     0x00000000000c59ab       0xdb ./Core/Src/system_stm32f4xx.o
                                      0xc0324 (size before relaxing)
 .debug_str     0x00000000000c5a86       0x36 ./Core/Startup/startup_stm32f446retx.o
                                         0x81 (size before relaxing)
 .debug_str     0x00000000000c5abc       0xde ./Src/74hc595.o
                                       0x5178 (size before relaxing)
 .debug_str     0x00000000000c5b9a       0xb0 ./Src/explode.o
                                       0x7efc (size before relaxing)
 .debug_str     0x00000000000c5c4a      0xc2c ./Src/function.o
                                       0x9bcb (size before relaxing)
 .debug_str     0x00000000000c6876      0x13d ./Src/lcd.o
                                      0xc1d61 (size before relaxing)
 .debug_str     0x00000000000c69b3      0x584 ./Src/stm32446mapping.o
                                      0xc5548 (size before relaxing)

.comment        0x0000000000000000       0x50
 .comment       0x0000000000000000       0x50 ./Core/Src/main.o
                                         0x51 (size before relaxing)
 .comment       0x0000000000000050       0x51 ./Core/Src/sysmem.o
 .comment       0x0000000000000050       0x51 ./Core/Src/system_stm32f4xx.o
 .comment       0x0000000000000050       0x51 ./Src/74hc595.o
 .comment       0x0000000000000050       0x51 ./Src/explode.o
 .comment       0x0000000000000050       0x51 ./Src/function.o
 .comment       0x0000000000000050       0x51 ./Src/lcd.o
 .comment       0x0000000000000050       0x51 ./Src/stm32446mapping.o

.debug_frame    0x0000000000000000     0x1d14
 .debug_frame   0x0000000000000000       0xd4 ./Core/Src/main.o
 .debug_frame   0x00000000000000d4       0x34 ./Core/Src/sysmem.o
 .debug_frame   0x0000000000000108       0x58 ./Core/Src/system_stm32f4xx.o
 .debug_frame   0x0000000000000160       0xa8 ./Src/74hc595.o
 .debug_frame   0x0000000000000208      0x100 ./Src/explode.o
 .debug_frame   0x0000000000000308      0x640 ./Src/function.o
 .debug_frame   0x0000000000000948      0x1e0 ./Src/lcd.o
 .debug_frame   0x0000000000000b28      0x8e8 ./Src/stm32446mapping.o
 .debug_frame   0x0000000000001410       0x20 c:/programs/st/stm32cubeide_1.10.1/stm32cubeide/plugins/com.st.stm32cube.ide.mcu.externaltools.gnu-tools-for-stm32.10.3-2021.10.win32_1.0.0.202111181127/tools/bin/../lib/gcc/arm-none-eabi/10.3.1/../../../../arm-none-eabi/lib/thumb/v7e-m+fp/hard\libc_nano.a(lib_a-errno.o)
 .debug_frame   0x0000000000001430       0x2c c:/programs/st/stm32cubeide_1.10.1/stm32cubeide/plugins/com.st.stm32cube.ide.mcu.externaltools.gnu-tools-for-stm32.10.3-2021.10.win32_1.0.0.202111181127/tools/bin/../lib/gcc/arm-none-eabi/10.3.1/../../../../arm-none-eabi/lib/thumb/v7e-m+fp/hard\libc_nano.a(lib_a-init.o)
 .debug_frame   0x000000000000145c       0x28 c:/programs/st/stm32cubeide_1.10.1/stm32cubeide/plugins/com.st.stm32cube.ide.mcu.externaltools.gnu-tools-for-stm32.10.3-2021.10.win32_1.0.0.202111181127/tools/bin/../lib/gcc/arm-none-eabi/10.3.1/../../../../arm-none-eabi/lib/thumb/v7e-m+fp/hard\libc_nano.a(lib_a-memcpy-stub.o)
 .debug_frame   0x0000000000001484       0x4c c:/programs/st/stm32cubeide_1.10.1/stm32cubeide/plugins/com.st.stm32cube.ide.mcu.externaltools.gnu-tools-for-stm32.10.3-2021.10.win32_1.0.0.202111181127/tools/bin/../lib/gcc/arm-none-eabi/10.3.1/../../../../arm-none-eabi/lib/thumb/v7e-m+fp/hard\libc_nano.a(lib_a-vsnprintf.o)
 .debug_frame   0x00000000000014d0       0x90 c:/programs/st/stm32cubeide_1.10.1/stm32cubeide/plugins/com.st.stm32cube.ide.mcu.externaltools.gnu-tools-for-stm32.10.3-2021.10.win32_1.0.0.202111181127/tools/bin/../lib/gcc/arm-none-eabi/10.3.1/../../../../arm-none-eabi/lib/thumb/v7e-m+fp/hard\libc_nano.a(lib_a-nano-svfprintf.o)
 .debug_frame   0x0000000000001560       0x60 c:/programs/st/stm32cubeide_1.10.1/stm32cubeide/plugins/com.st.stm32cube.ide.mcu.externaltools.gnu-tools-for-stm32.10.3-2021.10.win32_1.0.0.202111181127/tools/bin/../lib/gcc/arm-none-eabi/10.3.1/../../../../arm-none-eabi/lib/thumb/v7e-m+fp/hard\libc_nano.a(lib_a-nano-vfprintf_i.o)
 .debug_frame   0x00000000000015c0       0x28 c:/programs/st/stm32cubeide_1.10.1/stm32cubeide/plugins/com.st.stm32cube.ide.mcu.externaltools.gnu-tools-for-stm32.10.3-2021.10.win32_1.0.0.202111181127/tools/bin/../lib/gcc/arm-none-eabi/10.3.1/../../../../arm-none-eabi/lib/thumb/v7e-m+fp/hard\libc_nano.a(lib_a-memmove.o)
 .debug_frame   0x00000000000015e8       0x38 c:/programs/st/stm32cubeide_1.10.1/stm32cubeide/plugins/com.st.stm32cube.ide.mcu.externaltools.gnu-tools-for-stm32.10.3-2021.10.win32_1.0.0.202111181127/tools/bin/../lib/gcc/arm-none-eabi/10.3.1/../../../../arm-none-eabi/lib/thumb/v7e-m+fp/hard\libc_nano.a(lib_a-nano-freer.o)
 .debug_frame   0x0000000000001620       0x4c c:/programs/st/stm32cubeide_1.10.1/stm32cubeide/plugins/com.st.stm32cube.ide.mcu.externaltools.gnu-tools-for-stm32.10.3-2021.10.win32_1.0.0.202111181127/tools/bin/../lib/gcc/arm-none-eabi/10.3.1/../../../../arm-none-eabi/lib/thumb/v7e-m+fp/hard\libc_nano.a(lib_a-nano-mallocr.o)
 .debug_frame   0x000000000000166c       0x3c c:/programs/st/stm32cubeide_1.10.1/stm32cubeide/plugins/com.st.stm32cube.ide.mcu.externaltools.gnu-tools-for-stm32.10.3-2021.10.win32_1.0.0.202111181127/tools/bin/../lib/gcc/arm-none-eabi/10.3.1/../../../../arm-none-eabi/lib/thumb/v7e-m+fp/hard\libc_nano.a(lib_a-nano-reallocr.o)
 .debug_frame   0x00000000000016a8       0x2c c:/programs/st/stm32cubeide_1.10.1/stm32cubeide/plugins/com.st.stm32cube.ide.mcu.externaltools.gnu-tools-for-stm32.10.3-2021.10.win32_1.0.0.202111181127/tools/bin/../lib/gcc/arm-none-eabi/10.3.1/../../../../arm-none-eabi/lib/thumb/v7e-m+fp/hard\libc_nano.a(lib_a-sbrkr.o)
 .debug_frame   0x00000000000016d4       0x30 c:/programs/st/stm32cubeide_1.10.1/stm32cubeide/plugins/com.st.stm32cube.ide.mcu.externaltools.gnu-tools-for-stm32.10.3-2021.10.win32_1.0.0.202111181127/tools/bin/../lib/gcc/arm-none-eabi/10.3.1/../../../../arm-none-eabi/lib/thumb/v7e-m+fp/hard\libc_nano.a(lib_a-mlock.o)
 .debug_frame   0x0000000000001704       0x20 c:/programs/st/stm32cubeide_1.10.1/stm32cubeide/plugins/com.st.stm32cube.ide.mcu.externaltools.gnu-tools-for-stm32.10.3-2021.10.win32_1.0.0.202111181127/tools/bin/../lib/gcc/arm-none-eabi/10.3.1/../../../../arm-none-eabi/lib/thumb/v7e-m+fp/hard\libc_nano.a(lib_a-nano-msizer.o)
 .debug_frame   0x0000000000001724       0x5c c:/programs/st/stm32cubeide_1.10.1/stm32cubeide/plugins/com.st.stm32cube.ide.mcu.externaltools.gnu-tools-for-stm32.10.3-2021.10.win32_1.0.0.202111181127/tools/bin/../lib/gcc/arm-none-eabi/10.3.1/../../../../arm-none-eabi/lib/thumb/v7e-m+fp/hard\libc_nano.a(lib_a-reent.o)
 .debug_frame   0x0000000000001780       0xb0 c:/programs/st/stm32cubeide_1.10.1/stm32cubeide/plugins/com.st.stm32cube.ide.mcu.externaltools.gnu-tools-for-stm32.10.3-2021.10.win32_1.0.0.202111181127/tools/bin/../lib/gcc/arm-none-eabi/10.3.1/../../../../arm-none-eabi/lib/thumb/v7e-m+fp/hard\libc_nano.a(lib_a-lock.o)
 .debug_frame   0x0000000000001830       0x44 c:/programs/st/stm32cubeide_1.10.1/stm32cubeide/plugins/com.st.stm32cube.ide.mcu.externaltools.gnu-tools-for-stm32.10.3-2021.10.win32_1.0.0.202111181127/tools/bin/../lib/gcc/arm-none-eabi/10.3.1/../../../../arm-none-eabi/lib/thumb/v7e-m+fp/hard\libm.a(lib_a-w_pow.o)
 .debug_frame   0x0000000000001874       0xc8 c:/programs/st/stm32cubeide_1.10.1/stm32cubeide/plugins/com.st.stm32cube.ide.mcu.externaltools.gnu-tools-for-stm32.10.3-2021.10.win32_1.0.0.202111181127/tools/bin/../lib/gcc/arm-none-eabi/10.3.1/../../../../arm-none-eabi/lib/thumb/v7e-m+fp/hard\libm.a(lib_a-e_pow.o)
 .debug_frame   0x000000000000193c       0x30 c:/programs/st/stm32cubeide_1.10.1/stm32cubeide/plugins/com.st.stm32cube.ide.mcu.externaltools.gnu-tools-for-stm32.10.3-2021.10.win32_1.0.0.202111181127/tools/bin/../lib/gcc/arm-none-eabi/10.3.1/../../../../arm-none-eabi/lib/thumb/v7e-m+fp/hard\libm.a(lib_a-e_sqrt.o)
 .debug_frame   0x000000000000196c      0x10c c:/programs/st/stm32cubeide_1.10.1/stm32cubeide/plugins/com.st.stm32cube.ide.mcu.externaltools.gnu-tools-for-stm32.10.3-2021.10.win32_1.0.0.202111181127/tools/bin/../lib/gcc/arm-none-eabi/10.3.1/../../../../arm-none-eabi/lib/thumb/v7e-m+fp/hard\libm.a(lib_a-math_err.o)
 .debug_frame   0x0000000000001a78       0x20 c:/programs/st/stm32cubeide_1.10.1/stm32cubeide/plugins/com.st.stm32cube.ide.mcu.externaltools.gnu-tools-for-stm32.10.3-2021.10.win32_1.0.0.202111181127/tools/bin/../lib/gcc/arm-none-eabi/10.3.1/../../../../arm-none-eabi/lib/thumb/v7e-m+fp/hard\libm.a(lib_a-s_fabs.o)
 .debug_frame   0x0000000000001a98       0x28 c:/programs/st/stm32cubeide_1.10.1/stm32cubeide/plugins/com.st.stm32cube.ide.mcu.externaltools.gnu-tools-for-stm32.10.3-2021.10.win32_1.0.0.202111181127/tools/bin/../lib/gcc/arm-none-eabi/10.3.1/../../../../arm-none-eabi/lib/thumb/v7e-m+fp/hard\libm.a(lib_a-s_finite.o)
 .debug_frame   0x0000000000001ac0       0x2c c:/programs/st/stm32cubeide_1.10.1/stm32cubeide/plugins/com.st.stm32cube.ide.mcu.externaltools.gnu-tools-for-stm32.10.3-2021.10.win32_1.0.0.202111181127/tools/bin/../lib/gcc/arm-none-eabi/10.3.1/../../../../arm-none-eabi/lib/thumb/v7e-m+fp/hard\libm.a(lib_a-s_scalbn.o)
 .debug_frame   0x0000000000001aec       0xac c:/programs/st/stm32cubeide_1.10.1/stm32cubeide/plugins/com.st.stm32cube.ide.mcu.externaltools.gnu-tools-for-stm32.10.3-2021.10.win32_1.0.0.202111181127/tools/bin/../lib/gcc/arm-none-eabi/10.3.1/thumb/v7e-m+fp/hard\libgcc.a(_arm_addsubdf3.o)
 .debug_frame   0x0000000000001b98       0x50 c:/programs/st/stm32cubeide_1.10.1/stm32cubeide/plugins/com.st.stm32cube.ide.mcu.externaltools.gnu-tools-for-stm32.10.3-2021.10.win32_1.0.0.202111181127/tools/bin/../lib/gcc/arm-none-eabi/10.3.1/thumb/v7e-m+fp/hard\libgcc.a(_arm_muldivdf3.o)
 .debug_frame   0x0000000000001be8       0xc4 c:/programs/st/stm32cubeide_1.10.1/stm32cubeide/plugins/com.st.stm32cube.ide.mcu.externaltools.gnu-tools-for-stm32.10.3-2021.10.win32_1.0.0.202111181127/tools/bin/../lib/gcc/arm-none-eabi/10.3.1/thumb/v7e-m+fp/hard\libgcc.a(_arm_cmpdf2.o)
 .debug_frame   0x0000000000001cac       0x20 c:/programs/st/stm32cubeide_1.10.1/stm32cubeide/plugins/com.st.stm32cube.ide.mcu.externaltools.gnu-tools-for-stm32.10.3-2021.10.win32_1.0.0.202111181127/tools/bin/../lib/gcc/arm-none-eabi/10.3.1/thumb/v7e-m+fp/hard\libgcc.a(_arm_unorddf2.o)
 .debug_frame   0x0000000000001ccc       0x24 c:/programs/st/stm32cubeide_1.10.1/stm32cubeide/plugins/com.st.stm32cube.ide.mcu.externaltools.gnu-tools-for-stm32.10.3-2021.10.win32_1.0.0.202111181127/tools/bin/../lib/gcc/arm-none-eabi/10.3.1/thumb/v7e-m+fp/hard\libgcc.a(_arm_fixdfsi.o)
 .debug_frame   0x0000000000001cf0       0x24 c:/programs/st/stm32cubeide_1.10.1/stm32cubeide/plugins/com.st.stm32cube.ide.mcu.externaltools.gnu-tools-for-stm32.10.3-2021.10.win32_1.0.0.202111181127/tools/bin/../lib/gcc/arm-none-eabi/10.3.1/thumb/v7e-m+fp/hard\libgcc.a(_arm_fixunsdfsi.o)
